Archive member included to satisfy reference by file (symbol)

.\CortexM3\ARM_GCC_541\Debug\esw_uCOS3_cykit.a(UART_1.o)
                              .\CortexM3\ARM_GCC_541\Debug\bsp_uart.o (UART_1_Start)
.\CortexM3\ARM_GCC_541\Debug\esw_uCOS3_cykit.a(UART_1_INT.o)
                              .\CortexM3\ARM_GCC_541\Debug\esw_uCOS3_cykit.a(UART_1.o) (UART_1_RXISR)
.\CortexM3\ARM_GCC_541\Debug\esw_uCOS3_cykit.a(Pin_1.o)
                              .\CortexM3\ARM_GCC_541\Debug\bsp_gpio.o (Pin_1_Write)
.\CortexM3\ARM_GCC_541\Debug\esw_uCOS3_cykit.a(UART_1_IntClock.o)
                              .\CortexM3\ARM_GCC_541\Debug\esw_uCOS3_cykit.a(UART_1.o) (UART_1_IntClock_Start)
.\CortexM3\ARM_GCC_541\Debug\esw_uCOS3_cykit.a(CyDmac.o)
                              .\CortexM3\ARM_GCC_541\Debug\Cm3Start.o (CyDmacConfigure)
.\CortexM3\ARM_GCC_541\Debug\esw_uCOS3_cykit.a(CyLib.o)
                              .\CortexM3\ARM_GCC_541\Debug\Cm3Start.o (CyHalt)
.\CortexM3\ARM_GCC_541\Debug\esw_uCOS3_cykit.a(cyPm.o)
                              .\CortexM3\ARM_GCC_541\Debug\esw_uCOS3_cykit.a(CyLib.o) (CyPmReadStatus)
.\CortexM3\ARM_GCC_541\Debug\esw_uCOS3_cykit.a(Pin_2.o)
                              .\CortexM3\ARM_GCC_541\Debug\bsp_gpio.o (Pin_2_Write)
.\CortexM3\ARM_GCC_541\Debug\esw_uCOS3_cykit.a(push_button.o)
                              .\CortexM3\ARM_GCC_541\Debug\bsp_gpio.o (push_button_Write)
.\CortexM3\ARM_GCC_541\Debug\esw_uCOS3_cykit.a(I2C_1.o)
                              .\CortexM3\ARM_GCC_541\Debug\bsp_i2c.o (I2C_1_Start)
.\CortexM3\ARM_GCC_541\Debug\esw_uCOS3_cykit.a(I2C_1_INT.o)
                              .\CortexM3\ARM_GCC_541\Debug\esw_uCOS3_cykit.a(I2C_1.o) (I2C_1_ISR)
.\CortexM3\ARM_GCC_541\Debug\esw_uCOS3_cykit.a(I2C_1_PM.o)
                              .\CortexM3\ARM_GCC_541\Debug\esw_uCOS3_cykit.a(I2C_1.o) (I2C_1_backup)
.\CortexM3\ARM_GCC_541\Debug\esw_uCOS3_cykit.a(I2C_1_MASTER.o)
                              .\CortexM3\ARM_GCC_541\Debug\esw_uCOS3_cykit.a(I2C_1.o) (I2C_1_mstrStatus)
.\CortexM3\ARM_GCC_541\Debug\esw_uCOS3_cykit.a(Timer_1.o)
                              .\CortexM3\ARM_GCC_541\Debug\bsp_i2c.o (Timer_1_Start)
.\CortexM3\ARM_GCC_541\Debug\esw_uCOS3_cykit.a(Timer_ISR.o)
                              .\CortexM3\ARM_GCC_541\Debug\bsp_i2c.o (Timer_ISR_StartEx)
.\CortexM3\ARM_GCC_541\Debug\esw_uCOS3_cykit.a(Counter_1.o)
                              .\CortexM3\ARM_GCC_541\Debug\bsp_counter.o (Counter_1_Enable)
.\CortexM3\ARM_GCC_541\Debug\esw_uCOS3_cykit.a(CyBootAsmGnu.o)
                              .\CortexM3\ARM_GCC_541\Debug\cyfitter_cfg.o (CyDelayCycles)
.\CortexM3\ARM_GCC_541\Debug\esw_uCOS3_cykit.a(CyFlash.o)
                              .\CortexM3\ARM_GCC_541\Debug\esw_uCOS3_cykit.a(cyPm.o) (CyFlash_SetWaitCycles)
.\CortexM3\ARM_GCC_541\Debug\esw_uCOS3_cykit.a(CySpc.o)
                              .\CortexM3\ARM_GCC_541\Debug\esw_uCOS3_cykit.a(CyFlash.o) (CySpcStart)
c:/program files (x86)/cypress/psoc creator/4.4/psoc creator/import/gnu/arm/5.4.1/bin/../lib/gcc/arm-none-eabi/5.4.1/armv7-m\libgcc.a(_arm_addsubsf3.o)
                              .\CortexM3\ARM_GCC_541\Debug\bme68x.o (__aeabi_fsub)
c:/program files (x86)/cypress/psoc creator/4.4/psoc creator/import/gnu/arm/5.4.1/bin/../lib/gcc/arm-none-eabi/5.4.1/armv7-m\libgcc.a(_arm_muldivsf3.o)
                              .\CortexM3\ARM_GCC_541\Debug\driver_max30102.o (__aeabi_fmul)
c:/program files (x86)/cypress/psoc creator/4.4/psoc creator/import/gnu/arm/5.4.1/bin/../lib/gcc/arm-none-eabi/5.4.1/armv7-m\libgcc.a(_arm_cmpsf2.o)
                              .\CortexM3\ARM_GCC_541\Debug\bme68x.o (__aeabi_fcmplt)
c:/program files (x86)/cypress/psoc creator/4.4/psoc creator/import/gnu/arm/5.4.1/bin/../lib/gcc/arm-none-eabi/5.4.1/armv7-m\libgcc.a(_arm_fixsfsi.o)
                              .\CortexM3\ARM_GCC_541\Debug\bme68x.o (__aeabi_f2iz)
c:/program files (x86)/cypress/psoc creator/4.4/psoc creator/import/gnu/arm/5.4.1/bin/../lib/gcc/arm-none-eabi/5.4.1/armv7-m\libgcc.a(_arm_fixunssfsi.o)
                              .\CortexM3\ARM_GCC_541\Debug\bme68x.o (__aeabi_f2uiz)
c:/program files (x86)/cypress/psoc creator/4.4/psoc creator/import/gnu/arm/5.4.1/bin/../lib/gcc/arm-none-eabi/5.4.1/../../../../arm-none-eabi/lib/armv7-m\libg_nano.a(lib_a-errno.o)
                              .\CortexM3\ARM_GCC_541\Debug\Cm3Start.o (__errno)
c:/program files (x86)/cypress/psoc creator/4.4/psoc creator/import/gnu/arm/5.4.1/bin/../lib/gcc/arm-none-eabi/5.4.1/../../../../arm-none-eabi/lib/armv7-m\libg_nano.a(lib_a-exit.o)
                              c:/program files (x86)/cypress/psoc creator/4.4/psoc creator/import/gnu/arm/5.4.1/bin/../lib/gcc/arm-none-eabi/5.4.1/../../../../arm-none-eabi/lib/armv7-m/crt0.o (exit)
c:/program files (x86)/cypress/psoc creator/4.4/psoc creator/import/gnu/arm/5.4.1/bin/../lib/gcc/arm-none-eabi/5.4.1/../../../../arm-none-eabi/lib/armv7-m\libg_nano.a(lib_a-impure.o)
[...]
Memory Configuration

Name             Origin             Length             Attributes
rom              0x00000000         0x00040000         xr
ram              0x1fff8000         0x00010000         xrw
*default*        0x00000000         0xffffffff

Linker script and memory map

LOAD c:/program files (x86)/cypress/psoc creator/4.4/psoc creator/import/gnu/arm/5.4.1/bin/../lib/gcc/arm-none-eabi/5.4.1/armv7-m/crti.o
LOAD c:/program files (x86)/cypress/psoc creator/4.4/psoc creator/import/gnu/arm/5.4.1/bin/../lib/gcc/arm-none-eabi/5.4.1/armv7-m/crtbegin.o
LOAD c:/program files (x86)/cypress/psoc creator/4.4/psoc creator/import/gnu/arm/5.4.1/bin/../lib/gcc/arm-none-eabi/5.4.1/../../../../arm-none-eabi/lib/armv7-m/crt0.o
START GROUP
LOAD .\CortexM3\ARM_GCC_541\Debug\app.o
LOAD .\CortexM3\ARM_GCC_541\Debug\os_app_hooks.o
LOAD .\CortexM3\ARM_GCC_541\Debug\log_task.o
LOAD .\CortexM3\ARM_GCC_541\Debug\bsp_os.o
LOAD .\CortexM3\ARM_GCC_541\Debug\bsp.o
LOAD .\CortexM3\ARM_GCC_541\Debug\cpu_bsp.o
LOAD .\CortexM3\ARM_GCC_541\Debug\bsp_uart.o
LOAD .\CortexM3\ARM_GCC_541\Debug\bsp_gpio.o
LOAD .\CortexM3\ARM_GCC_541\Debug\bsp_i2c.o
LOAD .\CortexM3\ARM_GCC_541\Debug\bsp_counter.o
LOAD .\CortexM3\ARM_GCC_541\Debug\cpu_c.o
LOAD .\CortexM3\ARM_GCC_541\Debug\cpu_core.o
LOAD .\CortexM3\ARM_GCC_541\Debug\lib_math.o
LOAD .\CortexM3\ARM_GCC_541\Debug\lib_mem.o
LOAD .\CortexM3\ARM_GCC_541\Debug\lib_str.o
LOAD .\CortexM3\ARM_GCC_541\Debug\lib_ascii.o
LOAD .\CortexM3\ARM_GCC_541\Debug\os_cpu_c.o
LOAD .\CortexM3\ARM_GCC_541\Debug\os_pend_multi.o
LOAD .\CortexM3\ARM_GCC_541\Debug\os_prio.o
LOAD .\CortexM3\ARM_GCC_541\Debug\os_q.o
LOAD .\CortexM3\ARM_GCC_541\Debug\os_sem.o
LOAD .\CortexM3\ARM_GCC_541\Debug\os_stat.o
LOAD .\CortexM3\ARM_GCC_541\Debug\os_task.o
LOAD .\CortexM3\ARM_GCC_541\Debug\os_tick.o
LOAD .\CortexM3\ARM_GCC_541\Debug\os_time.o
LOAD .\CortexM3\ARM_GCC_541\Debug\os_tmr.o
LOAD .\CortexM3\ARM_GCC_541\Debug\os_var.o
LOAD .\CortexM3\ARM_GCC_541\Debug\os_cfg_app.o
LOAD .\CortexM3\ARM_GCC_541\Debug\os_core.o
LOAD .\CortexM3\ARM_GCC_541\Debug\os_dbg.o
LOAD .\CortexM3\ARM_GCC_541\Debug\os_flag.o
LOAD .\CortexM3\ARM_GCC_541\Debug\os_int.o
LOAD .\CortexM3\ARM_GCC_541\Debug\os_mem.o
LOAD .\CortexM3\ARM_GCC_541\Debug\os_msg.o
LOAD .\CortexM3\ARM_GCC_541\Debug\os_mutex.o
LOAD .\CortexM3\ARM_GCC_541\Debug\max30102_interface.o
LOAD .\CortexM3\ARM_GCC_541\Debug\driver_max30102.o
LOAD .\CortexM3\ARM_GCC_541\Debug\bme68x.o
LOAD .\CortexM3\ARM_GCC_541\Debug\cyfitter_cfg.o
LOAD .\CortexM3\ARM_GCC_541\Debug\cymetadata.o
LOAD .\CortexM3\ARM_GCC_541\Debug\Cm3Start.o
LOAD .\CortexM3\ARM_GCC_541\Debug\cpu_a.o
LOAD .\CortexM3\ARM_GCC_541\Debug\os_cpu_a.o
LOAD .\CortexM3\ARM_GCC_541\Debug\esw_uCOS3_cykit.a
LOAD C:\Program Files (x86)\Cypress\PSoC Creator\4.4\PSoC Creator\psoc\content\cycomponentlibrary\CyComponentLibrary.cylib\CortexM3\ARM_GCC_541\Debug\CyComponentLibrary.a
END GROUP
START GROUP
LOAD c:/program files (x86)/cypress/psoc creator/4.4/psoc creator/import/gnu/arm/5.4.1/bin/../lib/gcc/arm-none-eabi/5.4.1/armv7-m\libgcc.a
LOAD c:/program files (x86)/cypress/psoc creator/4.4/psoc creator/import/gnu/arm/5.4.1/bin/../lib/gcc/arm-none-eabi/5.4.1/../../../../arm-none-eabi/lib/armv7-m\libg_nano.a
LOAD c:/program files (x86)/cypress/psoc creator/4.4/psoc creator/import/gnu/arm/5.4.1/bin/../lib/gcc/arm-none-eabi/5.4.1/../../../../arm-none-eabi/lib/armv7-m\libc_nano.a
END GROUP
START GROUP
LOAD c:/program files (x86)/cypress/psoc creator/4.4/psoc creator/import/gnu/arm/5.4.1/bin/../lib/gcc/arm-none-eabi/5.4.1/armv7-m\libgcc.a
LOAD c:/program files (x86)/cypress/psoc creator/4.4/psoc creator/import/gnu/arm/5.4.1/bin/../lib/gcc/arm-none-eabi/5.4.1/../../../../arm-none-eabi/lib/armv7-m\libc_nano.a
END GROUP
LOAD c:/program files (x86)/cypress/psoc creator/4.4/psoc creator/import/gnu/arm/5.4.1/bin/../lib/gcc/arm-none-eabi/5.4.1/armv7-m/crtend.o
LOAD c:/program files (x86)/cypress/psoc creator/4.4/psoc creator/import/gnu/arm/5.4.1/bin/../lib/gcc/arm-none-eabi/5.4.1/armv7-m/crtn.o
START GROUP
LOAD c:/program files (x86)/cypress/psoc creator/4.4/psoc creator/import/gnu/arm/5.4.1/bin/../lib/gcc/arm-none-eabi/5.4.1/armv7-m\libgcc.a
LOAD c:/program files (x86)/cypress/psoc creator/4.4/psoc creator/import/gnu/arm/5.4.1/bin/../lib/gcc/arm-none-eabi/5.4.1/../../../../arm-none-eabi/lib/armv7-m\libc.a
LOAD c:/program files (x86)/cypress/psoc creator/4.4/psoc creator/import/gnu/arm/5.4.1/bin/../lib/gcc/arm-none-eabi/5.4.1/../../../../arm-none-eabi/lib/armv7-m\libnosys.a
END GROUP
                0x00000000                CY_APPL_ORIGIN = 0x0
                0x00000100                CY_FLASH_ROW_SIZE = 0x100
                0x00000020                CY_ECC_ROW_SIZE = 0x20
                0x00000000                CY_EE_IN_BTLDR = 0x0
                0x00000000                CY_APPL_LOADABLE = 0x0
                0x00000800                CY_EE_SIZE = 0x800
                0x00000001                CY_APPL_NUM = 0x1
                0x00000001                CY_APPL_MAX = 0x1
                0x00000040                CY_METADATA_SIZE = 0x40
                0x00000000                CY_APPL_LOADABLE = 0x0
                0x00000000                CY_CHECKSUM_EXCLUDE_SIZE = ALIGN (0x0, CY_FLASH_ROW_SIZE)
                [!provide]                PROVIDE (__cy_heap_start, _end)
                0x00000001                PROVIDE (__cy_region_num, ((__cy_regions_end - __cy_regions) / 0x10))
                0x20008000                PROVIDE (__cy_stack, (ORIGIN (ram) + LENGTH (ram)))
                [!provide]                PROVIDE (__cy_heap_end, (__cy_stack - 0x800))

.cybootloader   0x00000000        0x0
 *(.cybootloader)
                0x00000000                appl1_start = CY_APPL_ORIGIN?CY_APPL_ORIGIN:ALIGN (CY_FLASH_ROW_SIZE)
                0x0001ff00                appl2_start = (appl1_start + ALIGN ((((LENGTH (rom) - appl1_start) - (0x2 * CY_FLASH_ROW_SIZE)) / 0x2), CY_FLASH_ROW_SIZE))
                0x00000000                appl_start = (CY_APPL_NUM == 0x1)?appl1_start:appl2_start
                0x00000000                ecc_offset = ((appl_start / CY_FLASH_ROW_SIZE) * CY_ECC_ROW_SIZE)
                0x00000000                ee_offset = (CY_APPL_LOADABLE && ! (CY_EE_IN_BTLDR))?((CY_EE_SIZE / CY_APPL_MAX) * (CY_APPL_NUM - 0x1)):0x0
                0x00000800                ee_size = (CY_APPL_LOADABLE && ! (CY_EE_IN_BTLDR))?(CY_EE_SIZE / CY_APPL_MAX):CY_EE_SIZE
                [!provide]                PROVIDE (CY_ECC_OFFSET, ecc_offset)

.text           0x00000000     0x5a24
 CREATE_OBJECT_SYMBOLS
                0x00000000                PROVIDE (__cy_interrupt_vector, RomVectors)
 *(.romvectors)
 .romvectors    0x00000000       0x10 .\CortexM3\ARM_GCC_541\Debug\Cm3Start.o
                0x00000000                RomVectors
                0x00000001                ASSERT ((. != __cy_interrupt_vector), No interrupt vector)
                0x00000001                ASSERT (CY_APPL_ORIGIN?(SIZEOF (.cybootloader) <= CY_APPL_ORIGIN):0x1, Wrong image location)
                0x00000010                PROVIDE (__cy_reset, Reset)
 *(.text.Reset)
 .text.Reset    0x00000010       0x18 .\CortexM3\ARM_GCC_541\Debug\Cm3Start.o
                0x00000010                Reset
                0x00000001                ASSERT ((. != __cy_reset), No reset code)
 *(.dma_init)
                0x00000001                ASSERT ((((appl_start + .) <= 0x10000) || 0x1), DMA Init must be within the first 64k of flash)
 *(.text .text.* .gnu.linkonce.t.*)
 .text          0x00000028       0x5c c:/program files (x86)/cypress/psoc creator/4.4/psoc creator/import/gnu/arm/5.4.1/bin/../lib/gcc/arm-none-eabi/5.4.1/armv7-m/crtbegin.o
 .text.App_TaskStart
                0x00000084       0x60 .\CortexM3\ARM_GCC_541\Debug\app.o
 .text.main     0x000000e4       0x60 .\CortexM3\ARM_GCC_541\Debug\app.o
                0x000000e4                main
 .text.Log_LevelToString
                0x00000144       0x7c .\CortexM3\ARM_GCC_541\Debug\log_task.o
 .text.Log_PrintErrorWithCode
                0x000001c0       0x2c .\CortexM3\ARM_GCC_541\Debug\log_task.o
 .text.Log_Task
                0x000001ec       0xe8 .\CortexM3\ARM_GCC_541\Debug\log_task.o
 .text.Log_Init
                0x000002d4       0x58 .\CortexM3\ARM_GCC_541\Debug\log_task.o
                0x000002d4                Log_Init
 .text.Log_Write
                0x0000032c       0xbc .\CortexM3\ARM_GCC_541\Debug\log_task.o
                0x0000032c                Log_Write
 .text.BSP_PreInit
                0x000003e8       0x20 .\CortexM3\ARM_GCC_541\Debug\bsp.o
                0x000003e8                BSP_PreInit
 .text.BSP_PostInit
                0x00000408        0xc .\CortexM3\ARM_GCC_541\Debug\bsp.o
                0x00000408                BSP_PostInit
 .text.BSP_CPU_ClkFreq
                0x00000414        0x8 .\CortexM3\ARM_GCC_541\Debug\bsp.o
                0x00000414                BSP_CPU_ClkFreq
 .text.BSP_CPU_TickInit
                0x0000041c       0x18 .\CortexM3\ARM_GCC_541\Debug\bsp.o
                0x0000041c                BSP_CPU_TickInit
 .text.CPU_TS_TmrInit
                0x00000434       0x28 .\CortexM3\ARM_GCC_541\Debug\cpu_bsp.o
                0x00000434                CPU_TS_TmrInit
 .text.CPU_TS_TmrRd
                0x0000045c        0xc .\CortexM3\ARM_GCC_541\Debug\cpu_bsp.o
                0x0000045c                CPU_TS_TmrRd
 .text.init_uart
                0x00000468        0x8 .\CortexM3\ARM_GCC_541\Debug\bsp_uart.o
                0x00000468                init_uart
 .text.init_gpio
                0x00000470       0x1c .\CortexM3\ARM_GCC_541\Debug\bsp_gpio.o
                0x00000470                init_gpio
 .text.Timer_ISR
                0x0000048c       0x10 .\CortexM3\ARM_GCC_541\Debug\bsp_i2c.o
                0x0000048c                Timer_ISR
 .text.us_Delay
                0x0000049c       0x18 .\CortexM3\ARM_GCC_541\Debug\bsp_i2c.o
                0x0000049c                us_Delay
 .text.I2C_Init
                0x000004b4       0x84 .\CortexM3\ARM_GCC_541\Debug\bsp_i2c.o
                0x000004b4                I2C_Init
 .text.averageDCEstimator
                0x00000538       0x14 .\CortexM3\ARM_GCC_541\Debug\bsp_i2c.o
                0x00000538                averageDCEstimator
 .text.mul16    0x0000054c        0x8 .\CortexM3\ARM_GCC_541\Debug\bsp_i2c.o
                0x0000054c                mul16
 .text.lowPassFIRFilter
                0x00000554       0x68 .\CortexM3\ARM_GCC_541\Debug\bsp_i2c.o
                0x00000554                lowPassFIRFilter
 .text.I2C_Task
                0x000005bc      0x1c0 .\CortexM3\ARM_GCC_541\Debug\bsp_i2c.o
 .text.bsp_i2c_read
                0x0000077c       0x68 .\CortexM3\ARM_GCC_541\Debug\bsp_i2c.o
                0x0000077c                bsp_i2c_read
 .text.bsp_i2c_read_bme
                0x000007e4       0x20 .\CortexM3\ARM_GCC_541\Debug\bsp_i2c.o
                0x000007e4                bsp_i2c_read_bme
 .text.bsp_i2c_write
                0x00000804       0x44 .\CortexM3\ARM_GCC_541\Debug\bsp_i2c.o
                0x00000804                bsp_i2c_write
 .text.bsp_i2c_write_bme
                0x00000848       0x20 .\CortexM3\ARM_GCC_541\Debug\bsp_i2c.o
                0x00000848                bsp_i2c_write_bme
 .text.start_counter
                0x00000868       0x18 .\CortexM3\ARM_GCC_541\Debug\bsp_counter.o
                0x00000868                start_counter
 .text.read_counter_value
                0x00000880        0xc .\CortexM3\ARM_GCC_541\Debug\bsp_counter.o
                0x00000880                read_counter_value
 .text.CPU_TS_Init
                0x0000088c       0x14 .\CortexM3\ARM_GCC_541\Debug\cpu_core.o
 .text.CPU_NameClr
                0x000008a0       0x1c .\CortexM3\ARM_GCC_541\Debug\cpu_core.o
                0x000008a0                CPU_NameClr
 .text.CPU_NameInit
                0x000008bc        0x8 .\CortexM3\ARM_GCC_541\Debug\cpu_core.o
 .text.CPU_Init
                0x000008c4        0xc .\CortexM3\ARM_GCC_541\Debug\cpu_core.o
                0x000008c4                CPU_Init
 .text.CPU_TS_TmrFreqSet
                0x000008d0        0xc .\CortexM3\ARM_GCC_541\Debug\cpu_core.o
                0x000008d0                CPU_TS_TmrFreqSet
 .text.Mem_Set  0x000008dc       0x44 .\CortexM3\ARM_GCC_541\Debug\lib_mem.o
                0x000008dc                Mem_Set
 .text.Mem_Clr  0x00000920        0xc .\CortexM3\ARM_GCC_541\Debug\lib_mem.o
                0x00000920                Mem_Clr
 .text.OSIdleTaskHook
                0x0000092c       0x10 .\CortexM3\ARM_GCC_541\Debug\os_cpu_c.o
                0x0000092c                OSIdleTaskHook
 .text.OSInitHook
                0x0000093c       0x3c .\CortexM3\ARM_GCC_541\Debug\os_cpu_c.o
                0x0000093c                OSInitHook
 .text.OSStatTaskHook
                0x00000978       0x10 .\CortexM3\ARM_GCC_541\Debug\os_cpu_c.o
                0x00000978                OSStatTaskHook
 .text.OSTaskCreateHook
                0x00000988       0x10 .\CortexM3\ARM_GCC_541\Debug\os_cpu_c.o
                0x00000988                OSTaskCreateHook
 .text.OSTaskDelHook
                0x00000998       0x10 .\CortexM3\ARM_GCC_541\Debug\os_cpu_c.o
                0x00000998                OSTaskDelHook
 .text.OSTaskReturnHook
                0x000009a8       0x10 .\CortexM3\ARM_GCC_541\Debug\os_cpu_c.o
                0x000009a8                OSTaskReturnHook
 .text.OSTaskStkInit
                0x000009b8       0x88 .\CortexM3\ARM_GCC_541\Debug\os_cpu_c.o
                0x000009b8                OSTaskStkInit
 .text.OSTaskSwHook
                0x00000a40       0x40 .\CortexM3\ARM_GCC_541\Debug\os_cpu_c.o
                0x00000a40                OSTaskSwHook
 .text.OSTimeTickHook
                0x00000a80       0x10 .\CortexM3\ARM_GCC_541\Debug\os_cpu_c.o
                0x00000a80                OSTimeTickHook
 .text.OS_CPU_SysTickHandler
                0x00000a90       0x20 .\CortexM3\ARM_GCC_541\Debug\os_cpu_c.o
                0x00000a90                OS_CPU_SysTickHandler
 .text.OS_CPU_SysTickInit
                0x00000ab0       0x30 .\CortexM3\ARM_GCC_541\Debug\os_cpu_c.o
                0x00000ab0                OS_CPU_SysTickInit
 .text.OS_PrioInit
                0x00000ae0       0x18 .\CortexM3\ARM_GCC_541\Debug\os_prio.o
                0x00000ae0                OS_PrioInit
 .text.OS_PrioGetHighest
                0x00000af8       0x24 .\CortexM3\ARM_GCC_541\Debug\os_prio.o
                0x00000af8                OS_PrioGetHighest
 .text.OS_PrioInsert
                0x00000b1c       0x24 .\CortexM3\ARM_GCC_541\Debug\os_prio.o
                0x00000b1c                OS_PrioInsert
 .text.OS_PrioRemove
                0x00000b40       0x24 .\CortexM3\ARM_GCC_541\Debug\os_prio.o
                0x00000b40                OS_PrioRemove
 .text.OSQPend  0x00000b64      0x164 .\CortexM3\ARM_GCC_541\Debug\os_q.o
                0x00000b64                OSQPend
 .text.OS_QDbgListAdd
                0x00000cc8       0x24 .\CortexM3\ARM_GCC_541\Debug\os_q.o
                0x00000cc8                OS_QDbgListAdd
 .text.OSQCreate
                0x00000cec       0x7c .\CortexM3\ARM_GCC_541\Debug\os_q.o
                0x00000cec                OSQCreate
 .text.OS_QInit
                0x00000d68       0x18 .\CortexM3\ARM_GCC_541\Debug\os_q.o
                0x00000d68                OS_QInit
 .text.OS_QPost
                0x00000d80       0x84 .\CortexM3\ARM_GCC_541\Debug\os_q.o
                0x00000d80                OS_QPost
 .text.OSQPost  0x00000e04       0x74 .\CortexM3\ARM_GCC_541\Debug\os_q.o
                0x00000e04                OSQPost
 .text.OSSemPend
                0x00000e78      0x128 .\CortexM3\ARM_GCC_541\Debug\os_sem.o
                0x00000e78                OSSemPend
 .text.OS_SemDbgListAdd
                0x00000fa0       0x24 .\CortexM3\ARM_GCC_541\Debug\os_sem.o
                0x00000fa0                OS_SemDbgListAdd
 .text.OSSemCreate
                0x00000fc4       0x68 .\CortexM3\ARM_GCC_541\Debug\os_sem.o
                0x00000fc4                OSSemCreate
 .text.OS_SemInit
                0x0000102c       0x18 .\CortexM3\ARM_GCC_541\Debug\os_sem.o
                0x0000102c                OS_SemInit
 .text.OS_SemPost
                0x00001044       0x88 .\CortexM3\ARM_GCC_541\Debug\os_sem.o
                0x00001044                OS_SemPost
 .text.OSSemPost
                0x000010cc       0x48 .\CortexM3\ARM_GCC_541\Debug\os_sem.o
                0x000010cc                OSSemPost
 .text.OSStatReset
                0x00001114       0xb8 .\CortexM3\ARM_GCC_541\Debug\os_stat.o
                0x00001114                OSStatReset
 .text.OS_StatTask
                0x000011cc      0x230 .\CortexM3\ARM_GCC_541\Debug\os_stat.o
                0x000011cc                OS_StatTask
 .text.OS_StatTaskInit
                0x000013fc       0xa8 .\CortexM3\ARM_GCC_541\Debug\os_stat.o
                0x000013fc                OS_StatTaskInit
 .text.OSTaskSemPend
                0x000014a4      0x130 .\CortexM3\ARM_GCC_541\Debug\os_task.o
                0x000014a4                OSTaskSemPend
 .text.OSTaskStkChk
                0x000015d4       0x90 .\CortexM3\ARM_GCC_541\Debug\os_task.o
                0x000015d4                OSTaskStkChk
 .text.OS_TaskDbgListAdd
                0x00001664       0x24 .\CortexM3\ARM_GCC_541\Debug\os_task.o
                0x00001664                OS_TaskDbgListAdd
 .text.OS_TaskDbgListRemove
                0x00001688       0x44 .\CortexM3\ARM_GCC_541\Debug\os_task.o
                0x00001688                OS_TaskDbgListRemove
 .text.OS_TaskInit
                0x000016cc       0x20 .\CortexM3\ARM_GCC_541\Debug\os_task.o
                0x000016cc                OS_TaskInit
 .text.OS_TaskInitTCB
                0x000016ec       0xcc .\CortexM3\ARM_GCC_541\Debug\os_task.o
                0x000016ec                OS_TaskInitTCB
 .text.OSTaskCreate
                0x000017b8      0x1a8 .\CortexM3\ARM_GCC_541\Debug\os_task.o
                0x000017b8                OSTaskCreate
 .text.OSTaskDel
                0x00001960       0xcc .\CortexM3\ARM_GCC_541\Debug\os_task.o
                0x00001960                OSTaskDel
 .text.OS_TaskReturn
                0x00001a2c       0x20 .\CortexM3\ARM_GCC_541\Debug\os_task.o
                0x00001a2c                OS_TaskReturn
 .text.OS_TaskSemPost
                0x00001a4c       0xc0 .\CortexM3\ARM_GCC_541\Debug\os_task.o
                0x00001a4c                OS_TaskSemPost
 .text.OSTaskSemPost
                0x00001b0c       0x2c .\CortexM3\ARM_GCC_541\Debug\os_task.o
                0x00001b0c                OSTaskSemPost
 .text.OS_TickListInit
                0x00001b38       0x2c .\CortexM3\ARM_GCC_541\Debug\os_tick.o
                0x00001b38                OS_TickListInit
 .text.OS_TickTaskInit
                0x00001b64       0x98 .\CortexM3\ARM_GCC_541\Debug\os_tick.o
                0x00001b64                OS_TickTaskInit
 .text.OS_TickListInsert
                0x00001bfc      0x120 .\CortexM3\ARM_GCC_541\Debug\os_tick.o
                0x00001bfc                OS_TickListInsert
 .text.OS_TickListRemove
                0x00001d1c       0x38 .\CortexM3\ARM_GCC_541\Debug\os_tick.o
                0x00001d1c                OS_TickListRemove
 .text.OS_TickListResetPeak
                0x00001d54       0x24 .\CortexM3\ARM_GCC_541\Debug\os_tick.o
                0x00001d54                OS_TickListResetPeak
 .text.OS_TickListUpdate
                0x00001d78      0x144 .\CortexM3\ARM_GCC_541\Debug\os_tick.o
                0x00001d78                OS_TickListUpdate
 .text.OS_TickTask
                0x00001ebc       0x2c .\CortexM3\ARM_GCC_541\Debug\os_tick.o
                0x00001ebc                OS_TickTask
 .text.OSTimeDly
                0x00001ee8       0x94 .\CortexM3\ARM_GCC_541\Debug\os_time.o
                0x00001ee8                OSTimeDly
 .text.OSTimeDlyHMSM
                0x00001f7c      0x164 .\CortexM3\ARM_GCC_541\Debug\os_time.o
                0x00001f7c                OSTimeDlyHMSM
 .text.OSTimeTick
                0x000020e0       0x64 .\CortexM3\ARM_GCC_541\Debug\os_time.o
                0x000020e0                OSTimeTick
 .text.OS_TmrInit
                0x00002144      0x100 .\CortexM3\ARM_GCC_541\Debug\os_tmr.o
                0x00002144                OS_TmrInit
 .text.OS_TmrLink
                0x00002244       0xe8 .\CortexM3\ARM_GCC_541\Debug\os_tmr.o
                0x00002244                OS_TmrLink
 .text.OS_TmrResetPeak
                0x0000232c       0x24 .\CortexM3\ARM_GCC_541\Debug\os_tmr.o
                0x0000232c                OS_TmrResetPeak
 .text.OS_TmrUnlink
                0x00002350       0x58 .\CortexM3\ARM_GCC_541\Debug\os_tmr.o
                0x00002350                OS_TmrUnlink
 .text.OS_TmrTask
                0x000023a8       0xb0 .\CortexM3\ARM_GCC_541\Debug\os_tmr.o
                0x000023a8                OS_TmrTask
 .text.OSCfg_Init
                0x00002458        0x4 .\CortexM3\ARM_GCC_541\Debug\os_cfg_app.o
                0x00002458                OSCfg_Init
 .text.OS_IdleTask
                0x0000245c       0x28 .\CortexM3\ARM_GCC_541\Debug\os_core.o
                0x0000245c                OS_IdleTask
 .text.OSIntExit
                0x00002484       0xa8 .\CortexM3\ARM_GCC_541\Debug\os_core.o
                0x00002484                OSIntExit
 .text.OSSched  0x0000252c       0x80 .\CortexM3\ARM_GCC_541\Debug\os_core.o
                0x0000252c                OSSched
 .text.OSSchedLock
                0x000025ac       0x54 .\CortexM3\ARM_GCC_541\Debug\os_core.o
                0x000025ac                OSSchedLock
 .text.OSSchedUnlock
                0x00002600       0x68 .\CortexM3\ARM_GCC_541\Debug\os_core.o
                0x00002600                OSSchedUnlock
 .text.OSStart  0x00002668       0x5c .\CortexM3\ARM_GCC_541\Debug\os_core.o
                0x00002668                OSStart
 .text.OS_IdleTaskInit
                0x000026c4       0x58 .\CortexM3\ARM_GCC_541\Debug\os_core.o
                0x000026c4                OS_IdleTaskInit
 .text.OS_PendDataInit
                0x0000271c       0x28 .\CortexM3\ARM_GCC_541\Debug\os_core.o
                0x0000271c                OS_PendDataInit
 .text.OS_PendDbgNameAdd
                0x00002744       0x44 .\CortexM3\ARM_GCC_541\Debug\os_core.o
                0x00002744                OS_PendDbgNameAdd
 .text.OS_PendDbgNameRemove
                0x00002788       0x1c .\CortexM3\ARM_GCC_541\Debug\os_core.o
                0x00002788                OS_PendDbgNameRemove
 .text.OS_PendListInit
                0x000027a4        0xc .\CortexM3\ARM_GCC_541\Debug\os_core.o
                0x000027a4                OS_PendListInit
 .text.OS_PendListInsertPrio
                0x000027b0       0x5c .\CortexM3\ARM_GCC_541\Debug\os_core.o
                0x000027b0                OS_PendListInsertPrio
 .text.OS_PendListRemove1
                0x0000280c       0x38 .\CortexM3\ARM_GCC_541\Debug\os_core.o
                0x0000280c                OS_PendListRemove1
 .text.OS_PendListRemove
                0x00002844       0x28 .\CortexM3\ARM_GCC_541\Debug\os_core.o
                0x00002844                OS_PendListRemove
 .text.OS_Post1
                0x0000286c       0x28 .\CortexM3\ARM_GCC_541\Debug\os_core.o
                0x0000286c                OS_Post1
 .text.OS_RdyListInit
                0x00002894       0x28 .\CortexM3\ARM_GCC_541\Debug\os_core.o
                0x00002894                OS_RdyListInit
 .text.OSInit   0x000028bc      0x154 .\CortexM3\ARM_GCC_541\Debug\os_core.o
                0x000028bc                OSInit
 .text.OS_RdyListInsertHead
                0x00002a10       0x54 .\CortexM3\ARM_GCC_541\Debug\os_core.o
                0x00002a10                OS_RdyListInsertHead
 .text.OS_RdyListInsertTail
                0x00002a64       0x54 .\CortexM3\ARM_GCC_541\Debug\os_core.o
                0x00002a64                OS_RdyListInsertTail
 .text.OS_RdyListInsert
                0x00002ab8       0x2c .\CortexM3\ARM_GCC_541\Debug\os_core.o
                0x00002ab8                OS_RdyListInsert
 .text.OS_RdyListMoveHeadToTail
                0x00002ae4       0x38 .\CortexM3\ARM_GCC_541\Debug\os_core.o
                0x00002ae4                OS_RdyListMoveHeadToTail
 .text.OS_RdyListRemove
                0x00002b1c       0x78 .\CortexM3\ARM_GCC_541\Debug\os_core.o
                0x00002b1c                OS_RdyListRemove
 .text.OS_SchedRoundRobin
                0x00002b94       0x88 .\CortexM3\ARM_GCC_541\Debug\os_core.o
                0x00002b94                OS_SchedRoundRobin
 .text.OS_TaskBlock
                0x00002c1c       0x3c .\CortexM3\ARM_GCC_541\Debug\os_core.o
                0x00002c1c                OS_TaskBlock
 .text.OS_Pend  0x00002c58       0x54 .\CortexM3\ARM_GCC_541\Debug\os_core.o
                0x00002c58                OS_Pend
 .text.OS_TaskRdy
                0x00002cac       0x1c .\CortexM3\ARM_GCC_541\Debug\os_core.o
                0x00002cac                OS_TaskRdy
 .text.OS_Post  0x00002cc8       0xac .\CortexM3\ARM_GCC_541\Debug\os_core.o
                0x00002cc8                OS_Post
 .text.OS_Dbg_Init
                0x00002d74        0x4 .\CortexM3\ARM_GCC_541\Debug\os_dbg.o
                0x00002d74                OS_Dbg_Init
 .text.OS_FlagInit
                0x00002d78       0x18 .\CortexM3\ARM_GCC_541\Debug\os_flag.o
                0x00002d78                OS_FlagInit
 .text.OSMemGet
                0x00002d90       0x3c .\CortexM3\ARM_GCC_541\Debug\os_mem.o
                0x00002d90                OSMemGet
 .text.OSMemPut
                0x00002dcc       0x4c .\CortexM3\ARM_GCC_541\Debug\os_mem.o
                0x00002dcc                OSMemPut
 .text.OS_MemDbgListAdd
                0x00002e18       0x1c .\CortexM3\ARM_GCC_541\Debug\os_mem.o
                0x00002e18                OS_MemDbgListAdd
 .text.OSMemCreate
                0x00002e34       0xe0 .\CortexM3\ARM_GCC_541\Debug\os_mem.o
                0x00002e34                OSMemCreate
 .text.OS_MemInit
                0x00002f14       0x18 .\CortexM3\ARM_GCC_541\Debug\os_mem.o
                0x00002f14                OS_MemInit
 .text.OS_MsgPoolInit
                0x00002f2c       0x68 .\CortexM3\ARM_GCC_541\Debug\os_msg.o
                0x00002f2c                OS_MsgPoolInit
 .text.OS_MsgQFreeAll
                0x00002f94       0x34 .\CortexM3\ARM_GCC_541\Debug\os_msg.o
                0x00002f94                OS_MsgQFreeAll
 .text.OS_MsgQInit
                0x00002fc8       0x10 .\CortexM3\ARM_GCC_541\Debug\os_msg.o
                0x00002fc8                OS_MsgQInit
 .text.OS_MsgQGet
                0x00002fd8       0x5c .\CortexM3\ARM_GCC_541\Debug\os_msg.o
                0x00002fd8                OS_MsgQGet
 .text.OS_MsgQPut
                0x00003034       0x94 .\CortexM3\ARM_GCC_541\Debug\os_msg.o
                0x00003034                OS_MsgQPut
 .text.OS_MutexInit
                0x000030c8       0x18 .\CortexM3\ARM_GCC_541\Debug\os_mutex.o
                0x000030c8                OS_MutexInit
 .text.bsp_delay_ms
                0x000030e0       0x6c .\CortexM3\ARM_GCC_541\Debug\max30102_interface.o
                0x000030e0                bsp_delay_ms
 .text.bsp_i2c_deinit
                0x0000314c       0x14 .\CortexM3\ARM_GCC_541\Debug\max30102_interface.o
 .text.bsp_i2c_init
                0x00003160       0x14 .\CortexM3\ARM_GCC_541\Debug\max30102_interface.o
 .text.bsp_debug_print
                0x00003174       0x28 .\CortexM3\ARM_GCC_541\Debug\max30102_interface.o
                0x00003174                bsp_debug_print
 .text.max30102_receive_callback
                0x0000319c       0x40 .\CortexM3\ARM_GCC_541\Debug\max30102_interface.o
                0x0000319c                max30102_receive_callback
 .text.max30102_sensor_init
                0x000031dc      0x1f8 .\CortexM3\ARM_GCC_541\Debug\max30102_interface.o
                0x000031dc                max30102_sensor_init
 .text.max30102_init
                0x000033d4      0x1ec .\CortexM3\ARM_GCC_541\Debug\driver_max30102.o
                0x000033d4                max30102_init
 .text.max30102_read
                0x000035c0      0x1f8 .\CortexM3\ARM_GCC_541\Debug\driver_max30102.o
                0x000035c0                max30102_read
 .text.max30102_set_interrupt
                0x000037b8       0xcc .\CortexM3\ARM_GCC_541\Debug\driver_max30102.o
                0x000037b8                max30102_set_interrupt
 .text.max30102_get_interrupt
                0x00003884       0x84 .\CortexM3\ARM_GCC_541\Debug\driver_max30102.o
                0x00003884                max30102_get_interrupt
 .text.max30102_set_fifo_sample_averaging
                0x00003908       0x68 .\CortexM3\ARM_GCC_541\Debug\driver_max30102.o
                0x00003908                max30102_set_fifo_sample_averaging
 .text.max30102_set_fifo_roll
                0x00003970       0x68 .\CortexM3\ARM_GCC_541\Debug\driver_max30102.o
                0x00003970                max30102_set_fifo_roll
 .text.max30102_set_mode
                0x000039d8       0x64 .\CortexM3\ARM_GCC_541\Debug\driver_max30102.o
                0x000039d8                max30102_set_mode
 .text.max30102_set_spo2_adc_range
                0x00003a3c       0x68 .\CortexM3\ARM_GCC_541\Debug\driver_max30102.o
                0x00003a3c                max30102_set_spo2_adc_range
 .text.max30102_set_spo2_sample_rate
                0x00003aa4       0x68 .\CortexM3\ARM_GCC_541\Debug\driver_max30102.o
                0x00003aa4                max30102_set_spo2_sample_rate
 .text.max30102_set_adc_resolution
                0x00003b0c       0x64 .\CortexM3\ARM_GCC_541\Debug\driver_max30102.o
                0x00003b0c                max30102_set_adc_resolution
 .text.max30102_set_led_red_pulse_amplitude
                0x00003b70       0x40 .\CortexM3\ARM_GCC_541\Debug\driver_max30102.o
                0x00003b70                max30102_set_led_red_pulse_amplitude
 .text.max30102_set_led_ir_pulse_amplitude
                0x00003bb0       0x40 .\CortexM3\ARM_GCC_541\Debug\driver_max30102.o
                0x00003bb0                max30102_set_led_ir_pulse_amplitude
 .text.max30102_set_slot
                0x00003bf0      0x150 .\CortexM3\ARM_GCC_541\Debug\driver_max30102.o
                0x00003bf0                max30102_set_slot
 .text.null_ptr_check
                0x00003d40       0x2c .\CortexM3\ARM_GCC_541\Debug\bme68x.o
 .text.set_mem_page
                0x00003d6c       0x70 .\CortexM3\ARM_GCC_541\Debug\bme68x.o
 .text.get_mem_page
                0x00003ddc       0x38 .\CortexM3\ARM_GCC_541\Debug\bme68x.o
 .text.bme68x_set_regs
                0x00003e14       0xcc .\CortexM3\ARM_GCC_541\Debug\bme68x.o
                0x00003e14                bme68x_set_regs
 .text.bme68x_get_regs
                0x00003ee0       0x58 .\CortexM3\ARM_GCC_541\Debug\bme68x.o
                0x00003ee0                bme68x_get_regs
 .text.read_variant_id
                0x00003f38       0x28 .\CortexM3\ARM_GCC_541\Debug\bme68x.o
 .text.get_calib_data
                0x00003f60      0x154 .\CortexM3\ARM_GCC_541\Debug\bme68x.o
 .text.bme68x_soft_reset
                0x000040b4       0x58 .\CortexM3\ARM_GCC_541\Debug\bme68x.o
                0x000040b4                bme68x_soft_reset
 .text.bme68x_init
                0x0000410c       0x3c .\CortexM3\ARM_GCC_541\Debug\bme68x.o
                0x0000410c                bme68x_init
 .text.CyClockStartupError
                0x00004148        0x4 .\CortexM3\ARM_GCC_541\Debug\cyfitter_cfg.o
 .text.cfg_write_bytes32
                0x0000414c       0x34 .\CortexM3\ARM_GCC_541\Debug\cyfitter_cfg.o
 .text.AnalogSetDefault
                0x00004180       0x28 .\CortexM3\ARM_GCC_541\Debug\cyfitter_cfg.o
 .text.CYMEMZERO
                0x000041a8        0xc .\CortexM3\ARM_GCC_541\Debug\cyfitter_cfg.o
 .text.ClockSetup
                0x000041b4       0xc4 .\CortexM3\ARM_GCC_541\Debug\cyfitter_cfg.o
 .text.CYCONFIGCPY
                0x00004278        0x8 .\CortexM3\ARM_GCC_541\Debug\cyfitter_cfg.o
 .text.cyfitter_cfg
                0x00004280      0x13c .\CortexM3\ARM_GCC_541\Debug\cyfitter_cfg.o
                0x00004280                cyfitter_cfg
 .text.IntDefaultHandler
                0x000043bc       0x10 .\CortexM3\ARM_GCC_541\Debug\Cm3Start.o
                0x000043bc                IntDefaultHandler
 .text._sbrk    0x000043cc       0x30 .\CortexM3\ARM_GCC_541\Debug\Cm3Start.o
                0x000043cc                _sbrk
 .text.Start_c  0x000043fc       0x4c .\CortexM3\ARM_GCC_541\Debug\Cm3Start.o
                0x000043fc                Start_c
 .text.initialize_psoc
                0x00004448       0x6c .\CortexM3\ARM_GCC_541\Debug\Cm3Start.o
                0x00004448                initialize_psoc
 .text          0x000044b4       0x34 .\CortexM3\ARM_GCC_541\Debug\cpu_a.o
                0x000044b4                CPU_IntDis
                0x000044b8                CPU_IntEn
                0x000044bc                CPU_SR_Save
                0x000044c4                CPU_SR_Restore
                0x000044ca                CPU_WaitForInt
                0x000044ce                CPU_WaitForExcept
                0x000044d2                CPU_CntLeadZeros
                0x000044d8                CPU_CntTrailZeros
                0x000044e2                CPU_RevBits
 .text          0x000044e8       0x84 .\CortexM3\ARM_GCC_541\Debug\os_cpu_a.o
                0x000044e8                OSStartHighRdy
                0x00004508                OS_CPU_PendSVHandler
 .text.UART_1_Init
                0x0000456c       0x60 .\CortexM3\ARM_GCC_541\Debug\esw_uCOS3_cykit.a(UART_1.o)
                0x0000456c                UART_1_Init
 .text.UART_1_Enable
                0x000045cc       0x50 .\CortexM3\ARM_GCC_541\Debug\esw_uCOS3_cykit.a(UART_1.o)
                0x000045cc                UART_1_Enable
 .text.UART_1_Start
                0x0000461c       0x1c .\CortexM3\ARM_GCC_541\Debug\esw_uCOS3_cykit.a(UART_1.o)
                0x0000461c                UART_1_Start
 .text.UART_1_PutChar
                0x00004638       0x70 .\CortexM3\ARM_GCC_541\Debug\esw_uCOS3_cykit.a(UART_1.o)
                0x00004638                UART_1_PutChar
 .text.UART_1_PutString
                0x000046a8       0x24 .\CortexM3\ARM_GCC_541\Debug\esw_uCOS3_cykit.a(UART_1.o)
                0x000046a8                UART_1_PutString
 .text.UART_1_RXISR
                0x000046cc       0x98 .\CortexM3\ARM_GCC_541\Debug\esw_uCOS3_cykit.a(UART_1_INT.o)
                0x000046cc                UART_1_RXISR
 .text.UART_1_TXISR
                0x00004764       0x58 .\CortexM3\ARM_GCC_541\Debug\esw_uCOS3_cykit.a(UART_1_INT.o)
                0x00004764                UART_1_TXISR
 .text.Pin_1_SetDriveMode
                0x000047bc       0x18 .\CortexM3\ARM_GCC_541\Debug\esw_uCOS3_cykit.a(Pin_1.o)
                0x000047bc                Pin_1_SetDriveMode
 .text.UART_1_IntClock_Start
                0x000047d4       0x1c .\CortexM3\ARM_GCC_541\Debug\esw_uCOS3_cykit.a(UART_1_IntClock.o)
                0x000047d4                UART_1_IntClock_Start
 .text.CyDmacConfigure
                0x000047f0       0x34 .\CortexM3\ARM_GCC_541\Debug\esw_uCOS3_cykit.a(CyDmac.o)
                0x000047f0                CyDmacConfigure
 .text.CyHalt   0x00004824        0x4 .\CortexM3\ARM_GCC_541\Debug\esw_uCOS3_cykit.a(CyLib.o)
                0x00004824                CyHalt
 .text.CyIntSetVector
                0x00004828       0x28 .\CortexM3\ARM_GCC_541\Debug\esw_uCOS3_cykit.a(CyLib.o)
                0x00004828                CyIntSetVector
 .text.CyIntSetPriority
                0x00004850       0x30 .\CortexM3\ARM_GCC_541\Debug\esw_uCOS3_cykit.a(CyLib.o)
                0x00004850                CyIntSetPriority
 .text.Pin_2_SetDriveMode
                0x00004880       0x24 .\CortexM3\ARM_GCC_541\Debug\esw_uCOS3_cykit.a(Pin_2.o)
                0x00004880                Pin_2_SetDriveMode
 .text.push_button_Write
                0x000048a4       0x18 .\CortexM3\ARM_GCC_541\Debug\esw_uCOS3_cykit.a(push_button.o)
                0x000048a4                push_button_Write
 .text.push_button_SetDriveMode
                0x000048bc       0x18 .\CortexM3\ARM_GCC_541\Debug\esw_uCOS3_cykit.a(push_button.o)
                0x000048bc                push_button_SetDriveMode
 .text.I2C_1_Init
                0x000048d4       0x68 .\CortexM3\ARM_GCC_541\Debug\esw_uCOS3_cykit.a(I2C_1.o)
                0x000048d4                I2C_1_Init
 .text.I2C_1_Enable
                0x0000493c       0x24 .\CortexM3\ARM_GCC_541\Debug\esw_uCOS3_cykit.a(I2C_1.o)
                0x0000493c                I2C_1_Enable
 .text.I2C_1_Start
                0x00004960       0x28 .\CortexM3\ARM_GCC_541\Debug\esw_uCOS3_cykit.a(I2C_1.o)
                0x00004960                I2C_1_Start
 .text.I2C_1_ISR
                0x00004988      0x2d0 .\CortexM3\ARM_GCC_541\Debug\esw_uCOS3_cykit.a(I2C_1_INT.o)
                0x00004988                I2C_1_ISR
 .text.I2C_1_MasterSendStart
                0x00004c58       0x80 .\CortexM3\ARM_GCC_541\Debug\esw_uCOS3_cykit.a(I2C_1_MASTER.o)
                0x00004c58                I2C_1_MasterSendStart
 .text.I2C_1_MasterSendRestart
                0x00004cd8       0x6c .\CortexM3\ARM_GCC_541\Debug\esw_uCOS3_cykit.a(I2C_1_MASTER.o)
                0x00004cd8                I2C_1_MasterSendRestart
 .text.I2C_1_MasterSendStop
                0x00004d44       0x38 .\CortexM3\ARM_GCC_541\Debug\esw_uCOS3_cykit.a(I2C_1_MASTER.o)
                0x00004d44                I2C_1_MasterSendStop
 .text.I2C_1_MasterWriteByte
                0x00004d7c       0x58 .\CortexM3\ARM_GCC_541\Debug\esw_uCOS3_cykit.a(I2C_1_MASTER.o)
                0x00004d7c                I2C_1_MasterWriteByte
 .text.I2C_1_MasterReadByte
                0x00004dd4       0x58 .\CortexM3\ARM_GCC_541\Debug\esw_uCOS3_cykit.a(I2C_1_MASTER.o)
                0x00004dd4                I2C_1_MasterReadByte
 .text.Timer_1_Enable
                0x00004e2c       0x28 .\CortexM3\ARM_GCC_541\Debug\esw_uCOS3_cykit.a(Timer_1.o)
                0x00004e2c                Timer_1_Enable
 .text.Timer_1_SetInterruptMode
                0x00004e54        0xc .\CortexM3\ARM_GCC_541\Debug\esw_uCOS3_cykit.a(Timer_1.o)
                0x00004e54                Timer_1_SetInterruptMode
 .text.Timer_1_WritePeriod
                0x00004e60        0xc .\CortexM3\ARM_GCC_541\Debug\esw_uCOS3_cykit.a(Timer_1.o)
                0x00004e60                Timer_1_WritePeriod
 .text.Timer_1_WriteCounter
                0x00004e6c        0xc .\CortexM3\ARM_GCC_541\Debug\esw_uCOS3_cykit.a(Timer_1.o)
                0x00004e6c                Timer_1_WriteCounter
 .text.Timer_1_Init
                0x00004e78       0x68 .\CortexM3\ARM_GCC_541\Debug\esw_uCOS3_cykit.a(Timer_1.o)
                0x00004e78                Timer_1_Init
 .text.Timer_1_Start
                0x00004ee0       0x1c .\CortexM3\ARM_GCC_541\Debug\esw_uCOS3_cykit.a(Timer_1.o)
                0x00004ee0                Timer_1_Start
 .text.Timer_ISR_SetVector
                0x00004efc        0xc .\CortexM3\ARM_GCC_541\Debug\esw_uCOS3_cykit.a(Timer_ISR.o)
                0x00004efc                Timer_ISR_SetVector
 .text.Timer_ISR_SetPriority
                0x00004f08       0x10 .\CortexM3\ARM_GCC_541\Debug\esw_uCOS3_cykit.a(Timer_ISR.o)
                0x00004f08                Timer_ISR_SetPriority
 .text.Timer_ISR_Enable
                0x00004f18        0xc .\CortexM3\ARM_GCC_541\Debug\esw_uCOS3_cykit.a(Timer_ISR.o)
                0x00004f18                Timer_ISR_Enable
 .text.Timer_ISR_Disable
                0x00004f24        0xc .\CortexM3\ARM_GCC_541\Debug\esw_uCOS3_cykit.a(Timer_ISR.o)
                0x00004f24                Timer_ISR_Disable
 .text.Timer_ISR_StartEx
                0x00004f30       0x1c .\CortexM3\ARM_GCC_541\Debug\esw_uCOS3_cykit.a(Timer_ISR.o)
                0x00004f30                Timer_ISR_StartEx
 .text.Counter_1_Enable
                0x00004f4c       0x28 .\CortexM3\ARM_GCC_541\Debug\esw_uCOS3_cykit.a(Counter_1.o)
                0x00004f4c                Counter_1_Enable
 .text.Counter_1_Stop
                0x00004f74       0x28 .\CortexM3\ARM_GCC_541\Debug\esw_uCOS3_cykit.a(Counter_1.o)
                0x00004f74                Counter_1_Stop
 .text.Counter_1_SetInterruptMode
                0x00004f9c        0xc .\CortexM3\ARM_GCC_541\Debug\esw_uCOS3_cykit.a(Counter_1.o)
                0x00004f9c                Counter_1_SetInterruptMode
 .text.Counter_1_WriteCounter
                0x00004fa8       0x34 .\CortexM3\ARM_GCC_541\Debug\esw_uCOS3_cykit.a(Counter_1.o)
                0x00004fa8                Counter_1_WriteCounter
 .text.Counter_1_ReadCounter
                0x00004fdc       0x14 .\CortexM3\ARM_GCC_541\Debug\esw_uCOS3_cykit.a(Counter_1.o)
                0x00004fdc                Counter_1_ReadCounter
 .text.Counter_1_WritePeriod
                0x00004ff0        0xc .\CortexM3\ARM_GCC_541\Debug\esw_uCOS3_cykit.a(Counter_1.o)
                0x00004ff0                Counter_1_WritePeriod
 .text.Counter_1_Init
                0x00004ffc       0x70 .\CortexM3\ARM_GCC_541\Debug\esw_uCOS3_cykit.a(Counter_1.o)
                0x00004ffc                Counter_1_Init
 .text.Counter_1_Start
                0x0000506c       0x1c .\CortexM3\ARM_GCC_541\Debug\esw_uCOS3_cykit.a(Counter_1.o)
                0x0000506c                Counter_1_Start
 .text          0x00005088       0x20 .\CortexM3\ARM_GCC_541\Debug\esw_uCOS3_cykit.a(CyBootAsmGnu.o)
                0x00005088                CyDelayCycles
                0x00005098                CyEnterCriticalSection
                0x000050a0                CyExitCriticalSection
 .text.__errno  0x000050a8        0xc c:/program files (x86)/cypress/psoc creator/4.4/psoc creator/import/gnu/arm/5.4.1/bin/../lib/gcc/arm-none-eabi/5.4.1/../../../../arm-none-eabi/lib/armv7-m\libg_nano.a(lib_a-errno.o)
                0x000050a8                __errno
 .text.__libc_init_array
                0x000050b4       0x4c c:/program files (x86)/cypress/psoc creator/4.4/psoc creator/import/gnu/arm/5.4.1/bin/../lib/gcc/arm-none-eabi/5.4.1/../../../../arm-none-eabi/lib/armv7-m\libg_nano.a(lib_a-init.o)
                0x000050b4                __libc_init_array
 .text.memcpy   0x00005100       0x16 c:/program files (x86)/cypress/psoc creator/4.4/psoc creator/import/gnu/arm/5.4.1/bin/../lib/gcc/arm-none-eabi/5.4.1/../../../../arm-none-eabi/lib/armv7-m\libg_nano.a(lib_a-memcpy-stub.o)
                0x00005100                memcpy
 .text.memset   0x00005116       0x10 c:/program files (x86)/cypress/psoc creator/4.4/psoc creator/import/gnu/arm/5.4.1/bin/../lib/gcc/arm-none-eabi/5.4.1/../../../../arm-none-eabi/lib/armv7-m\libg_nano.a(lib_a-memset.o)
                0x00005116                memset
 *fill*         0x00005126        0x2 
 .text.snprintf
                0x00005128       0x64 c:/program files (x86)/cypress/psoc creator/4.4/psoc creator/import/gnu/arm/5.4.1/bin/../lib/gcc/arm-none-eabi/5.4.1/../../../../arm-none-eabi/lib/armv7-m\libg_nano.a(lib_a-snprintf.o)
                0x00005128                sniprintf
                0x00005128                snprintf
 .text.strncpy  0x0000518c       0x26 c:/program files (x86)/cypress/psoc creator/4.4/psoc creator/import/gnu/arm/5.4.1/bin/../lib/gcc/arm-none-eabi/5.4.1/../../../../arm-none-eabi/lib/armv7-m\libg_nano.a(lib_a-strncpy.o)
                0x0000518c                strncpy
 .text._vsnprintf_r
                0x000051b2       0x56 c:/program files (x86)/cypress/psoc creator/4.4/psoc creator/import/gnu/arm/5.4.1/bin/../lib/gcc/arm-none-eabi/5.4.1/../../../../arm-none-eabi/lib/armv7-m\libg_nano.a(lib_a-vsnprintf.o)
                0x000051b2                _vsniprintf_r
                0x000051b2                _vsnprintf_r
 .text.vsnprintf
                0x00005208       0x1c c:/program files (x86)/cypress/psoc creator/4.4/psoc creator/import/gnu/arm/5.4.1/bin/../lib/gcc/arm-none-eabi/5.4.1/../../../../arm-none-eabi/lib/armv7-m\libg_nano.a(lib_a-vsnprintf.o)
                0x00005208                vsniprintf
                0x00005208                vsnprintf
 .text.__ssputs_r
                0x00005224       0xb2 c:/program files (x86)/cypress/psoc creator/4.4/psoc creator/import/gnu/arm/5.4.1/bin/../lib/gcc/arm-none-eabi/5.4.1/../../../../arm-none-eabi/lib/armv7-m\libg_nano.a(lib_a-nano-svfprintf.o)
                0x00005224                __ssputs_r
 *fill*         0x000052d6        0x2 
 .text._svfprintf_r
                0x000052d8      0x1e8 c:/program files (x86)/cypress/psoc creator/4.4/psoc creator/import/gnu/arm/5.4.1/bin/../lib/gcc/arm-none-eabi/5.4.1/../../../../arm-none-eabi/lib/armv7-m\libg_nano.a(lib_a-nano-svfprintf.o)
                0x000052d8                _svfiprintf_r
                0x000052d8                _svfprintf_r
 .text._printf_common
                0x000054c0       0xec c:/program files (x86)/cypress/psoc creator/4.4/psoc creator/import/gnu/arm/5.4.1/bin/../lib/gcc/arm-none-eabi/5.4.1/../../../../arm-none-eabi/lib/armv7-m\libg_nano.a(lib_a-nano-vfprintf_i.o)
                0x000054c0                _printf_common
 .text._printf_i
                0x000055ac      0x24c c:/program files (x86)/cypress/psoc creator/4.4/psoc creator/import/gnu/arm/5.4.1/bin/../lib/gcc/arm-none-eabi/5.4.1/../../../../arm-none-eabi/lib/armv7-m\libg_nano.a(lib_a-nano-vfprintf_i.o)
                0x000055ac                _printf_i
 .text.memchr   0x000057f8       0x1c c:/program files (x86)/cypress/psoc creator/4.4/psoc creator/import/gnu/arm/5.4.1/bin/../lib/gcc/arm-none-eabi/5.4.1/../../../../arm-none-eabi/lib/armv7-m\libg_nano.a(lib_a-memchr-stub.o)
                0x000057f8                memchr
 .text.memmove  0x00005814       0x36 c:/program files (x86)/cypress/psoc creator/4.4/psoc creator/import/gnu/arm/5.4.1/bin/../lib/gcc/arm-none-eabi/5.4.1/../../../../arm-none-eabi/lib/armv7-m\libg_nano.a(lib_a-memmove.o)
                0x00005814                memmove
 *fill*         0x0000584a        0x2 
 .text._free_r  0x0000584c       0x98 c:/program files (x86)/cypress/psoc creator/4.4/psoc creator/import/gnu/arm/5.4.1/bin/../lib/gcc/arm-none-eabi/5.4.1/../../../../arm-none-eabi/lib/armv7-m\libg_nano.a(lib_a-nano-freer.o)
                0x0000584c                _free_r
 .text._malloc_r
                0x000058e4       0xbc c:/program files (x86)/cypress/psoc creator/4.4/psoc creator/import/gnu/arm/5.4.1/bin/../lib/gcc/arm-none-eabi/5.4.1/../../../../arm-none-eabi/lib/armv7-m\libg_nano.a(lib_a-nano-mallocr.o)
                0x000058e4                _malloc_r
 .text._realloc_r
                0x000059a0       0x4c c:/program files (x86)/cypress/psoc creator/4.4/psoc creator/import/gnu/arm/5.4.1/bin/../lib/gcc/arm-none-eabi/5.4.1/../../../../arm-none-eabi/lib/armv7-m\libg_nano.a(lib_a-nano-reallocr.o)
                0x000059a0                _realloc_r
 .text._sbrk_r  0x000059ec       0x20 c:/program files (x86)/cypress/psoc creator/4.4/psoc creator/import/gnu/arm/5.4.1/bin/../lib/gcc/arm-none-eabi/5.4.1/../../../../arm-none-eabi/lib/armv7-m\libg_nano.a(lib_a-sbrkr.o)
                0x000059ec                _sbrk_r
 .text.__malloc_lock
                0x00005a0c        0x2 c:/program files (x86)/cypress/psoc creator/4.4/psoc creator/import/gnu/arm/5.4.1/bin/../lib/gcc/arm-none-eabi/5.4.1/../../../../arm-none-eabi/lib/armv7-m\libg_nano.a(lib_a-mlock.o)
                0x00005a0c                __malloc_lock
 .text.__malloc_unlock
                0x00005a0e        0x2 c:/program files (x86)/cypress/psoc creator/4.4/psoc creator/import/gnu/arm/5.4.1/bin/../lib/gcc/arm-none-eabi/5.4.1/../../../../arm-none-eabi/lib/armv7-m\libg_nano.a(lib_a-mlock.o)
                0x00005a0e                __malloc_unlock
 .text._malloc_usable_size_r
                0x00005a10       0x14 c:/program files (x86)/cypress/psoc creator/4.4/psoc creator/import/gnu/arm/5.4.1/bin/../lib/gcc/arm-none-eabi/5.4.1/../../../../arm-none-eabi/lib/armv7-m\libg_nano.a(lib_a-nano-msizer.o)
                0x00005a10                _malloc_usable_size_r
 *(.plt)
 *(.gnu.warning)
 *(.glue_7t)
 .glue_7t       0x00005a24        0x0 linker stubs
 *(.glue_7)
 .glue_7        0x00005a24        0x0 linker stubs
 *(.vfp11_veneer)
 .vfp11_veneer  0x00005a24        0x0 linker stubs
 *(.bootloader)
 *(.ARM.extab* .gnu.linkonce.armextab.*)
 *(.gcc_except_table)

.v4_bx          0x00005a24        0x0
 .v4_bx         0x00005a24        0x0 linker stubs

.iplt           0x00005a24        0x0
 .iplt          0x00005a24        0x0 c:/program files (x86)/cypress/psoc creator/4.4/psoc creator/import/gnu/arm/5.4.1/bin/../lib/gcc/arm-none-eabi/5.4.1/armv7-m/crtbegin.o

.eh_frame_hdr
 *(.eh_frame_hdr)

.eh_frame       0x00005a24        0x4
 *(.eh_frame)
 .eh_frame      0x00005a24        0x0 c:/program files (x86)/cypress/psoc creator/4.4/psoc creator/import/gnu/arm/5.4.1/bin/../lib/gcc/arm-none-eabi/5.4.1/armv7-m/crtbegin.o
 .eh_frame      0x00005a24        0x4 c:/program files (x86)/cypress/psoc creator/4.4/psoc creator/import/gnu/arm/5.4.1/bin/../lib/gcc/arm-none-eabi/5.4.1/armv7-m/crtend.o
                [!provide]                PROVIDE (__exidx_start, .)

.ARM.exidx
 *(.ARM.exidx* .gnu.linkonce.armexidx.*)
                0x00005a28                __exidx_end = .

.rodata         0x00005a28     0x1400
 *(.rodata .rodata.* .gnu.linkonce.r.*)
 .rodata.str1.4
                0x00005a28       0x4e .\CortexM3\ARM_GCC_541\Debug\app.o
 *fill*         0x00005a76        0x2 
 .rodata.str1.4
                0x00005a78      0x203 .\CortexM3\ARM_GCC_541\Debug\log_task.o
                                0x207 (size before relaxing)
 *fill*         0x00005c7b        0x1 
 .rodata        0x00005c7c       0x18 .\CortexM3\ARM_GCC_541\Debug\bsp_i2c.o
 .rodata.str1.4
                0x00005c94      0x1fe .\CortexM3\ARM_GCC_541\Debug\bsp_i2c.o
 *fill*         0x00005e92        0x2 
 .rodata.str1.4
                0x00005e94        0x6 .\CortexM3\ARM_GCC_541\Debug\os_q.o
 *fill*         0x00005e9a        0x2 
 .rodata.str1.4
                0x00005e9c        0x5 .\CortexM3\ARM_GCC_541\Debug\os_sem.o
                                  0xa (size before relaxing)
 *fill*         0x00005ea1        0x3 
 .rodata.str1.4
                0x00005ea4       0x14 .\CortexM3\ARM_GCC_541\Debug\os_stat.o
 .rodata.str1.4
                0x00005eb8        0x6 .\CortexM3\ARM_GCC_541\Debug\os_task.o
                                  0xa (size before relaxing)
 *fill*         0x00005ebe        0x2 
 .rodata.str1.4
                0x00005ec0       0x14 .\CortexM3\ARM_GCC_541\Debug\os_tick.o
 .rodata.str1.4
                0x00005ed4       0x1d .\CortexM3\ARM_GCC_541\Debug\os_tmr.o
 *fill*         0x00005ef1        0x3 
 .rodata        0x00005ef4       0xa4 .\CortexM3\ARM_GCC_541\Debug\os_cfg_app.o
                0x00005ef4                OSCfg_DataSizeRAM
                0x00005ef8                OSCfg_TmrWheelSizeRAM
                0x00005efc                OSCfg_TmrWheelSize
                0x00005f00                OSCfg_TmrTaskStkSizeRAM
                0x00005f04                OSCfg_TmrTaskStkSize
                0x00005f08                OSCfg_TmrTaskStkLimit
                0x00005f0c                OSCfg_TmrTaskStkBasePtr
                0x00005f10                OSCfg_TmrTaskRate_Hz
                0x00005f14                OSCfg_TmrTaskPrio
                0x00005f18                OSCfg_TickWheelSizeRAM
                0x00005f1c                OSCfg_TickWheelSize
                0x00005f20                OSCfg_TickTaskStkSizeRAM
                0x00005f24                OSCfg_TickTaskStkSize
                0x00005f28                OSCfg_TickTaskStkLimit
                0x00005f2c                OSCfg_TickTaskStkBasePtr
                0x00005f30                OSCfg_TickTaskPrio
                0x00005f34                OSCfg_TickRate_Hz
                0x00005f38                OSCfg_StkSizeMin
                0x00005f3c                OSCfg_StatTaskStkSizeRAM
                0x00005f40                OSCfg_StatTaskStkSize
                0x00005f44                OSCfg_StatTaskStkLimit
                0x00005f48                OSCfg_StatTaskStkBasePtr
                0x00005f4c                OSCfg_StatTaskRate_Hz
                0x00005f50                OSCfg_StatTaskPrio
                0x00005f54                OSCfg_MsgPoolBasePtr
                0x00005f58                OSCfg_MsgPoolSizeRAM
                0x00005f5c                OSCfg_MsgPoolSize
                0x00005f60                OSCfg_ISRStkSizeRAM
                0x00005f64                OSCfg_ISRStkSize
                0x00005f68                OSCfg_ISRStkBasePtr
                0x00005f6c                OSCfg_IntQTaskStkSizeRAM
                0x00005f70                OSCfg_IntQTaskStkSize
                0x00005f74                OSCfg_IntQTaskStkLimit
                0x00005f78                OSCfg_IntQTaskStkBasePtr
                0x00005f7c                OSCfg_IntQSizeRAM
                0x00005f80                OSCfg_IntQSize
                0x00005f84                OSCfg_IntQBasePtr
                0x00005f88                OSCfg_IdleTaskStkSizeRAM
                0x00005f8c                OSCfg_IdleTaskStkSize
                0x00005f90                OSCfg_IdleTaskStkLimit
                0x00005f94                OSCfg_IdleTaskStkBasePtr
 .rodata.str1.4
                0x00005f98       0x25 .\CortexM3\ARM_GCC_541\Debug\os_core.o
                                 0x2a (size before relaxing)
 *fill*         0x00005fbd        0x3 
 .rodata.str1.4
                0x00005fc0      0x3d4 .\CortexM3\ARM_GCC_541\Debug\max30102_interface.o
 .rodata.str1.4
                0x00006394      0x9d8 .\CortexM3\ARM_GCC_541\Debug\driver_max30102.o
 .rodata        0x00006d6c       0x50 .\CortexM3\ARM_GCC_541\Debug\cyfitter_cfg.o
 .rodata.str1.1
                0x00006dbc        0x2 c:/program files (x86)/cypress/psoc creator/4.4/psoc creator/import/gnu/arm/5.4.1/bin/../lib/gcc/arm-none-eabi/5.4.1/../../../../arm-none-eabi/lib/armv7-m\libg_nano.a(lib_a-impure.o)
 .rodata.str1.1
                0x00006dbe       0x11 c:/program files (x86)/cypress/psoc creator/4.4/psoc creator/import/gnu/arm/5.4.1/bin/../lib/gcc/arm-none-eabi/5.4.1/../../../../arm-none-eabi/lib/armv7-m\libg_nano.a(lib_a-nano-svfprintf.o)
 .rodata.str1.1
                0x00006dcf       0x22 c:/program files (x86)/cypress/psoc creator/4.4/psoc creator/import/gnu/arm/5.4.1/bin/../lib/gcc/arm-none-eabi/5.4.1/../../../../arm-none-eabi/lib/armv7-m\libg_nano.a(lib_a-nano-vfprintf_i.o)
                0x00006df4                . = ALIGN (0x4)
 *fill*         0x00006df1        0x3 
 *(.init)
 .init          0x00006df4        0x4 c:/program files (x86)/cypress/psoc creator/4.4/psoc creator/import/gnu/arm/5.4.1/bin/../lib/gcc/arm-none-eabi/5.4.1/armv7-m/crti.o
                0x00006df4                _init
 .init          0x00006df8        0x8 c:/program files (x86)/cypress/psoc creator/4.4/psoc creator/import/gnu/arm/5.4.1/bin/../lib/gcc/arm-none-eabi/5.4.1/armv7-m/crtn.o
                0x00006e00                . = ALIGN (0x4)
                0x00006e00                __preinit_array_start = .
 *(.preinit_array)
                0x00006e00                __preinit_array_end = .
                0x00006e00                . = ALIGN (0x4)
                0x00006e00                __init_array_start = .
 *(SORT(.init_array.*))
 *(.init_array)
 .init_array    0x00006e00        0x4 c:/program files (x86)/cypress/psoc creator/4.4/psoc creator/import/gnu/arm/5.4.1/bin/../lib/gcc/arm-none-eabi/5.4.1/armv7-m/crtbegin.o
 .init_array    0x00006e04        0x4 .\CortexM3\ARM_GCC_541\Debug\Cm3Start.o
                0x00006e08                __init_array_end = .
                0x00006e08                . = ALIGN (0x4)
 *(.fini)
 .fini          0x00006e08        0x4 c:/program files (x86)/cypress/psoc creator/4.4/psoc creator/import/gnu/arm/5.4.1/bin/../lib/gcc/arm-none-eabi/5.4.1/armv7-m/crti.o
                0x00006e08                _fini
 .fini          0x00006e0c        0x8 c:/program files (x86)/cypress/psoc creator/4.4/psoc creator/import/gnu/arm/5.4.1/bin/../lib/gcc/arm-none-eabi/5.4.1/armv7-m/crtn.o
                0x00006e14                . = ALIGN (0x4)
                0x00006e14                __fini_array_start = .
 *(.fini_array)
 .fini_array    0x00006e14        0x4 c:/program files (x86)/cypress/psoc creator/4.4/psoc creator/import/gnu/arm/5.4.1/bin/../lib/gcc/arm-none-eabi/5.4.1/armv7-m/crtbegin.o
 *(SORT(.fini_array.*))
                0x00006e18                __fini_array_end = .
                0x00006e18                . = ALIGN (0x4)
 *crtbegin.o(.ctors)
 *(EXCLUDE_FILE(*crtend.o) .ctors)
 *(SORT(.ctors.*))
 *crtend.o(.ctors)
                0x00006e18                . = ALIGN (0x4)
 *crtbegin.o(.dtors)
 *(EXCLUDE_FILE(*crtend.o) .dtors)
 *(SORT(.dtors.*))
 *crtend.o(.dtors)
                0x00006e18                . = ALIGN (0x4)
                0x00006e18                __cy_regions = .
                0x00006e18        0x4 LONG 0x6e28 __cy_region_init_ram
                0x00006e1c        0x4 LONG 0x1fff80c8 __cy_region_start_data
                0x00006e20        0x4 LONG 0x80 __cy_region_init_size_ram
                0x00006e24        0x4 LONG 0x4ab0 __cy_region_zero_size_ram
                0x00006e28                __cy_regions_end = .
                0x00006e28                . = ALIGN (0x8)
                0x00006e28                _etext = .

.cy_checksum_exclude
                0x00006e28        0x0
 *(.cy_checksum_exclude)

.ramvectors     0x1fff8000       0xc0
                0x1fff8000                __cy_region_start_ram = .
 *(.ramvectors)
 .ramvectors    0x1fff8000       0xc0 .\CortexM3\ARM_GCC_541\Debug\Cm3Start.o
                0x1fff8000                CyRamVectors

.noinit         0x1fff80c0        0x1
 *(.noinit)
 .noinit        0x1fff80c0        0x1 .\CortexM3\ARM_GCC_541\Debug\esw_uCOS3_cykit.a(CyLib.o)
                0x1fff80c0                CyResetStatus

.data           0x1fff80c8       0x80 load address 0x00006e28
                0x1fff80c8                __cy_region_start_data = .
 *(.jcr)
 .jcr           0x1fff80c8        0x0 c:/program files (x86)/cypress/psoc creator/4.4/psoc creator/import/gnu/arm/5.4.1/bin/../lib/gcc/arm-none-eabi/5.4.1/armv7-m/crtbegin.o
 .jcr           0x1fff80c8        0x4 c:/program files (x86)/cypress/psoc creator/4.4/psoc creator/import/gnu/arm/5.4.1/bin/../lib/gcc/arm-none-eabi/5.4.1/armv7-m/crtend.o
 *(.got.plt)
 *(.got)
 *(.shdata)
 *(.data .data.* .gnu.linkonce.d.*)
 .data          0x1fff80cc        0xc .\CortexM3\ARM_GCC_541\Debug\bsp_i2c.o
                0x1fff80cc                adaptive_threshold
                0x1fff80d0                IR_AC_Max
                0x1fff80d4                IR_AC_Min
 .data          0x1fff80d8        0x4 .\CortexM3\ARM_GCC_541\Debug\Cm3Start.o
 .data          0x1fff80dc        0x8 .\CortexM3\ARM_GCC_541\Debug\esw_uCOS3_cykit.a(CyDmac.o)
 .data.impure_data
                0x1fff80e4       0x60 c:/program files (x86)/cypress/psoc creator/4.4/psoc creator/import/gnu/arm/5.4.1/bin/../lib/gcc/arm-none-eabi/5.4.1/../../../../arm-none-eabi/lib/armv7-m\libg_nano.a(lib_a-impure.o)
 .data._impure_ptr
                0x1fff8144        0x4 c:/program files (x86)/cypress/psoc creator/4.4/psoc creator/import/gnu/arm/5.4.1/bin/../lib/gcc/arm-none-eabi/5.4.1/../../../../arm-none-eabi/lib/armv7-m\libg_nano.a(lib_a-impure.o)
                0x1fff8144                _impure_ptr
                0x1fff8148                . = ALIGN (0x8)
 *(.ram)
                0x1fff8148                _edata = .

.igot.plt       0x1fff8148        0x0 load address 0x00006ea8
 .igot.plt      0x1fff8148        0x0 c:/program files (x86)/cypress/psoc creator/4.4/psoc creator/import/gnu/arm/5.4.1/bin/../lib/gcc/arm-none-eabi/5.4.1/armv7-m/crtbegin.o

.bss            0x1fff8148     0x4ab0 load address 0x00006ea8
                0x1fff8148                PROVIDE (__bss_start__, .)
 *(.shbss)
 *(.bss .bss.* .gnu.linkonce.b.*)
 .bss           0x1fff8148       0x1c c:/program files (x86)/cypress/psoc creator/4.4/psoc creator/import/gnu/arm/5.4.1/bin/../lib/gcc/arm-none-eabi/5.4.1/armv7-m/crtbegin.o
 .bss           0x1fff8164      0x4c0 .\CortexM3\ARM_GCC_541\Debug\app.o
 .bss           0x1fff8624       0xb4 .\CortexM3\ARM_GCC_541\Debug\bsp_i2c.o
                0x1fff8624                current_timestamp
                0x1fff866c                ir_avg_reg
                0x1fff8670                IR_AC_Signal_Current
                0x1fff8674                IR_AC_Signal_Previous
                0x1fff8678                last_peak_timestamp
                0x1fff867c                heart_rate_index
                0x1fff8680                heart_rate_history
                0x1fff86d0                heart_rate_sum
                0x1fff86d4                heart_rate_count
 .bss           0x1fff86d8        0x9 .\CortexM3\ARM_GCC_541\Debug\esw_uCOS3_cykit.a(UART_1.o)
                0x1fff86d8                UART_1_errorStatus
                0x1fff86d9                UART_1_initVar
                0x1fff86da                UART_1_rxBufferRead
                0x1fff86db                UART_1_rxBufferWrite
                0x1fff86dc                UART_1_rxBufferLoopDetect
                0x1fff86dd                UART_1_rxBufferOverflow
                0x1fff86de                UART_1_txBufferRead
                0x1fff86df                UART_1_txBufferWrite
 .bss           0x1fff86e1        0x1 .\CortexM3\ARM_GCC_541\Debug\esw_uCOS3_cykit.a(I2C_1.o)
                0x1fff86e1                I2C_1_initVar
 .bss           0x1fff86e2        0x1 .\CortexM3\ARM_GCC_541\Debug\esw_uCOS3_cykit.a(Timer_1.o)
                0x1fff86e2                Timer_1_initVar
 .bss           0x1fff86e3        0x1 .\CortexM3\ARM_GCC_541\Debug\esw_uCOS3_cykit.a(Counter_1.o)
                0x1fff86e3                Counter_1_initVar
 .bss.__malloc_sbrk_start
                0x1fff86e4        0x4 c:/program files (x86)/cypress/psoc creator/4.4/psoc creator/import/gnu/arm/5.4.1/bin/../lib/gcc/arm-none-eabi/5.4.1/../../../../arm-none-eabi/lib/armv7-m\libg_nano.a(lib_a-nano-mallocr.o)
                0x1fff86e4                __malloc_sbrk_start
 .bss.__malloc_free_list
                0x1fff86e8        0x4 c:/program files (x86)/cypress/psoc creator/4.4/psoc creator/import/gnu/arm/5.4.1/bin/../lib/gcc/arm-none-eabi/5.4.1/../../../../arm-none-eabi/lib/armv7-m\libg_nano.a(lib_a-nano-mallocr.o)
                0x1fff86e8                __malloc_free_list
 *(COMMON)
 COMMON         0x1fff86ec     0x24c8 .\CortexM3\ARM_GCC_541\Debug\log_task.o
                0x1fff86ec                Log_TaskStk
                0x1fff8eec                LogTaskSem
                0x1fff8f14                Log_Task_TCB
                0x1fff8fd4                MsgMemPoolStorage
                0x1fffab64                MsgMemPool
                0x1fffab84                Log_Queue
 COMMON         0x1fffabb4      0x900 .\CortexM3\ARM_GCC_541\Debug\bsp_i2c.o
                0x1fffabb4                I2C_TaskStk
                0x1fffb3b4                i2c_rx_buffer
                0x1fffb3f4                I2C_Task_TCB
 COMMON         0x1fffb4b4       0x14 .\CortexM3\ARM_GCC_541\Debug\cpu_core.o
                0x1fffb4b4                CPU_TS_TmrFreq_Hz
                0x1fffb4b8                CPU_Name
 COMMON         0x1fffb4c8        0x4 .\CortexM3\ARM_GCC_541\Debug\os_cpu_c.o
                0x1fffb4c8                OS_CPU_ExceptStkBase
 COMMON         0x1fffb4cc        0x4 .\CortexM3\ARM_GCC_541\Debug\os_prio.o
                0x1fffb4cc                OSPrioTbl
 COMMON         0x1fffb4d0      0x538 .\CortexM3\ARM_GCC_541\Debug\os_var.o
                0x1fffb4d0                OSSchedLockNestingCtr
                0x1fffb4d4                OS_AppTaskReturnHookPtr
                0x1fffb4d8                OSStatTaskTimeMax
                0x1fffb4dc                OSStatTaskCtr
                0x1fffb4e0                OSTaskRegNextAvailID
                0x1fffb4e1                OSRunning
                0x1fffb4e4                OSRdyList
                0x1fffb664                OSPrioHighRdy
                0x1fffb665                OSStatTaskRdy
                0x1fffb668                OSSemDbgListPtr
                0x1fffb66c                OS_AppTaskCreateHookPtr
                0x1fffb670                OSPrioCur
                0x1fffb674                OSTickTaskTCB
                0x1fffb734                OSTmrTickCtr
                0x1fffb738                OSTCBCurPtr
                0x1fffb73c                OSQQty
                0x1fffb73e                OSStatTaskCPUUsageMax
                0x1fffb740                OSPrioSaved
                0x1fffb744                OSTCBHighRdyPtr
                0x1fffb748                OSTaskDbgListPtr
                0x1fffb74c                OSTmrTaskTimeMax
                0x1fffb750                OS_AppTaskDelHookPtr
                0x1fffb754                OS_AppTimeTickHookPtr
                0x1fffb758                OSTaskCtxSwCtr
                0x1fffb75c                OSStatTaskCPUUsage
                0x1fffb75e                OSIntNestingCtr
                0x1fffb760                OSTaskQty
                0x1fffb764                OSTmrTaskTCB
                0x1fffb824                OSMsgPool
                0x1fffb830                OSIdleTaskTCB
                0x1fffb8f0                OSQDbgListPtr
                0x1fffb8f4                OSSemQty
                0x1fffb8f8                OSMemDbgListPtr
                0x1fffb8fc                OSSchedRoundRobinDfltTimeQuanta
                0x1fffb900                OS_AppIdleTaskHookPtr
                0x1fffb904                OSStatTaskCtrMax
                0x1fffb908                OSTickCtr
                0x1fffb90c                OS_AppTaskSwHookPtr
                0x1fffb910                OSTmrQty
                0x1fffb914                OSIdleTaskCtr
                0x1fffb918                OSStatTaskCtrRun
                0x1fffb91c                OS_AppStatTaskHookPtr
                0x1fffb920                OSFlagQty
                0x1fffb924                OSFlagDbgListPtr
                0x1fffb928                OSStatResetFlag
                0x1fffb92a                OSMemQty
                0x1fffb92c                OSMutexQty
                0x1fffb930                OSStatTaskTCB
                0x1fffb9f0                OSTmrDbgListPtr
                0x1fffb9f4                OSTickTaskTimeMax
                0x1fffb9f8                OSTmrUpdateCnt
                0x1fffb9fc                OSSchedRoundRobinEn
                0x1fffba00                OSMutexDbgListPtr
                0x1fffba04                OSTmrUpdateCtr
 COMMON         0x1fffba08     0x1150 .\CortexM3\ARM_GCC_541\Debug\os_cfg_app.o
                0x1fffba08                OSCfg_StatTaskStk
                0x1fffbc08                OSCfg_TickWheel
                0x1fffbc90                OSCfg_MsgPool
                0x1fffc2d0                OSCfg_TmrTaskStk
                0x1fffc4d0                OSCfg_TmrWheel
                0x1fffc558                OSCfg_ISRStk
                0x1fffc758                OSCfg_TickTaskStk
                0x1fffc958                OSCfg_IdleTaskStk
 COMMON         0x1fffcb58       0x80 .\CortexM3\ARM_GCC_541\Debug\esw_uCOS3_cykit.a(UART_1.o)
                0x1fffcb58                UART_1_txBuffer
                0x1fffcb98                UART_1_rxBuffer
 COMMON         0x1fffcbd8        0x1 .\CortexM3\ARM_GCC_541\Debug\esw_uCOS3_cykit.a(I2C_1.o)
                0x1fffcbd8                I2C_1_state
 *fill*         0x1fffcbd9        0x3 
 COMMON         0x1fffcbdc       0x11 .\CortexM3\ARM_GCC_541\Debug\esw_uCOS3_cykit.a(I2C_1_MASTER.o)
                0x1fffcbdc                I2C_1_mstrWrBufIndex
                0x1fffcbdd                I2C_1_mstrControl
                0x1fffcbde                I2C_1_mstrStatus
                0x1fffcbdf                I2C_1_mstrWrBufSize
                0x1fffcbe0                I2C_1_mstrRdBufIndex
                0x1fffcbe4                I2C_1_mstrWrBufPtr
                0x1fffcbe8                I2C_1_mstrRdBufPtr
                0x1fffcbec                I2C_1_mstrRdBufSize
 *fill*         0x1fffcbed        0x3 
 COMMON         0x1fffcbf0        0x4 c:/program files (x86)/cypress/psoc creator/4.4/psoc creator/import/gnu/arm/5.4.1/bin/../lib/gcc/arm-none-eabi/5.4.1/../../../../arm-none-eabi/lib/armv7-m\libg_nano.a(lib_a-reent.o)
                0x1fffcbf0                errno
                0x1fffcbf8                . = ALIGN (0x8)
 *fill*         0x1fffcbf4        0x4 
 *(.ram.b)
                0x1fffcbf8                _end = .
                0x1fffcbf8                __end = .
                0x1fffcbf8                PROVIDE (end, .)
                0x1fffcbf8                PROVIDE (__bss_end__, .)
                0x00006e28                __cy_region_init_ram = LOADADDR (.data)
                0x00000080                __cy_region_init_size_ram = (_edata - ADDR (.data))
                0x00004ab0                __cy_region_zero_size_ram = (_end - _edata)

.heap           0x1fffcbf8       0x80 load address 0x00006ea8
                0x1fffcbf8                . = _end
                0x1fffcc78                . = (. + 0x80)
 *fill*         0x1fffcbf8       0x80 
                0x1fffcc78                __cy_heap_limit = .

.stack          0x20007800      0x800
                0x20007800                __cy_stack_limit = .
                0x20008000                . = (. + 0x800)
 *fill*         0x20007800      0x800 
                0x00000001                ASSERT ((__cy_stack_limit >= __cy_heap_limit), region RAM overflowed with stack)
                0x00000000                cy_checksum_exclude_size = (CY_APPL_LOADABLE == 0x1)?SIZEOF (.cy_checksum_exclude):0x0
                0x00000001                ASSERT ((cy_checksum_exclude_size <= CY_CHECKSUM_EXCLUDE_SIZE), CY_BOOT: Section .cy_checksum_exclude size exceedes specified limit.)

.cyloadermeta
 *(.cyloadermeta)

.cyloadablemeta
 *(.cyloadablemeta)

.cyconfigecc    0x80000000      0x498
 *(.cyconfigecc)
 .cyconfigecc   0x80000000      0x498 .\CortexM3\ARM_GCC_541\Debug\cymetadata.o
                0x80000000                cy_meta_configecc

.cycustnvl      0x90000000        0x4
 *(.cycustnvl)
 .cycustnvl     0x90000000        0x4 .\CortexM3\ARM_GCC_541\Debug\cymetadata.o
                0x90000000                cy_meta_custnvl

.cywolatch      0x90100000        0x4
 *(.cywolatch)
 .cywolatch     0x90100000        0x4 .\CortexM3\ARM_GCC_541\Debug\cymetadata.o
                0x90100000                cy_meta_wonvl

.cyeeprom       0x90200000        0x0
 *(.cyeeprom)
                0x00000001                ASSERT ((. <= ((0x90200000 + ee_offset) + ee_size)), .cyeeprom data will not fit in EEPROM)

.cyflashprotect
                0x90400000      0x100
 *(.cyflashprotect)
 .cyflashprotect
                0x90400000      0x100 .\CortexM3\ARM_GCC_541\Debug\cymetadata.o
                0x90400000                cy_meta_flashprotect

.cymeta         0x90500000        0xc
 *(.cymeta)
 .cymeta        0x90500000        0xc .\CortexM3\ARM_GCC_541\Debug\cymetadata.o
                0x90500000                cy_metadata

.rel.dyn        0x00006ea8        0x0 load address 0x9050000c
 .rel.iplt      0x00006ea8        0x0 c:/program files (x86)/cypress/psoc creator/4.4/psoc creator/import/gnu/arm/5.4.1/bin/../lib/gcc/arm-none-eabi/5.4.1/armv7-m/crtbegin.o

.stab
 *(.stab)

.stabstr
 *(.stabstr)

.debug
 *(.debug)

.line
 *(.line)

.debug_srcinfo
 *(.debug_srcinfo)

.debug_sfnames
 *(.debug_sfnames)

.debug_aranges  0x00000000     0x1a88
 *(.debug_aranges)
 .debug_aranges
                0x00000000       0x28 .\CortexM3\ARM_GCC_541\Debug\app.o
 .debug_aranges
                0x00000028       0x68 .\CortexM3\ARM_GCC_541\Debug\os_app_hooks.o
 .debug_aranges
                0x00000090       0x40 .\CortexM3\ARM_GCC_541\Debug\log_task.o
 .debug_aranges
                0x000000d0       0x38 .\CortexM3\ARM_GCC_541\Debug\bsp_os.o
 .debug_aranges
                0x00000108       0x58 .\CortexM3\ARM_GCC_541\Debug\bsp.o
 .debug_aranges
                0x00000160       0x30 .\CortexM3\ARM_GCC_541\Debug\cpu_bsp.o
 .debug_aranges
                0x00000190       0x30 .\CortexM3\ARM_GCC_541\Debug\bsp_uart.o
 .debug_aranges
                0x000001c0       0x38 .\CortexM3\ARM_GCC_541\Debug\bsp_gpio.o
 .debug_aranges
                0x000001f8       0x70 .\CortexM3\ARM_GCC_541\Debug\bsp_i2c.o
 .debug_aranges
                0x00000268       0x38 .\CortexM3\ARM_GCC_541\Debug\bsp_counter.o
 .debug_aranges
                0x000002a0       0x50 .\CortexM3\ARM_GCC_541\Debug\cpu_c.o
 .debug_aranges
                0x000002f0       0xb0 .\CortexM3\ARM_GCC_541\Debug\cpu_core.o
 .debug_aranges
                0x000003a0       0x38 .\CortexM3\ARM_GCC_541\Debug\lib_math.o
 .debug_aranges
                0x000003d8       0x48 .\CortexM3\ARM_GCC_541\Debug\lib_mem.o
 .debug_aranges
                0x00000420       0xd8 .\CortexM3\ARM_GCC_541\Debug\lib_str.o
 .debug_aranges
                0x000004f8       0x98 .\CortexM3\ARM_GCC_541\Debug\lib_ascii.o
 .debug_aranges
                0x00000590       0x70 .\CortexM3\ARM_GCC_541\Debug\os_cpu_c.o
 .debug_aranges
                0x00000600       0x38 .\CortexM3\ARM_GCC_541\Debug\os_pend_multi.o
 .debug_aranges
                0x00000638       0x38 .\CortexM3\ARM_GCC_541\Debug\os_prio.o
 .debug_aranges
                0x00000670       0x70 .\CortexM3\ARM_GCC_541\Debug\os_q.o
 .debug_aranges
                0x000006e0       0x70 .\CortexM3\ARM_GCC_541\Debug\os_sem.o
 .debug_aranges
                0x00000750       0x38 .\CortexM3\ARM_GCC_541\Debug\os_stat.o
 .debug_aranges
                0x00000788       0xf0 .\CortexM3\ARM_GCC_541\Debug\os_task.o
 .debug_aranges
                0x00000878       0x50 .\CortexM3\ARM_GCC_541\Debug\os_tick.o
 .debug_aranges
                0x000008c8       0x48 .\CortexM3\ARM_GCC_541\Debug\os_time.o
 .debug_aranges
                0x00000910       0x88 .\CortexM3\ARM_GCC_541\Debug\os_tmr.o
 .debug_aranges
                0x00000998       0x18 .\CortexM3\ARM_GCC_541\Debug\os_var.o
 .debug_aranges
                0x000009b0       0x20 .\CortexM3\ARM_GCC_541\Debug\os_cfg_app.o
 .debug_aranges
                0x000009d0      0x140 .\CortexM3\ARM_GCC_541\Debug\os_core.o
 .debug_aranges
                0x00000b10       0x20 .\CortexM3\ARM_GCC_541\Debug\os_dbg.o
 .debug_aranges
                0x00000b30       0x80 .\CortexM3\ARM_GCC_541\Debug\os_flag.o
 .debug_aranges
                0x00000bb0       0x18 .\CortexM3\ARM_GCC_541\Debug\os_int.o
 .debug_aranges
                0x00000bc8       0x40 .\CortexM3\ARM_GCC_541\Debug\os_mem.o
 .debug_aranges
                0x00000c08       0x40 .\CortexM3\ARM_GCC_541\Debug\os_msg.o
 .debug_aranges
                0x00000c48       0x60 .\CortexM3\ARM_GCC_541\Debug\os_mutex.o
 .debug_aranges
                0x00000ca8       0x48 .\CortexM3\ARM_GCC_541\Debug\max30102_interface.o
 .debug_aranges
                0x00000cf0      0x180 .\CortexM3\ARM_GCC_541\Debug\driver_max30102.o
 .debug_aranges
                0x00000e70      0x120 .\CortexM3\ARM_GCC_541\Debug\bme68x.o
 .debug_aranges
                0x00000f90       0x58 .\CortexM3\ARM_GCC_541\Debug\cyfitter_cfg.o
 .debug_aranges
                0x00000fe8       0x18 .\CortexM3\ARM_GCC_541\Debug\cymetadata.o
 .debug_aranges
                0x00001000       0x48 .\CortexM3\ARM_GCC_541\Debug\Cm3Start.o
 .debug_aranges
                0x00001048       0x20 .\CortexM3\ARM_GCC_541\Debug\cpu_a.o
 .debug_aranges
                0x00001068       0x20 .\CortexM3\ARM_GCC_541\Debug\os_cpu_a.o
 .debug_aranges
                0x00001088       0xf0 .\CortexM3\ARM_GCC_541\Debug\esw_uCOS3_cykit.a(UART_1.o)
 .debug_aranges
                0x00001178       0x28 .\CortexM3\ARM_GCC_541\Debug\esw_uCOS3_cykit.a(UART_1_INT.o)
 .debug_aranges
                0x000011a0       0x38 .\CortexM3\ARM_GCC_541\Debug\esw_uCOS3_cykit.a(Pin_1.o)
 .debug_aranges
                0x000011d8       0x70 .\CortexM3\ARM_GCC_541\Debug\esw_uCOS3_cykit.a(UART_1_IntClock.o)
 .debug_aranges
                0x00001248       0xd8 .\CortexM3\ARM_GCC_541\Debug\esw_uCOS3_cykit.a(CyDmac.o)
 .debug_aranges
                0x00001320      0x2a0 .\CortexM3\ARM_GCC_541\Debug\esw_uCOS3_cykit.a(CyLib.o)
 .debug_aranges
                0x000015c0       0x98 .\CortexM3\ARM_GCC_541\Debug\esw_uCOS3_cykit.a(cyPm.o)
 .debug_aranges
                0x00001658       0x38 .\CortexM3\ARM_GCC_541\Debug\esw_uCOS3_cykit.a(Pin_2.o)
 .debug_aranges
                0x00001690       0x38 .\CortexM3\ARM_GCC_541\Debug\esw_uCOS3_cykit.a(push_button.o)
 .debug_aranges
                0x000016c8       0x38 .\CortexM3\ARM_GCC_541\Debug\esw_uCOS3_cykit.a(I2C_1.o)
 .debug_aranges
                0x00001700       0x20 .\CortexM3\ARM_GCC_541\Debug\esw_uCOS3_cykit.a(I2C_1_INT.o)
 .debug_aranges
                0x00001720       0x38 .\CortexM3\ARM_GCC_541\Debug\esw_uCOS3_cykit.a(I2C_1_PM.o)
 .debug_aranges
                0x00001758       0x80 .\CortexM3\ARM_GCC_541\Debug\esw_uCOS3_cykit.a(I2C_1_MASTER.o)
 .debug_aranges
                0x000017d8       0x88 .\CortexM3\ARM_GCC_541\Debug\esw_uCOS3_cykit.a(Timer_1.o)
 .debug_aranges
                0x00001860       0x80 .\CortexM3\ARM_GCC_541\Debug\esw_uCOS3_cykit.a(Timer_ISR.o)
 .debug_aranges
                0x000018e0       0x80 .\CortexM3\ARM_GCC_541\Debug\esw_uCOS3_cykit.a(Counter_1.o)
 .debug_aranges
                0x00001960       0x20 .\CortexM3\ARM_GCC_541\Debug\esw_uCOS3_cykit.a(CyBootAsmGnu.o)
 .debug_aranges
                0x00001980       0x88 .\CortexM3\ARM_GCC_541\Debug\esw_uCOS3_cykit.a(CyFlash.o)
 .debug_aranges
                0x00001a08       0x80 .\CortexM3\ARM_GCC_541\Debug\esw_uCOS3_cykit.a(CySpc.o)

.debug_pubnames
 *(.debug_pubnames)

.debug_info     0x00000000    0x27bfc
 *(.debug_info .gnu.linkonce.wi.*)
 .debug_info    0x00000000      0xe82 .\CortexM3\ARM_GCC_541\Debug\app.o
 .debug_info    0x00000e82      0x894 .\CortexM3\ARM_GCC_541\Debug\os_app_hooks.o
 .debug_info    0x00001716     0x13ab .\CortexM3\ARM_GCC_541\Debug\log_task.o
 .debug_info    0x00002ac1      0xe09 .\CortexM3\ARM_GCC_541\Debug\bsp_os.o
 .debug_info    0x000038ca      0x392 .\CortexM3\ARM_GCC_541\Debug\bsp.o
 .debug_info    0x00003c5c      0x178 .\CortexM3\ARM_GCC_541\Debug\cpu_bsp.o
 .debug_info    0x00003dd4      0x12b .\CortexM3\ARM_GCC_541\Debug\bsp_uart.o
 .debug_info    0x00003eff      0x28c .\CortexM3\ARM_GCC_541\Debug\bsp_gpio.o
 .debug_info    0x0000418b     0x1b01 .\CortexM3\ARM_GCC_541\Debug\bsp_i2c.o
 .debug_info    0x00005c8c      0x1c7 .\CortexM3\ARM_GCC_541\Debug\bsp_counter.o
 .debug_info    0x00005e53      0x5f2 .\CortexM3\ARM_GCC_541\Debug\cpu_c.o
 .debug_info    0x00006445      0x71b .\CortexM3\ARM_GCC_541\Debug\cpu_core.o
 .debug_info    0x00006b60      0x1e9 .\CortexM3\ARM_GCC_541\Debug\lib_math.o
 .debug_info    0x00006d49      0x4df .\CortexM3\ARM_GCC_541\Debug\lib_mem.o
 .debug_info    0x00007228     0x10d7 .\CortexM3\ARM_GCC_541\Debug\lib_str.o
 .debug_info    0x000082ff      0x43b .\CortexM3\ARM_GCC_541\Debug\lib_ascii.o
 .debug_info    0x0000873a      0xa1f .\CortexM3\ARM_GCC_541\Debug\os_cpu_c.o
 .debug_info    0x00009159     0x1032 .\CortexM3\ARM_GCC_541\Debug\os_pend_multi.o
 .debug_info    0x0000a18b      0x1f0 .\CortexM3\ARM_GCC_541\Debug\os_prio.o
 .debug_info    0x0000a37b     0x14dd .\CortexM3\ARM_GCC_541\Debug\os_q.o
 .debug_info    0x0000b858     0x13bd .\CortexM3\ARM_GCC_541\Debug\os_sem.o
 .debug_info    0x0000cc15     0x1219 .\CortexM3\ARM_GCC_541\Debug\os_stat.o
 .debug_info    0x0000de2e     0x20a8 .\CortexM3\ARM_GCC_541\Debug\os_task.o
 .debug_info    0x0000fed6      0xfe0 .\CortexM3\ARM_GCC_541\Debug\os_tick.o
 .debug_info    0x00010eb6     0x10d8 .\CortexM3\ARM_GCC_541\Debug\os_time.o
 .debug_info    0x00011f8e     0x16b7 .\CortexM3\ARM_GCC_541\Debug\os_tmr.o
 .debug_info    0x00013645      0xf4c .\CortexM3\ARM_GCC_541\Debug\os_var.o
 .debug_info    0x00014591      0xbda .\CortexM3\ARM_GCC_541\Debug\os_cfg_app.o
 .debug_info    0x0001516b     0x1f24 .\CortexM3\ARM_GCC_541\Debug\os_core.o
 .debug_info    0x0001708f     0x1379 .\CortexM3\ARM_GCC_541\Debug\os_dbg.o
 .debug_info    0x00018408     0x178f .\CortexM3\ARM_GCC_541\Debug\os_flag.o
 .debug_info    0x00019b97       0x87 .\CortexM3\ARM_GCC_541\Debug\os_int.o
 .debug_info    0x00019c1e      0x89b .\CortexM3\ARM_GCC_541\Debug\os_mem.o
 .debug_info    0x0001a4b9      0x87b .\CortexM3\ARM_GCC_541\Debug\os_msg.o
 .debug_info    0x0001ad34     0x13bd .\CortexM3\ARM_GCC_541\Debug\os_mutex.o
 .debug_info    0x0001c0f1     0x107e .\CortexM3\ARM_GCC_541\Debug\max30102_interface.o
 .debug_info    0x0001d16f     0x2959 .\CortexM3\ARM_GCC_541\Debug\driver_max30102.o
 .debug_info    0x0001fac8     0x20e0 .\CortexM3\ARM_GCC_541\Debug\bme68x.o
 .debug_info    0x00021ba8      0x605 .\CortexM3\ARM_GCC_541\Debug\cyfitter_cfg.o
 .debug_info    0x000221ad      0x136 .\CortexM3\ARM_GCC_541\Debug\cymetadata.o
 .debug_info    0x000222e3      0x3cf .\CortexM3\ARM_GCC_541\Debug\Cm3Start.o
 .debug_info    0x000226b2       0x77 .\CortexM3\ARM_GCC_541\Debug\cpu_a.o
 .debug_info    0x00022729       0x8a .\CortexM3\ARM_GCC_541\Debug\os_cpu_a.o
 .debug_info    0x000227b3      0x7ae .\CortexM3\ARM_GCC_541\Debug\esw_uCOS3_cykit.a(UART_1.o)
 .debug_info    0x00022f61      0x186 .\CortexM3\ARM_GCC_541\Debug\esw_uCOS3_cykit.a(UART_1_INT.o)
 .debug_info    0x000230e7      0x11f .\CortexM3\ARM_GCC_541\Debug\esw_uCOS3_cykit.a(Pin_1.o)
 .debug_info    0x00023206      0x283 .\CortexM3\ARM_GCC_541\Debug\esw_uCOS3_cykit.a(UART_1_IntClock.o)
 .debug_info    0x00023489      0x94e .\CortexM3\ARM_GCC_541\Debug\esw_uCOS3_cykit.a(CyDmac.o)
 .debug_info    0x00023dd7     0x1374 .\CortexM3\ARM_GCC_541\Debug\esw_uCOS3_cykit.a(CyLib.o)
 .debug_info    0x0002514b      0xa2a .\CortexM3\ARM_GCC_541\Debug\esw_uCOS3_cykit.a(cyPm.o)
 .debug_info    0x00025b75      0x11f .\CortexM3\ARM_GCC_541\Debug\esw_uCOS3_cykit.a(Pin_2.o)
 .debug_info    0x00025c94      0x11f .\CortexM3\ARM_GCC_541\Debug\esw_uCOS3_cykit.a(push_button.o)
 .debug_info    0x00025db3      0x2ab .\CortexM3\ARM_GCC_541\Debug\esw_uCOS3_cykit.a(I2C_1.o)
 .debug_info    0x0002605e      0x184 .\CortexM3\ARM_GCC_541\Debug\esw_uCOS3_cykit.a(I2C_1_INT.o)
 .debug_info    0x000261e2      0x207 .\CortexM3\ARM_GCC_541\Debug\esw_uCOS3_cykit.a(I2C_1_PM.o)
 .debug_info    0x000263e9      0x407 .\CortexM3\ARM_GCC_541\Debug\esw_uCOS3_cykit.a(I2C_1_MASTER.o)
 .debug_info    0x000267f0      0x295 .\CortexM3\ARM_GCC_541\Debug\esw_uCOS3_cykit.a(Timer_1.o)
 .debug_info    0x00026a85      0x2d2 .\CortexM3\ARM_GCC_541\Debug\esw_uCOS3_cykit.a(Timer_ISR.o)
 .debug_info    0x00026d57      0x28c .\CortexM3\ARM_GCC_541\Debug\esw_uCOS3_cykit.a(Counter_1.o)
 .debug_info    0x00026fe3       0x7c .\CortexM3\ARM_GCC_541\Debug\esw_uCOS3_cykit.a(CyBootAsmGnu.o)
 .debug_info    0x0002705f      0x64d .\CortexM3\ARM_GCC_541\Debug\esw_uCOS3_cykit.a(CyFlash.o)
 .debug_info    0x000276ac      0x550 .\CortexM3\ARM_GCC_541\Debug\esw_uCOS3_cykit.a(CySpc.o)

.debug_abbrev   0x00000000     0x571d
 *(.debug_abbrev)
 .debug_abbrev  0x00000000      0x1a4 .\CortexM3\ARM_GCC_541\Debug\app.o
 .debug_abbrev  0x000001a4      0x127 .\CortexM3\ARM_GCC_541\Debug\os_app_hooks.o
 .debug_abbrev  0x000002cb      0x251 .\CortexM3\ARM_GCC_541\Debug\log_task.o
 .debug_abbrev  0x0000051c      0x187 .\CortexM3\ARM_GCC_541\Debug\bsp_os.o
 .debug_abbrev  0x000006a3      0x174 .\CortexM3\ARM_GCC_541\Debug\bsp.o
 .debug_abbrev  0x00000817       0xce .\CortexM3\ARM_GCC_541\Debug\cpu_bsp.o
 .debug_abbrev  0x000008e5       0x98 .\CortexM3\ARM_GCC_541\Debug\bsp_uart.o
 .debug_abbrev  0x0000097d       0xe7 .\CortexM3\ARM_GCC_541\Debug\bsp_gpio.o
 .debug_abbrev  0x00000a64      0x2f4 .\CortexM3\ARM_GCC_541\Debug\bsp_i2c.o
 .debug_abbrev  0x00000d58       0xc7 .\CortexM3\ARM_GCC_541\Debug\bsp_counter.o
 .debug_abbrev  0x00000e1f      0x155 .\CortexM3\ARM_GCC_541\Debug\cpu_c.o
 .debug_abbrev  0x00000f74      0x1fa .\CortexM3\ARM_GCC_541\Debug\cpu_core.o
 .debug_abbrev  0x0000116e      0x116 .\CortexM3\ARM_GCC_541\Debug\lib_math.o
 .debug_abbrev  0x00001284      0x12a .\CortexM3\ARM_GCC_541\Debug\lib_mem.o
 .debug_abbrev  0x000013ae      0x19d .\CortexM3\ARM_GCC_541\Debug\lib_str.o
 .debug_abbrev  0x0000154b      0x105 .\CortexM3\ARM_GCC_541\Debug\lib_ascii.o
 .debug_abbrev  0x00001650      0x21d .\CortexM3\ARM_GCC_541\Debug\os_cpu_c.o
 .debug_abbrev  0x0000186d      0x1f0 .\CortexM3\ARM_GCC_541\Debug\os_pend_multi.o
 .debug_abbrev  0x00001a5d       0xf1 .\CortexM3\ARM_GCC_541\Debug\os_prio.o
 .debug_abbrev  0x00001b4e      0x228 .\CortexM3\ARM_GCC_541\Debug\os_q.o
 .debug_abbrev  0x00001d76      0x226 .\CortexM3\ARM_GCC_541\Debug\os_sem.o
 .debug_abbrev  0x00001f9c      0x1f6 .\CortexM3\ARM_GCC_541\Debug\os_stat.o
 .debug_abbrev  0x00002192      0x1f3 .\CortexM3\ARM_GCC_541\Debug\os_task.o
 .debug_abbrev  0x00002385      0x224 .\CortexM3\ARM_GCC_541\Debug\os_tick.o
 .debug_abbrev  0x000025a9      0x1c8 .\CortexM3\ARM_GCC_541\Debug\os_time.o
 .debug_abbrev  0x00002771      0x269 .\CortexM3\ARM_GCC_541\Debug\os_tmr.o
 .debug_abbrev  0x000029da       0xb7 .\CortexM3\ARM_GCC_541\Debug\os_var.o
 .debug_abbrev  0x00002a91       0xdc .\CortexM3\ARM_GCC_541\Debug\os_cfg_app.o
 .debug_abbrev  0x00002b6d      0x265 .\CortexM3\ARM_GCC_541\Debug\os_core.o
 .debug_abbrev  0x00002dd2       0xfa .\CortexM3\ARM_GCC_541\Debug\os_dbg.o
 .debug_abbrev  0x00002ecc      0x226 .\CortexM3\ARM_GCC_541\Debug\os_flag.o
 .debug_abbrev  0x000030f2       0x26 .\CortexM3\ARM_GCC_541\Debug\os_int.o
 .debug_abbrev  0x00003118      0x190 .\CortexM3\ARM_GCC_541\Debug\os_mem.o
 .debug_abbrev  0x000032a8      0x184 .\CortexM3\ARM_GCC_541\Debug\os_msg.o
 .debug_abbrev  0x0000342c      0x219 .\CortexM3\ARM_GCC_541\Debug\os_mutex.o
 .debug_abbrev  0x00003645      0x219 .\CortexM3\ARM_GCC_541\Debug\max30102_interface.o
 .debug_abbrev  0x0000385e      0x20c .\CortexM3\ARM_GCC_541\Debug\driver_max30102.o
 .debug_abbrev  0x00003a6a      0x27c .\CortexM3\ARM_GCC_541\Debug\bme68x.o
 .debug_abbrev  0x00003ce6      0x20d .\CortexM3\ARM_GCC_541\Debug\cyfitter_cfg.o
 .debug_abbrev  0x00003ef3       0x77 .\CortexM3\ARM_GCC_541\Debug\cymetadata.o
 .debug_abbrev  0x00003f6a      0x1e8 .\CortexM3\ARM_GCC_541\Debug\Cm3Start.o
 .debug_abbrev  0x00004152       0x14 .\CortexM3\ARM_GCC_541\Debug\cpu_a.o
 .debug_abbrev  0x00004166       0x14 .\CortexM3\ARM_GCC_541\Debug\os_cpu_a.o
 .debug_abbrev  0x0000417a      0x16f .\CortexM3\ARM_GCC_541\Debug\esw_uCOS3_cykit.a(UART_1.o)
 .debug_abbrev  0x000042e9       0xa2 .\CortexM3\ARM_GCC_541\Debug\esw_uCOS3_cykit.a(UART_1_INT.o)
 .debug_abbrev  0x0000438b       0x90 .\CortexM3\ARM_GCC_541\Debug\esw_uCOS3_cykit.a(Pin_1.o)
 .debug_abbrev  0x0000441b      0x139 .\CortexM3\ARM_GCC_541\Debug\esw_uCOS3_cykit.a(UART_1_IntClock.o)
 .debug_abbrev  0x00004554      0x1b2 .\CortexM3\ARM_GCC_541\Debug\esw_uCOS3_cykit.a(CyDmac.o)
 .debug_abbrev  0x00004706      0x254 .\CortexM3\ARM_GCC_541\Debug\esw_uCOS3_cykit.a(CyLib.o)
 .debug_abbrev  0x0000495a      0x1ab .\CortexM3\ARM_GCC_541\Debug\esw_uCOS3_cykit.a(cyPm.o)
 .debug_abbrev  0x00004b05       0x90 .\CortexM3\ARM_GCC_541\Debug\esw_uCOS3_cykit.a(Pin_2.o)
 .debug_abbrev  0x00004b95       0x90 .\CortexM3\ARM_GCC_541\Debug\esw_uCOS3_cykit.a(push_button.o)
 .debug_abbrev  0x00004c25      0x10a .\CortexM3\ARM_GCC_541\Debug\esw_uCOS3_cykit.a(I2C_1.o)
 .debug_abbrev  0x00004d2f       0xb6 .\CortexM3\ARM_GCC_541\Debug\esw_uCOS3_cykit.a(I2C_1_INT.o)
 .debug_abbrev  0x00004de5       0xfe .\CortexM3\ARM_GCC_541\Debug\esw_uCOS3_cykit.a(I2C_1_PM.o)
 .debug_abbrev  0x00004ee3      0x13c .\CortexM3\ARM_GCC_541\Debug\esw_uCOS3_cykit.a(I2C_1_MASTER.o)
 .debug_abbrev  0x0000501f      0x11a .\CortexM3\ARM_GCC_541\Debug\esw_uCOS3_cykit.a(Timer_1.o)
 .debug_abbrev  0x00005139      0x173 .\CortexM3\ARM_GCC_541\Debug\esw_uCOS3_cykit.a(Timer_ISR.o)
 .debug_abbrev  0x000052ac      0x122 .\CortexM3\ARM_GCC_541\Debug\esw_uCOS3_cykit.a(Counter_1.o)
 .debug_abbrev  0x000053ce       0x14 .\CortexM3\ARM_GCC_541\Debug\esw_uCOS3_cykit.a(CyBootAsmGnu.o)
 .debug_abbrev  0x000053e2      0x1a7 .\CortexM3\ARM_GCC_541\Debug\esw_uCOS3_cykit.a(CyFlash.o)
 .debug_abbrev  0x00005589      0x194 .\CortexM3\ARM_GCC_541\Debug\esw_uCOS3_cykit.a(CySpc.o)

.debug_line     0x00000000     0x82d1
 *(.debug_line)
 .debug_line    0x00000000      0x211 .\CortexM3\ARM_GCC_541\Debug\app.o
 .debug_line    0x00000211      0x147 .\CortexM3\ARM_GCC_541\Debug\os_app_hooks.o
 .debug_line    0x00000358      0x38a .\CortexM3\ARM_GCC_541\Debug\log_task.o
 .debug_line    0x000006e2      0x112 .\CortexM3\ARM_GCC_541\Debug\bsp_os.o
 .debug_line    0x000007f4      0x176 .\CortexM3\ARM_GCC_541\Debug\bsp.o
 .debug_line    0x0000096a       0xaf .\CortexM3\ARM_GCC_541\Debug\cpu_bsp.o
 .debug_line    0x00000a19       0xa4 .\CortexM3\ARM_GCC_541\Debug\bsp_uart.o
 .debug_line    0x00000abd      0x114 .\CortexM3\ARM_GCC_541\Debug\bsp_gpio.o
 .debug_line    0x00000bd1      0x3d4 .\CortexM3\ARM_GCC_541\Debug\bsp_i2c.o
 .debug_line    0x00000fa5      0x195 .\CortexM3\ARM_GCC_541\Debug\bsp_counter.o
 .debug_line    0x0000113a      0x1a8 .\CortexM3\ARM_GCC_541\Debug\cpu_c.o
 .debug_line    0x000012e2      0x260 .\CortexM3\ARM_GCC_541\Debug\cpu_core.o
 .debug_line    0x00001542       0xb9 .\CortexM3\ARM_GCC_541\Debug\lib_math.o
 .debug_line    0x000015fb      0x197 .\CortexM3\ARM_GCC_541\Debug\lib_mem.o
 .debug_line    0x00001792      0x4f8 .\CortexM3\ARM_GCC_541\Debug\lib_str.o
 .debug_line    0x00001c8a      0x20e .\CortexM3\ARM_GCC_541\Debug\lib_ascii.o
 .debug_line    0x00001e98      0x1e6 .\CortexM3\ARM_GCC_541\Debug\os_cpu_c.o
 .debug_line    0x0000207e      0x191 .\CortexM3\ARM_GCC_541\Debug\os_pend_multi.o
 .debug_line    0x0000220f       0xf6 .\CortexM3\ARM_GCC_541\Debug\os_prio.o
 .debug_line    0x00002305      0x264 .\CortexM3\ARM_GCC_541\Debug\os_q.o
 .debug_line    0x00002569      0x25e .\CortexM3\ARM_GCC_541\Debug\os_sem.o
 .debug_line    0x000027c7      0x1a7 .\CortexM3\ARM_GCC_541\Debug\os_stat.o
 .debug_line    0x0000296e      0x53b .\CortexM3\ARM_GCC_541\Debug\os_task.o
 .debug_line    0x00002ea9      0x1f2 .\CortexM3\ARM_GCC_541\Debug\os_tick.o
 .debug_line    0x0000309b      0x198 .\CortexM3\ARM_GCC_541\Debug\os_time.o
 .debug_line    0x00003233      0x317 .\CortexM3\ARM_GCC_541\Debug\os_tmr.o
 .debug_line    0x0000354a       0x7f .\CortexM3\ARM_GCC_541\Debug\os_var.o
 .debug_line    0x000035c9       0xaf .\CortexM3\ARM_GCC_541\Debug\os_cfg_app.o
 .debug_line    0x00003678      0x5c9 .\CortexM3\ARM_GCC_541\Debug\os_core.o
 .debug_line    0x00003c41       0xab .\CortexM3\ARM_GCC_541\Debug\os_dbg.o
 .debug_line    0x00003cec      0x301 .\CortexM3\ARM_GCC_541\Debug\os_flag.o
 .debug_line    0x00003fed       0x1d .\CortexM3\ARM_GCC_541\Debug\os_int.o
 .debug_line    0x0000400a      0x14a .\CortexM3\ARM_GCC_541\Debug\os_mem.o
 .debug_line    0x00004154      0x17a .\CortexM3\ARM_GCC_541\Debug\os_msg.o
 .debug_line    0x000042ce      0x25b .\CortexM3\ARM_GCC_541\Debug\os_mutex.o
 .debug_line    0x00004529      0x39f .\CortexM3\ARM_GCC_541\Debug\max30102_interface.o
 .debug_line    0x000048c8      0x8d1 .\CortexM3\ARM_GCC_541\Debug\driver_max30102.o
 .debug_line    0x00005199      0x7b2 .\CortexM3\ARM_GCC_541\Debug\bme68x.o
 .debug_line    0x0000594b      0x1f8 .\CortexM3\ARM_GCC_541\Debug\cyfitter_cfg.o
 .debug_line    0x00005b43      0x141 .\CortexM3\ARM_GCC_541\Debug\cymetadata.o
 .debug_line    0x00005c84      0x241 .\CortexM3\ARM_GCC_541\Debug\Cm3Start.o
 .debug_line    0x00005ec5       0x70 .\CortexM3\ARM_GCC_541\Debug\cpu_a.o
 .debug_line    0x00005f35       0x9a .\CortexM3\ARM_GCC_541\Debug\os_cpu_a.o
 .debug_line    0x00005fcf      0x33f .\CortexM3\ARM_GCC_541\Debug\esw_uCOS3_cykit.a(UART_1.o)
 .debug_line    0x0000630e       0xa9 .\CortexM3\ARM_GCC_541\Debug\esw_uCOS3_cykit.a(UART_1_INT.o)
 .debug_line    0x000063b7       0x92 .\CortexM3\ARM_GCC_541\Debug\esw_uCOS3_cykit.a(Pin_1.o)
 .debug_line    0x00006449      0x17e .\CortexM3\ARM_GCC_541\Debug\esw_uCOS3_cykit.a(UART_1_IntClock.o)
 .debug_line    0x000065c7      0x2e4 .\CortexM3\ARM_GCC_541\Debug\esw_uCOS3_cykit.a(CyDmac.o)
 .debug_line    0x000068ab      0x816 .\CortexM3\ARM_GCC_541\Debug\esw_uCOS3_cykit.a(CyLib.o)
 .debug_line    0x000070c1      0x367 .\CortexM3\ARM_GCC_541\Debug\esw_uCOS3_cykit.a(cyPm.o)
 .debug_line    0x00007428       0x93 .\CortexM3\ARM_GCC_541\Debug\esw_uCOS3_cykit.a(Pin_2.o)
 .debug_line    0x000074bb       0x98 .\CortexM3\ARM_GCC_541\Debug\esw_uCOS3_cykit.a(push_button.o)
 .debug_line    0x00007553       0xdf .\CortexM3\ARM_GCC_541\Debug\esw_uCOS3_cykit.a(I2C_1.o)
 .debug_line    0x00007632      0x118 .\CortexM3\ARM_GCC_541\Debug\esw_uCOS3_cykit.a(I2C_1_INT.o)
 .debug_line    0x0000774a       0xbf .\CortexM3\ARM_GCC_541\Debug\esw_uCOS3_cykit.a(I2C_1_PM.o)
 .debug_line    0x00007809      0x201 .\CortexM3\ARM_GCC_541\Debug\esw_uCOS3_cykit.a(I2C_1_MASTER.o)
 .debug_line    0x00007a0a      0x155 .\CortexM3\ARM_GCC_541\Debug\esw_uCOS3_cykit.a(Timer_1.o)
 .debug_line    0x00007b5f      0x136 .\CortexM3\ARM_GCC_541\Debug\esw_uCOS3_cykit.a(Timer_ISR.o)
 .debug_line    0x00007c95      0x15c .\CortexM3\ARM_GCC_541\Debug\esw_uCOS3_cykit.a(Counter_1.o)
 .debug_line    0x00007df1       0x66 .\CortexM3\ARM_GCC_541\Debug\esw_uCOS3_cykit.a(CyBootAsmGnu.o)
 .debug_line    0x00007e57      0x21a .\CortexM3\ARM_GCC_541\Debug\esw_uCOS3_cykit.a(CyFlash.o)
 .debug_line    0x00008071      0x260 .\CortexM3\ARM_GCC_541\Debug\esw_uCOS3_cykit.a(CySpc.o)

.debug_frame    0x00000000     0x5080
 *(.debug_frame)
 .debug_frame   0x00000000       0x54 .\CortexM3\ARM_GCC_541\Debug\app.o
 .debug_frame   0x00000054       0xc8 .\CortexM3\ARM_GCC_541\Debug\os_app_hooks.o
 .debug_frame   0x0000011c       0xc0 .\CortexM3\ARM_GCC_541\Debug\log_task.o
 .debug_frame   0x000001dc       0x88 .\CortexM3\ARM_GCC_541\Debug\bsp_os.o
 .debug_frame   0x00000264       0xdc .\CortexM3\ARM_GCC_541\Debug\bsp.o
 .debug_frame   0x00000340       0x4c .\CortexM3\ARM_GCC_541\Debug\cpu_bsp.o