Archive member included to satisfy reference by file (symbol)

.\CortexM3\ARM_GCC_541\Debug\esw_uCOS3_cykit.a(UART_1.o)
                              .\CortexM3\ARM_GCC_541\Debug\bsp_uart.o (UART_1_Start)
.\CortexM3\ARM_GCC_541\Debug\esw_uCOS3_cykit.a(UART_1_INT.o)
                              .\CortexM3\ARM_GCC_541\Debug\esw_uCOS3_cykit.a(UART_1.o) (UART_1_RXISR)
.\CortexM3\ARM_GCC_541\Debug\esw_uCOS3_cykit.a(Pin_1.o)
                              .\CortexM3\ARM_GCC_541\Debug\bsp_gpio.o (Pin_1_Write)
.\CortexM3\ARM_GCC_541\Debug\esw_uCOS3_cykit.a(UART_1_IntClock.o)
                              .\CortexM3\ARM_GCC_541\Debug\esw_uCOS3_cykit.a(UART_1.o) (UART_1_IntClock_Start)
.\CortexM3\ARM_GCC_541\Debug\esw_uCOS3_cykit.a(CyDmac.o)
                              .\CortexM3\ARM_GCC_541\Debug\Cm3Start.o (CyDmacConfigure)
.\CortexM3\ARM_GCC_541\Debug\esw_uCOS3_cykit.a(CyLib.o)
                              .\CortexM3\ARM_GCC_541\Debug\Cm3Start.o (CyHalt)
.\CortexM3\ARM_GCC_541\Debug\esw_uCOS3_cykit.a(cyPm.o)
                              .\CortexM3\ARM_GCC_541\Debug\esw_uCOS3_cykit.a(CyLib.o) (CyPmReadStatus)
.\CortexM3\ARM_GCC_541\Debug\esw_uCOS3_cykit.a(SPIM_1.o)
                              .\CortexM3\ARM_GCC_541\Debug\bsp_spi.o (SPIM_1_Start)
.\CortexM3\ARM_GCC_541\Debug\esw_uCOS3_cykit.a(SPIM_1_INT.o)
                              .\CortexM3\ARM_GCC_541\Debug\esw_uCOS3_cykit.a(SPIM_1.o) (SPIM_1_TX_ISR)
.\CortexM3\ARM_GCC_541\Debug\esw_uCOS3_cykit.a(SPIM_1_IntClock.o)
                              .\CortexM3\ARM_GCC_541\Debug\esw_uCOS3_cykit.a(SPIM_1.o) (SPIM_1_IntClock_Start)
.\CortexM3\ARM_GCC_541\Debug\esw_uCOS3_cykit.a(Pin_2.o)
                              .\CortexM3\ARM_GCC_541\Debug\bsp_gpio.o (Pin_2_Write)
.\CortexM3\ARM_GCC_541\Debug\esw_uCOS3_cykit.a(push_button.o)
                              .\CortexM3\ARM_GCC_541\Debug\bsp_gpio.o (push_button_Write)
.\CortexM3\ARM_GCC_541\Debug\esw_uCOS3_cykit.a(I2C_1.o)
                              .\CortexM3\ARM_GCC_541\Debug\bsp_i2c.o (I2C_1_Start)
.\CortexM3\ARM_GCC_541\Debug\esw_uCOS3_cykit.a(I2C_1_INT.o)
                              .\CortexM3\ARM_GCC_541\Debug\esw_uCOS3_cykit.a(I2C_1.o) (I2C_1_ISR)
.\CortexM3\ARM_GCC_541\Debug\esw_uCOS3_cykit.a(I2C_1_PM.o)
                              .\CortexM3\ARM_GCC_541\Debug\esw_uCOS3_cykit.a(I2C_1.o) (I2C_1_backup)
.\CortexM3\ARM_GCC_541\Debug\esw_uCOS3_cykit.a(I2C_1_MASTER.o)
                              .\CortexM3\ARM_GCC_541\Debug\esw_uCOS3_cykit.a(I2C_1.o) (I2C_1_mstrStatus)
.\CortexM3\ARM_GCC_541\Debug\esw_uCOS3_cykit.a(Timer_1.o)
                              .\CortexM3\ARM_GCC_541\Debug\bsp_i2c.o (Timer_1_Start)
.\CortexM3\ARM_GCC_541\Debug\esw_uCOS3_cykit.a(Timer_ISR.o)
                              .\CortexM3\ARM_GCC_541\Debug\bsp_i2c.o (Timer_ISR_StartEx)
.\CortexM3\ARM_GCC_541\Debug\esw_uCOS3_cykit.a(CyBootAsmGnu.o)
                              .\CortexM3\ARM_GCC_541\Debug\cyfitter_cfg.o (CyDelayCycles)
.\CortexM3\ARM_GCC_541\Debug\esw_uCOS3_cykit.a(CyFlash.o)
                              .\CortexM3\ARM_GCC_541\Debug\esw_uCOS3_cykit.a(cyPm.o) (CyFlash_SetWaitCycles)
.\CortexM3\ARM_GCC_541\Debug\esw_uCOS3_cykit.a(CySpc.o)
                              .\CortexM3\ARM_GCC_541\Debug\esw_uCOS3_cykit.a(CyFlash.o) (CySpcStart)
c:/program files (x86)/cypress/psoc creator/4.4/psoc creator/import/gnu/arm/5.4.1/bin/../lib/gcc/arm-none-eabi/5.4.1/armv7-m\libgcc.a(_arm_addsubdf3.o)
                              .\CortexM3\ARM_GCC_541\Debug\bme280.o (__aeabi_dsub)
c:/program files (x86)/cypress/psoc creator/4.4/psoc creator/import/gnu/arm/5.4.1/bin/../lib/gcc/arm-none-eabi/5.4.1/armv7-m\libgcc.a(_arm_muldivdf3.o)
                              .\CortexM3\ARM_GCC_541\Debug\bme280.o (__aeabi_dmul)
c:/program files (x86)/cypress/psoc creator/4.4/psoc creator/import/gnu/arm/5.4.1/bin/../lib/gcc/arm-none-eabi/5.4.1/armv7-m\libgcc.a(_arm_cmpdf2.o)
                              .\CortexM3\ARM_GCC_541\Debug\bme280.o (__aeabi_dcmplt)
c:/program files (x86)/cypress/psoc creator/4.4/psoc creator/import/gnu/arm/5.4.1/bin/../lib/gcc/arm-none-eabi/5.4.1/armv7-m\libgcc.a(_arm_fixdfsi.o)
                              .\CortexM3\ARM_GCC_541\Debug\bme280.o (__aeabi_d2iz)
c:/program files (x86)/cypress/psoc creator/4.4/psoc creator/import/gnu/arm/5.4.1/bin/../lib/gcc/arm-none-eabi/5.4.1/armv7-m\libgcc.a(_arm_addsubsf3.o)
                              .\CortexM3\ARM_GCC_541\Debug\driver_max30102.o (__aeabi_fadd)
c:/program files (x86)/cypress/psoc creator/4.4/psoc creator/import/gnu/arm/5.4.1/bin/../lib/gcc/arm-none-eabi/5.4.1/armv7-m\libgcc.a(_arm_muldivsf3.o)
                              .\CortexM3\ARM_GCC_541\Debug\driver_max30102.o (__aeabi_fmul)
c:/program files (x86)/cypress/psoc creator/4.4/psoc creator/import/gnu/arm/5.4.1/bin/../lib/gcc/arm-none-eabi/5.4.1/../../../../arm-none-eabi/lib/armv7-m\libg_nano.a(lib_a-errno.o)
                              .\CortexM3\ARM_GCC_541\Debug\Cm3Start.o (__errno)
[...]
Memory Configuration

Name             Origin             Length             Attributes
rom              0x00000000         0x00040000         xr
ram              0x1fff8000         0x00010000         xrw
*default*        0x00000000         0xffffffff

Linker script and memory map

LOAD c:/program files (x86)/cypress/psoc creator/4.4/psoc creator/import/gnu/arm/5.4.1/bin/../lib/gcc/arm-none-eabi/5.4.1/armv7-m/crti.o
LOAD c:/program files (x86)/cypress/psoc creator/4.4/psoc creator/import/gnu/arm/5.4.1/bin/../lib/gcc/arm-none-eabi/5.4.1/armv7-m/crtbegin.o
LOAD c:/program files (x86)/cypress/psoc creator/4.4/psoc creator/import/gnu/arm/5.4.1/bin/../lib/gcc/arm-none-eabi/5.4.1/../../../../arm-none-eabi/lib/armv7-m/crt0.o
START GROUP
LOAD .\CortexM3\ARM_GCC_541\Debug\app.o
LOAD .\CortexM3\ARM_GCC_541\Debug\os_app_hooks.o
LOAD .\CortexM3\ARM_GCC_541\Debug\log_task.o
LOAD .\CortexM3\ARM_GCC_541\Debug\bsp_os.o
LOAD .\CortexM3\ARM_GCC_541\Debug\bsp.o
LOAD .\CortexM3\ARM_GCC_541\Debug\cpu_bsp.o
LOAD .\CortexM3\ARM_GCC_541\Debug\bsp_uart.o
LOAD .\CortexM3\ARM_GCC_541\Debug\bsp_gpio.o
LOAD .\CortexM3\ARM_GCC_541\Debug\bsp_spi.o
LOAD .\CortexM3\ARM_GCC_541\Debug\bsp_i2c.o
LOAD .\CortexM3\ARM_GCC_541\Debug\cpu_c.o
LOAD .\CortexM3\ARM_GCC_541\Debug\cpu_core.o
LOAD .\CortexM3\ARM_GCC_541\Debug\lib_math.o
LOAD .\CortexM3\ARM_GCC_541\Debug\lib_mem.o
LOAD .\CortexM3\ARM_GCC_541\Debug\lib_str.o
LOAD .\CortexM3\ARM_GCC_541\Debug\lib_ascii.o
LOAD .\CortexM3\ARM_GCC_541\Debug\os_cpu_c.o
LOAD .\CortexM3\ARM_GCC_541\Debug\os_pend_multi.o
LOAD .\CortexM3\ARM_GCC_541\Debug\os_prio.o
LOAD .\CortexM3\ARM_GCC_541\Debug\os_q.o
LOAD .\CortexM3\ARM_GCC_541\Debug\os_sem.o
LOAD .\CortexM3\ARM_GCC_541\Debug\os_stat.o
LOAD .\CortexM3\ARM_GCC_541\Debug\os_task.o
LOAD .\CortexM3\ARM_GCC_541\Debug\os_tick.o
LOAD .\CortexM3\ARM_GCC_541\Debug\os_time.o
LOAD .\CortexM3\ARM_GCC_541\Debug\os_tmr.o
LOAD .\CortexM3\ARM_GCC_541\Debug\os_var.o
LOAD .\CortexM3\ARM_GCC_541\Debug\os_cfg_app.o
LOAD .\CortexM3\ARM_GCC_541\Debug\os_core.o
LOAD .\CortexM3\ARM_GCC_541\Debug\os_dbg.o
LOAD .\CortexM3\ARM_GCC_541\Debug\os_flag.o
LOAD .\CortexM3\ARM_GCC_541\Debug\os_int.o
LOAD .\CortexM3\ARM_GCC_541\Debug\os_mem.o
LOAD .\CortexM3\ARM_GCC_541\Debug\os_msg.o
LOAD .\CortexM3\ARM_GCC_541\Debug\os_mutex.o
LOAD .\CortexM3\ARM_GCC_541\Debug\bme280.o
LOAD .\CortexM3\ARM_GCC_541\Debug\bme280_interface.o
LOAD .\CortexM3\ARM_GCC_541\Debug\max30102_interface.o
LOAD .\CortexM3\ARM_GCC_541\Debug\driver_max30102.o
LOAD .\CortexM3\ARM_GCC_541\Debug\cyfitter_cfg.o
LOAD .\CortexM3\ARM_GCC_541\Debug\cymetadata.o
LOAD .\CortexM3\ARM_GCC_541\Debug\Cm3Start.o
LOAD .\CortexM3\ARM_GCC_541\Debug\cpu_a.o
LOAD .\CortexM3\ARM_GCC_541\Debug\os_cpu_a.o
LOAD .\CortexM3\ARM_GCC_541\Debug\esw_uCOS3_cykit.a
LOAD C:\Program Files (x86)\Cypress\PSoC Creator\4.4\PSoC Creator\psoc\content\cycomponentlibrary\CyComponentLibrary.cylib\CortexM3\ARM_GCC_541\Debug\CyComponentLibrary.a
END GROUP
START GROUP
LOAD c:/program files (x86)/cypress/psoc creator/4.4/psoc creator/import/gnu/arm/5.4.1/bin/../lib/gcc/arm-none-eabi/5.4.1/armv7-m\libgcc.a
LOAD c:/program files (x86)/cypress/psoc creator/4.4/psoc creator/import/gnu/arm/5.4.1/bin/../lib/gcc/arm-none-eabi/5.4.1/../../../../arm-none-eabi/lib/armv7-m\libg_nano.a
LOAD c:/program files (x86)/cypress/psoc creator/4.4/psoc creator/import/gnu/arm/5.4.1/bin/../lib/gcc/arm-none-eabi/5.4.1/../../../../arm-none-eabi/lib/armv7-m\libc_nano.a
END GROUP
START GROUP
LOAD c:/program files (x86)/cypress/psoc creator/4.4/psoc creator/import/gnu/arm/5.4.1/bin/../lib/gcc/arm-none-eabi/5.4.1/armv7-m\libgcc.a
LOAD c:/program files (x86)/cypress/psoc creator/4.4/psoc creator/import/gnu/arm/5.4.1/bin/../lib/gcc/arm-none-eabi/5.4.1/../../../../arm-none-eabi/lib/armv7-m\libc_nano.a
END GROUP
LOAD c:/program files (x86)/cypress/psoc creator/4.4/psoc creator/import/gnu/arm/5.4.1/bin/../lib/gcc/arm-none-eabi/5.4.1/armv7-m/crtend.o
LOAD c:/program files (x86)/cypress/psoc creator/4.4/psoc creator/import/gnu/arm/5.4.1/bin/../lib/gcc/arm-none-eabi/5.4.1/armv7-m/crtn.o
START GROUP
LOAD c:/program files (x86)/cypress/psoc creator/4.4/psoc creator/import/gnu/arm/5.4.1/bin/../lib/gcc/arm-none-eabi/5.4.1/armv7-m\libgcc.a
LOAD c:/program files (x86)/cypress/psoc creator/4.4/psoc creator/import/gnu/arm/5.4.1/bin/../lib/gcc/arm-none-eabi/5.4.1/../../../../arm-none-eabi/lib/armv7-m\libc.a
LOAD c:/program files (x86)/cypress/psoc creator/4.4/psoc creator/import/gnu/arm/5.4.1/bin/../lib/gcc/arm-none-eabi/5.4.1/../../../../arm-none-eabi/lib/armv7-m\libnosys.a
END GROUP
                0x00000000                CY_APPL_ORIGIN = 0x0
                0x00000100                CY_FLASH_ROW_SIZE = 0x100
                0x00000020                CY_ECC_ROW_SIZE = 0x20
                0x00000000                CY_EE_IN_BTLDR = 0x0
                0x00000000                CY_APPL_LOADABLE = 0x0
                0x00000800                CY_EE_SIZE = 0x800
                0x00000001                CY_APPL_NUM = 0x1
                0x00000001                CY_APPL_MAX = 0x1
                0x00000040                CY_METADATA_SIZE = 0x40
                0x00000000                CY_APPL_LOADABLE = 0x0
                0x00000000                CY_CHECKSUM_EXCLUDE_SIZE = ALIGN (0x0, CY_FLASH_ROW_SIZE)
                [!provide]                PROVIDE (__cy_heap_start, _end)
                0x00000001                PROVIDE (__cy_region_num, ((__cy_regions_end - __cy_regions) / 0x10))
                0x20008000                PROVIDE (__cy_stack, (ORIGIN (ram) + LENGTH (ram)))
                [!provide]                PROVIDE (__cy_heap_end, (__cy_stack - 0x800))

.cybootloader   0x00000000        0x0
 *(.cybootloader)
                0x00000000                appl1_start = CY_APPL_ORIGIN?CY_APPL_ORIGIN:ALIGN (CY_FLASH_ROW_SIZE)
                0x0001ff00                appl2_start = (appl1_start + ALIGN ((((LENGTH (rom) - appl1_start) - (0x2 * CY_FLASH_ROW_SIZE)) / 0x2), CY_FLASH_ROW_SIZE))
                0x00000000                appl_start = (CY_APPL_NUM == 0x1)?appl1_start:appl2_start
                0x00000000                ecc_offset = ((appl_start / CY_FLASH_ROW_SIZE) * CY_ECC_ROW_SIZE)
                0x00000000                ee_offset = (CY_APPL_LOADABLE && ! (CY_EE_IN_BTLDR))?((CY_EE_SIZE / CY_APPL_MAX) * (CY_APPL_NUM - 0x1)):0x0
                0x00000800                ee_size = (CY_APPL_LOADABLE && ! (CY_EE_IN_BTLDR))?(CY_EE_SIZE / CY_APPL_MAX):CY_EE_SIZE
                [!provide]                PROVIDE (CY_ECC_OFFSET, ecc_offset)

.text           0x00000000     0x5504
 CREATE_OBJECT_SYMBOLS
                0x00000000                PROVIDE (__cy_interrupt_vector, RomVectors)
 *(.romvectors)
 .romvectors    0x00000000       0x10 .\CortexM3\ARM_GCC_541\Debug\Cm3Start.o
                0x00000000                RomVectors
                0x00000001                ASSERT ((. != __cy_interrupt_vector), No interrupt vector)
                0x00000001                ASSERT (CY_APPL_ORIGIN?(SIZEOF (.cybootloader) <= CY_APPL_ORIGIN):0x1, Wrong image location)
                0x00000010                PROVIDE (__cy_reset, Reset)
 *(.text.Reset)
 .text.Reset    0x00000010       0x18 .\CortexM3\ARM_GCC_541\Debug\Cm3Start.o
                0x00000010                Reset
                0x00000001                ASSERT ((. != __cy_reset), No reset code)
 *(.dma_init)
                0x00000001                ASSERT ((((appl_start + .) <= 0x10000) || 0x1), DMA Init must be within the first 64k of flash)
 *(.text .text.* .gnu.linkonce.t.*)
 .text          0x00000028       0x5c c:/program files (x86)/cypress/psoc creator/4.4/psoc creator/import/gnu/arm/5.4.1/bin/../lib/gcc/arm-none-eabi/5.4.1/armv7-m/crtbegin.o
 .text.App_TaskStart
                0x00000084       0x60 .\CortexM3\ARM_GCC_541\Debug\app.o
 .text.main     0x000000e4       0x60 .\CortexM3\ARM_GCC_541\Debug\app.o
                0x000000e4                main
 .text.Log_LevelToString
                0x00000144       0x3c .\CortexM3\ARM_GCC_541\Debug\log_task.o
 .text.Log_PrintErrorWithCode
                0x00000180       0x2c .\CortexM3\ARM_GCC_541\Debug\log_task.o
 .text.Log_Task
                0x000001ac      0x104 .\CortexM3\ARM_GCC_541\Debug\log_task.o
 .text.Log_Init
                0x000002b0       0x8c .\CortexM3\ARM_GCC_541\Debug\log_task.o
                0x000002b0                Log_Init
 .text.Log_Write
                0x0000033c       0xb0 .\CortexM3\ARM_GCC_541\Debug\log_task.o
                0x0000033c                Log_Write
 .text.BSP_PreInit
                0x000003ec       0x20 .\CortexM3\ARM_GCC_541\Debug\bsp.o
                0x000003ec                BSP_PreInit
 .text.BSP_PostInit
                0x0000040c        0xc .\CortexM3\ARM_GCC_541\Debug\bsp.o
                0x0000040c                BSP_PostInit
 .text.BSP_CPU_ClkFreq
                0x00000418        0x8 .\CortexM3\ARM_GCC_541\Debug\bsp.o
                0x00000418                BSP_CPU_ClkFreq
 .text.BSP_CPU_TickInit
                0x00000420       0x18 .\CortexM3\ARM_GCC_541\Debug\bsp.o
                0x00000420                BSP_CPU_TickInit
 .text.CPU_TS_TmrInit
                0x00000438       0x28 .\CortexM3\ARM_GCC_541\Debug\cpu_bsp.o
                0x00000438                CPU_TS_TmrInit
 .text.CPU_TS_TmrRd
                0x00000460        0xc .\CortexM3\ARM_GCC_541\Debug\cpu_bsp.o
                0x00000460                CPU_TS_TmrRd
 .text.init_uart
                0x0000046c        0x8 .\CortexM3\ARM_GCC_541\Debug\bsp_uart.o
                0x0000046c                init_uart
 .text.init_gpio
                0x00000474       0x1c .\CortexM3\ARM_GCC_541\Debug\bsp_gpio.o
                0x00000474                init_gpio
 .text.Timer_ISR
                0x00000490       0x10 .\CortexM3\ARM_GCC_541\Debug\bsp_i2c.o
                0x00000490                Timer_ISR
 .text.I2C_Init
                0x000004a0       0x84 .\CortexM3\ARM_GCC_541\Debug\bsp_i2c.o
                0x000004a0                I2C_Init
 .text.averageDCEstimator
                0x00000524       0x14 .\CortexM3\ARM_GCC_541\Debug\bsp_i2c.o
                0x00000524                averageDCEstimator
 .text.mul16    0x00000538        0x8 .\CortexM3\ARM_GCC_541\Debug\bsp_i2c.o
                0x00000538                mul16
 .text.lowPassFIRFilter
                0x00000540       0x68 .\CortexM3\ARM_GCC_541\Debug\bsp_i2c.o
                0x00000540                lowPassFIRFilter
 .text.I2C_Task
                0x000005a8      0x194 .\CortexM3\ARM_GCC_541\Debug\bsp_i2c.o
 .text.bsp_i2c_read
                0x0000073c       0x68 .\CortexM3\ARM_GCC_541\Debug\bsp_i2c.o
                0x0000073c                bsp_i2c_read
 .text.bsp_i2c_write
                0x000007a4       0x44 .\CortexM3\ARM_GCC_541\Debug\bsp_i2c.o
                0x000007a4                bsp_i2c_write
 .text.CPU_TS_Init
                0x000007e8       0x14 .\CortexM3\ARM_GCC_541\Debug\cpu_core.o
 .text.CPU_NameClr
                0x000007fc       0x1c .\CortexM3\ARM_GCC_541\Debug\cpu_core.o
                0x000007fc                CPU_NameClr
 .text.CPU_NameInit
                0x00000818        0x8 .\CortexM3\ARM_GCC_541\Debug\cpu_core.o
 .text.CPU_Init
                0x00000820        0xc .\CortexM3\ARM_GCC_541\Debug\cpu_core.o
                0x00000820                CPU_Init
 .text.CPU_TS_TmrFreqSet
                0x0000082c        0xc .\CortexM3\ARM_GCC_541\Debug\cpu_core.o
                0x0000082c                CPU_TS_TmrFreqSet
 .text.Mem_Set  0x00000838       0x44 .\CortexM3\ARM_GCC_541\Debug\lib_mem.o
                0x00000838                Mem_Set
 .text.Mem_Clr  0x0000087c        0xc .\CortexM3\ARM_GCC_541\Debug\lib_mem.o
                0x0000087c                Mem_Clr
 .text.OSIdleTaskHook
                0x00000888       0x10 .\CortexM3\ARM_GCC_541\Debug\os_cpu_c.o
                0x00000888                OSIdleTaskHook
 .text.OSInitHook
                0x00000898       0x3c .\CortexM3\ARM_GCC_541\Debug\os_cpu_c.o
                0x00000898                OSInitHook
 .text.OSStatTaskHook
                0x000008d4       0x10 .\CortexM3\ARM_GCC_541\Debug\os_cpu_c.o
                0x000008d4                OSStatTaskHook
 .text.OSTaskCreateHook
                0x000008e4       0x10 .\CortexM3\ARM_GCC_541\Debug\os_cpu_c.o
                0x000008e4                OSTaskCreateHook
 .text.OSTaskDelHook
                0x000008f4       0x10 .\CortexM3\ARM_GCC_541\Debug\os_cpu_c.o
                0x000008f4                OSTaskDelHook
 .text.OSTaskReturnHook
                0x00000904       0x10 .\CortexM3\ARM_GCC_541\Debug\os_cpu_c.o
                0x00000904                OSTaskReturnHook
 .text.OSTaskStkInit
                0x00000914       0x88 .\CortexM3\ARM_GCC_541\Debug\os_cpu_c.o
                0x00000914                OSTaskStkInit
 .text.OSTaskSwHook
                0x0000099c       0x40 .\CortexM3\ARM_GCC_541\Debug\os_cpu_c.o
                0x0000099c                OSTaskSwHook
 .text.OSTimeTickHook
                0x000009dc       0x10 .\CortexM3\ARM_GCC_541\Debug\os_cpu_c.o
                0x000009dc                OSTimeTickHook
 .text.OS_CPU_SysTickHandler
                0x000009ec       0x20 .\CortexM3\ARM_GCC_541\Debug\os_cpu_c.o
                0x000009ec                OS_CPU_SysTickHandler
 .text.OS_CPU_SysTickInit
                0x00000a0c       0x30 .\CortexM3\ARM_GCC_541\Debug\os_cpu_c.o
                0x00000a0c                OS_CPU_SysTickInit
 .text.OS_PrioInit
                0x00000a3c       0x18 .\CortexM3\ARM_GCC_541\Debug\os_prio.o
                0x00000a3c                OS_PrioInit
 .text.OS_PrioGetHighest
                0x00000a54       0x24 .\CortexM3\ARM_GCC_541\Debug\os_prio.o
                0x00000a54                OS_PrioGetHighest
 .text.OS_PrioInsert
                0x00000a78       0x24 .\CortexM3\ARM_GCC_541\Debug\os_prio.o
                0x00000a78                OS_PrioInsert
 .text.OS_PrioRemove
                0x00000a9c       0x24 .\CortexM3\ARM_GCC_541\Debug\os_prio.o
                0x00000a9c                OS_PrioRemove
 .text.OSQPend  0x00000ac0      0x164 .\CortexM3\ARM_GCC_541\Debug\os_q.o
                0x00000ac0                OSQPend
 .text.OS_QDbgListAdd
                0x00000c24       0x24 .\CortexM3\ARM_GCC_541\Debug\os_q.o
                0x00000c24                OS_QDbgListAdd
 .text.OSQCreate
                0x00000c48       0x7c .\CortexM3\ARM_GCC_541\Debug\os_q.o
                0x00000c48                OSQCreate
 .text.OS_QInit
                0x00000cc4       0x18 .\CortexM3\ARM_GCC_541\Debug\os_q.o
                0x00000cc4                OS_QInit
 .text.OS_QPost
                0x00000cdc       0x84 .\CortexM3\ARM_GCC_541\Debug\os_q.o
                0x00000cdc                OS_QPost
 .text.OSQPost  0x00000d60       0x74 .\CortexM3\ARM_GCC_541\Debug\os_q.o
                0x00000d60                OSQPost
 .text.OSSemPend
                0x00000dd4      0x128 .\CortexM3\ARM_GCC_541\Debug\os_sem.o
                0x00000dd4                OSSemPend
 .text.OS_SemDbgListAdd
                0x00000efc       0x24 .\CortexM3\ARM_GCC_541\Debug\os_sem.o
                0x00000efc                OS_SemDbgListAdd
 .text.OSSemCreate
                0x00000f20       0x68 .\CortexM3\ARM_GCC_541\Debug\os_sem.o
                0x00000f20                OSSemCreate
 .text.OS_SemInit
                0x00000f88       0x18 .\CortexM3\ARM_GCC_541\Debug\os_sem.o
                0x00000f88                OS_SemInit
 .text.OS_SemPost
                0x00000fa0       0x88 .\CortexM3\ARM_GCC_541\Debug\os_sem.o
                0x00000fa0                OS_SemPost
 .text.OSSemPost
                0x00001028       0x48 .\CortexM3\ARM_GCC_541\Debug\os_sem.o
                0x00001028                OSSemPost
 .text.OSStatReset
                0x00001070       0xb8 .\CortexM3\ARM_GCC_541\Debug\os_stat.o
                0x00001070                OSStatReset
 .text.OS_StatTask
                0x00001128      0x230 .\CortexM3\ARM_GCC_541\Debug\os_stat.o
                0x00001128                OS_StatTask
 .text.OS_StatTaskInit
                0x00001358       0xa8 .\CortexM3\ARM_GCC_541\Debug\os_stat.o
                0x00001358                OS_StatTaskInit
 .text.OSTaskSemPend
                0x00001400      0x130 .\CortexM3\ARM_GCC_541\Debug\os_task.o
                0x00001400                OSTaskSemPend
 .text.OSTaskStkChk
                0x00001530       0x90 .\CortexM3\ARM_GCC_541\Debug\os_task.o
                0x00001530                OSTaskStkChk
 .text.OS_TaskDbgListAdd
                0x000015c0       0x24 .\CortexM3\ARM_GCC_541\Debug\os_task.o
                0x000015c0                OS_TaskDbgListAdd
 .text.OS_TaskDbgListRemove
                0x000015e4       0x44 .\CortexM3\ARM_GCC_541\Debug\os_task.o
                0x000015e4                OS_TaskDbgListRemove
 .text.OS_TaskInit
                0x00001628       0x20 .\CortexM3\ARM_GCC_541\Debug\os_task.o
                0x00001628                OS_TaskInit
 .text.OS_TaskInitTCB
                0x00001648       0xcc .\CortexM3\ARM_GCC_541\Debug\os_task.o
                0x00001648                OS_TaskInitTCB
 .text.OSTaskCreate
                0x00001714      0x1a8 .\CortexM3\ARM_GCC_541\Debug\os_task.o
                0x00001714                OSTaskCreate
 .text.OSTaskDel
                0x000018bc       0xcc .\CortexM3\ARM_GCC_541\Debug\os_task.o
                0x000018bc                OSTaskDel
 .text.OS_TaskReturn
                0x00001988       0x20 .\CortexM3\ARM_GCC_541\Debug\os_task.o
                0x00001988                OS_TaskReturn
 .text.OS_TaskSemPost
                0x000019a8       0xc0 .\CortexM3\ARM_GCC_541\Debug\os_task.o
                0x000019a8                OS_TaskSemPost
 .text.OSTaskSemPost
                0x00001a68       0x2c .\CortexM3\ARM_GCC_541\Debug\os_task.o
                0x00001a68                OSTaskSemPost
 .text.OS_TickListInit
                0x00001a94       0x2c .\CortexM3\ARM_GCC_541\Debug\os_tick.o
                0x00001a94                OS_TickListInit
 .text.OS_TickTaskInit
                0x00001ac0       0x98 .\CortexM3\ARM_GCC_541\Debug\os_tick.o
                0x00001ac0                OS_TickTaskInit
 .text.OS_TickListInsert
                0x00001b58      0x120 .\CortexM3\ARM_GCC_541\Debug\os_tick.o
                0x00001b58                OS_TickListInsert
 .text.OS_TickListRemove
                0x00001c78       0x38 .\CortexM3\ARM_GCC_541\Debug\os_tick.o
                0x00001c78                OS_TickListRemove
 .text.OS_TickListResetPeak
                0x00001cb0       0x24 .\CortexM3\ARM_GCC_541\Debug\os_tick.o
                0x00001cb0                OS_TickListResetPeak
 .text.OS_TickListUpdate
                0x00001cd4      0x144 .\CortexM3\ARM_GCC_541\Debug\os_tick.o
                0x00001cd4                OS_TickListUpdate
 .text.OS_TickTask
                0x00001e18       0x2c .\CortexM3\ARM_GCC_541\Debug\os_tick.o
                0x00001e18                OS_TickTask
 .text.OSTimeDly
                0x00001e44       0x94 .\CortexM3\ARM_GCC_541\Debug\os_time.o
                0x00001e44                OSTimeDly
 .text.OSTimeDlyHMSM
                0x00001ed8      0x164 .\CortexM3\ARM_GCC_541\Debug\os_time.o
                0x00001ed8                OSTimeDlyHMSM
 .text.OSTimeTick
                0x0000203c       0x64 .\CortexM3\ARM_GCC_541\Debug\os_time.o
                0x0000203c                OSTimeTick
 .text.OS_TmrInit
                0x000020a0      0x100 .\CortexM3\ARM_GCC_541\Debug\os_tmr.o
                0x000020a0                OS_TmrInit
 .text.OS_TmrLink
                0x000021a0       0xe8 .\CortexM3\ARM_GCC_541\Debug\os_tmr.o
                0x000021a0                OS_TmrLink
 .text.OS_TmrResetPeak
                0x00002288       0x24 .\CortexM3\ARM_GCC_541\Debug\os_tmr.o
                0x00002288                OS_TmrResetPeak
 .text.OS_TmrUnlink
                0x000022ac       0x58 .\CortexM3\ARM_GCC_541\Debug\os_tmr.o
                0x000022ac                OS_TmrUnlink
 .text.OS_TmrTask
                0x00002304       0xb0 .\CortexM3\ARM_GCC_541\Debug\os_tmr.o
                0x00002304                OS_TmrTask
 .text.OSCfg_Init
                0x000023b4        0x4 .\CortexM3\ARM_GCC_541\Debug\os_cfg_app.o
                0x000023b4                OSCfg_Init
 .text.OS_IdleTask
                0x000023b8       0x28 .\CortexM3\ARM_GCC_541\Debug\os_core.o
                0x000023b8                OS_IdleTask
 .text.OSIntExit
                0x000023e0       0xa8 .\CortexM3\ARM_GCC_541\Debug\os_core.o
                0x000023e0                OSIntExit
 .text.OSSched  0x00002488       0x80 .\CortexM3\ARM_GCC_541\Debug\os_core.o
                0x00002488                OSSched
 .text.OSSchedLock
                0x00002508       0x54 .\CortexM3\ARM_GCC_541\Debug\os_core.o
                0x00002508                OSSchedLock
 .text.OSSchedUnlock
                0x0000255c       0x68 .\CortexM3\ARM_GCC_541\Debug\os_core.o
                0x0000255c                OSSchedUnlock
 .text.OSStart  0x000025c4       0x5c .\CortexM3\ARM_GCC_541\Debug\os_core.o
                0x000025c4                OSStart
 .text.OS_IdleTaskInit
                0x00002620       0x58 .\CortexM3\ARM_GCC_541\Debug\os_core.o
                0x00002620                OS_IdleTaskInit
 .text.OS_PendDataInit
                0x00002678       0x28 .\CortexM3\ARM_GCC_541\Debug\os_core.o
                0x00002678                OS_PendDataInit
 .text.OS_PendDbgNameAdd
                0x000026a0       0x44 .\CortexM3\ARM_GCC_541\Debug\os_core.o
                0x000026a0                OS_PendDbgNameAdd
 .text.OS_PendDbgNameRemove
                0x000026e4       0x1c .\CortexM3\ARM_GCC_541\Debug\os_core.o
                0x000026e4                OS_PendDbgNameRemove
 .text.OS_PendListInit
                0x00002700        0xc .\CortexM3\ARM_GCC_541\Debug\os_core.o
                0x00002700                OS_PendListInit
 .text.OS_PendListInsertPrio
                0x0000270c       0x5c .\CortexM3\ARM_GCC_541\Debug\os_core.o
                0x0000270c                OS_PendListInsertPrio
 .text.OS_PendListRemove1
                0x00002768       0x38 .\CortexM3\ARM_GCC_541\Debug\os_core.o
                0x00002768                OS_PendListRemove1
 .text.OS_PendListRemove
                0x000027a0       0x28 .\CortexM3\ARM_GCC_541\Debug\os_core.o
                0x000027a0                OS_PendListRemove
 .text.OS_Post1
                0x000027c8       0x28 .\CortexM3\ARM_GCC_541\Debug\os_core.o
                0x000027c8                OS_Post1
 .text.OS_RdyListInit
                0x000027f0       0x28 .\CortexM3\ARM_GCC_541\Debug\os_core.o
                0x000027f0                OS_RdyListInit
 .text.OSInit   0x00002818      0x154 .\CortexM3\ARM_GCC_541\Debug\os_core.o
                0x00002818                OSInit
 .text.OS_RdyListInsertHead
                0x0000296c       0x54 .\CortexM3\ARM_GCC_541\Debug\os_core.o
                0x0000296c                OS_RdyListInsertHead
 .text.OS_RdyListInsertTail
                0x000029c0       0x54 .\CortexM3\ARM_GCC_541\Debug\os_core.o
                0x000029c0                OS_RdyListInsertTail
 .text.OS_RdyListInsert
                0x00002a14       0x2c .\CortexM3\ARM_GCC_541\Debug\os_core.o
                0x00002a14                OS_RdyListInsert
 .text.OS_RdyListMoveHeadToTail
                0x00002a40       0x38 .\CortexM3\ARM_GCC_541\Debug\os_core.o
                0x00002a40                OS_RdyListMoveHeadToTail
 .text.OS_RdyListRemove
                0x00002a78       0x78 .\CortexM3\ARM_GCC_541\Debug\os_core.o
                0x00002a78                OS_RdyListRemove
 .text.OS_SchedRoundRobin
                0x00002af0       0x88 .\CortexM3\ARM_GCC_541\Debug\os_core.o
                0x00002af0                OS_SchedRoundRobin
 .text.OS_TaskBlock
                0x00002b78       0x3c .\CortexM3\ARM_GCC_541\Debug\os_core.o
                0x00002b78                OS_TaskBlock
 .text.OS_Pend  0x00002bb4       0x54 .\CortexM3\ARM_GCC_541\Debug\os_core.o
                0x00002bb4                OS_Pend
 .text.OS_TaskRdy
                0x00002c08       0x1c .\CortexM3\ARM_GCC_541\Debug\os_core.o
                0x00002c08                OS_TaskRdy
 .text.OS_Post  0x00002c24       0xac .\CortexM3\ARM_GCC_541\Debug\os_core.o
                0x00002c24                OS_Post
 .text.OS_Dbg_Init
                0x00002cd0        0x4 .\CortexM3\ARM_GCC_541\Debug\os_dbg.o
                0x00002cd0                OS_Dbg_Init
 .text.OS_FlagInit
                0x00002cd4       0x18 .\CortexM3\ARM_GCC_541\Debug\os_flag.o
                0x00002cd4                OS_FlagInit
 .text.OSMemGet
                0x00002cec       0x3c .\CortexM3\ARM_GCC_541\Debug\os_mem.o
                0x00002cec                OSMemGet
 .text.OSMemPut
                0x00002d28       0x4c .\CortexM3\ARM_GCC_541\Debug\os_mem.o
                0x00002d28                OSMemPut
 .text.OS_MemDbgListAdd
                0x00002d74       0x1c .\CortexM3\ARM_GCC_541\Debug\os_mem.o
                0x00002d74                OS_MemDbgListAdd
 .text.OSMemCreate
                0x00002d90       0xe0 .\CortexM3\ARM_GCC_541\Debug\os_mem.o
                0x00002d90                OSMemCreate
 .text.OS_MemInit
                0x00002e70       0x18 .\CortexM3\ARM_GCC_541\Debug\os_mem.o
                0x00002e70                OS_MemInit
 .text.OS_MsgPoolInit
                0x00002e88       0x68 .\CortexM3\ARM_GCC_541\Debug\os_msg.o
                0x00002e88                OS_MsgPoolInit
 .text.OS_MsgQFreeAll
                0x00002ef0       0x34 .\CortexM3\ARM_GCC_541\Debug\os_msg.o
                0x00002ef0                OS_MsgQFreeAll
 .text.OS_MsgQInit
                0x00002f24       0x10 .\CortexM3\ARM_GCC_541\Debug\os_msg.o
                0x00002f24                OS_MsgQInit
 .text.OS_MsgQGet
                0x00002f34       0x5c .\CortexM3\ARM_GCC_541\Debug\os_msg.o
                0x00002f34                OS_MsgQGet
 .text.OS_MsgQPut
                0x00002f90       0x94 .\CortexM3\ARM_GCC_541\Debug\os_msg.o
                0x00002f90                OS_MsgQPut
 .text.OS_MutexInit
                0x00003024       0x18 .\CortexM3\ARM_GCC_541\Debug\os_mutex.o
                0x00003024                OS_MutexInit
 .text.bsp_delay_ms
                0x0000303c       0x6c .\CortexM3\ARM_GCC_541\Debug\max30102_interface.o
                0x0000303c                bsp_delay_ms
 .text.bsp_i2c_deinit
                0x000030a8       0x14 .\CortexM3\ARM_GCC_541\Debug\max30102_interface.o
 .text.bsp_i2c_init
                0x000030bc       0x14 .\CortexM3\ARM_GCC_541\Debug\max30102_interface.o
 .text.bsp_debug_print
                0x000030d0       0x28 .\CortexM3\ARM_GCC_541\Debug\max30102_interface.o
                0x000030d0                bsp_debug_print
 .text.max30102_receive_callback
                0x000030f8       0x40 .\CortexM3\ARM_GCC_541\Debug\max30102_interface.o
                0x000030f8                max30102_receive_callback
 .text.max30102_sensor_init
                0x00003138      0x1f8 .\CortexM3\ARM_GCC_541\Debug\max30102_interface.o
                0x00003138                max30102_sensor_init
 .text.max30102_init
                0x00003330      0x2b0 .\CortexM3\ARM_GCC_541\Debug\driver_max30102.o
                0x00003330                max30102_init
 .text.max30102_read
                0x000035e0      0x1f8 .\CortexM3\ARM_GCC_541\Debug\driver_max30102.o
                0x000035e0                max30102_read
 .text.max30102_set_interrupt
                0x000037d8       0xcc .\CortexM3\ARM_GCC_541\Debug\driver_max30102.o
                0x000037d8                max30102_set_interrupt
 .text.max30102_get_interrupt
                0x000038a4       0x84 .\CortexM3\ARM_GCC_541\Debug\driver_max30102.o
                0x000038a4                max30102_get_interrupt
 .text.max30102_set_fifo_sample_averaging
                0x00003928       0x68 .\CortexM3\ARM_GCC_541\Debug\driver_max30102.o
                0x00003928                max30102_set_fifo_sample_averaging
 .text.max30102_set_fifo_roll
                0x00003990       0x68 .\CortexM3\ARM_GCC_541\Debug\driver_max30102.o
                0x00003990                max30102_set_fifo_roll
 .text.max30102_set_mode
                0x000039f8       0x64 .\CortexM3\ARM_GCC_541\Debug\driver_max30102.o
                0x000039f8                max30102_set_mode
 .text.max30102_set_spo2_adc_range
                0x00003a5c       0x68 .\CortexM3\ARM_GCC_541\Debug\driver_max30102.o
                0x00003a5c                max30102_set_spo2_adc_range
 .text.max30102_set_spo2_sample_rate
                0x00003ac4       0x68 .\CortexM3\ARM_GCC_541\Debug\driver_max30102.o
                0x00003ac4                max30102_set_spo2_sample_rate
 .text.max30102_set_adc_resolution
                0x00003b2c       0x64 .\CortexM3\ARM_GCC_541\Debug\driver_max30102.o
                0x00003b2c                max30102_set_adc_resolution
 .text.max30102_set_led_red_pulse_amplitude
                0x00003b90       0x40 .\CortexM3\ARM_GCC_541\Debug\driver_max30102.o
                0x00003b90                max30102_set_led_red_pulse_amplitude
 .text.max30102_set_led_ir_pulse_amplitude
                0x00003bd0       0x40 .\CortexM3\ARM_GCC_541\Debug\driver_max30102.o
                0x00003bd0                max30102_set_led_ir_pulse_amplitude
 .text.max30102_set_slot
                0x00003c10      0x150 .\CortexM3\ARM_GCC_541\Debug\driver_max30102.o
                0x00003c10                max30102_set_slot
 .text.CyClockStartupError
                0x00003d60        0x4 .\CortexM3\ARM_GCC_541\Debug\cyfitter_cfg.o
 .text.cfg_write_bytes32
                0x00003d64       0x34 .\CortexM3\ARM_GCC_541\Debug\cyfitter_cfg.o
 .text.AnalogSetDefault
                0x00003d98       0x28 .\CortexM3\ARM_GCC_541\Debug\cyfitter_cfg.o
 .text.CYMEMZERO
                0x00003dc0        0xc .\CortexM3\ARM_GCC_541\Debug\cyfitter_cfg.o
 .text.ClockSetup
                0x00003dcc       0xc4 .\CortexM3\ARM_GCC_541\Debug\cyfitter_cfg.o
 .text.CYCONFIGCPY
                0x00003e90        0x8 .\CortexM3\ARM_GCC_541\Debug\cyfitter_cfg.o
 .text.cyfitter_cfg
                0x00003e98      0x13c .\CortexM3\ARM_GCC_541\Debug\cyfitter_cfg.o
                0x00003e98                cyfitter_cfg
 .text.IntDefaultHandler
                0x00003fd4       0x10 .\CortexM3\ARM_GCC_541\Debug\Cm3Start.o
                0x00003fd4                IntDefaultHandler
 .text._sbrk    0x00003fe4       0x30 .\CortexM3\ARM_GCC_541\Debug\Cm3Start.o
                0x00003fe4                _sbrk
 .text.Start_c  0x00004014       0x4c .\CortexM3\ARM_GCC_541\Debug\Cm3Start.o
                0x00004014                Start_c
 .text.initialize_psoc
                0x00004060       0x6c .\CortexM3\ARM_GCC_541\Debug\Cm3Start.o
                0x00004060                initialize_psoc
 .text          0x000040cc       0x34 .\CortexM3\ARM_GCC_541\Debug\cpu_a.o
                0x000040cc                CPU_IntDis
                0x000040d0                CPU_IntEn
                0x000040d4                CPU_SR_Save
                0x000040dc                CPU_SR_Restore
                0x000040e2                CPU_WaitForInt
                0x000040e6                CPU_WaitForExcept
                0x000040ea                CPU_CntLeadZeros
                0x000040f0                CPU_CntTrailZeros
                0x000040fa                CPU_RevBits
 .text          0x00004100       0x84 .\CortexM3\ARM_GCC_541\Debug\os_cpu_a.o
                0x00004100                OSStartHighRdy
                0x00004120                OS_CPU_PendSVHandler
 .text.UART_1_Init
                0x00004184       0x60 .\CortexM3\ARM_GCC_541\Debug\esw_uCOS3_cykit.a(UART_1.o)
                0x00004184                UART_1_Init
 .text.UART_1_Enable
                0x000041e4       0x50 .\CortexM3\ARM_GCC_541\Debug\esw_uCOS3_cykit.a(UART_1.o)
                0x000041e4                UART_1_Enable
 .text.UART_1_Start
                0x00004234       0x1c .\CortexM3\ARM_GCC_541\Debug\esw_uCOS3_cykit.a(UART_1.o)
                0x00004234                UART_1_Start
 .text.UART_1_PutChar
                0x00004250       0x70 .\CortexM3\ARM_GCC_541\Debug\esw_uCOS3_cykit.a(UART_1.o)
                0x00004250                UART_1_PutChar
 .text.UART_1_PutString
                0x000042c0       0x24 .\CortexM3\ARM_GCC_541\Debug\esw_uCOS3_cykit.a(UART_1.o)
                0x000042c0                UART_1_PutString
 .text.UART_1_RXISR
                0x000042e4       0x98 .\CortexM3\ARM_GCC_541\Debug\esw_uCOS3_cykit.a(UART_1_INT.o)
                0x000042e4                UART_1_RXISR
 .text.UART_1_TXISR
                0x0000437c       0x58 .\CortexM3\ARM_GCC_541\Debug\esw_uCOS3_cykit.a(UART_1_INT.o)
                0x0000437c                UART_1_TXISR
 .text.Pin_1_SetDriveMode
                0x000043d4       0x18 .\CortexM3\ARM_GCC_541\Debug\esw_uCOS3_cykit.a(Pin_1.o)
                0x000043d4                Pin_1_SetDriveMode
 .text.UART_1_IntClock_Start
                0x000043ec       0x1c .\CortexM3\ARM_GCC_541\Debug\esw_uCOS3_cykit.a(UART_1_IntClock.o)
                0x000043ec                UART_1_IntClock_Start
 .text.CyDmacConfigure
                0x00004408       0x34 .\CortexM3\ARM_GCC_541\Debug\esw_uCOS3_cykit.a(CyDmac.o)
                0x00004408                CyDmacConfigure
 .text.CyHalt   0x0000443c        0x4 .\CortexM3\ARM_GCC_541\Debug\esw_uCOS3_cykit.a(CyLib.o)
                0x0000443c                CyHalt
 .text.CyIntSetVector
                0x00004440       0x28 .\CortexM3\ARM_GCC_541\Debug\esw_uCOS3_cykit.a(CyLib.o)
                0x00004440                CyIntSetVector
 .text.CyIntSetPriority
                0x00004468       0x30 .\CortexM3\ARM_GCC_541\Debug\esw_uCOS3_cykit.a(CyLib.o)
                0x00004468                CyIntSetPriority
 .text.Pin_2_SetDriveMode
                0x00004498       0x24 .\CortexM3\ARM_GCC_541\Debug\esw_uCOS3_cykit.a(Pin_2.o)
                0x00004498                Pin_2_SetDriveMode
 .text.push_button_Write
                0x000044bc       0x18 .\CortexM3\ARM_GCC_541\Debug\esw_uCOS3_cykit.a(push_button.o)
                0x000044bc                push_button_Write
 .text.push_button_SetDriveMode
                0x000044d4       0x18 .\CortexM3\ARM_GCC_541\Debug\esw_uCOS3_cykit.a(push_button.o)
                0x000044d4                push_button_SetDriveMode
 .text.I2C_1_Init
                0x000044ec       0x68 .\CortexM3\ARM_GCC_541\Debug\esw_uCOS3_cykit.a(I2C_1.o)
                0x000044ec                I2C_1_Init
 .text.I2C_1_Enable
                0x00004554       0x24 .\CortexM3\ARM_GCC_541\Debug\esw_uCOS3_cykit.a(I2C_1.o)
                0x00004554                I2C_1_Enable
 .text.I2C_1_Start
                0x00004578       0x28 .\CortexM3\ARM_GCC_541\Debug\esw_uCOS3_cykit.a(I2C_1.o)
                0x00004578                I2C_1_Start
 .text.I2C_1_ISR
                0x000045a0      0x2d0 .\CortexM3\ARM_GCC_541\Debug\esw_uCOS3_cykit.a(I2C_1_INT.o)
                0x000045a0                I2C_1_ISR
 .text.I2C_1_MasterSendStart
                0x00004870       0x80 .\CortexM3\ARM_GCC_541\Debug\esw_uCOS3_cykit.a(I2C_1_MASTER.o)
                0x00004870                I2C_1_MasterSendStart
 .text.I2C_1_MasterSendRestart
                0x000048f0       0x6c .\CortexM3\ARM_GCC_541\Debug\esw_uCOS3_cykit.a(I2C_1_MASTER.o)
                0x000048f0                I2C_1_MasterSendRestart
 .text.I2C_1_MasterSendStop
                0x0000495c       0x38 .\CortexM3\ARM_GCC_541\Debug\esw_uCOS3_cykit.a(I2C_1_MASTER.o)
                0x0000495c                I2C_1_MasterSendStop
 .text.I2C_1_MasterWriteByte
                0x00004994       0x58 .\CortexM3\ARM_GCC_541\Debug\esw_uCOS3_cykit.a(I2C_1_MASTER.o)
                0x00004994                I2C_1_MasterWriteByte
 .text.I2C_1_MasterReadByte
                0x000049ec       0x58 .\CortexM3\ARM_GCC_541\Debug\esw_uCOS3_cykit.a(I2C_1_MASTER.o)
                0x000049ec                I2C_1_MasterReadByte
 .text.Timer_1_Enable
                0x00004a44       0x28 .\CortexM3\ARM_GCC_541\Debug\esw_uCOS3_cykit.a(Timer_1.o)
                0x00004a44                Timer_1_Enable
 .text.Timer_1_SetInterruptMode
                0x00004a6c        0xc .\CortexM3\ARM_GCC_541\Debug\esw_uCOS3_cykit.a(Timer_1.o)
                0x00004a6c                Timer_1_SetInterruptMode
 .text.Timer_1_WritePeriod
                0x00004a78        0xc .\CortexM3\ARM_GCC_541\Debug\esw_uCOS3_cykit.a(Timer_1.o)
                0x00004a78                Timer_1_WritePeriod
 .text.Timer_1_WriteCounter
                0x00004a84        0xc .\CortexM3\ARM_GCC_541\Debug\esw_uCOS3_cykit.a(Timer_1.o)
                0x00004a84                Timer_1_WriteCounter
 .text.Timer_1_Init
                0x00004a90       0x68 .\CortexM3\ARM_GCC_541\Debug\esw_uCOS3_cykit.a(Timer_1.o)
                0x00004a90                Timer_1_Init
 .text.Timer_1_Start
                0x00004af8       0x1c .\CortexM3\ARM_GCC_541\Debug\esw_uCOS3_cykit.a(Timer_1.o)
                0x00004af8                Timer_1_Start
 .text.Timer_ISR_SetVector
                0x00004b14        0xc .\CortexM3\ARM_GCC_541\Debug\esw_uCOS3_cykit.a(Timer_ISR.o)
                0x00004b14                Timer_ISR_SetVector
 .text.Timer_ISR_SetPriority
                0x00004b20       0x10 .\CortexM3\ARM_GCC_541\Debug\esw_uCOS3_cykit.a(Timer_ISR.o)
                0x00004b20                Timer_ISR_SetPriority
 .text.Timer_ISR_Enable
                0x00004b30        0xc .\CortexM3\ARM_GCC_541\Debug\esw_uCOS3_cykit.a(Timer_ISR.o)
                0x00004b30                Timer_ISR_Enable
 .text.Timer_ISR_Disable
                0x00004b3c        0xc .\CortexM3\ARM_GCC_541\Debug\esw_uCOS3_cykit.a(Timer_ISR.o)
                0x00004b3c                Timer_ISR_Disable
 .text.Timer_ISR_StartEx
                0x00004b48       0x1c .\CortexM3\ARM_GCC_541\Debug\esw_uCOS3_cykit.a(Timer_ISR.o)
                0x00004b48                Timer_ISR_StartEx
 *fill*         0x00004b64        0x4 
 .text          0x00004b68       0x20 .\CortexM3\ARM_GCC_541\Debug\esw_uCOS3_cykit.a(CyBootAsmGnu.o)
                0x00004b68                CyDelayCycles
                0x00004b78                CyEnterCriticalSection
                0x00004b80                CyExitCriticalSection
 .text.__errno  0x00004b88        0xc c:/program files (x86)/cypress/psoc creator/4.4/psoc creator/import/gnu/arm/5.4.1/bin/../lib/gcc/arm-none-eabi/5.4.1/../../../../arm-none-eabi/lib/armv7-m\libg_nano.a(lib_a-errno.o)
                0x00004b88                __errno
 .text.__libc_init_array
                0x00004b94       0x4c c:/program files (x86)/cypress/psoc creator/4.4/psoc creator/import/gnu/arm/5.4.1/bin/../lib/gcc/arm-none-eabi/5.4.1/../../../../arm-none-eabi/lib/armv7-m\libg_nano.a(lib_a-init.o)
                0x00004b94                __libc_init_array
 .text.memcpy   0x00004be0       0x16 c:/program files (x86)/cypress/psoc creator/4.4/psoc creator/import/gnu/arm/5.4.1/bin/../lib/gcc/arm-none-eabi/5.4.1/../../../../arm-none-eabi/lib/armv7-m\libg_nano.a(lib_a-memcpy-stub.o)
                0x00004be0                memcpy
 .text.memset   0x00004bf6       0x10 c:/program files (x86)/cypress/psoc creator/4.4/psoc creator/import/gnu/arm/5.4.1/bin/../lib/gcc/arm-none-eabi/5.4.1/../../../../arm-none-eabi/lib/armv7-m\libg_nano.a(lib_a-memset.o)
                0x00004bf6                memset
 *fill*         0x00004c06        0x2 
 .text.snprintf
                0x00004c08       0x64 c:/program files (x86)/cypress/psoc creator/4.4/psoc creator/import/gnu/arm/5.4.1/bin/../lib/gcc/arm-none-eabi/5.4.1/../../../../arm-none-eabi/lib/armv7-m\libg_nano.a(lib_a-snprintf.o)
                0x00004c08                sniprintf
                0x00004c08                snprintf
 .text.strncpy  0x00004c6c       0x26 c:/program files (x86)/cypress/psoc creator/4.4/psoc creator/import/gnu/arm/5.4.1/bin/../lib/gcc/arm-none-eabi/5.4.1/../../../../arm-none-eabi/lib/armv7-m\libg_nano.a(lib_a-strncpy.o)
                0x00004c6c                strncpy
 .text._vsnprintf_r
                0x00004c92       0x56 c:/program files (x86)/cypress/psoc creator/4.4/psoc creator/import/gnu/arm/5.4.1/bin/../lib/gcc/arm-none-eabi/5.4.1/../../../../arm-none-eabi/lib/armv7-m\libg_nano.a(lib_a-vsnprintf.o)
                0x00004c92                _vsniprintf_r
                0x00004c92                _vsnprintf_r
 .text.vsnprintf
                0x00004ce8       0x1c c:/program files (x86)/cypress/psoc creator/4.4/psoc creator/import/gnu/arm/5.4.1/bin/../lib/gcc/arm-none-eabi/5.4.1/../../../../arm-none-eabi/lib/armv7-m\libg_nano.a(lib_a-vsnprintf.o)
                0x00004ce8                vsniprintf
                0x00004ce8                vsnprintf
 .text.__ssputs_r
                0x00004d04       0xb2 c:/program files (x86)/cypress/psoc creator/4.4/psoc creator/import/gnu/arm/5.4.1/bin/../lib/gcc/arm-none-eabi/5.4.1/../../../../arm-none-eabi/lib/armv7-m\libg_nano.a(lib_a-nano-svfprintf.o)
                0x00004d04                __ssputs_r
 *fill*         0x00004db6        0x2 
 .text._svfprintf_r
                0x00004db8      0x1e8 c:/program files (x86)/cypress/psoc creator/4.4/psoc creator/import/gnu/arm/5.4.1/bin/../lib/gcc/arm-none-eabi/5.4.1/../../../../arm-none-eabi/lib/armv7-m\libg_nano.a(lib_a-nano-svfprintf.o)
                0x00004db8                _svfiprintf_r
                0x00004db8                _svfprintf_r
 .text._printf_common
                0x00004fa0       0xec c:/program files (x86)/cypress/psoc creator/4.4/psoc creator/import/gnu/arm/5.4.1/bin/../lib/gcc/arm-none-eabi/5.4.1/../../../../arm-none-eabi/lib/armv7-m\libg_nano.a(lib_a-nano-vfprintf_i.o)
                0x00004fa0                _printf_common
 .text._printf_i
                0x0000508c      0x24c c:/program files (x86)/cypress/psoc creator/4.4/psoc creator/import/gnu/arm/5.4.1/bin/../lib/gcc/arm-none-eabi/5.4.1/../../../../arm-none-eabi/lib/armv7-m\libg_nano.a(lib_a-nano-vfprintf_i.o)
                0x0000508c                _printf_i
 .text.memchr   0x000052d8       0x1c c:/program files (x86)/cypress/psoc creator/4.4/psoc creator/import/gnu/arm/5.4.1/bin/../lib/gcc/arm-none-eabi/5.4.1/../../../../arm-none-eabi/lib/armv7-m\libg_nano.a(lib_a-memchr-stub.o)
                0x000052d8                memchr
 .text.memmove  0x000052f4       0x36 c:/program files (x86)/cypress/psoc creator/4.4/psoc creator/import/gnu/arm/5.4.1/bin/../lib/gcc/arm-none-eabi/5.4.1/../../../../arm-none-eabi/lib/armv7-m\libg_nano.a(lib_a-memmove.o)
                0x000052f4                memmove
 *fill*         0x0000532a        0x2 
 .text._free_r  0x0000532c       0x98 c:/program files (x86)/cypress/psoc creator/4.4/psoc creator/import/gnu/arm/5.4.1/bin/../lib/gcc/arm-none-eabi/5.4.1/../../../../arm-none-eabi/lib/armv7-m\libg_nano.a(lib_a-nano-freer.o)
                0x0000532c                _free_r
 .text._malloc_r
                0x000053c4       0xbc c:/program files (x86)/cypress/psoc creator/4.4/psoc creator/import/gnu/arm/5.4.1/bin/../lib/gcc/arm-none-eabi/5.4.1/../../../../arm-none-eabi/lib/armv7-m\libg_nano.a(lib_a-nano-mallocr.o)
                0x000053c4                _malloc_r
 .text._realloc_r
                0x00005480       0x4c c:/program files (x86)/cypress/psoc creator/4.4/psoc creator/import/gnu/arm/5.4.1/bin/../lib/gcc/arm-none-eabi/5.4.1/../../../../arm-none-eabi/lib/armv7-m\libg_nano.a(lib_a-nano-reallocr.o)
                0x00005480                _realloc_r
 .text._sbrk_r  0x000054cc       0x20 c:/program files (x86)/cypress/psoc creator/4.4/psoc creator/import/gnu/arm/5.4.1/bin/../lib/gcc/arm-none-eabi/5.4.1/../../../../arm-none-eabi/lib/armv7-m\libg_nano.a(lib_a-sbrkr.o)
                0x000054cc                _sbrk_r
 .text.__malloc_lock
                0x000054ec        0x2 c:/program files (x86)/cypress/psoc creator/4.4/psoc creator/import/gnu/arm/5.4.1/bin/../lib/gcc/arm-none-eabi/5.4.1/../../../../arm-none-eabi/lib/armv7-m\libg_nano.a(lib_a-mlock.o)
                0x000054ec                __malloc_lock
 .text.__malloc_unlock
                0x000054ee        0x2 c:/program files (x86)/cypress/psoc creator/4.4/psoc creator/import/gnu/arm/5.4.1/bin/../lib/gcc/arm-none-eabi/5.4.1/../../../../arm-none-eabi/lib/armv7-m\libg_nano.a(lib_a-mlock.o)
                0x000054ee                __malloc_unlock
 .text._malloc_usable_size_r
                0x000054f0       0x14 c:/program files (x86)/cypress/psoc creator/4.4/psoc creator/import/gnu/arm/5.4.1/bin/../lib/gcc/arm-none-eabi/5.4.1/../../../../arm-none-eabi/lib/armv7-m\libg_nano.a(lib_a-nano-msizer.o)
                0x000054f0                _malloc_usable_size_r
 *(.plt)
 *(.gnu.warning)
 *(.glue_7t)
 .glue_7t       0x00005504        0x0 linker stubs
 *(.glue_7)
 .glue_7        0x00005504        0x0 linker stubs
 *(.vfp11_veneer)
 .vfp11_veneer  0x00005504        0x0 linker stubs
 *(.bootloader)
 *(.ARM.extab* .gnu.linkonce.armextab.*)
 *(.gcc_except_table)

.v4_bx          0x00005504        0x0
 .v4_bx         0x00005504        0x0 linker stubs

.iplt           0x00005504        0x0
 .iplt          0x00005504        0x0 c:/program files (x86)/cypress/psoc creator/4.4/psoc creator/import/gnu/arm/5.4.1/bin/../lib/gcc/arm-none-eabi/5.4.1/armv7-m/crtbegin.o

.eh_frame_hdr
 *(.eh_frame_hdr)

.eh_frame       0x00005504        0x4
 *(.eh_frame)
 .eh_frame      0x00005504        0x0 c:/program files (x86)/cypress/psoc creator/4.4/psoc creator/import/gnu/arm/5.4.1/bin/../lib/gcc/arm-none-eabi/5.4.1/armv7-m/crtbegin.o
 .eh_frame      0x00005504        0x4 c:/program files (x86)/cypress/psoc creator/4.4/psoc creator/import/gnu/arm/5.4.1/bin/../lib/gcc/arm-none-eabi/5.4.1/armv7-m/crtend.o
                [!provide]                PROVIDE (__exidx_start, .)

.ARM.exidx
 *(.ARM.exidx* .gnu.linkonce.armexidx.*)
                0x00005508                __exidx_end = .

.rodata         0x00005508     0x17b0
 *(.rodata .rodata.* .gnu.linkonce.r.*)
 .rodata.str1.4
                0x00005508       0x4e .\CortexM3\ARM_GCC_541\Debug\app.o
 *fill*         0x00005556        0x2 
 .rodata.str1.4
                0x00005558      0x2bf .\CortexM3\ARM_GCC_541\Debug\log_task.o
                                0x2c3 (size before relaxing)
 *fill*         0x00005817        0x1 
 .rodata        0x00005818       0x18 .\CortexM3\ARM_GCC_541\Debug\bsp_i2c.o
 .rodata.str1.4
                0x00005830      0x1ca .\CortexM3\ARM_GCC_541\Debug\bsp_i2c.o
 *fill*         0x000059fa        0x2 
 .rodata.str1.4
                0x000059fc        0x6 .\CortexM3\ARM_GCC_541\Debug\os_q.o
 *fill*         0x00005a02        0x2 
 .rodata.str1.4
                0x00005a04        0x5 .\CortexM3\ARM_GCC_541\Debug\os_sem.o
                                  0xa (size before relaxing)
 *fill*         0x00005a09        0x3 
 .rodata.str1.4
                0x00005a0c       0x14 .\CortexM3\ARM_GCC_541\Debug\os_stat.o
 .rodata.str1.4
                0x00005a20        0x6 .\CortexM3\ARM_GCC_541\Debug\os_task.o
                                  0xa (size before relaxing)
 *fill*         0x00005a26        0x2 
 .rodata.str1.4
                0x00005a28       0x14 .\CortexM3\ARM_GCC_541\Debug\os_tick.o
 .rodata.str1.4
                0x00005a3c       0x1d .\CortexM3\ARM_GCC_541\Debug\os_tmr.o
 *fill*         0x00005a59        0x3 
 .rodata        0x00005a5c       0xa4 .\CortexM3\ARM_GCC_541\Debug\os_cfg_app.o
                0x00005a5c                OSCfg_DataSizeRAM
                0x00005a60                OSCfg_TmrWheelSizeRAM
                0x00005a64                OSCfg_TmrWheelSize
                0x00005a68                OSCfg_TmrTaskStkSizeRAM
                0x00005a6c                OSCfg_TmrTaskStkSize
                0x00005a70                OSCfg_TmrTaskStkLimit
                0x00005a74                OSCfg_TmrTaskStkBasePtr
                0x00005a78                OSCfg_TmrTaskRate_Hz
                0x00005a7c                OSCfg_TmrTaskPrio
                0x00005a80                OSCfg_TickWheelSizeRAM
                0x00005a84                OSCfg_TickWheelSize
                0x00005a88                OSCfg_TickTaskStkSizeRAM
                0x00005a8c                OSCfg_TickTaskStkSize
                0x00005a90                OSCfg_TickTaskStkLimit
                0x00005a94                OSCfg_TickTaskStkBasePtr
                0x00005a98                OSCfg_TickTaskPrio
                0x00005a9c                OSCfg_TickRate_Hz
                0x00005aa0                OSCfg_StkSizeMin
                0x00005aa4                OSCfg_StatTaskStkSizeRAM
                0x00005aa8                OSCfg_StatTaskStkSize
                0x00005aac                OSCfg_StatTaskStkLimit
                0x00005ab0                OSCfg_StatTaskStkBasePtr
                0x00005ab4                OSCfg_StatTaskRate_Hz
                0x00005ab8                OSCfg_StatTaskPrio
                0x00005abc                OSCfg_MsgPoolBasePtr
                0x00005ac0                OSCfg_MsgPoolSizeRAM
                0x00005ac4                OSCfg_MsgPoolSize
                0x00005ac8                OSCfg_ISRStkSizeRAM
                0x00005acc                OSCfg_ISRStkSize
                0x00005ad0                OSCfg_ISRStkBasePtr
                0x00005ad4                OSCfg_IntQTaskStkSizeRAM
                0x00005ad8                OSCfg_IntQTaskStkSize
                0x00005adc                OSCfg_IntQTaskStkLimit
                0x00005ae0                OSCfg_IntQTaskStkBasePtr
                0x00005ae4                OSCfg_IntQSizeRAM
                0x00005ae8                OSCfg_IntQSize
                0x00005aec                OSCfg_IntQBasePtr
                0x00005af0                OSCfg_IdleTaskStkSizeRAM
                0x00005af4                OSCfg_IdleTaskStkSize
                0x00005af8                OSCfg_IdleTaskStkLimit
                0x00005afc                OSCfg_IdleTaskStkBasePtr
 .rodata.str1.4
                0x00005b00       0x25 .\CortexM3\ARM_GCC_541\Debug\os_core.o
                                 0x2a (size before relaxing)
 *fill*         0x00005b25        0x3 
 .rodata.str1.4
                0x00005b28      0x3d4 .\CortexM3\ARM_GCC_541\Debug\max30102_interface.o
 .rodata.str1.4
                0x00005efc      0xcfc .\CortexM3\ARM_GCC_541\Debug\driver_max30102.o
 .rodata        0x00006bf8       0x50 .\CortexM3\ARM_GCC_541\Debug\cyfitter_cfg.o
 .rodata.str1.1
                0x00006c48        0x2 c:/program files (x86)/cypress/psoc creator/4.4/psoc creator/import/gnu/arm/5.4.1/bin/../lib/gcc/arm-none-eabi/5.4.1/../../../../arm-none-eabi/lib/armv7-m\libg_nano.a(lib_a-impure.o)
 .rodata.str1.1
                0x00006c4a       0x11 c:/program files (x86)/cypress/psoc creator/4.4/psoc creator/import/gnu/arm/5.4.1/bin/../lib/gcc/arm-none-eabi/5.4.1/../../../../arm-none-eabi/lib/armv7-m\libg_nano.a(lib_a-nano-svfprintf.o)
 .rodata.str1.1
                0x00006c5b       0x22 c:/program files (x86)/cypress/psoc creator/4.4/psoc creator/import/gnu/arm/5.4.1/bin/../lib/gcc/arm-none-eabi/5.4.1/../../../../arm-none-eabi/lib/armv7-m\libg_nano.a(lib_a-nano-vfprintf_i.o)
                0x00006c80                . = ALIGN (0x4)
 *fill*         0x00006c7d        0x3 
 *(.init)
 .init          0x00006c80        0x4 c:/program files (x86)/cypress/psoc creator/4.4/psoc creator/import/gnu/arm/5.4.1/bin/../lib/gcc/arm-none-eabi/5.4.1/armv7-m/crti.o
                0x00006c80                _init
 .init          0x00006c84        0x8 c:/program files (x86)/cypress/psoc creator/4.4/psoc creator/import/gnu/arm/5.4.1/bin/../lib/gcc/arm-none-eabi/5.4.1/armv7-m/crtn.o
                0x00006c8c                . = ALIGN (0x4)
                0x00006c8c                __preinit_array_start = .
 *(.preinit_array)
                0x00006c8c                __preinit_array_end = .
                0x00006c8c                . = ALIGN (0x4)
                0x00006c8c                __init_array_start = .
 *(SORT(.init_array.*))
 *(.init_array)
 .init_array    0x00006c8c        0x4 c:/program files (x86)/cypress/psoc creator/4.4/psoc creator/import/gnu/arm/5.4.1/bin/../lib/gcc/arm-none-eabi/5.4.1/armv7-m/crtbegin.o
 .init_array    0x00006c90        0x4 .\CortexM3\ARM_GCC_541\Debug\Cm3Start.o
                0x00006c94                __init_array_end = .
                0x00006c94                . = ALIGN (0x4)
 *(.fini)
 .fini          0x00006c94        0x4 c:/program files (x86)/cypress/psoc creator/4.4/psoc creator/import/gnu/arm/5.4.1/bin/../lib/gcc/arm-none-eabi/5.4.1/armv7-m/crti.o
                0x00006c94                _fini
 .fini          0x00006c98        0x8 c:/program files (x86)/cypress/psoc creator/4.4/psoc creator/import/gnu/arm/5.4.1/bin/../lib/gcc/arm-none-eabi/5.4.1/armv7-m/crtn.o
                0x00006ca0                . = ALIGN (0x4)
                0x00006ca0                __fini_array_start = .
 *(.fini_array)
 .fini_array    0x00006ca0        0x4 c:/program files (x86)/cypress/psoc creator/4.4/psoc creator/import/gnu/arm/5.4.1/bin/../lib/gcc/arm-none-eabi/5.4.1/armv7-m/crtbegin.o
 *(SORT(.fini_array.*))
                0x00006ca4                __fini_array_end = .
                0x00006ca4                . = ALIGN (0x4)
 *crtbegin.o(.ctors)
 *(EXCLUDE_FILE(*crtend.o) .ctors)
 *(SORT(.ctors.*))
 *crtend.o(.ctors)
                0x00006ca4                . = ALIGN (0x4)
 *crtbegin.o(.dtors)
 *(EXCLUDE_FILE(*crtend.o) .dtors)
 *(SORT(.dtors.*))
 *crtend.o(.dtors)
                0x00006ca4                . = ALIGN (0x4)
                0x00006ca4                __cy_regions = .
                0x00006ca4        0x4 LONG 0x6cb8 __cy_region_init_ram
                0x00006ca8        0x4 LONG 0x1fff80c8 __cy_region_start_data
                0x00006cac        0x4 LONG 0x80 __cy_region_init_size_ram
                0x00006cb0        0x4 LONG 0x4ab0 __cy_region_zero_size_ram
                0x00006cb4                __cy_regions_end = .
                0x00006cb8                . = ALIGN (0x8)
 *fill*         0x00006cb4        0x4 
                0x00006cb8                _etext = .

.cy_checksum_exclude
                0x00006cb8        0x0
 *(.cy_checksum_exclude)

.ramvectors     0x1fff8000       0xc0
                0x1fff8000                __cy_region_start_ram = .
 *(.ramvectors)
 .ramvectors    0x1fff8000       0xc0 .\CortexM3\ARM_GCC_541\Debug\Cm3Start.o
                0x1fff8000                CyRamVectors

.noinit         0x1fff80c0        0x1
 *(.noinit)
 .noinit        0x1fff80c0        0x1 .\CortexM3\ARM_GCC_541\Debug\esw_uCOS3_cykit.a(CyLib.o)
                0x1fff80c0                CyResetStatus

.data           0x1fff80c8       0x80 load address 0x00006cb8
                0x1fff80c8                __cy_region_start_data = .
 *(.jcr)
 .jcr           0x1fff80c8        0x0 c:/program files (x86)/cypress/psoc creator/4.4/psoc creator/import/gnu/arm/5.4.1/bin/../lib/gcc/arm-none-eabi/5.4.1/armv7-m/crtbegin.o
 .jcr           0x1fff80c8        0x4 c:/program files (x86)/cypress/psoc creator/4.4/psoc creator/import/gnu/arm/5.4.1/bin/../lib/gcc/arm-none-eabi/5.4.1/armv7-m/crtend.o
 *(.got.plt)
 *(.got)
 *(.shdata)
 *(.data .data.* .gnu.linkonce.d.*)
 .data          0x1fff80cc        0xc .\CortexM3\ARM_GCC_541\Debug\bsp_i2c.o
                0x1fff80cc                adaptive_threshold
                0x1fff80d0                IR_AC_Max
                0x1fff80d4                IR_AC_Min
 .data          0x1fff80d8        0x4 .\CortexM3\ARM_GCC_541\Debug\Cm3Start.o
 .data          0x1fff80dc        0x8 .\CortexM3\ARM_GCC_541\Debug\esw_uCOS3_cykit.a(CyDmac.o)
 .data.impure_data
                0x1fff80e4       0x60 c:/program files (x86)/cypress/psoc creator/4.4/psoc creator/import/gnu/arm/5.4.1/bin/../lib/gcc/arm-none-eabi/5.4.1/../../../../arm-none-eabi/lib/armv7-m\libg_nano.a(lib_a-impure.o)
 .data._impure_ptr
                0x1fff8144        0x4 c:/program files (x86)/cypress/psoc creator/4.4/psoc creator/import/gnu/arm/5.4.1/bin/../lib/gcc/arm-none-eabi/5.4.1/../../../../arm-none-eabi/lib/armv7-m\libg_nano.a(lib_a-impure.o)
                0x1fff8144                _impure_ptr
                0x1fff8148                . = ALIGN (0x8)
 *(.ram)
                0x1fff8148                _edata = .

.igot.plt       0x1fff8148        0x0 load address 0x00006d38
 .igot.plt      0x1fff8148        0x0 c:/program files (x86)/cypress/psoc creator/4.4/psoc creator/import/gnu/arm/5.4.1/bin/../lib/gcc/arm-none-eabi/5.4.1/armv7-m/crtbegin.o

.bss            0x1fff8148     0x4ab0 load address 0x00006d38
                0x1fff8148                PROVIDE (__bss_start__, .)
 *(.shbss)
 *(.bss .bss.* .gnu.linkonce.b.*)
 .bss           0x1fff8148       0x1c c:/program files (x86)/cypress/psoc creator/4.4/psoc creator/import/gnu/arm/5.4.1/bin/../lib/gcc/arm-none-eabi/5.4.1/armv7-m/crtbegin.o
 .bss           0x1fff8164      0x4c0 .\CortexM3\ARM_GCC_541\Debug\app.o
 .bss           0x1fff8624       0xb4 .\CortexM3\ARM_GCC_541\Debug\bsp_i2c.o
                0x1fff8624                current_timestamp
                0x1fff866c                ir_avg_reg
                0x1fff8670                IR_AC_Signal_Current
                0x1fff8674                IR_AC_Signal_Previous
                0x1fff8678                last_peak_timestamp
                0x1fff867c                heart_rate_index
                0x1fff8680                heart_rate_history
                0x1fff86d0                heart_rate_sum
                0x1fff86d4                heart_rate_count
 .bss           0x1fff86d8        0x9 .\CortexM3\ARM_GCC_541\Debug\esw_uCOS3_cykit.a(UART_1.o)
                0x1fff86d8                UART_1_errorStatus
                0x1fff86d9                UART_1_initVar
                0x1fff86da                UART_1_rxBufferRead
                0x1fff86db                UART_1_rxBufferWrite
                0x1fff86dc                UART_1_rxBufferLoopDetect
                0x1fff86dd                UART_1_rxBufferOverflow
                0x1fff86de                UART_1_txBufferRead
                0x1fff86df                UART_1_txBufferWrite
 .bss           0x1fff86e1        0x1 .\CortexM3\ARM_GCC_541\Debug\esw_uCOS3_cykit.a(I2C_1.o)
                0x1fff86e1                I2C_1_initVar
 .bss           0x1fff86e2        0x1 .\CortexM3\ARM_GCC_541\Debug\esw_uCOS3_cykit.a(Timer_1.o)
                0x1fff86e2                Timer_1_initVar
 *fill*         0x1fff86e3        0x1 
 .bss.__malloc_sbrk_start
                0x1fff86e4        0x4 c:/program files (x86)/cypress/psoc creator/4.4/psoc creator/import/gnu/arm/5.4.1/bin/../lib/gcc/arm-none-eabi/5.4.1/../../../../arm-none-eabi/lib/armv7-m\libg_nano.a(lib_a-nano-mallocr.o)
                0x1fff86e4                __malloc_sbrk_start
 .bss.__malloc_free_list
                0x1fff86e8        0x4 c:/program files (x86)/cypress/psoc creator/4.4/psoc creator/import/gnu/arm/5.4.1/bin/../lib/gcc/arm-none-eabi/5.4.1/../../../../arm-none-eabi/lib/armv7-m\libg_nano.a(lib_a-nano-mallocr.o)
                0x1fff86e8                __malloc_free_list
 *(COMMON)
 COMMON         0x1fff86ec     0x24c8 .\CortexM3\ARM_GCC_541\Debug\log_task.o
                0x1fff86ec                Log_TaskStk
                0x1fff8eec                LogTaskSem
                0x1fff8f14                Log_Task_TCB
                0x1fff8fd4                MsgMemPoolStorage
                0x1fffab64                MsgMemPool
                0x1fffab84                Log_Queue
 COMMON         0x1fffabb4      0x900 .\CortexM3\ARM_GCC_541\Debug\bsp_i2c.o
                0x1fffabb4                I2C_TaskStk
                0x1fffb3b4                i2c_rx_buffer
                0x1fffb3f4                I2C_Task_TCB
 COMMON         0x1fffb4b4       0x14 .\CortexM3\ARM_GCC_541\Debug\cpu_core.o
                0x1fffb4b4                CPU_TS_TmrFreq_Hz
                0x1fffb4b8                CPU_Name
 COMMON         0x1fffb4c8        0x4 .\CortexM3\ARM_GCC_541\Debug\os_cpu_c.o
                0x1fffb4c8                OS_CPU_ExceptStkBase
 COMMON         0x1fffb4cc        0x4 .\CortexM3\ARM_GCC_541\Debug\os_prio.o
                0x1fffb4cc                OSPrioTbl
 COMMON         0x1fffb4d0      0x538 .\CortexM3\ARM_GCC_541\Debug\os_var.o
                0x1fffb4d0                OSSchedLockNestingCtr
                0x1fffb4d4                OS_AppTaskReturnHookPtr
                0x1fffb4d8                OSStatTaskTimeMax
                0x1fffb4dc                OSStatTaskCtr
                0x1fffb4e0                OSTaskRegNextAvailID
                0x1fffb4e1                OSRunning
                0x1fffb4e4                OSRdyList
                0x1fffb664                OSPrioHighRdy
                0x1fffb665                OSStatTaskRdy
                0x1fffb668                OSSemDbgListPtr
                0x1fffb66c                OS_AppTaskCreateHookPtr
                0x1fffb670                OSPrioCur
                0x1fffb674                OSTickTaskTCB
                0x1fffb734                OSTmrTickCtr
                0x1fffb738                OSTCBCurPtr
                0x1fffb73c                OSQQty
                0x1fffb73e                OSStatTaskCPUUsageMax
                0x1fffb740                OSPrioSaved
                0x1fffb744                OSTCBHighRdyPtr
                0x1fffb748                OSTaskDbgListPtr
                0x1fffb74c                OSTmrTaskTimeMax
                0x1fffb750                OS_AppTaskDelHookPtr
                0x1fffb754                OS_AppTimeTickHookPtr
                0x1fffb758                OSTaskCtxSwCtr
                0x1fffb75c                OSStatTaskCPUUsage
                0x1fffb75e                OSIntNestingCtr
                0x1fffb760                OSTaskQty
                0x1fffb764                OSTmrTaskTCB
                0x1fffb824                OSMsgPool
                0x1fffb830                OSIdleTaskTCB
                0x1fffb8f0                OSQDbgListPtr
                0x1fffb8f4                OSSemQty
                0x1fffb8f8                OSMemDbgListPtr
                0x1fffb8fc                OSSchedRoundRobinDfltTimeQuanta
                0x1fffb900                OS_AppIdleTaskHookPtr
                0x1fffb904                OSStatTaskCtrMax
                0x1fffb908                OSTickCtr
                0x1fffb90c                OS_AppTaskSwHookPtr
                0x1fffb910                OSTmrQty
                0x1fffb914                OSIdleTaskCtr
                0x1fffb918                OSStatTaskCtrRun
                0x1fffb91c                OS_AppStatTaskHookPtr
                0x1fffb920                OSFlagQty
                0x1fffb924                OSFlagDbgListPtr
                0x1fffb928                OSStatResetFlag
                0x1fffb92a                OSMemQty
                0x1fffb92c                OSMutexQty
                0x1fffb930                OSStatTaskTCB
                0x1fffb9f0                OSTmrDbgListPtr
                0x1fffb9f4                OSTickTaskTimeMax
                0x1fffb9f8                OSTmrUpdateCnt
                0x1fffb9fc                OSSchedRoundRobinEn
                0x1fffba00                OSMutexDbgListPtr
                0x1fffba04                OSTmrUpdateCtr
 COMMON         0x1fffba08     0x1150 .\CortexM3\ARM_GCC_541\Debug\os_cfg_app.o
                0x1fffba08                OSCfg_StatTaskStk
                0x1fffbc08                OSCfg_TickWheel
                0x1fffbc90                OSCfg_MsgPool
                0x1fffc2d0                OSCfg_TmrTaskStk
                0x1fffc4d0                OSCfg_TmrWheel
                0x1fffc558                OSCfg_ISRStk
                0x1fffc758                OSCfg_TickTaskStk
                0x1fffc958                OSCfg_IdleTaskStk
 COMMON         0x1fffcb58       0x80 .\CortexM3\ARM_GCC_541\Debug\esw_uCOS3_cykit.a(UART_1.o)
                0x1fffcb58                UART_1_txBuffer
                0x1fffcb98                UART_1_rxBuffer
 COMMON         0x1fffcbd8        0x1 .\CortexM3\ARM_GCC_541\Debug\esw_uCOS3_cykit.a(I2C_1.o)
                0x1fffcbd8                I2C_1_state
 *fill*         0x1fffcbd9        0x3 
 COMMON         0x1fffcbdc       0x11 .\CortexM3\ARM_GCC_541\Debug\esw_uCOS3_cykit.a(I2C_1_MASTER.o)
                0x1fffcbdc                I2C_1_mstrWrBufIndex
                0x1fffcbdd                I2C_1_mstrControl
                0x1fffcbde                I2C_1_mstrStatus
                0x1fffcbdf                I2C_1_mstrWrBufSize
                0x1fffcbe0                I2C_1_mstrRdBufIndex
                0x1fffcbe4                I2C_1_mstrWrBufPtr
                0x1fffcbe8                I2C_1_mstrRdBufPtr
                0x1fffcbec                I2C_1_mstrRdBufSize
 *fill*         0x1fffcbed        0x3 
 COMMON         0x1fffcbf0        0x4 c:/program files (x86)/cypress/psoc creator/4.4/psoc creator/import/gnu/arm/5.4.1/bin/../lib/gcc/arm-none-eabi/5.4.1/../../../../arm-none-eabi/lib/armv7-m\libg_nano.a(lib_a-reent.o)
                0x1fffcbf0                errno
                0x1fffcbf8                . = ALIGN (0x8)
 *fill*         0x1fffcbf4        0x4 
 *(.ram.b)
                0x1fffcbf8                _end = .
                0x1fffcbf8                __end = .
                0x1fffcbf8                PROVIDE (end, .)
                0x1fffcbf8                PROVIDE (__bss_end__, .)
                0x00006cb8                __cy_region_init_ram = LOADADDR (.data)
                0x00000080                __cy_region_init_size_ram = (_edata - ADDR (.data))
                0x00004ab0                __cy_region_zero_size_ram = (_end - _edata)

.heap           0x1fffcbf8       0x80 load address 0x00006d38
                0x1fffcbf8                . = _end
                0x1fffcc78                . = (. + 0x80)
 *fill*         0x1fffcbf8       0x80 
                0x1fffcc78                __cy_heap_limit = .

.stack          0x20007800      0x800
                0x20007800                __cy_stack_limit = .
                0x20008000                . = (. + 0x800)
 *fill*         0x20007800      0x800 
                0x00000001                ASSERT ((__cy_stack_limit >= __cy_heap_limit), region RAM overflowed with stack)
                0x00000000                cy_checksum_exclude_size = (CY_APPL_LOADABLE == 0x1)?SIZEOF (.cy_checksum_exclude):0x0
                0x00000001                ASSERT ((cy_checksum_exclude_size <= CY_CHECKSUM_EXCLUDE_SIZE), CY_BOOT: Section .cy_checksum_exclude size exceedes specified limit.)

.cyloadermeta
 *(.cyloadermeta)

.cyloadablemeta
 *(.cyloadablemeta)

.cyconfigecc    0x80000000      0x650
 *(.cyconfigecc)
 .cyconfigecc   0x80000000      0x650 .\CortexM3\ARM_GCC_541\Debug\cymetadata.o
                0x80000000                cy_meta_configecc

.cycustnvl      0x90000000        0x4
 *(.cycustnvl)
 .cycustnvl     0x90000000        0x4 .\CortexM3\ARM_GCC_541\Debug\cymetadata.o
                0x90000000                cy_meta_custnvl

.cywolatch      0x90100000        0x4
 *(.cywolatch)
 .cywolatch     0x90100000        0x4 .\CortexM3\ARM_GCC_541\Debug\cymetadata.o
                0x90100000                cy_meta_wonvl

.cyeeprom       0x90200000        0x0
 *(.cyeeprom)
                0x00000001                ASSERT ((. <= ((0x90200000 + ee_offset) + ee_size)), .cyeeprom data will not fit in EEPROM)

.cyflashprotect
                0x90400000      0x100
 *(.cyflashprotect)
 .cyflashprotect
                0x90400000      0x100 .\CortexM3\ARM_GCC_541\Debug\cymetadata.o
                0x90400000                cy_meta_flashprotect

.cymeta         0x90500000        0xc
 *(.cymeta)
 .cymeta        0x90500000        0xc .\CortexM3\ARM_GCC_541\Debug\cymetadata.o
                0x90500000                cy_metadata

.rel.dyn        0x00006d38        0x0 load address 0x9050000c
 .rel.iplt      0x00006d38        0x0 c:/program files (x86)/cypress/psoc creator/4.4/psoc creator/import/gnu/arm/5.4.1/bin/../lib/gcc/arm-none-eabi/5.4.1/armv7-m/crtbegin.o

.stab
 *(.stab)

.stabstr
 *(.stabstr)

.debug
 *(.debug)

.line
 *(.line)

.debug_srcinfo
 *(.debug_srcinfo)

.debug_sfnames
 *(.debug_sfnames)

.debug_aranges  0x00000000     0x1b68
 *(.debug_aranges)
 .debug_aranges
                0x00000000       0x28 .\CortexM3\ARM_GCC_541\Debug\app.o
 .debug_aranges
                0x00000028       0x68 .\CortexM3\ARM_GCC_541\Debug\os_app_hooks.o
 .debug_aranges
                0x00000090       0x40 .\CortexM3\ARM_GCC_541\Debug\log_task.o
 .debug_aranges
                0x000000d0       0x38 .\CortexM3\ARM_GCC_541\Debug\bsp_os.o
 .debug_aranges
                0x00000108       0x58 .\CortexM3\ARM_GCC_541\Debug\bsp.o
 .debug_aranges
                0x00000160       0x30 .\CortexM3\ARM_GCC_541\Debug\cpu_bsp.o
 .debug_aranges
                0x00000190       0x30 .\CortexM3\ARM_GCC_541\Debug\bsp_uart.o
 .debug_aranges
                0x000001c0       0x38 .\CortexM3\ARM_GCC_541\Debug\bsp_gpio.o
 .debug_aranges
                0x000001f8       0x28 .\CortexM3\ARM_GCC_541\Debug\bsp_spi.o
 .debug_aranges
                0x00000220       0x58 .\CortexM3\ARM_GCC_541\Debug\bsp_i2c.o
 .debug_aranges
                0x00000278       0x50 .\CortexM3\ARM_GCC_541\Debug\cpu_c.o
 .debug_aranges
                0x000002c8       0xb0 .\CortexM3\ARM_GCC_541\Debug\cpu_core.o
 .debug_aranges
                0x00000378       0x38 .\CortexM3\ARM_GCC_541\Debug\lib_math.o
 .debug_aranges
                0x000003b0       0x48 .\CortexM3\ARM_GCC_541\Debug\lib_mem.o
 .debug_aranges
                0x000003f8       0xd8 .\CortexM3\ARM_GCC_541\Debug\lib_str.o
 .debug_aranges
                0x000004d0       0x98 .\CortexM3\ARM_GCC_541\Debug\lib_ascii.o
 .debug_aranges
                0x00000568       0x70 .\CortexM3\ARM_GCC_541\Debug\os_cpu_c.o
 .debug_aranges
                0x000005d8       0x38 .\CortexM3\ARM_GCC_541\Debug\os_pend_multi.o
 .debug_aranges
                0x00000610       0x38 .\CortexM3\ARM_GCC_541\Debug\os_prio.o
 .debug_aranges
                0x00000648       0x70 .\CortexM3\ARM_GCC_541\Debug\os_q.o
 .debug_aranges
                0x000006b8       0x70 .\CortexM3\ARM_GCC_541\Debug\os_sem.o
 .debug_aranges
                0x00000728       0x38 .\CortexM3\ARM_GCC_541\Debug\os_stat.o
 .debug_aranges
                0x00000760       0xf0 .\CortexM3\ARM_GCC_541\Debug\os_task.o
 .debug_aranges
                0x00000850       0x50 .\CortexM3\ARM_GCC_541\Debug\os_tick.o
 .debug_aranges
                0x000008a0       0x48 .\CortexM3\ARM_GCC_541\Debug\os_time.o
 .debug_aranges
                0x000008e8       0x88 .\CortexM3\ARM_GCC_541\Debug\os_tmr.o
 .debug_aranges
                0x00000970       0x18 .\CortexM3\ARM_GCC_541\Debug\os_var.o
 .debug_aranges
                0x00000988       0x20 .\CortexM3\ARM_GCC_541\Debug\os_cfg_app.o
 .debug_aranges
                0x000009a8      0x140 .\CortexM3\ARM_GCC_541\Debug\os_core.o
 .debug_aranges
                0x00000ae8       0x20 .\CortexM3\ARM_GCC_541\Debug\os_dbg.o
 .debug_aranges
                0x00000b08       0x80 .\CortexM3\ARM_GCC_541\Debug\os_flag.o
 .debug_aranges
                0x00000b88       0x18 .\CortexM3\ARM_GCC_541\Debug\os_int.o
 .debug_aranges
                0x00000ba0       0x40 .\CortexM3\ARM_GCC_541\Debug\os_mem.o
 .debug_aranges
                0x00000be0       0x40 .\CortexM3\ARM_GCC_541\Debug\os_msg.o
 .debug_aranges
                0x00000c20       0x60 .\CortexM3\ARM_GCC_541\Debug\os_mutex.o
 .debug_aranges
                0x00000c80      0x120 .\CortexM3\ARM_GCC_541\Debug\bme280.o
 .debug_aranges
                0x00000da0       0x18 .\CortexM3\ARM_GCC_541\Debug\bme280_interface.o
 .debug_aranges
                0x00000db8       0x48 .\CortexM3\ARM_GCC_541\Debug\max30102_interface.o
 .debug_aranges
                0x00000e00      0x180 .\CortexM3\ARM_GCC_541\Debug\driver_max30102.o
 .debug_aranges
                0x00000f80       0x58 .\CortexM3\ARM_GCC_541\Debug\cyfitter_cfg.o
 .debug_aranges
                0x00000fd8       0x18 .\CortexM3\ARM_GCC_541\Debug\cymetadata.o
 .debug_aranges
                0x00000ff0       0x48 .\CortexM3\ARM_GCC_541\Debug\Cm3Start.o
 .debug_aranges
                0x00001038       0x20 .\CortexM3\ARM_GCC_541\Debug\cpu_a.o
 .debug_aranges
                0x00001058       0x20 .\CortexM3\ARM_GCC_541\Debug\os_cpu_a.o
 .debug_aranges
                0x00001078       0xf0 .\CortexM3\ARM_GCC_541\Debug\esw_uCOS3_cykit.a(UART_1.o)
 .debug_aranges
                0x00001168       0x28 .\CortexM3\ARM_GCC_541\Debug\esw_uCOS3_cykit.a(UART_1_INT.o)
 .debug_aranges
                0x00001190       0x38 .\CortexM3\ARM_GCC_541\Debug\esw_uCOS3_cykit.a(Pin_1.o)
 .debug_aranges
                0x000011c8       0x70 .\CortexM3\ARM_GCC_541\Debug\esw_uCOS3_cykit.a(UART_1_IntClock.o)
 .debug_aranges
                0x00001238       0xd8 .\CortexM3\ARM_GCC_541\Debug\esw_uCOS3_cykit.a(CyDmac.o)
 .debug_aranges
                0x00001310      0x2a0 .\CortexM3\ARM_GCC_541\Debug\esw_uCOS3_cykit.a(CyLib.o)
 .debug_aranges
                0x000015b0       0x98 .\CortexM3\ARM_GCC_541\Debug\esw_uCOS3_cykit.a(cyPm.o)
 .debug_aranges
                0x00001648       0xd8 .\CortexM3\ARM_GCC_541\Debug\esw_uCOS3_cykit.a(SPIM_1.o)
 .debug_aranges
                0x00001720       0x28 .\CortexM3\ARM_GCC_541\Debug\esw_uCOS3_cykit.a(SPIM_1_INT.o)
 .debug_aranges
                0x00001748       0x70 .\CortexM3\ARM_GCC_541\Debug\esw_uCOS3_cykit.a(SPIM_1_IntClock.o)
 .debug_aranges
                0x000017b8       0x38 .\CortexM3\ARM_GCC_541\Debug\esw_uCOS3_cykit.a(Pin_2.o)
 .debug_aranges
                0x000017f0       0x38 .\CortexM3\ARM_GCC_541\Debug\esw_uCOS3_cykit.a(push_button.o)
 .debug_aranges
                0x00001828       0x38 .\CortexM3\ARM_GCC_541\Debug\esw_uCOS3_cykit.a(I2C_1.o)
 .debug_aranges
                0x00001860       0x20 .\CortexM3\ARM_GCC_541\Debug\esw_uCOS3_cykit.a(I2C_1_INT.o)
 .debug_aranges
                0x00001880       0x38 .\CortexM3\ARM_GCC_541\Debug\esw_uCOS3_cykit.a(I2C_1_PM.o)
 .debug_aranges
                0x000018b8       0x80 .\CortexM3\ARM_GCC_541\Debug\esw_uCOS3_cykit.a(I2C_1_MASTER.o)
 .debug_aranges
                0x00001938       0x88 .\CortexM3\ARM_GCC_541\Debug\esw_uCOS3_cykit.a(Timer_1.o)
 .debug_aranges
                0x000019c0       0x80 .\CortexM3\ARM_GCC_541\Debug\esw_uCOS3_cykit.a(Timer_ISR.o)
 .debug_aranges
                0x00001a40       0x20 .\CortexM3\ARM_GCC_541\Debug\esw_uCOS3_cykit.a(CyBootAsmGnu.o)
 .debug_aranges
                0x00001a60       0x88 .\CortexM3\ARM_GCC_541\Debug\esw_uCOS3_cykit.a(CyFlash.o)
 .debug_aranges
                0x00001ae8       0x80 .\CortexM3\ARM_GCC_541\Debug\esw_uCOS3_cykit.a(CySpc.o)

.debug_pubnames
 *(.debug_pubnames)

.debug_info     0x00000000    0x2822c
 *(.debug_info .gnu.linkonce.wi.*)
 .debug_info    0x00000000      0xe82 .\CortexM3\ARM_GCC_541\Debug\app.o
 .debug_info    0x00000e82      0x894 .\CortexM3\ARM_GCC_541\Debug\os_app_hooks.o
 .debug_info    0x00001716     0x148a .\CortexM3\ARM_GCC_541\Debug\log_task.o
 .debug_info    0x00002ba0      0xe09 .\CortexM3\ARM_GCC_541\Debug\bsp_os.o
 .debug_info    0x000039a9      0x392 .\CortexM3\ARM_GCC_541\Debug\bsp.o
 .debug_info    0x00003d3b      0x178 .\CortexM3\ARM_GCC_541\Debug\cpu_bsp.o
 .debug_info    0x00003eb3      0x12b .\CortexM3\ARM_GCC_541\Debug\bsp_uart.o
 .debug_info    0x00003fde      0x28c .\CortexM3\ARM_GCC_541\Debug\bsp_gpio.o
 .debug_info    0x0000426a      0xd27 .\CortexM3\ARM_GCC_541\Debug\bsp_spi.o
 .debug_info    0x00004f91     0x1610 .\CortexM3\ARM_GCC_541\Debug\bsp_i2c.o
 .debug_info    0x000065a1      0x5f2 .\CortexM3\ARM_GCC_541\Debug\cpu_c.o
 .debug_info    0x00006b93      0x71b .\CortexM3\ARM_GCC_541\Debug\cpu_core.o
 .debug_info    0x000072ae      0x1e9 .\CortexM3\ARM_GCC_541\Debug\lib_math.o
 .debug_info    0x00007497      0x4df .\CortexM3\ARM_GCC_541\Debug\lib_mem.o
 .debug_info    0x00007976     0x10d7 .\CortexM3\ARM_GCC_541\Debug\lib_str.o
 .debug_info    0x00008a4d      0x43b .\CortexM3\ARM_GCC_541\Debug\lib_ascii.o
 .debug_info    0x00008e88      0xa1f .\CortexM3\ARM_GCC_541\Debug\os_cpu_c.o
 .debug_info    0x000098a7     0x1032 .\CortexM3\ARM_GCC_541\Debug\os_pend_multi.o
 .debug_info    0x0000a8d9      0x1f0 .\CortexM3\ARM_GCC_541\Debug\os_prio.o
 .debug_info    0x0000aac9     0x14dd .\CortexM3\ARM_GCC_541\Debug\os_q.o
 .debug_info    0x0000bfa6     0x13bd .\CortexM3\ARM_GCC_541\Debug\os_sem.o
 .debug_info    0x0000d363     0x1219 .\CortexM3\ARM_GCC_541\Debug\os_stat.o
 .debug_info    0x0000e57c     0x20a8 .\CortexM3\ARM_GCC_541\Debug\os_task.o
 .debug_info    0x00010624      0xfe0 .\CortexM3\ARM_GCC_541\Debug\os_tick.o
 .debug_info    0x00011604     0x10d8 .\CortexM3\ARM_GCC_541\Debug\os_time.o
 .debug_info    0x000126dc     0x16b7 .\CortexM3\ARM_GCC_541\Debug\os_tmr.o
 .debug_info    0x00013d93      0xf4c .\CortexM3\ARM_GCC_541\Debug\os_var.o
 .debug_info    0x00014cdf      0xbda .\CortexM3\ARM_GCC_541\Debug\os_cfg_app.o
 .debug_info    0x000158b9     0x1f24 .\CortexM3\ARM_GCC_541\Debug\os_core.o
 .debug_info    0x000177dd     0x1379 .\CortexM3\ARM_GCC_541\Debug\os_dbg.o
 .debug_info    0x00018b56     0x178f .\CortexM3\ARM_GCC_541\Debug\os_flag.o
 .debug_info    0x0001a2e5       0x87 .\CortexM3\ARM_GCC_541\Debug\os_int.o
 .debug_info    0x0001a36c      0x89b .\CortexM3\ARM_GCC_541\Debug\os_mem.o
 .debug_info    0x0001ac07      0x87b .\CortexM3\ARM_GCC_541\Debug\os_msg.o
 .debug_info    0x0001b482     0x13bd .\CortexM3\ARM_GCC_541\Debug\os_mutex.o
 .debug_info    0x0001c83f     0x176b .\CortexM3\ARM_GCC_541\Debug\bme280.o
 .debug_info    0x0001dfaa       0xae .\CortexM3\ARM_GCC_541\Debug\bme280_interface.o
 .debug_info    0x0001e058     0x107b .\CortexM3\ARM_GCC_541\Debug\max30102_interface.o
 .debug_info    0x0001f0d3     0x2aaf .\CortexM3\ARM_GCC_541\Debug\driver_max30102.o
 .debug_info    0x00021b82      0x605 .\CortexM3\ARM_GCC_541\Debug\cyfitter_cfg.o
 .debug_info    0x00022187      0x138 .\CortexM3\ARM_GCC_541\Debug\cymetadata.o
 .debug_info    0x000222bf      0x3cf .\CortexM3\ARM_GCC_541\Debug\Cm3Start.o
 .debug_info    0x0002268e       0x7c .\CortexM3\ARM_GCC_541\Debug\cpu_a.o
 .debug_info    0x0002270a       0x8f .\CortexM3\ARM_GCC_541\Debug\os_cpu_a.o
 .debug_info    0x00022799      0x7ae .\CortexM3\ARM_GCC_541\Debug\esw_uCOS3_cykit.a(UART_1.o)
 .debug_info    0x00022f47      0x186 .\CortexM3\ARM_GCC_541\Debug\esw_uCOS3_cykit.a(UART_1_INT.o)
 .debug_info    0x000230cd      0x11f .\CortexM3\ARM_GCC_541\Debug\esw_uCOS3_cykit.a(Pin_1.o)
 .debug_info    0x000231ec      0x283 .\CortexM3\ARM_GCC_541\Debug\esw_uCOS3_cykit.a(UART_1_IntClock.o)
 .debug_info    0x0002346f      0x94e .\CortexM3\ARM_GCC_541\Debug\esw_uCOS3_cykit.a(CyDmac.o)
 .debug_info    0x00023dbd     0x1374 .\CortexM3\ARM_GCC_541\Debug\esw_uCOS3_cykit.a(CyLib.o)
 .debug_info    0x00025131      0xa2a .\CortexM3\ARM_GCC_541\Debug\esw_uCOS3_cykit.a(cyPm.o)
 .debug_info    0x00025b5b      0x596 .\CortexM3\ARM_GCC_541\Debug\esw_uCOS3_cykit.a(SPIM_1.o)
 .debug_info    0x000260f1       0xb1 .\CortexM3\ARM_GCC_541\Debug\esw_uCOS3_cykit.a(SPIM_1_INT.o)
 .debug_info    0x000261a2      0x283 .\CortexM3\ARM_GCC_541\Debug\esw_uCOS3_cykit.a(SPIM_1_IntClock.o)
 .debug_info    0x00026425      0x11f .\CortexM3\ARM_GCC_541\Debug\esw_uCOS3_cykit.a(Pin_2.o)
 .debug_info    0x00026544      0x11f .\CortexM3\ARM_GCC_541\Debug\esw_uCOS3_cykit.a(push_button.o)
 .debug_info    0x00026663      0x2ab .\CortexM3\ARM_GCC_541\Debug\esw_uCOS3_cykit.a(I2C_1.o)
 .debug_info    0x0002690e      0x184 .\CortexM3\ARM_GCC_541\Debug\esw_uCOS3_cykit.a(I2C_1_INT.o)
 .debug_info    0x00026a92      0x207 .\CortexM3\ARM_GCC_541\Debug\esw_uCOS3_cykit.a(I2C_1_PM.o)
 .debug_info    0x00026c99      0x407 .\CortexM3\ARM_GCC_541\Debug\esw_uCOS3_cykit.a(I2C_1_MASTER.o)
 .debug_info    0x000270a0      0x295 .\CortexM3\ARM_GCC_541\Debug\esw_uCOS3_cykit.a(Timer_1.o)
 .debug_info    0x00027335      0x2d2 .\CortexM3\ARM_GCC_541\Debug\esw_uCOS3_cykit.a(Timer_ISR.o)
 .debug_info    0x00027607       0x88 .\CortexM3\ARM_GCC_541\Debug\esw_uCOS3_cykit.a(CyBootAsmGnu.o)
 .debug_info    0x0002768f      0x64d .\CortexM3\ARM_GCC_541\Debug\esw_uCOS3_cykit.a(CyFlash.o)
 .debug_info    0x00027cdc      0x550 .\CortexM3\ARM_GCC_541\Debug\esw_uCOS3_cykit.a(CySpc.o)

.debug_abbrev   0x00000000     0x58e9
 *(.debug_abbrev)
 .debug_abbrev  0x00000000      0x1a4 .\CortexM3\ARM_GCC_541\Debug\app.o
 .debug_abbrev  0x000001a4      0x127 .\CortexM3\ARM_GCC_541\Debug\os_app_hooks.o
 .debug_abbrev  0x000002cb      0x251 .\CortexM3\ARM_GCC_541\Debug\log_task.o
 .debug_abbrev  0x0000051c      0x187 .\CortexM3\ARM_GCC_541\Debug\bsp_os.o
 .debug_abbrev  0x000006a3      0x174 .\CortexM3\ARM_GCC_541\Debug\bsp.o
 .debug_abbrev  0x00000817       0xce .\CortexM3\ARM_GCC_541\Debug\cpu_bsp.o
 .debug_abbrev  0x000008e5       0x98 .\CortexM3\ARM_GCC_541\Debug\bsp_uart.o
 .debug_abbrev  0x0000097d       0xe7 .\CortexM3\ARM_GCC_541\Debug\bsp_gpio.o
 .debug_abbrev  0x00000a64      0x19e .\CortexM3\ARM_GCC_541\Debug\bsp_spi.o
 .debug_abbrev  0x00000c02      0x28f .\CortexM3\ARM_GCC_541\Debug\bsp_i2c.o
 .debug_abbrev  0x00000e91      0x155 .\CortexM3\ARM_GCC_541\Debug\cpu_c.o
 .debug_abbrev  0x00000fe6      0x1fa .\CortexM3\ARM_GCC_541\Debug\cpu_core.o
 .debug_abbrev  0x000011e0      0x116 .\CortexM3\ARM_GCC_541\Debug\lib_math.o
 .debug_abbrev  0x000012f6      0x12a .\CortexM3\ARM_GCC_541\Debug\lib_mem.o
 .debug_abbrev  0x00001420      0x19d .\CortexM3\ARM_GCC_541\Debug\lib_str.o
 .debug_abbrev  0x000015bd      0x105 .\CortexM3\ARM_GCC_541\Debug\lib_ascii.o
 .debug_abbrev  0x000016c2      0x21d .\CortexM3\ARM_GCC_541\Debug\os_cpu_c.o
 .debug_abbrev  0x000018df      0x1f0 .\CortexM3\ARM_GCC_541\Debug\os_pend_multi.o
 .debug_abbrev  0x00001acf       0xf1 .\CortexM3\ARM_GCC_541\Debug\os_prio.o
 .debug_abbrev  0x00001bc0      0x228 .\CortexM3\ARM_GCC_541\Debug\os_q.o
 .debug_abbrev  0x00001de8      0x226 .\CortexM3\ARM_GCC_541\Debug\os_sem.o
 .debug_abbrev  0x0000200e      0x1f6 .\CortexM3\ARM_GCC_541\Debug\os_stat.o
 .debug_abbrev  0x00002204      0x1f3 .\CortexM3\ARM_GCC_541\Debug\os_task.o
 .debug_abbrev  0x000023f7      0x224 .\CortexM3\ARM_GCC_541\Debug\os_tick.o
 .debug_abbrev  0x0000261b      0x1c8 .\CortexM3\ARM_GCC_541\Debug\os_time.o
 .debug_abbrev  0x000027e3      0x269 .\CortexM3\ARM_GCC_541\Debug\os_tmr.o
 .debug_abbrev  0x00002a4c       0xb7 .\CortexM3\ARM_GCC_541\Debug\os_var.o
 .debug_abbrev  0x00002b03       0xdc .\CortexM3\ARM_GCC_541\Debug\os_cfg_app.o
 .debug_abbrev  0x00002bdf      0x265 .\CortexM3\ARM_GCC_541\Debug\os_core.o
 .debug_abbrev  0x00002e44       0xfa .\CortexM3\ARM_GCC_541\Debug\os_dbg.o
 .debug_abbrev  0x00002f3e      0x226 .\CortexM3\ARM_GCC_541\Debug\os_flag.o
 .debug_abbrev  0x00003164       0x26 .\CortexM3\ARM_GCC_541\Debug\os_int.o
 .debug_abbrev  0x0000318a      0x190 .\CortexM3\ARM_GCC_541\Debug\os_mem.o
 .debug_abbrev  0x0000331a      0x184 .\CortexM3\ARM_GCC_541\Debug\os_msg.o
 .debug_abbrev  0x0000349e      0x219 .\CortexM3\ARM_GCC_541\Debug\os_mutex.o
 .debug_abbrev  0x000036b7      0x1d3 .\CortexM3\ARM_GCC_541\Debug\bme280.o
 .debug_abbrev  0x0000388a       0x4b .\CortexM3\ARM_GCC_541\Debug\bme280_interface.o
 .debug_abbrev  0x000038d5      0x219 .\CortexM3\ARM_GCC_541\Debug\max30102_interface.o
 .debug_abbrev  0x00003aee      0x20c .\CortexM3\ARM_GCC_541\Debug\driver_max30102.o
 .debug_abbrev  0x00003cfa      0x20d .\CortexM3\ARM_GCC_541\Debug\cyfitter_cfg.o
 .debug_abbrev  0x00003f07       0x77 .\CortexM3\ARM_GCC_541\Debug\cymetadata.o
 .debug_abbrev  0x00003f7e      0x1e8 .\CortexM3\ARM_GCC_541\Debug\Cm3Start.o
 .debug_abbrev  0x00004166       0x14 .\CortexM3\ARM_GCC_541\Debug\cpu_a.o
 .debug_abbrev  0x0000417a       0x14 .\CortexM3\ARM_GCC_541\Debug\os_cpu_a.o
 .debug_abbrev  0x0000418e      0x16f .\CortexM3\ARM_GCC_541\Debug\esw_uCOS3_cykit.a(UART_1.o)
 .debug_abbrev  0x000042fd       0xa2 .\CortexM3\ARM_GCC_541\Debug\esw_uCOS3_cykit.a(UART_1_INT.o)
 .debug_abbrev  0x0000439f       0x90 .\CortexM3\ARM_GCC_541\Debug\esw_uCOS3_cykit.a(Pin_1.o)
 .debug_abbrev  0x0000442f      0x139 .\CortexM3\ARM_GCC_541\Debug\esw_uCOS3_cykit.a(UART_1_IntClock.o)
 .debug_abbrev  0x00004568      0x1b2 .\CortexM3\ARM_GCC_541\Debug\esw_uCOS3_cykit.a(CyDmac.o)
 .debug_abbrev  0x0000471a      0x254 .\CortexM3\ARM_GCC_541\Debug\esw_uCOS3_cykit.a(CyLib.o)
 .debug_abbrev  0x0000496e      0x1ab .\CortexM3\ARM_GCC_541\Debug\esw_uCOS3_cykit.a(cyPm.o)
 .debug_abbrev  0x00004b19      0x15f .\CortexM3\ARM_GCC_541\Debug\esw_uCOS3_cykit.a(SPIM_1.o)
 .debug_abbrev  0x00004c78       0x42 .\CortexM3\ARM_GCC_541\Debug\esw_uCOS3_cykit.a(SPIM_1_INT.o)
 .debug_abbrev  0x00004cba      0x139 .\CortexM3\ARM_GCC_541\Debug\esw_uCOS3_cykit.a(SPIM_1_IntClock.o)
 .debug_abbrev  0x00004df3       0x90 .\CortexM3\ARM_GCC_541\Debug\esw_uCOS3_cykit.a(Pin_2.o)
 .debug_abbrev  0x00004e83       0x90 .\CortexM3\ARM_GCC_541\Debug\esw_uCOS3_cykit.a(push_button.o)
 .debug_abbrev  0x00004f13      0x10a .\CortexM3\ARM_GCC_541\Debug\esw_uCOS3_cykit.a(I2C_1.o)
 .debug_abbrev  0x0000501d       0xb6 .\CortexM3\ARM_GCC_541\Debug\esw_uCOS3_cykit.a(I2C_1_INT.o)
 .debug_abbrev  0x000050d3       0xfe .\CortexM3\ARM_GCC_541\Debug\esw_uCOS3_cykit.a(I2C_1_PM.o)
 .debug_abbrev  0x000051d1      0x13c .\CortexM3\ARM_GCC_541\Debug\esw_uCOS3_cykit.a(I2C_1_MASTER.o)
 .debug_abbrev  0x0000530d      0x11a .\CortexM3\ARM_GCC_541\Debug\esw_uCOS3_cykit.a(Timer_1.o)
 .debug_abbrev  0x00005427      0x173 .\CortexM3\ARM_GCC_541\Debug\esw_uCOS3_cykit.a(Timer_ISR.o)
 .debug_abbrev  0x0000559a       0x14 .\CortexM3\ARM_GCC_541\Debug\esw_uCOS3_cykit.a(CyBootAsmGnu.o)
 .debug_abbrev  0x000055ae      0x1a7 .\CortexM3\ARM_GCC_541\Debug\esw_uCOS3_cykit.a(CyFlash.o)
 .debug_abbrev  0x00005755      0x194 .\CortexM3\ARM_GCC_541\Debug\esw_uCOS3_cykit.a(CySpc.o)

.debug_line     0x00000000     0x842d
 *(.debug_line)
 .debug_line    0x00000000      0x211 .\CortexM3\ARM_GCC_541\Debug\app.o
 .debug_line    0x00000211      0x147 .\CortexM3\ARM_GCC_541\Debug\os_app_hooks.o
 .debug_line    0x00000358      0x36a .\CortexM3\ARM_GCC_541\Debug\log_task.o
 .debug_line    0x000006c2      0x112 .\CortexM3\ARM_GCC_541\Debug\bsp_os.o
 .debug_line    0x000007d4      0x176 .\CortexM3\ARM_GCC_541\Debug\bsp.o
 .debug_line    0x0000094a       0xaf .\CortexM3\ARM_GCC_541\Debug\cpu_bsp.o
 .debug_line    0x000009f9       0xa4 .\CortexM3\ARM_GCC_541\Debug\bsp_uart.o
 .debug_line    0x00000a9d      0x114 .\CortexM3\ARM_GCC_541\Debug\bsp_gpio.o
 .debug_line    0x00000bb1      0x1f9 .\CortexM3\ARM_GCC_541\Debug\bsp_spi.o
 .debug_line    0x00000daa      0x34c .\CortexM3\ARM_GCC_541\Debug\bsp_i2c.o
 .debug_line    0x000010f6      0x1a8 .\CortexM3\ARM_GCC_541\Debug\cpu_c.o
 .debug_line    0x0000129e      0x260 .\CortexM3\ARM_GCC_541\Debug\cpu_core.o
 .debug_line    0x000014fe       0xb9 .\CortexM3\ARM_GCC_541\Debug\lib_math.o
 .debug_line    0x000015b7      0x197 .\CortexM3\ARM_GCC_541\Debug\lib_mem.o
 .debug_line    0x0000174e      0x4f8 .\CortexM3\ARM_GCC_541\Debug\lib_str.o
 .debug_line    0x00001c46      0x20e .\CortexM3\ARM_GCC_541\Debug\lib_ascii.o
 .debug_line    0x00001e54      0x1e6 .\CortexM3\ARM_GCC_541\Debug\os_cpu_c.o
 .debug_line    0x0000203a      0x191 .\CortexM3\ARM_GCC_541\Debug\os_pend_multi.o
 .debug_line    0x000021cb       0xf6 .\CortexM3\ARM_GCC_541\Debug\os_prio.o
 .debug_line    0x000022c1      0x264 .\CortexM3\ARM_GCC_541\Debug\os_q.o
 .debug_line    0x00002525      0x25e .\CortexM3\ARM_GCC_541\Debug\os_sem.o
 .debug_line    0x00002783      0x1a7 .\CortexM3\ARM_GCC_541\Debug\os_stat.o
 .debug_line    0x0000292a      0x53b .\CortexM3\ARM_GCC_541\Debug\os_task.o
 .debug_line    0x00002e65      0x1f2 .\CortexM3\ARM_GCC_541\Debug\os_tick.o
 .debug_line    0x00003057      0x198 .\CortexM3\ARM_GCC_541\Debug\os_time.o
 .debug_line    0x000031ef      0x317 .\CortexM3\ARM_GCC_541\Debug\os_tmr.o
 .debug_line    0x00003506       0x7f .\CortexM3\ARM_GCC_541\Debug\os_var.o
 .debug_line    0x00003585       0xaf .\CortexM3\ARM_GCC_541\Debug\os_cfg_app.o
 .debug_line    0x00003634      0x5c9 .\CortexM3\ARM_GCC_541\Debug\os_core.o
 .debug_line    0x00003bfd       0xab .\CortexM3\ARM_GCC_541\Debug\os_dbg.o
 .debug_line    0x00003ca8      0x301 .\CortexM3\ARM_GCC_541\Debug\os_flag.o
 .debug_line    0x00003fa9       0x1d .\CortexM3\ARM_GCC_541\Debug\os_int.o
 .debug_line    0x00003fc6      0x14a .\CortexM3\ARM_GCC_541\Debug\os_mem.o
 .debug_line    0x00004110      0x17a .\CortexM3\ARM_GCC_541\Debug\os_msg.o
 .debug_line    0x0000428a      0x25b .\CortexM3\ARM_GCC_541\Debug\os_mutex.o
 .debug_line    0x000044e5      0x525 .\CortexM3\ARM_GCC_541\Debug\bme280.o
 .debug_line    0x00004a0a      0x13f .\CortexM3\ARM_GCC_541\Debug\bme280_interface.o
 .debug_line    0x00004b49      0x39f .\CortexM3\ARM_GCC_541\Debug\max30102_interface.o
 .debug_line    0x00004ee8      0x8e3 .\CortexM3\ARM_GCC_541\Debug\driver_max30102.o
 .debug_line    0x000057cb      0x1f8 .\CortexM3\ARM_GCC_541\Debug\cyfitter_cfg.o
 .debug_line    0x000059c3      0x141 .\CortexM3\ARM_GCC_541\Debug\cymetadata.o
 .debug_line    0x00005b04      0x241 .\CortexM3\ARM_GCC_541\Debug\Cm3Start.o
 .debug_line    0x00005d45       0x70 .\CortexM3\ARM_GCC_541\Debug\cpu_a.o
 .debug_line    0x00005db5       0x9a .\CortexM3\ARM_GCC_541\Debug\os_cpu_a.o
 .debug_line    0x00005e4f      0x33f .\CortexM3\ARM_GCC_541\Debug\esw_uCOS3_cykit.a(UART_1.o)
 .debug_line    0x0000618e       0xa9 .\CortexM3\ARM_GCC_541\Debug\esw_uCOS3_cykit.a(UART_1_INT.o)
 .debug_line    0x00006237       0x92 .\CortexM3\ARM_GCC_541\Debug\esw_uCOS3_cykit.a(Pin_1.o)
 .debug_line    0x000062c9      0x17e .\CortexM3\ARM_GCC_541\Debug\esw_uCOS3_cykit.a(UART_1_IntClock.o)
 .debug_line    0x00006447      0x2e4 .\CortexM3\ARM_GCC_541\Debug\esw_uCOS3_cykit.a(CyDmac.o)
 .debug_line    0x0000672b      0x816 .\CortexM3\ARM_GCC_541\Debug\esw_uCOS3_cykit.a(CyLib.o)
 .debug_line    0x00006f41      0x367 .\CortexM3\ARM_GCC_541\Debug\esw_uCOS3_cykit.a(cyPm.o)
 .debug_line    0x000072a8      0x257 .\CortexM3\ARM_GCC_541\Debug\esw_uCOS3_cykit.a(SPIM_1.o)
 .debug_line    0x000074ff       0x63 .\CortexM3\ARM_GCC_541\Debug\esw_uCOS3_cykit.a(SPIM_1_INT.o)
 .debug_line    0x00007562      0x17e .\CortexM3\ARM_GCC_541\Debug\esw_uCOS3_cykit.a(SPIM_1_IntClock.o)
 .debug_line    0x000076e0       0x93 .\CortexM3\ARM_GCC_541\Debug\esw_uCOS3_cykit.a(Pin_2.o)
 .debug_line    0x00007773       0x98 .\CortexM3\ARM_GCC_541\Debug\esw_uCOS3_cykit.a(push_button.o)
 .debug_line    0x0000780b       0xdf .\CortexM3\ARM_GCC_541\Debug\esw_uCOS3_cykit.a(I2C_1.o)
 .debug_line    0x000078ea      0x118 .\CortexM3\ARM_GCC_541\Debug\esw_uCOS3_cykit.a(I2C_1_INT.o)
 .debug_line    0x00007a02       0xbf .\CortexM3\ARM_GCC_541\Debug\esw_uCOS3_cykit.a(I2C_1_PM.o)
 .debug_line    0x00007ac1      0x201 .\CortexM3\ARM_GCC_541\Debug\esw_uCOS3_cykit.a(I2C_1_MASTER.o)
 .debug_line    0x00007cc2      0x155 .\CortexM3\ARM_GCC_541\Debug\esw_uCOS3_cykit.a(Timer_1.o)
 .debug_line    0x00007e17      0x136 .\CortexM3\ARM_GCC_541\Debug\esw_uCOS3_cykit.a(Timer_ISR.o)
 .debug_line    0x00007f4d       0x66 .\CortexM3\ARM_GCC_541\Debug\esw_uCOS3_cykit.a(CyBootAsmGnu.o)
 .debug_line    0x00007fb3      0x21a .\CortexM3\ARM_GCC_541\Debug\esw_uCOS3_cykit.a(CyFlash.o)
 .debug_line    0x000081cd      0x260 .\CortexM3\ARM_GCC_541\Debug\esw_uCOS3_cykit.a(CySpc.o)

.debug_frame    0x00000000     0x5170
 *(.debug_frame)
 .debug_frame   0x00000000       0x54 .\CortexM3\ARM_GCC_541\Debug\app.o
 .debug_frame   0x00000054       0xc8 .\CortexM3\ARM_GCC_541\Debug\os_app_hooks.o
 .debug_frame   0x0000011c       0xc4 .\CortexM3\ARM_GCC_541\Debug\log_task.o
 .debug_frame   0x000001e0       0x88 .\CortexM3\ARM_GCC_541\Debug\bsp_os.o
 .debug_frame   0x00000268       0xdc .\CortexM3\ARM_GCC_541\Debug\bsp.o
 .debug_frame   0x00000344       0x4c .\CortexM3\ARM_GCC_541\Debug\cpu_bsp.o
 .debug_frame   0x00000390       0x64 .\CortexM3\ARM_GCC_541\Debug\bsp_uart.o
 .debug_frame   0x000003f4       0x84 .\CortexM3\ARM_GCC_541\Debug\bsp_gpio.o
 .debug_frame   0x00000478       0x4c .\CortexM3\ARM_GCC_541\Debug\bsp_spi.o
 .debug_frame   0x000004c4       0xf0 .\CortexM3\ARM_GCC_541\Debug\bsp_i2c.o
 .debug_frame   0x000005b4       0xdc .\CortexM3\ARM_GCC_541\Debug\cpu_c.o
 .debug_frame   0x00000690      0x208 .\CortexM3\ARM_GCC_541\Debug\cpu_core.o
 .debug_frame   0x00000898       0x78 .\CortexM3\ARM_GCC_541\Debug\lib_math.o
 .debug_frame   0x00000910       0xcc .\CortexM3\ARM_GCC_541\Debug\lib_mem.o
 .debug_frame   0x000009dc      0x41c .\CortexM3\ARM_GCC_541\Debug\lib_str.o
 .debug_frame   0x00000df8      0x120 .\CortexM3\ARM_GCC_541\Debug\lib_ascii.o
 .debug_frame   0x00000f18      0x138 .\CortexM3\ARM_GCC_541\Debug\os_cpu_c.o
 .debug_frame   0x00001050       0xa4 .\CortexM3\ARM_GCC_541\Debug\os_pend_multi.o
 .debug_frame   0x000010f4       0x5c .\CortexM3\ARM_GCC_541\Debug\os_prio.o
 .debug_frame   0x00001150      0x194 .\CortexM3\ARM_GCC_541\Debug\os_q.o
 .debug_frame   0x000012e4      0x180 .\CortexM3\ARM_GCC_541\Debug\os_sem.o
 .debug_frame   0x00001464       0xa4 .\CortexM3\ARM_GCC_541\Debug\os_stat.o
 .debug_frame   0x00001508      0x3b8 .\CortexM3\ARM_GCC_541\Debug\os_task.o
 .debug_frame   0x000018c0       0xd0 .\CortexM3\ARM_GCC_541\Debug\os_tick.o
 .debug_frame   0x00001990       0xdc .\CortexM3\ARM_GCC_541\Debug\os_time.o
 .debug_frame   0x00001a6c      0x1c0 .\CortexM3\ARM_GCC_541\Debug\os_tmr.o
 .debug_frame   0x00001c2c       0x20 .\CortexM3\ARM_GCC_541\Debug\os_cfg_app.o
 .debug_frame   0x00001c4c      0x424 .\CortexM3\ARM_GCC_541\Debug\os_core.o
 .debug_frame   0x00002070       0x20 .\CortexM3\ARM_GCC_541\Debug\os_dbg.o
 .debug_frame   0x00002090      0x1bc .\CortexM3\ARM_GCC_541\Debug\os_flag.o
 .debug_frame   0x0000224c       0x9c .\CortexM3\ARM_GCC_541\Debug\os_mem.o
 .debug_frame   0x000022e8       0xb8 .\CortexM3\ARM_GCC_541\Debug\os_msg.o
 .debug_frame   0x000023a0      0x13c .\CortexM3\ARM_GCC_541\Debug\os_mutex.o
 .debug_frame   0x000024dc      0x45c .\CortexM3\ARM_GCC_541\Debug\bme280.o