Archive member included to satisfy reference by file (symbol)

.\CortexM3\ARM_GCC_541\Debug\esw_uCOS3_cykit.a(UART_1.o)
                              .\CortexM3\ARM_GCC_541\Debug\bsp_uart.o (UART_1_Start)
.\CortexM3\ARM_GCC_541\Debug\esw_uCOS3_cykit.a(UART_1_INT.o)
                              .\CortexM3\ARM_GCC_541\Debug\esw_uCOS3_cykit.a(UART_1.o) (UART_1_RXISR)
.\CortexM3\ARM_GCC_541\Debug\esw_uCOS3_cykit.a(Pin_1.o)
                              .\CortexM3\ARM_GCC_541\Debug\bsp_gpio.o (Pin_1_Write)
.\CortexM3\ARM_GCC_541\Debug\esw_uCOS3_cykit.a(UART_1_IntClock.o)
                              .\CortexM3\ARM_GCC_541\Debug\esw_uCOS3_cykit.a(UART_1.o) (UART_1_IntClock_Start)
.\CortexM3\ARM_GCC_541\Debug\esw_uCOS3_cykit.a(CyDmac.o)
                              .\CortexM3\ARM_GCC_541\Debug\Cm3Start.o (CyDmacConfigure)
.\CortexM3\ARM_GCC_541\Debug\esw_uCOS3_cykit.a(CyLib.o)
                              .\CortexM3\ARM_GCC_541\Debug\Cm3Start.o (CyHalt)
.\CortexM3\ARM_GCC_541\Debug\esw_uCOS3_cykit.a(cyPm.o)
                              .\CortexM3\ARM_GCC_541\Debug\esw_uCOS3_cykit.a(CyLib.o) (CyPmReadStatus)
.\CortexM3\ARM_GCC_541\Debug\esw_uCOS3_cykit.a(Pin_2.o)
                              .\CortexM3\ARM_GCC_541\Debug\bsp_gpio.o (Pin_2_Write)
.\CortexM3\ARM_GCC_541\Debug\esw_uCOS3_cykit.a(push_button.o)
                              .\CortexM3\ARM_GCC_541\Debug\bsp_gpio.o (push_button_Write)
.\CortexM3\ARM_GCC_541\Debug\esw_uCOS3_cykit.a(I2C_1.o)
                              .\CortexM3\ARM_GCC_541\Debug\bsp_i2c.o (I2C_1_Start)
.\CortexM3\ARM_GCC_541\Debug\esw_uCOS3_cykit.a(I2C_1_INT.o)
                              .\CortexM3\ARM_GCC_541\Debug\esw_uCOS3_cykit.a(I2C_1.o) (I2C_1_ISR)
.\CortexM3\ARM_GCC_541\Debug\esw_uCOS3_cykit.a(I2C_1_PM.o)
                              .\CortexM3\ARM_GCC_541\Debug\esw_uCOS3_cykit.a(I2C_1.o) (I2C_1_backup)
.\CortexM3\ARM_GCC_541\Debug\esw_uCOS3_cykit.a(I2C_1_MASTER.o)
                              .\CortexM3\ARM_GCC_541\Debug\esw_uCOS3_cykit.a(I2C_1.o) (I2C_1_mstrStatus)
.\CortexM3\ARM_GCC_541\Debug\esw_uCOS3_cykit.a(Timer_1.o)
                              .\CortexM3\ARM_GCC_541\Debug\bsp_i2c.o (Timer_1_Start)
.\CortexM3\ARM_GCC_541\Debug\esw_uCOS3_cykit.a(Timer_ISR.o)
                              .\CortexM3\ARM_GCC_541\Debug\bsp_i2c.o (Timer_ISR_StartEx)
.\CortexM3\ARM_GCC_541\Debug\esw_uCOS3_cykit.a(CyBootAsmGnu.o)
                              .\CortexM3\ARM_GCC_541\Debug\cyfitter_cfg.o (CyDelayCycles)
.\CortexM3\ARM_GCC_541\Debug\esw_uCOS3_cykit.a(CyFlash.o)
                              .\CortexM3\ARM_GCC_541\Debug\esw_uCOS3_cykit.a(cyPm.o) (CyFlash_SetWaitCycles)
.\CortexM3\ARM_GCC_541\Debug\esw_uCOS3_cykit.a(CySpc.o)
                              .\CortexM3\ARM_GCC_541\Debug\esw_uCOS3_cykit.a(CyFlash.o) (CySpcStart)
c:/program files (x86)/cypress/psoc creator/4.4/psoc creator/import/gnu/arm/5.4.1/bin/../lib/gcc/arm-none-eabi/5.4.1/armv7-m\libgcc.a(_arm_addsubsf3.o)
                              .\CortexM3\ARM_GCC_541\Debug\driver_max30102.o (__aeabi_fadd)
c:/program files (x86)/cypress/psoc creator/4.4/psoc creator/import/gnu/arm/5.4.1/bin/../lib/gcc/arm-none-eabi/5.4.1/armv7-m\libgcc.a(_arm_muldivsf3.o)
                              .\CortexM3\ARM_GCC_541\Debug\driver_max30102.o (__aeabi_fmul)
c:/program files (x86)/cypress/psoc creator/4.4/psoc creator/import/gnu/arm/5.4.1/bin/../lib/gcc/arm-none-eabi/5.4.1/armv7-m\libgcc.a(_aeabi_ldivmod.o)
                              .\CortexM3\ARM_GCC_541\Debug\bme68x.o (__aeabi_ldivmod)
c:/program files (x86)/cypress/psoc creator/4.4/psoc creator/import/gnu/arm/5.4.1/bin/../lib/gcc/arm-none-eabi/5.4.1/armv7-m\libgcc.a(_udivmoddi4.o)
                              c:/program files (x86)/cypress/psoc creator/4.4/psoc creator/import/gnu/arm/5.4.1/bin/../lib/gcc/arm-none-eabi/5.4.1/armv7-m\libgcc.a(_aeabi_ldivmod.o) (__udivmoddi4)
c:/program files (x86)/cypress/psoc creator/4.4/psoc creator/import/gnu/arm/5.4.1/bin/../lib/gcc/arm-none-eabi/5.4.1/armv7-m\libgcc.a(_dvmd_tls.o)
                              c:/program files (x86)/cypress/psoc creator/4.4/psoc creator/import/gnu/arm/5.4.1/bin/../lib/gcc/arm-none-eabi/5.4.1/armv7-m\libgcc.a(_aeabi_ldivmod.o) (__aeabi_ldiv0)
c:/program files (x86)/cypress/psoc creator/4.4/psoc creator/import/gnu/arm/5.4.1/bin/../lib/gcc/arm-none-eabi/5.4.1/../../../../arm-none-eabi/lib/armv7-m\libg_nano.a(lib_a-errno.o)
                              .\CortexM3\ARM_GCC_541\Debug\Cm3Start.o (__errno)
c:/program files (x86)/cypress/psoc creator/4.4/psoc creator/import/gnu/arm/5.4.1/bin/../lib/gcc/arm-none-eabi/5.4.1/../../../../arm-none-eabi/lib/armv7-m\libg_nano.a(lib_a-exit.o)
                              c:/program files (x86)/cypress/psoc creator/4.4/psoc creator/import/gnu/arm/5.4.1/bin/../lib/gcc/arm-none-eabi/5.4.1/../../../../arm-none-eabi/lib/armv7-m/crt0.o (exit)
[...]
Memory Configuration

Name             Origin             Length             Attributes
rom              0x00000000         0x00040000         xr
ram              0x1fff8000         0x00010000         xrw
*default*        0x00000000         0xffffffff

Linker script and memory map

LOAD c:/program files (x86)/cypress/psoc creator/4.4/psoc creator/import/gnu/arm/5.4.1/bin/../lib/gcc/arm-none-eabi/5.4.1/armv7-m/crti.o
LOAD c:/program files (x86)/cypress/psoc creator/4.4/psoc creator/import/gnu/arm/5.4.1/bin/../lib/gcc/arm-none-eabi/5.4.1/armv7-m/crtbegin.o
LOAD c:/program files (x86)/cypress/psoc creator/4.4/psoc creator/import/gnu/arm/5.4.1/bin/../lib/gcc/arm-none-eabi/5.4.1/../../../../arm-none-eabi/lib/armv7-m/crt0.o
START GROUP
LOAD .\CortexM3\ARM_GCC_541\Debug\app.o
LOAD .\CortexM3\ARM_GCC_541\Debug\os_app_hooks.o
LOAD .\CortexM3\ARM_GCC_541\Debug\log_task.o
LOAD .\CortexM3\ARM_GCC_541\Debug\heartbeatSensor.o
LOAD .\CortexM3\ARM_GCC_541\Debug\environmentSensor.o
LOAD .\CortexM3\ARM_GCC_541\Debug\data_processing_task.o
LOAD .\CortexM3\ARM_GCC_541\Debug\bsp_os.o
LOAD .\CortexM3\ARM_GCC_541\Debug\bsp.o
LOAD .\CortexM3\ARM_GCC_541\Debug\cpu_bsp.o
LOAD .\CortexM3\ARM_GCC_541\Debug\bsp_uart.o
LOAD .\CortexM3\ARM_GCC_541\Debug\bsp_gpio.o
LOAD .\CortexM3\ARM_GCC_541\Debug\bsp_i2c.o
LOAD .\CortexM3\ARM_GCC_541\Debug\cpu_c.o
LOAD .\CortexM3\ARM_GCC_541\Debug\cpu_core.o
LOAD .\CortexM3\ARM_GCC_541\Debug\lib_math.o
LOAD .\CortexM3\ARM_GCC_541\Debug\lib_mem.o
LOAD .\CortexM3\ARM_GCC_541\Debug\lib_str.o
LOAD .\CortexM3\ARM_GCC_541\Debug\lib_ascii.o
LOAD .\CortexM3\ARM_GCC_541\Debug\os_cpu_c.o
LOAD .\CortexM3\ARM_GCC_541\Debug\os_pend_multi.o
LOAD .\CortexM3\ARM_GCC_541\Debug\os_prio.o
LOAD .\CortexM3\ARM_GCC_541\Debug\os_q.o
LOAD .\CortexM3\ARM_GCC_541\Debug\os_sem.o
LOAD .\CortexM3\ARM_GCC_541\Debug\os_stat.o
LOAD .\CortexM3\ARM_GCC_541\Debug\os_task.o
LOAD .\CortexM3\ARM_GCC_541\Debug\os_tick.o
LOAD .\CortexM3\ARM_GCC_541\Debug\os_time.o
LOAD .\CortexM3\ARM_GCC_541\Debug\os_tmr.o
LOAD .\CortexM3\ARM_GCC_541\Debug\os_var.o
LOAD .\CortexM3\ARM_GCC_541\Debug\os_cfg_app.o
LOAD .\CortexM3\ARM_GCC_541\Debug\os_core.o
LOAD .\CortexM3\ARM_GCC_541\Debug\os_dbg.o
LOAD .\CortexM3\ARM_GCC_541\Debug\os_flag.o
LOAD .\CortexM3\ARM_GCC_541\Debug\os_int.o
LOAD .\CortexM3\ARM_GCC_541\Debug\os_mem.o
LOAD .\CortexM3\ARM_GCC_541\Debug\os_msg.o
LOAD .\CortexM3\ARM_GCC_541\Debug\os_mutex.o
LOAD .\CortexM3\ARM_GCC_541\Debug\max30102_interface.o
LOAD .\CortexM3\ARM_GCC_541\Debug\driver_max30102.o
LOAD .\CortexM3\ARM_GCC_541\Debug\bme68x.o
LOAD .\CortexM3\ARM_GCC_541\Debug\cyfitter_cfg.o
LOAD .\CortexM3\ARM_GCC_541\Debug\cymetadata.o
LOAD .\CortexM3\ARM_GCC_541\Debug\Cm3Start.o
LOAD .\CortexM3\ARM_GCC_541\Debug\cpu_a.o
LOAD .\CortexM3\ARM_GCC_541\Debug\os_cpu_a.o
LOAD .\CortexM3\ARM_GCC_541\Debug\esw_uCOS3_cykit.a
LOAD C:\Program Files (x86)\Cypress\PSoC Creator\4.4\PSoC Creator\psoc\content\cycomponentlibrary\CyComponentLibrary.cylib\CortexM3\ARM_GCC_541\Debug\CyComponentLibrary.a
END GROUP
START GROUP
LOAD c:/program files (x86)/cypress/psoc creator/4.4/psoc creator/import/gnu/arm/5.4.1/bin/../lib/gcc/arm-none-eabi/5.4.1/armv7-m\libgcc.a
LOAD c:/program files (x86)/cypress/psoc creator/4.4/psoc creator/import/gnu/arm/5.4.1/bin/../lib/gcc/arm-none-eabi/5.4.1/../../../../arm-none-eabi/lib/armv7-m\libg_nano.a
LOAD c:/program files (x86)/cypress/psoc creator/4.4/psoc creator/import/gnu/arm/5.4.1/bin/../lib/gcc/arm-none-eabi/5.4.1/../../../../arm-none-eabi/lib/armv7-m\libc_nano.a
END GROUP
START GROUP
LOAD c:/program files (x86)/cypress/psoc creator/4.4/psoc creator/import/gnu/arm/5.4.1/bin/../lib/gcc/arm-none-eabi/5.4.1/armv7-m\libgcc.a
LOAD c:/program files (x86)/cypress/psoc creator/4.4/psoc creator/import/gnu/arm/5.4.1/bin/../lib/gcc/arm-none-eabi/5.4.1/../../../../arm-none-eabi/lib/armv7-m\libc_nano.a
END GROUP
LOAD c:/program files (x86)/cypress/psoc creator/4.4/psoc creator/import/gnu/arm/5.4.1/bin/../lib/gcc/arm-none-eabi/5.4.1/armv7-m/crtend.o
LOAD c:/program files (x86)/cypress/psoc creator/4.4/psoc creator/import/gnu/arm/5.4.1/bin/../lib/gcc/arm-none-eabi/5.4.1/armv7-m/crtn.o
START GROUP
LOAD c:/program files (x86)/cypress/psoc creator/4.4/psoc creator/import/gnu/arm/5.4.1/bin/../lib/gcc/arm-none-eabi/5.4.1/armv7-m\libgcc.a
LOAD c:/program files (x86)/cypress/psoc creator/4.4/psoc creator/import/gnu/arm/5.4.1/bin/../lib/gcc/arm-none-eabi/5.4.1/../../../../arm-none-eabi/lib/armv7-m\libc.a
LOAD c:/program files (x86)/cypress/psoc creator/4.4/psoc creator/import/gnu/arm/5.4.1/bin/../lib/gcc/arm-none-eabi/5.4.1/../../../../arm-none-eabi/lib/armv7-m\libnosys.a
END GROUP
                0x00000000                CY_APPL_ORIGIN = 0x0
                0x00000100                CY_FLASH_ROW_SIZE = 0x100
                0x00000020                CY_ECC_ROW_SIZE = 0x20
                0x00000000                CY_EE_IN_BTLDR = 0x0
                0x00000000                CY_APPL_LOADABLE = 0x0
                0x00000800                CY_EE_SIZE = 0x800
                0x00000001                CY_APPL_NUM = 0x1
                0x00000001                CY_APPL_MAX = 0x1
                0x00000040                CY_METADATA_SIZE = 0x40
                0x00000000                CY_APPL_LOADABLE = 0x0
                0x00000000                CY_CHECKSUM_EXCLUDE_SIZE = ALIGN (0x0, CY_FLASH_ROW_SIZE)
                [!provide]                PROVIDE (__cy_heap_start, _end)
                0x00000001                PROVIDE (__cy_region_num, ((__cy_regions_end - __cy_regions) / 0x10))
                0x20008000                PROVIDE (__cy_stack, (ORIGIN (ram) + LENGTH (ram)))
                [!provide]                PROVIDE (__cy_heap_end, (__cy_stack - 0x800))

.cybootloader   0x00000000        0x0
 *(.cybootloader)
                0x00000000                appl1_start = CY_APPL_ORIGIN?CY_APPL_ORIGIN:ALIGN (CY_FLASH_ROW_SIZE)
                0x0001ff00                appl2_start = (appl1_start + ALIGN ((((LENGTH (rom) - appl1_start) - (0x2 * CY_FLASH_ROW_SIZE)) / 0x2), CY_FLASH_ROW_SIZE))
                0x00000000                appl_start = (CY_APPL_NUM == 0x1)?appl1_start:appl2_start
                0x00000000                ecc_offset = ((appl_start / CY_FLASH_ROW_SIZE) * CY_ECC_ROW_SIZE)
                0x00000000                ee_offset = (CY_APPL_LOADABLE && ! (CY_EE_IN_BTLDR))?((CY_EE_SIZE / CY_APPL_MAX) * (CY_APPL_NUM - 0x1)):0x0
                0x00000800                ee_size = (CY_APPL_LOADABLE && ! (CY_EE_IN_BTLDR))?(CY_EE_SIZE / CY_APPL_MAX):CY_EE_SIZE
                [!provide]                PROVIDE (CY_ECC_OFFSET, ecc_offset)

.text           0x00000000     0x75b0
 CREATE_OBJECT_SYMBOLS
                0x00000000                PROVIDE (__cy_interrupt_vector, RomVectors)
 *(.romvectors)
 .romvectors    0x00000000       0x10 .\CortexM3\ARM_GCC_541\Debug\Cm3Start.o
                0x00000000                RomVectors
                0x00000001                ASSERT ((. != __cy_interrupt_vector), No interrupt vector)
                0x00000001                ASSERT (CY_APPL_ORIGIN?(SIZEOF (.cybootloader) <= CY_APPL_ORIGIN):0x1, Wrong image location)
                0x00000010                PROVIDE (__cy_reset, Reset)
 *(.text.Reset)
 .text.Reset    0x00000010       0x18 .\CortexM3\ARM_GCC_541\Debug\Cm3Start.o
                0x00000010                Reset
                0x00000001                ASSERT ((. != __cy_reset), No reset code)
 *(.dma_init)
                0x00000001                ASSERT ((((appl_start + .) <= 0x10000) || 0x1), DMA Init must be within the first 64k of flash)
 *(.text .text.* .gnu.linkonce.t.*)
 .text          0x00000028       0x5c c:/program files (x86)/cypress/psoc creator/4.4/psoc creator/import/gnu/arm/5.4.1/bin/../lib/gcc/arm-none-eabi/5.4.1/armv7-m/crtbegin.o
 .text.App_TaskStart
                0x00000084       0x78 .\CortexM3\ARM_GCC_541\Debug\app.o
 .text.main     0x000000fc       0x60 .\CortexM3\ARM_GCC_541\Debug\app.o
                0x000000fc                main
 .text.Log_LevelToString
                0x0000015c       0x88 .\CortexM3\ARM_GCC_541\Debug\log_task.o
 .text.Log_PrintErrorWithCode
                0x000001e4       0x2c .\CortexM3\ARM_GCC_541\Debug\log_task.o
 .text.Log_Task
                0x00000210       0xe4 .\CortexM3\ARM_GCC_541\Debug\log_task.o
 .text.Log_Init
                0x000002f4       0x58 .\CortexM3\ARM_GCC_541\Debug\log_task.o
                0x000002f4                Log_Init
 .text.Log_Write
                0x0000034c       0xb0 .\CortexM3\ARM_GCC_541\Debug\log_task.o
                0x0000034c                Log_Write
 .text.MAX30102_Init
                0x000003fc       0x78 .\CortexM3\ARM_GCC_541\Debug\heartbeatSensor.o
                0x000003fc                MAX30102_Init
 .text.enqueueHeartRate
                0x00000474       0x84 .\CortexM3\ARM_GCC_541\Debug\heartbeatSensor.o
                0x00000474                enqueueHeartRate
 .text.updateHeartRate
                0x000004f8       0xd0 .\CortexM3\ARM_GCC_541\Debug\heartbeatSensor.o
                0x000004f8                updateHeartRate
 .text.enqueueSpO2
                0x000005c8       0x84 .\CortexM3\ARM_GCC_541\Debug\heartbeatSensor.o
                0x000005c8                enqueueSpO2
 .text.calculateSpO2
                0x0000064c       0x58 .\CortexM3\ARM_GCC_541\Debug\heartbeatSensor.o
                0x0000064c                calculateSpO2
 .text.updateSpO2
                0x000006a4       0x28 .\CortexM3\ARM_GCC_541\Debug\heartbeatSensor.o
                0x000006a4                updateSpO2
 .text.averageDCEstimator
                0x000006cc       0x14 .\CortexM3\ARM_GCC_541\Debug\heartbeatSensor.o
                0x000006cc                averageDCEstimator
 .text.mul16    0x000006e0        0x8 .\CortexM3\ARM_GCC_541\Debug\heartbeatSensor.o
                0x000006e0                mul16
 .text.lowPassFIRFilter
                0x000006e8       0x80 .\CortexM3\ARM_GCC_541\Debug\heartbeatSensor.o
                0x000006e8                lowPassFIRFilter
 .text.processSignals
                0x00000768       0x48 .\CortexM3\ARM_GCC_541\Debug\heartbeatSensor.o
                0x00000768                processSignals
 .text.max30102_Task
                0x000007b0       0x7c .\CortexM3\ARM_GCC_541\Debug\heartbeatSensor.o
 .text.bsp_i2c_read_bme
                0x0000082c       0x24 .\CortexM3\ARM_GCC_541\Debug\environmentSensor.o
                0x0000082c                bsp_i2c_read_bme
 .text.bsp_i2c_write_bme
                0x00000850       0x28 .\CortexM3\ARM_GCC_541\Debug\environmentSensor.o
                0x00000850                bsp_i2c_write_bme
 .text.us_Delay
                0x00000878        0xc .\CortexM3\ARM_GCC_541\Debug\environmentSensor.o
                0x00000878                us_Delay
 .text.BME688_Init_Task
                0x00000884       0x78 .\CortexM3\ARM_GCC_541\Debug\environmentSensor.o
                0x00000884                BME688_Init_Task
 .text.Init_BME688_Sensor
                0x000008fc       0xf0 .\CortexM3\ARM_GCC_541\Debug\environmentSensor.o
                0x000008fc                Init_BME688_Sensor
 .text.bme688_Task
                0x000009ec       0xd8 .\CortexM3\ARM_GCC_541\Debug\environmentSensor.o
 .text.initMessageQueues
                0x00000ac4       0x74 .\CortexM3\ARM_GCC_541\Debug\data_processing_task.o
                0x00000ac4                initMessageQueues
 .text.Data_Processing_Init
                0x00000b38       0x68 .\CortexM3\ARM_GCC_541\Debug\data_processing_task.o
                0x00000b38                Data_Processing_Init
 .text.retrieveSensorData
                0x00000ba0       0x64 .\CortexM3\ARM_GCC_541\Debug\data_processing_task.o
                0x00000ba0                retrieveSensorData
 .text.processRawOximeterData
                0x00000c04       0x40 .\CortexM3\ARM_GCC_541\Debug\data_processing_task.o
                0x00000c04                processRawOximeterData
 .text.processRawEnvironmentData
                0x00000c44      0x144 .\CortexM3\ARM_GCC_541\Debug\data_processing_task.o
                0x00000c44                processRawEnvironmentData
 .text.isEnvironmentDataInRange
                0x00000d88       0x48 .\CortexM3\ARM_GCC_541\Debug\data_processing_task.o
                0x00000d88                isEnvironmentDataInRange
 .text.Data_Processing_Task
                0x00000dd0      0x11c .\CortexM3\ARM_GCC_541\Debug\data_processing_task.o
 .text.BSP_PreInit
                0x00000eec       0x20 .\CortexM3\ARM_GCC_541\Debug\bsp.o
                0x00000eec                BSP_PreInit
 .text.BSP_PostInit
                0x00000f0c        0xc .\CortexM3\ARM_GCC_541\Debug\bsp.o
                0x00000f0c                BSP_PostInit
 .text.BSP_CPU_ClkFreq
                0x00000f18        0x8 .\CortexM3\ARM_GCC_541\Debug\bsp.o
                0x00000f18                BSP_CPU_ClkFreq
 .text.BSP_CPU_TickInit
                0x00000f20       0x18 .\CortexM3\ARM_GCC_541\Debug\bsp.o
                0x00000f20                BSP_CPU_TickInit
 .text.CPU_TS_TmrInit
                0x00000f38       0x28 .\CortexM3\ARM_GCC_541\Debug\cpu_bsp.o
                0x00000f38                CPU_TS_TmrInit
 .text.CPU_TS_TmrRd
                0x00000f60        0xc .\CortexM3\ARM_GCC_541\Debug\cpu_bsp.o
                0x00000f60                CPU_TS_TmrRd
 .text.init_uart
                0x00000f6c        0x8 .\CortexM3\ARM_GCC_541\Debug\bsp_uart.o
                0x00000f6c                init_uart
 .text.init_gpio
                0x00000f74       0x1c .\CortexM3\ARM_GCC_541\Debug\bsp_gpio.o
                0x00000f74                init_gpio
 .text.Timer_ISR
                0x00000f90       0x10 .\CortexM3\ARM_GCC_541\Debug\bsp_i2c.o
                0x00000f90                Timer_ISR
 .text.I2C_Init
                0x00000fa0       0x50 .\CortexM3\ARM_GCC_541\Debug\bsp_i2c.o
                0x00000fa0                I2C_Init
 .text.bsp_i2c_read
                0x00000ff0       0xd0 .\CortexM3\ARM_GCC_541\Debug\bsp_i2c.o
                0x00000ff0                bsp_i2c_read
 .text.bsp_i2c_write
                0x000010c0       0xa0 .\CortexM3\ARM_GCC_541\Debug\bsp_i2c.o
                0x000010c0                bsp_i2c_write
 .text.CPU_TS_Init
                0x00001160       0x14 .\CortexM3\ARM_GCC_541\Debug\cpu_core.o
 .text.CPU_NameClr
                0x00001174       0x1c .\CortexM3\ARM_GCC_541\Debug\cpu_core.o
                0x00001174                CPU_NameClr
 .text.CPU_NameInit
                0x00001190        0x8 .\CortexM3\ARM_GCC_541\Debug\cpu_core.o
 .text.CPU_Init
                0x00001198        0xc .\CortexM3\ARM_GCC_541\Debug\cpu_core.o
                0x00001198                CPU_Init
 .text.CPU_TS_TmrFreqSet
                0x000011a4        0xc .\CortexM3\ARM_GCC_541\Debug\cpu_core.o
                0x000011a4                CPU_TS_TmrFreqSet
 .text.Mem_Set  0x000011b0       0x44 .\CortexM3\ARM_GCC_541\Debug\lib_mem.o
                0x000011b0                Mem_Set
 .text.Mem_Clr  0x000011f4        0xc .\CortexM3\ARM_GCC_541\Debug\lib_mem.o
                0x000011f4                Mem_Clr
 .text.OSIdleTaskHook
                0x00001200       0x10 .\CortexM3\ARM_GCC_541\Debug\os_cpu_c.o
                0x00001200                OSIdleTaskHook
 .text.OSInitHook
                0x00001210       0x3c .\CortexM3\ARM_GCC_541\Debug\os_cpu_c.o
                0x00001210                OSInitHook
 .text.OSStatTaskHook
                0x0000124c       0x10 .\CortexM3\ARM_GCC_541\Debug\os_cpu_c.o
                0x0000124c                OSStatTaskHook
 .text.OSTaskCreateHook
                0x0000125c       0x10 .\CortexM3\ARM_GCC_541\Debug\os_cpu_c.o
                0x0000125c                OSTaskCreateHook
 .text.OSTaskDelHook
                0x0000126c       0x10 .\CortexM3\ARM_GCC_541\Debug\os_cpu_c.o
                0x0000126c                OSTaskDelHook
 .text.OSTaskReturnHook
                0x0000127c       0x10 .\CortexM3\ARM_GCC_541\Debug\os_cpu_c.o
                0x0000127c                OSTaskReturnHook
 .text.OSTaskStkInit
                0x0000128c       0x88 .\CortexM3\ARM_GCC_541\Debug\os_cpu_c.o
                0x0000128c                OSTaskStkInit
 .text.OSTaskSwHook
                0x00001314       0x40 .\CortexM3\ARM_GCC_541\Debug\os_cpu_c.o
                0x00001314                OSTaskSwHook
 .text.OSTimeTickHook
                0x00001354       0x10 .\CortexM3\ARM_GCC_541\Debug\os_cpu_c.o
                0x00001354                OSTimeTickHook
 .text.OS_CPU_SysTickHandler
                0x00001364       0x20 .\CortexM3\ARM_GCC_541\Debug\os_cpu_c.o
                0x00001364                OS_CPU_SysTickHandler
 .text.OS_CPU_SysTickInit
                0x00001384       0x30 .\CortexM3\ARM_GCC_541\Debug\os_cpu_c.o
                0x00001384                OS_CPU_SysTickInit
 .text.OS_PrioInit
                0x000013b4       0x18 .\CortexM3\ARM_GCC_541\Debug\os_prio.o
                0x000013b4                OS_PrioInit
 .text.OS_PrioGetHighest
                0x000013cc       0x24 .\CortexM3\ARM_GCC_541\Debug\os_prio.o
                0x000013cc                OS_PrioGetHighest
 .text.OS_PrioInsert
                0x000013f0       0x24 .\CortexM3\ARM_GCC_541\Debug\os_prio.o
                0x000013f0                OS_PrioInsert
 .text.OS_PrioRemove
                0x00001414       0x24 .\CortexM3\ARM_GCC_541\Debug\os_prio.o
                0x00001414                OS_PrioRemove
 .text.OSQFlush
                0x00001438       0x44 .\CortexM3\ARM_GCC_541\Debug\os_q.o
                0x00001438                OSQFlush
 .text.OSQPend  0x0000147c      0x164 .\CortexM3\ARM_GCC_541\Debug\os_q.o
                0x0000147c                OSQPend
 .text.OS_QDbgListAdd
                0x000015e0       0x24 .\CortexM3\ARM_GCC_541\Debug\os_q.o
                0x000015e0                OS_QDbgListAdd
 .text.OSQCreate
                0x00001604       0x7c .\CortexM3\ARM_GCC_541\Debug\os_q.o
                0x00001604                OSQCreate
 .text.OS_QInit
                0x00001680       0x18 .\CortexM3\ARM_GCC_541\Debug\os_q.o
                0x00001680                OS_QInit
 .text.OS_QPost
                0x00001698       0x84 .\CortexM3\ARM_GCC_541\Debug\os_q.o
                0x00001698                OS_QPost
 .text.OSQPost  0x0000171c       0x74 .\CortexM3\ARM_GCC_541\Debug\os_q.o
                0x0000171c                OSQPost
 .text.OSSemPend
                0x00001790      0x128 .\CortexM3\ARM_GCC_541\Debug\os_sem.o
                0x00001790                OSSemPend
 .text.OS_SemDbgListAdd
                0x000018b8       0x24 .\CortexM3\ARM_GCC_541\Debug\os_sem.o
                0x000018b8                OS_SemDbgListAdd
 .text.OSSemCreate
                0x000018dc       0x68 .\CortexM3\ARM_GCC_541\Debug\os_sem.o
                0x000018dc                OSSemCreate
 .text.OS_SemInit
                0x00001944       0x18 .\CortexM3\ARM_GCC_541\Debug\os_sem.o
                0x00001944                OS_SemInit
 .text.OS_SemPost
                0x0000195c       0x88 .\CortexM3\ARM_GCC_541\Debug\os_sem.o
                0x0000195c                OS_SemPost
 .text.OSSemPost
                0x000019e4       0x48 .\CortexM3\ARM_GCC_541\Debug\os_sem.o
                0x000019e4                OSSemPost
 .text.OSStatReset
                0x00001a2c       0xb8 .\CortexM3\ARM_GCC_541\Debug\os_stat.o
                0x00001a2c                OSStatReset
 .text.OS_StatTask
                0x00001ae4      0x230 .\CortexM3\ARM_GCC_541\Debug\os_stat.o
                0x00001ae4                OS_StatTask
 .text.OS_StatTaskInit
                0x00001d14       0xa8 .\CortexM3\ARM_GCC_541\Debug\os_stat.o
                0x00001d14                OS_StatTaskInit
 .text.OSTaskSemPend
                0x00001dbc      0x130 .\CortexM3\ARM_GCC_541\Debug\os_task.o
                0x00001dbc                OSTaskSemPend
 .text.OSTaskStkChk
                0x00001eec       0x90 .\CortexM3\ARM_GCC_541\Debug\os_task.o
                0x00001eec                OSTaskStkChk
 .text.OS_TaskDbgListAdd
                0x00001f7c       0x24 .\CortexM3\ARM_GCC_541\Debug\os_task.o
                0x00001f7c                OS_TaskDbgListAdd
 .text.OS_TaskDbgListRemove
                0x00001fa0       0x44 .\CortexM3\ARM_GCC_541\Debug\os_task.o
                0x00001fa0                OS_TaskDbgListRemove
 .text.OS_TaskInit
                0x00001fe4       0x20 .\CortexM3\ARM_GCC_541\Debug\os_task.o
                0x00001fe4                OS_TaskInit
 .text.OS_TaskInitTCB
                0x00002004       0xcc .\CortexM3\ARM_GCC_541\Debug\os_task.o
                0x00002004                OS_TaskInitTCB
 .text.OSTaskCreate
                0x000020d0      0x1a8 .\CortexM3\ARM_GCC_541\Debug\os_task.o
                0x000020d0                OSTaskCreate
 .text.OSTaskDel
                0x00002278       0xcc .\CortexM3\ARM_GCC_541\Debug\os_task.o
                0x00002278                OSTaskDel
 .text.OS_TaskReturn
                0x00002344       0x20 .\CortexM3\ARM_GCC_541\Debug\os_task.o
                0x00002344                OS_TaskReturn
 .text.OS_TaskSemPost
                0x00002364       0xc0 .\CortexM3\ARM_GCC_541\Debug\os_task.o
                0x00002364                OS_TaskSemPost
 .text.OSTaskSemPost
                0x00002424       0x2c .\CortexM3\ARM_GCC_541\Debug\os_task.o
                0x00002424                OSTaskSemPost
 .text.OS_TickListInit
                0x00002450       0x2c .\CortexM3\ARM_GCC_541\Debug\os_tick.o
                0x00002450                OS_TickListInit
 .text.OS_TickTaskInit
                0x0000247c       0x98 .\CortexM3\ARM_GCC_541\Debug\os_tick.o
                0x0000247c                OS_TickTaskInit
 .text.OS_TickListInsert
                0x00002514      0x120 .\CortexM3\ARM_GCC_541\Debug\os_tick.o
                0x00002514                OS_TickListInsert
 .text.OS_TickListRemove
                0x00002634       0x38 .\CortexM3\ARM_GCC_541\Debug\os_tick.o
                0x00002634                OS_TickListRemove
 .text.OS_TickListResetPeak
                0x0000266c       0x24 .\CortexM3\ARM_GCC_541\Debug\os_tick.o
                0x0000266c                OS_TickListResetPeak
 .text.OS_TickListUpdate
                0x00002690      0x144 .\CortexM3\ARM_GCC_541\Debug\os_tick.o
                0x00002690                OS_TickListUpdate
 .text.OS_TickTask
                0x000027d4       0x2c .\CortexM3\ARM_GCC_541\Debug\os_tick.o
                0x000027d4                OS_TickTask
 .text.OSTimeDly
                0x00002800       0x94 .\CortexM3\ARM_GCC_541\Debug\os_time.o
                0x00002800                OSTimeDly
 .text.OSTimeDlyHMSM
                0x00002894      0x164 .\CortexM3\ARM_GCC_541\Debug\os_time.o
                0x00002894                OSTimeDlyHMSM
 .text.OSTimeTick
                0x000029f8       0x64 .\CortexM3\ARM_GCC_541\Debug\os_time.o
                0x000029f8                OSTimeTick
 .text.OS_TmrInit
                0x00002a5c      0x100 .\CortexM3\ARM_GCC_541\Debug\os_tmr.o
                0x00002a5c                OS_TmrInit
 .text.OS_TmrLink
                0x00002b5c       0xe8 .\CortexM3\ARM_GCC_541\Debug\os_tmr.o
                0x00002b5c                OS_TmrLink
 .text.OS_TmrResetPeak
                0x00002c44       0x24 .\CortexM3\ARM_GCC_541\Debug\os_tmr.o
                0x00002c44                OS_TmrResetPeak
 .text.OS_TmrUnlink
                0x00002c68       0x58 .\CortexM3\ARM_GCC_541\Debug\os_tmr.o
                0x00002c68                OS_TmrUnlink
 .text.OS_TmrTask
                0x00002cc0       0xb0 .\CortexM3\ARM_GCC_541\Debug\os_tmr.o
                0x00002cc0                OS_TmrTask
 .text.OSCfg_Init
                0x00002d70        0x4 .\CortexM3\ARM_GCC_541\Debug\os_cfg_app.o
                0x00002d70                OSCfg_Init
 .text.OS_IdleTask
                0x00002d74       0x28 .\CortexM3\ARM_GCC_541\Debug\os_core.o
                0x00002d74                OS_IdleTask
 .text.OSIntExit
                0x00002d9c       0xa8 .\CortexM3\ARM_GCC_541\Debug\os_core.o
                0x00002d9c                OSIntExit
 .text.OSSched  0x00002e44       0x80 .\CortexM3\ARM_GCC_541\Debug\os_core.o
                0x00002e44                OSSched
 .text.OSSchedLock
                0x00002ec4       0x54 .\CortexM3\ARM_GCC_541\Debug\os_core.o
                0x00002ec4                OSSchedLock
 .text.OSSchedUnlock
                0x00002f18       0x68 .\CortexM3\ARM_GCC_541\Debug\os_core.o
                0x00002f18                OSSchedUnlock
 .text.OSStart  0x00002f80       0x5c .\CortexM3\ARM_GCC_541\Debug\os_core.o
                0x00002f80                OSStart
 .text.OS_IdleTaskInit
                0x00002fdc       0x58 .\CortexM3\ARM_GCC_541\Debug\os_core.o
                0x00002fdc                OS_IdleTaskInit
 .text.OS_PendDataInit
                0x00003034       0x28 .\CortexM3\ARM_GCC_541\Debug\os_core.o
                0x00003034                OS_PendDataInit
 .text.OS_PendDbgNameAdd
                0x0000305c       0x44 .\CortexM3\ARM_GCC_541\Debug\os_core.o
                0x0000305c                OS_PendDbgNameAdd
 .text.OS_PendDbgNameRemove
                0x000030a0       0x1c .\CortexM3\ARM_GCC_541\Debug\os_core.o
                0x000030a0                OS_PendDbgNameRemove
 .text.OS_PendListInit
                0x000030bc        0xc .\CortexM3\ARM_GCC_541\Debug\os_core.o
                0x000030bc                OS_PendListInit
 .text.OS_PendListInsertPrio
                0x000030c8       0x5c .\CortexM3\ARM_GCC_541\Debug\os_core.o
                0x000030c8                OS_PendListInsertPrio
 .text.OS_PendListRemove1
                0x00003124       0x38 .\CortexM3\ARM_GCC_541\Debug\os_core.o
                0x00003124                OS_PendListRemove1
 .text.OS_PendListRemove
                0x0000315c       0x28 .\CortexM3\ARM_GCC_541\Debug\os_core.o
                0x0000315c                OS_PendListRemove
 .text.OS_Post1
                0x00003184       0x28 .\CortexM3\ARM_GCC_541\Debug\os_core.o
                0x00003184                OS_Post1
 .text.OS_RdyListInit
                0x000031ac       0x28 .\CortexM3\ARM_GCC_541\Debug\os_core.o
                0x000031ac                OS_RdyListInit
 .text.OSInit   0x000031d4      0x154 .\CortexM3\ARM_GCC_541\Debug\os_core.o
                0x000031d4                OSInit
 .text.OS_RdyListInsertHead
                0x00003328       0x54 .\CortexM3\ARM_GCC_541\Debug\os_core.o
                0x00003328                OS_RdyListInsertHead
 .text.OS_RdyListInsertTail
                0x0000337c       0x54 .\CortexM3\ARM_GCC_541\Debug\os_core.o
                0x0000337c                OS_RdyListInsertTail
 .text.OS_RdyListInsert
                0x000033d0       0x2c .\CortexM3\ARM_GCC_541\Debug\os_core.o
                0x000033d0                OS_RdyListInsert
 .text.OS_RdyListMoveHeadToTail
                0x000033fc       0x38 .\CortexM3\ARM_GCC_541\Debug\os_core.o
                0x000033fc                OS_RdyListMoveHeadToTail
 .text.OS_RdyListRemove
                0x00003434       0x78 .\CortexM3\ARM_GCC_541\Debug\os_core.o
                0x00003434                OS_RdyListRemove
 .text.OS_SchedRoundRobin
                0x000034ac       0x88 .\CortexM3\ARM_GCC_541\Debug\os_core.o
                0x000034ac                OS_SchedRoundRobin
 .text.OS_TaskBlock
                0x00003534       0x3c .\CortexM3\ARM_GCC_541\Debug\os_core.o
                0x00003534                OS_TaskBlock
 .text.OS_Pend  0x00003570       0x54 .\CortexM3\ARM_GCC_541\Debug\os_core.o
                0x00003570                OS_Pend
 .text.OS_TaskRdy
                0x000035c4       0x1c .\CortexM3\ARM_GCC_541\Debug\os_core.o
                0x000035c4                OS_TaskRdy
 .text.OS_Post  0x000035e0       0xac .\CortexM3\ARM_GCC_541\Debug\os_core.o
                0x000035e0                OS_Post
 .text.OS_Dbg_Init
                0x0000368c        0x4 .\CortexM3\ARM_GCC_541\Debug\os_dbg.o
                0x0000368c                OS_Dbg_Init
 .text.OS_FlagInit
                0x00003690       0x18 .\CortexM3\ARM_GCC_541\Debug\os_flag.o
                0x00003690                OS_FlagInit
 .text.OSMemGet
                0x000036a8       0x3c .\CortexM3\ARM_GCC_541\Debug\os_mem.o
                0x000036a8                OSMemGet
 .text.OSMemPut
                0x000036e4       0x4c .\CortexM3\ARM_GCC_541\Debug\os_mem.o
                0x000036e4                OSMemPut
 .text.OS_MemDbgListAdd
                0x00003730       0x1c .\CortexM3\ARM_GCC_541\Debug\os_mem.o
                0x00003730                OS_MemDbgListAdd
 .text.OSMemCreate
                0x0000374c       0xe0 .\CortexM3\ARM_GCC_541\Debug\os_mem.o
                0x0000374c                OSMemCreate
 .text.OS_MemInit
                0x0000382c       0x18 .\CortexM3\ARM_GCC_541\Debug\os_mem.o
                0x0000382c                OS_MemInit
 .text.OS_MsgPoolInit
                0x00003844       0x68 .\CortexM3\ARM_GCC_541\Debug\os_msg.o
                0x00003844                OS_MsgPoolInit
 .text.OS_MsgQFreeAll
                0x000038ac       0x34 .\CortexM3\ARM_GCC_541\Debug\os_msg.o
                0x000038ac                OS_MsgQFreeAll
 .text.OS_MsgQInit
                0x000038e0       0x10 .\CortexM3\ARM_GCC_541\Debug\os_msg.o
                0x000038e0                OS_MsgQInit
 .text.OS_MsgQGet
                0x000038f0       0x5c .\CortexM3\ARM_GCC_541\Debug\os_msg.o
                0x000038f0                OS_MsgQGet
 .text.OS_MsgQPut
                0x0000394c       0x94 .\CortexM3\ARM_GCC_541\Debug\os_msg.o
                0x0000394c                OS_MsgQPut
 .text.OS_MutexInit
                0x000039e0       0x18 .\CortexM3\ARM_GCC_541\Debug\os_mutex.o
                0x000039e0                OS_MutexInit
 .text.bsp_delay_ms
                0x000039f8       0x6c .\CortexM3\ARM_GCC_541\Debug\max30102_interface.o
                0x000039f8                bsp_delay_ms
 .text.bsp_i2c_deinit
                0x00003a64       0x14 .\CortexM3\ARM_GCC_541\Debug\max30102_interface.o
 .text.bsp_i2c_init
                0x00003a78       0x14 .\CortexM3\ARM_GCC_541\Debug\max30102_interface.o
 .text.bsp_debug_print
                0x00003a8c       0x28 .\CortexM3\ARM_GCC_541\Debug\max30102_interface.o
                0x00003a8c                bsp_debug_print
 .text.max30102_receive_callback
                0x00003ab4       0x40 .\CortexM3\ARM_GCC_541\Debug\max30102_interface.o
                0x00003ab4                max30102_receive_callback
 .text.max30102_sensor_init
                0x00003af4      0x1d8 .\CortexM3\ARM_GCC_541\Debug\max30102_interface.o
                0x00003af4                max30102_sensor_init
 .text.max30102_init
                0x00003ccc      0x1ec .\CortexM3\ARM_GCC_541\Debug\driver_max30102.o
                0x00003ccc                max30102_init
 .text.max30102_read
                0x00003eb8      0x1f8 .\CortexM3\ARM_GCC_541\Debug\driver_max30102.o
                0x00003eb8                max30102_read
 .text.max30102_set_interrupt
                0x000040b0       0xcc .\CortexM3\ARM_GCC_541\Debug\driver_max30102.o
                0x000040b0                max30102_set_interrupt
 .text.max30102_set_fifo_sample_averaging
                0x0000417c       0x68 .\CortexM3\ARM_GCC_541\Debug\driver_max30102.o
                0x0000417c                max30102_set_fifo_sample_averaging
 .text.max30102_set_fifo_roll
                0x000041e4       0x68 .\CortexM3\ARM_GCC_541\Debug\driver_max30102.o
                0x000041e4                max30102_set_fifo_roll
 .text.max30102_set_mode
                0x0000424c       0x64 .\CortexM3\ARM_GCC_541\Debug\driver_max30102.o
                0x0000424c                max30102_set_mode
 .text.max30102_set_spo2_adc_range
                0x000042b0       0x68 .\CortexM3\ARM_GCC_541\Debug\driver_max30102.o
                0x000042b0                max30102_set_spo2_adc_range
 .text.max30102_set_spo2_sample_rate
                0x00004318       0x68 .\CortexM3\ARM_GCC_541\Debug\driver_max30102.o
                0x00004318                max30102_set_spo2_sample_rate
 .text.max30102_set_adc_resolution
                0x00004380       0x64 .\CortexM3\ARM_GCC_541\Debug\driver_max30102.o
                0x00004380                max30102_set_adc_resolution
 .text.max30102_set_led_red_pulse_amplitude
                0x000043e4       0x40 .\CortexM3\ARM_GCC_541\Debug\driver_max30102.o
                0x000043e4                max30102_set_led_red_pulse_amplitude
 .text.max30102_set_led_ir_pulse_amplitude
                0x00004424       0x40 .\CortexM3\ARM_GCC_541\Debug\driver_max30102.o
                0x00004424                max30102_set_led_ir_pulse_amplitude
 .text.max30102_set_slot
                0x00004464      0x150 .\CortexM3\ARM_GCC_541\Debug\driver_max30102.o
                0x00004464                max30102_set_slot
 .text.calc_temperature
                0x000045b4       0x70 .\CortexM3\ARM_GCC_541\Debug\bme68x.o
 .text.calc_pressure
                0x00004624       0xc4 .\CortexM3\ARM_GCC_541\Debug\bme68x.o
 .text.calc_humidity
                0x000046e8       0xc4 .\CortexM3\ARM_GCC_541\Debug\bme68x.o
 .text.calc_gas_resistance_low
                0x000047ac       0xac .\CortexM3\ARM_GCC_541\Debug\bme68x.o
 .text.calc_gas_resistance_high
                0x00004858       0x28 .\CortexM3\ARM_GCC_541\Debug\bme68x.o
 .text.calc_res_heat
                0x00004880       0xb0 .\CortexM3\ARM_GCC_541\Debug\bme68x.o
 .text.calc_gas_wait
                0x00004930       0x24 .\CortexM3\ARM_GCC_541\Debug\bme68x.o
 .text.null_ptr_check
                0x00004954       0x2c .\CortexM3\ARM_GCC_541\Debug\bme68x.o
 .text.set_mem_page
                0x00004980       0x70 .\CortexM3\ARM_GCC_541\Debug\bme68x.o
 .text.get_mem_page
                0x000049f0       0x38 .\CortexM3\ARM_GCC_541\Debug\bme68x.o
 .text.boundary_check
                0x00004a28       0x34 .\CortexM3\ARM_GCC_541\Debug\bme68x.o
 .text.calc_heatr_dur_shared
                0x00004a5c       0x44 .\CortexM3\ARM_GCC_541\Debug\bme68x.o
 .text.swap_fields
                0x00004aa0       0x18 .\CortexM3\ARM_GCC_541\Debug\bme68x.o
 .text.sort_sensor_data
                0x00004ab8       0x44 .\CortexM3\ARM_GCC_541\Debug\bme68x.o
 .text.analyze_sensor_data
                0x00004afc       0x8c .\CortexM3\ARM_GCC_541\Debug\bme68x.o
 .text.bme68x_set_regs
                0x00004b88       0xcc .\CortexM3\ARM_GCC_541\Debug\bme68x.o
                0x00004b88                bme68x_set_regs
 .text.set_conf
                0x00004c54      0x1a4 .\CortexM3\ARM_GCC_541\Debug\bme68x.o
 .text.bme68x_get_regs
                0x00004df8       0x58 .\CortexM3\ARM_GCC_541\Debug\bme68x.o
                0x00004df8                bme68x_get_regs
 .text.read_variant_id
                0x00004e50       0x28 .\CortexM3\ARM_GCC_541\Debug\bme68x.o
 .text.get_calib_data
                0x00004e78      0x154 .\CortexM3\ARM_GCC_541\Debug\bme68x.o
 .text.read_field_data
                0x00004fcc      0x198 .\CortexM3\ARM_GCC_541\Debug\bme68x.o
 .text.read_all_field_data
                0x00005164      0x244 .\CortexM3\ARM_GCC_541\Debug\bme68x.o
 .text.bme68x_soft_reset
                0x000053a8       0x58 .\CortexM3\ARM_GCC_541\Debug\bme68x.o
                0x000053a8                bme68x_soft_reset
 .text.bme68x_init
                0x00005400       0x3c .\CortexM3\ARM_GCC_541\Debug\bme68x.o
                0x00005400                bme68x_init
 .text.bme68x_get_conf
                0x0000543c       0x58 .\CortexM3\ARM_GCC_541\Debug\bme68x.o
                0x0000543c                bme68x_get_conf
 .text.bme68x_set_op_mode
                0x00005494       0x80 .\CortexM3\ARM_GCC_541\Debug\bme68x.o
                0x00005494                bme68x_set_op_mode
 .text.bme68x_get_op_mode
                0x00005514       0x2c .\CortexM3\ARM_GCC_541\Debug\bme68x.o
                0x00005514                bme68x_get_op_mode
 .text.bme68x_set_conf
                0x00005540      0x140 .\CortexM3\ARM_GCC_541\Debug\bme68x.o
                0x00005540                bme68x_set_conf
 .text.bme68x_get_meas_dur
                0x00005680       0x8c .\CortexM3\ARM_GCC_541\Debug\bme68x.o
                0x00005680                bme68x_get_meas_dur
 .text.bme68x_get_data
                0x0000570c      0x14c .\CortexM3\ARM_GCC_541\Debug\bme68x.o
                0x0000570c                bme68x_get_data
 .text.bme68x_set_heatr_conf
                0x00005858       0xb4 .\CortexM3\ARM_GCC_541\Debug\bme68x.o
                0x00005858                bme68x_set_heatr_conf
 .text.bme68x_selftest_check
                0x0000590c      0x154 .\CortexM3\ARM_GCC_541\Debug\bme68x.o
                0x0000590c                bme68x_selftest_check
 .text.CyClockStartupError
                0x00005a60        0x4 .\CortexM3\ARM_GCC_541\Debug\cyfitter_cfg.o
 .text.cfg_write_bytes32
                0x00005a64       0x34 .\CortexM3\ARM_GCC_541\Debug\cyfitter_cfg.o
 .text.AnalogSetDefault
                0x00005a98       0x28 .\CortexM3\ARM_GCC_541\Debug\cyfitter_cfg.o
 .text.CYMEMZERO
                0x00005ac0        0xc .\CortexM3\ARM_GCC_541\Debug\cyfitter_cfg.o
 .text.ClockSetup
                0x00005acc       0xc8 .\CortexM3\ARM_GCC_541\Debug\cyfitter_cfg.o
 .text.CYCONFIGCPY
                0x00005b94        0x8 .\CortexM3\ARM_GCC_541\Debug\cyfitter_cfg.o
 .text.cyfitter_cfg
                0x00005b9c      0x128 .\CortexM3\ARM_GCC_541\Debug\cyfitter_cfg.o
                0x00005b9c                cyfitter_cfg
 .text.IntDefaultHandler
                0x00005cc4       0x10 .\CortexM3\ARM_GCC_541\Debug\Cm3Start.o
                0x00005cc4                IntDefaultHandler
 .text._sbrk    0x00005cd4       0x30 .\CortexM3\ARM_GCC_541\Debug\Cm3Start.o
                0x00005cd4                _sbrk
 .text.Start_c  0x00005d04       0x4c .\CortexM3\ARM_GCC_541\Debug\Cm3Start.o
                0x00005d04                Start_c
 .text.initialize_psoc
                0x00005d50       0x6c .\CortexM3\ARM_GCC_541\Debug\Cm3Start.o
                0x00005d50                initialize_psoc
 .text          0x00005dbc       0x34 .\CortexM3\ARM_GCC_541\Debug\cpu_a.o
                0x00005dbc                CPU_IntDis
                0x00005dc0                CPU_IntEn
                0x00005dc4                CPU_SR_Save
                0x00005dcc                CPU_SR_Restore
                0x00005dd2                CPU_WaitForInt
                0x00005dd6                CPU_WaitForExcept
                0x00005dda                CPU_CntLeadZeros
                0x00005de0                CPU_CntTrailZeros
                0x00005dea                CPU_RevBits
 .text          0x00005df0       0x84 .\CortexM3\ARM_GCC_541\Debug\os_cpu_a.o
                0x00005df0                OSStartHighRdy
                0x00005e10                OS_CPU_PendSVHandler
 .text.UART_1_Init
                0x00005e74       0x5c .\CortexM3\ARM_GCC_541\Debug\esw_uCOS3_cykit.a(UART_1.o)
                0x00005e74                UART_1_Init
 .text.UART_1_Enable
                0x00005ed0       0x50 .\CortexM3\ARM_GCC_541\Debug\esw_uCOS3_cykit.a(UART_1.o)
                0x00005ed0                UART_1_Enable
 .text.UART_1_Start
                0x00005f20       0x1c .\CortexM3\ARM_GCC_541\Debug\esw_uCOS3_cykit.a(UART_1.o)
                0x00005f20                UART_1_Start
 .text.UART_1_PutChar
                0x00005f3c       0x70 .\CortexM3\ARM_GCC_541\Debug\esw_uCOS3_cykit.a(UART_1.o)
                0x00005f3c                UART_1_PutChar
 .text.UART_1_PutString
                0x00005fac       0x24 .\CortexM3\ARM_GCC_541\Debug\esw_uCOS3_cykit.a(UART_1.o)
                0x00005fac                UART_1_PutString
 .text.UART_1_RXISR
                0x00005fd0       0x98 .\CortexM3\ARM_GCC_541\Debug\esw_uCOS3_cykit.a(UART_1_INT.o)
                0x00005fd0                UART_1_RXISR
 .text.UART_1_TXISR
                0x00006068       0x58 .\CortexM3\ARM_GCC_541\Debug\esw_uCOS3_cykit.a(UART_1_INT.o)
                0x00006068                UART_1_TXISR
 .text.Pin_1_SetDriveMode
                0x000060c0       0x18 .\CortexM3\ARM_GCC_541\Debug\esw_uCOS3_cykit.a(Pin_1.o)
                0x000060c0                Pin_1_SetDriveMode
 .text.UART_1_IntClock_Start
                0x000060d8       0x1c .\CortexM3\ARM_GCC_541\Debug\esw_uCOS3_cykit.a(UART_1_IntClock.o)
                0x000060d8                UART_1_IntClock_Start
 .text.CyDmacConfigure
                0x000060f4       0x34 .\CortexM3\ARM_GCC_541\Debug\esw_uCOS3_cykit.a(CyDmac.o)
                0x000060f4                CyDmacConfigure
 .text.CyHalt   0x00006128        0x4 .\CortexM3\ARM_GCC_541\Debug\esw_uCOS3_cykit.a(CyLib.o)
                0x00006128                CyHalt
 .text.CyDelayUs
                0x0000612c       0x14 .\CortexM3\ARM_GCC_541\Debug\esw_uCOS3_cykit.a(CyLib.o)
                0x0000612c                CyDelayUs
 .text.CyIntSetVector
                0x00006140       0x28 .\CortexM3\ARM_GCC_541\Debug\esw_uCOS3_cykit.a(CyLib.o)
                0x00006140                CyIntSetVector
 .text.CyIntSetPriority
                0x00006168       0x30 .\CortexM3\ARM_GCC_541\Debug\esw_uCOS3_cykit.a(CyLib.o)
                0x00006168                CyIntSetPriority
 .text.Pin_2_SetDriveMode
                0x00006198       0x24 .\CortexM3\ARM_GCC_541\Debug\esw_uCOS3_cykit.a(Pin_2.o)
                0x00006198                Pin_2_SetDriveMode
 .text.push_button_Write
                0x000061bc       0x18 .\CortexM3\ARM_GCC_541\Debug\esw_uCOS3_cykit.a(push_button.o)
                0x000061bc                push_button_Write
 .text.push_button_SetDriveMode
                0x000061d4       0x18 .\CortexM3\ARM_GCC_541\Debug\esw_uCOS3_cykit.a(push_button.o)
                0x000061d4                push_button_SetDriveMode
 .text.I2C_1_Init
                0x000061ec       0x68 .\CortexM3\ARM_GCC_541\Debug\esw_uCOS3_cykit.a(I2C_1.o)
                0x000061ec                I2C_1_Init
 .text.I2C_1_Enable
                0x00006254       0x24 .\CortexM3\ARM_GCC_541\Debug\esw_uCOS3_cykit.a(I2C_1.o)
                0x00006254                I2C_1_Enable
 .text.I2C_1_Start
                0x00006278       0x28 .\CortexM3\ARM_GCC_541\Debug\esw_uCOS3_cykit.a(I2C_1.o)
                0x00006278                I2C_1_Start
 .text.I2C_1_ISR
                0x000062a0      0x2d0 .\CortexM3\ARM_GCC_541\Debug\esw_uCOS3_cykit.a(I2C_1_INT.o)
                0x000062a0                I2C_1_ISR
 .text.I2C_1_MasterSendStart
                0x00006570       0x80 .\CortexM3\ARM_GCC_541\Debug\esw_uCOS3_cykit.a(I2C_1_MASTER.o)
                0x00006570                I2C_1_MasterSendStart
 .text.I2C_1_MasterSendRestart
                0x000065f0       0x6c .\CortexM3\ARM_GCC_541\Debug\esw_uCOS3_cykit.a(I2C_1_MASTER.o)
                0x000065f0                I2C_1_MasterSendRestart
 .text.I2C_1_MasterSendStop
                0x0000665c       0x38 .\CortexM3\ARM_GCC_541\Debug\esw_uCOS3_cykit.a(I2C_1_MASTER.o)
                0x0000665c                I2C_1_MasterSendStop
 .text.I2C_1_MasterWriteByte
                0x00006694       0x58 .\CortexM3\ARM_GCC_541\Debug\esw_uCOS3_cykit.a(I2C_1_MASTER.o)
                0x00006694                I2C_1_MasterWriteByte
 .text.I2C_1_MasterReadByte
                0x000066ec       0x58 .\CortexM3\ARM_GCC_541\Debug\esw_uCOS3_cykit.a(I2C_1_MASTER.o)
                0x000066ec                I2C_1_MasterReadByte
 .text.Timer_1_Enable
                0x00006744       0x28 .\CortexM3\ARM_GCC_541\Debug\esw_uCOS3_cykit.a(Timer_1.o)
                0x00006744                Timer_1_Enable
 .text.Timer_1_SetInterruptMode
                0x0000676c        0xc .\CortexM3\ARM_GCC_541\Debug\esw_uCOS3_cykit.a(Timer_1.o)
                0x0000676c                Timer_1_SetInterruptMode
 .text.Timer_1_WritePeriod
                0x00006778        0xc .\CortexM3\ARM_GCC_541\Debug\esw_uCOS3_cykit.a(Timer_1.o)
                0x00006778                Timer_1_WritePeriod
 .text.Timer_1_WriteCounter
                0x00006784        0xc .\CortexM3\ARM_GCC_541\Debug\esw_uCOS3_cykit.a(Timer_1.o)
                0x00006784                Timer_1_WriteCounter
 .text.Timer_1_Init
                0x00006790       0x68 .\CortexM3\ARM_GCC_541\Debug\esw_uCOS3_cykit.a(Timer_1.o)
                0x00006790                Timer_1_Init
 .text.Timer_1_Start
                0x000067f8       0x1c .\CortexM3\ARM_GCC_541\Debug\esw_uCOS3_cykit.a(Timer_1.o)
                0x000067f8                Timer_1_Start
 .text.Timer_ISR_SetVector
                0x00006814        0xc .\CortexM3\ARM_GCC_541\Debug\esw_uCOS3_cykit.a(Timer_ISR.o)
                0x00006814                Timer_ISR_SetVector
 .text.Timer_ISR_SetPriority
                0x00006820       0x10 .\CortexM3\ARM_GCC_541\Debug\esw_uCOS3_cykit.a(Timer_ISR.o)
                0x00006820                Timer_ISR_SetPriority
 .text.Timer_ISR_Enable
                0x00006830        0xc .\CortexM3\ARM_GCC_541\Debug\esw_uCOS3_cykit.a(Timer_ISR.o)
                0x00006830                Timer_ISR_Enable
 .text.Timer_ISR_Disable
                0x0000683c        0xc .\CortexM3\ARM_GCC_541\Debug\esw_uCOS3_cykit.a(Timer_ISR.o)
                0x0000683c                Timer_ISR_Disable
 .text.Timer_ISR_StartEx
                0x00006848       0x1c .\CortexM3\ARM_GCC_541\Debug\esw_uCOS3_cykit.a(Timer_ISR.o)
                0x00006848                Timer_ISR_StartEx
 *fill*         0x00006864        0x4 
 .text          0x00006868       0x20 .\CortexM3\ARM_GCC_541\Debug\esw_uCOS3_cykit.a(CyBootAsmGnu.o)
                0x00006868                CyDelayCycles
                0x00006878                CyEnterCriticalSection
                0x00006880                CyExitCriticalSection
 .text          0x00006888       0xa0 c:/program files (x86)/cypress/psoc creator/4.4/psoc creator/import/gnu/arm/5.4.1/bin/../lib/gcc/arm-none-eabi/5.4.1/armv7-m\libgcc.a(_aeabi_ldivmod.o)
                0x00006888                __aeabi_ldivmod
 .text          0x00006928      0x2ec c:/program files (x86)/cypress/psoc creator/4.4/psoc creator/import/gnu/arm/5.4.1/bin/../lib/gcc/arm-none-eabi/5.4.1/armv7-m\libgcc.a(_udivmoddi4.o)
                0x00006928                __udivmoddi4
 .text          0x00006c14        0x4 c:/program files (x86)/cypress/psoc creator/4.4/psoc creator/import/gnu/arm/5.4.1/bin/../lib/gcc/arm-none-eabi/5.4.1/armv7-m\libgcc.a(_dvmd_tls.o)
                0x00006c14                __aeabi_idiv0
                0x00006c14                __aeabi_ldiv0
 .text.__errno  0x00006c18        0xc c:/program files (x86)/cypress/psoc creator/4.4/psoc creator/import/gnu/arm/5.4.1/bin/../lib/gcc/arm-none-eabi/5.4.1/../../../../arm-none-eabi/lib/armv7-m\libg_nano.a(lib_a-errno.o)
                0x00006c18                __errno
 .text.__libc_init_array
                0x00006c24       0x4c c:/program files (x86)/cypress/psoc creator/4.4/psoc creator/import/gnu/arm/5.4.1/bin/../lib/gcc/arm-none-eabi/5.4.1/../../../../arm-none-eabi/lib/armv7-m\libg_nano.a(lib_a-init.o)
                0x00006c24                __libc_init_array
 .text.memcmp   0x00006c70       0x1e c:/program files (x86)/cypress/psoc creator/4.4/psoc creator/import/gnu/arm/5.4.1/bin/../lib/gcc/arm-none-eabi/5.4.1/../../../../arm-none-eabi/lib/armv7-m\libg_nano.a(lib_a-memcmp.o)
                0x00006c70                memcmp
 .text.memcpy   0x00006c8e       0x16 c:/program files (x86)/cypress/psoc creator/4.4/psoc creator/import/gnu/arm/5.4.1/bin/../lib/gcc/arm-none-eabi/5.4.1/../../../../arm-none-eabi/lib/armv7-m\libg_nano.a(lib_a-memcpy-stub.o)
                0x00006c8e                memcpy
 .text.memset   0x00006ca4       0x10 c:/program files (x86)/cypress/psoc creator/4.4/psoc creator/import/gnu/arm/5.4.1/bin/../lib/gcc/arm-none-eabi/5.4.1/../../../../arm-none-eabi/lib/armv7-m\libg_nano.a(lib_a-memset.o)
                0x00006ca4                memset
 .text.snprintf
                0x00006cb4       0x64 c:/program files (x86)/cypress/psoc creator/4.4/psoc creator/import/gnu/arm/5.4.1/bin/../lib/gcc/arm-none-eabi/5.4.1/../../../../arm-none-eabi/lib/armv7-m\libg_nano.a(lib_a-snprintf.o)
                0x00006cb4                sniprintf
                0x00006cb4                snprintf
 .text.strncpy  0x00006d18       0x26 c:/program files (x86)/cypress/psoc creator/4.4/psoc creator/import/gnu/arm/5.4.1/bin/../lib/gcc/arm-none-eabi/5.4.1/../../../../arm-none-eabi/lib/armv7-m\libg_nano.a(lib_a-strncpy.o)
                0x00006d18                strncpy
 .text._vsnprintf_r
                0x00006d3e       0x56 c:/program files (x86)/cypress/psoc creator/4.4/psoc creator/import/gnu/arm/5.4.1/bin/../lib/gcc/arm-none-eabi/5.4.1/../../../../arm-none-eabi/lib/armv7-m\libg_nano.a(lib_a-vsnprintf.o)
                0x00006d3e                _vsniprintf_r
                0x00006d3e                _vsnprintf_r
 .text.vsnprintf
                0x00006d94       0x1c c:/program files (x86)/cypress/psoc creator/4.4/psoc creator/import/gnu/arm/5.4.1/bin/../lib/gcc/arm-none-eabi/5.4.1/../../../../arm-none-eabi/lib/armv7-m\libg_nano.a(lib_a-vsnprintf.o)
                0x00006d94                vsniprintf
                0x00006d94                vsnprintf
 .text.__ssputs_r
                0x00006db0       0xb2 c:/program files (x86)/cypress/psoc creator/4.4/psoc creator/import/gnu/arm/5.4.1/bin/../lib/gcc/arm-none-eabi/5.4.1/../../../../arm-none-eabi/lib/armv7-m\libg_nano.a(lib_a-nano-svfprintf.o)
                0x00006db0                __ssputs_r
 *fill*         0x00006e62        0x2 
 .text._svfprintf_r
                0x00006e64      0x1e8 c:/program files (x86)/cypress/psoc creator/4.4/psoc creator/import/gnu/arm/5.4.1/bin/../lib/gcc/arm-none-eabi/5.4.1/../../../../arm-none-eabi/lib/armv7-m\libg_nano.a(lib_a-nano-svfprintf.o)
                0x00006e64                _svfiprintf_r
                0x00006e64                _svfprintf_r
 .text._printf_common
                0x0000704c       0xec c:/program files (x86)/cypress/psoc creator/4.4/psoc creator/import/gnu/arm/5.4.1/bin/../lib/gcc/arm-none-eabi/5.4.1/../../../../arm-none-eabi/lib/armv7-m\libg_nano.a(lib_a-nano-vfprintf_i.o)
                0x0000704c                _printf_common
 .text._printf_i
                0x00007138      0x24c c:/program files (x86)/cypress/psoc creator/4.4/psoc creator/import/gnu/arm/5.4.1/bin/../lib/gcc/arm-none-eabi/5.4.1/../../../../arm-none-eabi/lib/armv7-m\libg_nano.a(lib_a-nano-vfprintf_i.o)
                0x00007138                _printf_i
 .text.memchr   0x00007384       0x1c c:/program files (x86)/cypress/psoc creator/4.4/psoc creator/import/gnu/arm/5.4.1/bin/../lib/gcc/arm-none-eabi/5.4.1/../../../../arm-none-eabi/lib/armv7-m\libg_nano.a(lib_a-memchr-stub.o)
                0x00007384                memchr
 .text.memmove  0x000073a0       0x36 c:/program files (x86)/cypress/psoc creator/4.4/psoc creator/import/gnu/arm/5.4.1/bin/../lib/gcc/arm-none-eabi/5.4.1/../../../../arm-none-eabi/lib/armv7-m\libg_nano.a(lib_a-memmove.o)
                0x000073a0                memmove
 *fill*         0x000073d6        0x2 
 .text._free_r  0x000073d8       0x98 c:/program files (x86)/cypress/psoc creator/4.4/psoc creator/import/gnu/arm/5.4.1/bin/../lib/gcc/arm-none-eabi/5.4.1/../../../../arm-none-eabi/lib/armv7-m\libg_nano.a(lib_a-nano-freer.o)
                0x000073d8                _free_r
 .text._malloc_r
                0x00007470       0xbc c:/program files (x86)/cypress/psoc creator/4.4/psoc creator/import/gnu/arm/5.4.1/bin/../lib/gcc/arm-none-eabi/5.4.1/../../../../arm-none-eabi/lib/armv7-m\libg_nano.a(lib_a-nano-mallocr.o)
                0x00007470                _malloc_r
 .text._realloc_r
                0x0000752c       0x4c c:/program files (x86)/cypress/psoc creator/4.4/psoc creator/import/gnu/arm/5.4.1/bin/../lib/gcc/arm-none-eabi/5.4.1/../../../../arm-none-eabi/lib/armv7-m\libg_nano.a(lib_a-nano-reallocr.o)
                0x0000752c                _realloc_r
 .text._sbrk_r  0x00007578       0x20 c:/program files (x86)/cypress/psoc creator/4.4/psoc creator/import/gnu/arm/5.4.1/bin/../lib/gcc/arm-none-eabi/5.4.1/../../../../arm-none-eabi/lib/armv7-m\libg_nano.a(lib_a-sbrkr.o)
                0x00007578                _sbrk_r
 .text.__malloc_lock
                0x00007598        0x2 c:/program files (x86)/cypress/psoc creator/4.4/psoc creator/import/gnu/arm/5.4.1/bin/../lib/gcc/arm-none-eabi/5.4.1/../../../../arm-none-eabi/lib/armv7-m\libg_nano.a(lib_a-mlock.o)
                0x00007598                __malloc_lock
 .text.__malloc_unlock
                0x0000759a        0x2 c:/program files (x86)/cypress/psoc creator/4.4/psoc creator/import/gnu/arm/5.4.1/bin/../lib/gcc/arm-none-eabi/5.4.1/../../../../arm-none-eabi/lib/armv7-m\libg_nano.a(lib_a-mlock.o)
                0x0000759a                __malloc_unlock
 .text._malloc_usable_size_r
                0x0000759c       0x14 c:/program files (x86)/cypress/psoc creator/4.4/psoc creator/import/gnu/arm/5.4.1/bin/../lib/gcc/arm-none-eabi/5.4.1/../../../../arm-none-eabi/lib/armv7-m\libg_nano.a(lib_a-nano-msizer.o)
                0x0000759c                _malloc_usable_size_r
 *(.plt)
 *(.gnu.warning)
 *(.glue_7t)
 .glue_7t       0x000075b0        0x0 linker stubs
 *(.glue_7)
 .glue_7        0x000075b0        0x0 linker stubs
 *(.vfp11_veneer)
 .vfp11_veneer  0x000075b0        0x0 linker stubs
 *(.bootloader)
 *(.ARM.extab* .gnu.linkonce.armextab.*)
 *(.gcc_except_table)

.v4_bx          0x000075b0        0x0
 .v4_bx         0x000075b0        0x0 linker stubs

.iplt           0x000075b0        0x0
 .iplt          0x000075b0        0x0 c:/program files (x86)/cypress/psoc creator/4.4/psoc creator/import/gnu/arm/5.4.1/bin/../lib/gcc/arm-none-eabi/5.4.1/armv7-m/crtbegin.o

.eh_frame_hdr
 *(.eh_frame_hdr)

.eh_frame       0x000075b0        0x4
 *(.eh_frame)
 .eh_frame      0x000075b0        0x0 c:/program files (x86)/cypress/psoc creator/4.4/psoc creator/import/gnu/arm/5.4.1/bin/../lib/gcc/arm-none-eabi/5.4.1/armv7-m/crtbegin.o
 .eh_frame      0x000075b0        0x4 c:/program files (x86)/cypress/psoc creator/4.4/psoc creator/import/gnu/arm/5.4.1/bin/../lib/gcc/arm-none-eabi/5.4.1/armv7-m/crtend.o
                [!provide]                PROVIDE (__exidx_start, .)

.ARM.exidx      0x000075b4        0x8
 *(.ARM.exidx* .gnu.linkonce.armexidx.*)
 .ARM.exidx     0x000075b4        0x8 c:/program files (x86)/cypress/psoc creator/4.4/psoc creator/import/gnu/arm/5.4.1/bin/../lib/gcc/arm-none-eabi/5.4.1/armv7-m\libgcc.a(_udivmoddi4.o)
                0x000075bc                __exidx_end = .

.rodata         0x000075bc     0x1dfc
 *(.rodata .rodata.* .gnu.linkonce.r.*)
 .rodata.str1.4
                0x000075bc       0x8e .\CortexM3\ARM_GCC_541\Debug\app.o
 *fill*         0x0000764a        0x2 
 .rodata.str1.4
                0x0000764c      0x21b .\CortexM3\ARM_GCC_541\Debug\log_task.o
                                0x21f (size before relaxing)
 *fill*         0x00007867        0x1 
 .rodata        0x00007868       0x64 .\CortexM3\ARM_GCC_541\Debug\heartbeatSensor.o
 .rodata.str1.4
                0x000078cc      0x259 .\CortexM3\ARM_GCC_541\Debug\heartbeatSensor.o
 *fill*         0x00007b25        0x3 
 .rodata.str1.4
                0x00007b28      0x23c .\CortexM3\ARM_GCC_541\Debug\environmentSensor.o
 .rodata.str1.4
                0x00007d64      0x552 .\CortexM3\ARM_GCC_541\Debug\data_processing_task.o
 *fill*         0x000082b6        0x2 
 .rodata.str1.4
                0x000082b8      0x116 .\CortexM3\ARM_GCC_541\Debug\bsp_i2c.o
 *fill*         0x000083ce        0x2 
 .rodata.str1.4
                0x000083d0        0x6 .\CortexM3\ARM_GCC_541\Debug\os_q.o
 *fill*         0x000083d6        0x2 
 .rodata.str1.4
                0x000083d8        0x5 .\CortexM3\ARM_GCC_541\Debug\os_sem.o
                                  0xa (size before relaxing)
 *fill*         0x000083dd        0x3 
 .rodata.str1.4
                0x000083e0       0x14 .\CortexM3\ARM_GCC_541\Debug\os_stat.o
 .rodata.str1.4
                0x000083f4        0x6 .\CortexM3\ARM_GCC_541\Debug\os_task.o
                                  0xa (size before relaxing)
 *fill*         0x000083fa        0x2 
 .rodata.str1.4
                0x000083fc       0x14 .\CortexM3\ARM_GCC_541\Debug\os_tick.o
 .rodata.str1.4
                0x00008410       0x1d .\CortexM3\ARM_GCC_541\Debug\os_tmr.o
 *fill*         0x0000842d        0x3 
 .rodata        0x00008430       0xa4 .\CortexM3\ARM_GCC_541\Debug\os_cfg_app.o
                0x00008430                OSCfg_DataSizeRAM
                0x00008434                OSCfg_TmrWheelSizeRAM
                0x00008438                OSCfg_TmrWheelSize
                0x0000843c                OSCfg_TmrTaskStkSizeRAM
                0x00008440                OSCfg_TmrTaskStkSize
                0x00008444                OSCfg_TmrTaskStkLimit
                0x00008448                OSCfg_TmrTaskStkBasePtr
                0x0000844c                OSCfg_TmrTaskRate_Hz
                0x00008450                OSCfg_TmrTaskPrio
                0x00008454                OSCfg_TickWheelSizeRAM
                0x00008458                OSCfg_TickWheelSize
                0x0000845c                OSCfg_TickTaskStkSizeRAM
                0x00008460                OSCfg_TickTaskStkSize
                0x00008464                OSCfg_TickTaskStkLimit
                0x00008468                OSCfg_TickTaskStkBasePtr
                0x0000846c                OSCfg_TickTaskPrio
                0x00008470                OSCfg_TickRate_Hz
                0x00008474                OSCfg_StkSizeMin
                0x00008478                OSCfg_StatTaskStkSizeRAM
                0x0000847c                OSCfg_StatTaskStkSize
                0x00008480                OSCfg_StatTaskStkLimit
                0x00008484                OSCfg_StatTaskStkBasePtr
                0x00008488                OSCfg_StatTaskRate_Hz
                0x0000848c                OSCfg_StatTaskPrio
                0x00008490                OSCfg_MsgPoolBasePtr
                0x00008494                OSCfg_MsgPoolSizeRAM
                0x00008498                OSCfg_MsgPoolSize
                0x0000849c                OSCfg_ISRStkSizeRAM
                0x000084a0                OSCfg_ISRStkSize
                0x000084a4                OSCfg_ISRStkBasePtr
                0x000084a8                OSCfg_IntQTaskStkSizeRAM
                0x000084ac                OSCfg_IntQTaskStkSize
                0x000084b0                OSCfg_IntQTaskStkLimit
                0x000084b4                OSCfg_IntQTaskStkBasePtr
                0x000084b8                OSCfg_IntQSizeRAM
                0x000084bc                OSCfg_IntQSize
                0x000084c0                OSCfg_IntQBasePtr
                0x000084c4                OSCfg_IdleTaskStkSizeRAM
                0x000084c8                OSCfg_IdleTaskStkSize
                0x000084cc                OSCfg_IdleTaskStkLimit
                0x000084d0                OSCfg_IdleTaskStkBasePtr
 .rodata.str1.4
                0x000084d4       0x25 .\CortexM3\ARM_GCC_541\Debug\os_core.o
                                 0x2a (size before relaxing)
 *fill*         0x000084f9        0x3 
 .rodata.str1.4
                0x000084fc      0x394 .\CortexM3\ARM_GCC_541\Debug\max30102_interface.o
 .rodata.str1.4
                0x00008890      0x9d8 .\CortexM3\ARM_GCC_541\Debug\driver_max30102.o
 .rodata        0x00009268       0x92 .\CortexM3\ARM_GCC_541\Debug\bme68x.o
 *fill*         0x000092fa        0x2 
 .rodata        0x000092fc       0x50 .\CortexM3\ARM_GCC_541\Debug\cyfitter_cfg.o
 .rodata.str1.1
                0x0000934c        0x2 c:/program files (x86)/cypress/psoc creator/4.4/psoc creator/import/gnu/arm/5.4.1/bin/../lib/gcc/arm-none-eabi/5.4.1/../../../../arm-none-eabi/lib/armv7-m\libg_nano.a(lib_a-impure.o)
 .rodata.str1.1
                0x0000934e       0x11 c:/program files (x86)/cypress/psoc creator/4.4/psoc creator/import/gnu/arm/5.4.1/bin/../lib/gcc/arm-none-eabi/5.4.1/../../../../arm-none-eabi/lib/armv7-m\libg_nano.a(lib_a-nano-svfprintf.o)
 .rodata.str1.1
                0x0000935f       0x22 c:/program files (x86)/cypress/psoc creator/4.4/psoc creator/import/gnu/arm/5.4.1/bin/../lib/gcc/arm-none-eabi/5.4.1/../../../../arm-none-eabi/lib/armv7-m\libg_nano.a(lib_a-nano-vfprintf_i.o)
                0x00009384                . = ALIGN (0x4)
 *fill*         0x00009381        0x3 
 *(.init)
 .init          0x00009384        0x4 c:/program files (x86)/cypress/psoc creator/4.4/psoc creator/import/gnu/arm/5.4.1/bin/../lib/gcc/arm-none-eabi/5.4.1/armv7-m/crti.o
                0x00009384                _init
 .init          0x00009388        0x8 c:/program files (x86)/cypress/psoc creator/4.4/psoc creator/import/gnu/arm/5.4.1/bin/../lib/gcc/arm-none-eabi/5.4.1/armv7-m/crtn.o
                0x00009390                . = ALIGN (0x4)
                0x00009390                __preinit_array_start = .
 *(.preinit_array)
                0x00009390                __preinit_array_end = .
                0x00009390                . = ALIGN (0x4)
                0x00009390                __init_array_start = .
 *(SORT(.init_array.*))
 *(.init_array)
 .init_array    0x00009390        0x4 c:/program files (x86)/cypress/psoc creator/4.4/psoc creator/import/gnu/arm/5.4.1/bin/../lib/gcc/arm-none-eabi/5.4.1/armv7-m/crtbegin.o
 .init_array    0x00009394        0x4 .\CortexM3\ARM_GCC_541\Debug\Cm3Start.o
                0x00009398                __init_array_end = .
                0x00009398                . = ALIGN (0x4)
 *(.fini)
 .fini          0x00009398        0x4 c:/program files (x86)/cypress/psoc creator/4.4/psoc creator/import/gnu/arm/5.4.1/bin/../lib/gcc/arm-none-eabi/5.4.1/armv7-m/crti.o
                0x00009398                _fini
 .fini          0x0000939c        0x8 c:/program files (x86)/cypress/psoc creator/4.4/psoc creator/import/gnu/arm/5.4.1/bin/../lib/gcc/arm-none-eabi/5.4.1/armv7-m/crtn.o
                0x000093a4                . = ALIGN (0x4)
                0x000093a4                __fini_array_start = .
 *(.fini_array)
 .fini_array    0x000093a4        0x4 c:/program files (x86)/cypress/psoc creator/4.4/psoc creator/import/gnu/arm/5.4.1/bin/../lib/gcc/arm-none-eabi/5.4.1/armv7-m/crtbegin.o
 *(SORT(.fini_array.*))
                0x000093a8                __fini_array_end = .
                0x000093a8                . = ALIGN (0x4)
 *crtbegin.o(.ctors)
 *(EXCLUDE_FILE(*crtend.o) .ctors)
 *(SORT(.ctors.*))
 *crtend.o(.ctors)
                0x000093a8                . = ALIGN (0x4)
 *crtbegin.o(.dtors)
 *(EXCLUDE_FILE(*crtend.o) .dtors)
 *(SORT(.dtors.*))
 *crtend.o(.dtors)
                0x000093a8                . = ALIGN (0x4)
                0x000093a8                __cy_regions = .
                0x000093a8        0x4 LONG 0x93b8 __cy_region_init_ram
                0x000093ac        0x4 LONG 0x1fff80c8 __cy_region_start_data
                0x000093b0        0x4 LONG 0x90 __cy_region_init_size_ram
                0x000093b4        0x4 LONG 0x5d70 __cy_region_zero_size_ram
                0x000093b8                __cy_regions_end = .
                0x000093b8                . = ALIGN (0x8)
                0x000093b8                _etext = .

.cy_checksum_exclude
                0x000093b8        0x0
 *(.cy_checksum_exclude)

.ramvectors     0x1fff8000       0xc0
                0x1fff8000                __cy_region_start_ram = .
 *(.ramvectors)
 .ramvectors    0x1fff8000       0xc0 .\CortexM3\ARM_GCC_541\Debug\Cm3Start.o
                0x1fff8000                CyRamVectors

.noinit         0x1fff80c0        0x1
 *(.noinit)
 .noinit        0x1fff80c0        0x1 .\CortexM3\ARM_GCC_541\Debug\esw_uCOS3_cykit.a(CyLib.o)
                0x1fff80c0                CyResetStatus

.data           0x1fff80c8       0x90 load address 0x000093b8
                0x1fff80c8                __cy_region_start_data = .
 *(.jcr)
 .jcr           0x1fff80c8        0x0 c:/program files (x86)/cypress/psoc creator/4.4/psoc creator/import/gnu/arm/5.4.1/bin/../lib/gcc/arm-none-eabi/5.4.1/armv7-m/crtbegin.o
 .jcr           0x1fff80c8        0x4 c:/program files (x86)/cypress/psoc creator/4.4/psoc creator/import/gnu/arm/5.4.1/bin/../lib/gcc/arm-none-eabi/5.4.1/armv7-m/crtend.o
 *(.got.plt)
 *(.got)
 *(.shdata)
 *(.data .data.* .gnu.linkonce.d.*)
 .data          0x1fff80cc        0x8 .\CortexM3\ARM_GCC_541\Debug\heartbeatSensor.o
                0x1fff80d0                spO2
 .data          0x1fff80d4        0x4 .\CortexM3\ARM_GCC_541\Debug\Cm3Start.o
 .data          0x1fff80d8        0x8 .\CortexM3\ARM_GCC_541\Debug\esw_uCOS3_cykit.a(CyDmac.o)
 .data          0x1fff80e0       0x10 .\CortexM3\ARM_GCC_541\Debug\esw_uCOS3_cykit.a(CyLib.o)
                0x1fff80e0                cydelay_32k_ms
                0x1fff80e4                cydelay_freq_khz
                0x1fff80e8                cydelay_freq_mhz
                0x1fff80ec                cydelay_freq_hz
 .data.impure_data
                0x1fff80f0       0x60 c:/program files (x86)/cypress/psoc creator/4.4/psoc creator/import/gnu/arm/5.4.1/bin/../lib/gcc/arm-none-eabi/5.4.1/../../../../arm-none-eabi/lib/armv7-m\libg_nano.a(lib_a-impure.o)
 .data._impure_ptr
                0x1fff8150        0x4 c:/program files (x86)/cypress/psoc creator/4.4/psoc creator/import/gnu/arm/5.4.1/bin/../lib/gcc/arm-none-eabi/5.4.1/../../../../arm-none-eabi/lib/armv7-m\libg_nano.a(lib_a-impure.o)
                0x1fff8150                _impure_ptr
                0x1fff8158                . = ALIGN (0x8)
 *fill*         0x1fff8154        0x4 
 *(.ram)
                0x1fff8158                _edata = .

.igot.plt       0x1fff8158        0x0 load address 0x00009448
 .igot.plt      0x1fff8158        0x0 c:/program files (x86)/cypress/psoc creator/4.4/psoc creator/import/gnu/arm/5.4.1/bin/../lib/gcc/arm-none-eabi/5.4.1/armv7-m/crtbegin.o

.bss            0x1fff8158     0x5d70 load address 0x00009448
                0x1fff8158                PROVIDE (__bss_start__, .)
 *(.shbss)
 *(.bss .bss.* .gnu.linkonce.b.*)
 .bss           0x1fff8158       0x1c c:/program files (x86)/cypress/psoc creator/4.4/psoc creator/import/gnu/arm/5.4.1/bin/../lib/gcc/arm-none-eabi/5.4.1/armv7-m/crtbegin.o
 .bss           0x1fff8174      0x4c0 .\CortexM3\ARM_GCC_541\Debug\app.o
 .bss           0x1fff8634       0xdc .\CortexM3\ARM_GCC_541\Debug\heartbeatSensor.o
                0x1fff8638                IR_AC_Signal_Current
                0x1fff863c                IR_AC_Signal_Previous
                0x1fff8640                last_peak_timestamp
                0x1fff8644                cycle_started
                0x1fff8648                IR_AC_Min
                0x1fff864c                heart_rate_index
                0x1fff8650                heart_rate_history
                0x1fff868c                heart_rate_sum
                0x1fff8690                IR_DC_Signal_Current
                0x1fff8694                RED_DC_Signal_Current
                0x1fff8698                RED_AC_Signal_Current
                0x1fff8704                ir_avg_reg
                0x1fff8708                red_avg_reg
                0x1fff870c                IR_AC_Max
 .bss           0x1fff8710        0x4 .\CortexM3\ARM_GCC_541\Debug\bsp_i2c.o
                0x1fff8710                current_timestamp
 .bss           0x1fff8714        0x9 .\CortexM3\ARM_GCC_541\Debug\esw_uCOS3_cykit.a(UART_1.o)
                0x1fff8714                UART_1_errorStatus
                0x1fff8715                UART_1_initVar
                0x1fff8716                UART_1_rxBufferRead
                0x1fff8717                UART_1_rxBufferWrite
                0x1fff8718                UART_1_rxBufferLoopDetect
                0x1fff8719                UART_1_rxBufferOverflow
                0x1fff871a                UART_1_txBufferRead
                0x1fff871b                UART_1_txBufferWrite
 .bss           0x1fff871d        0x1 .\CortexM3\ARM_GCC_541\Debug\esw_uCOS3_cykit.a(I2C_1.o)
                0x1fff871d                I2C_1_initVar
 .bss           0x1fff871e        0x1 .\CortexM3\ARM_GCC_541\Debug\esw_uCOS3_cykit.a(Timer_1.o)
                0x1fff871e                Timer_1_initVar
 *fill*         0x1fff871f        0x1 
 .bss.__malloc_sbrk_start
                0x1fff8720        0x4 c:/program files (x86)/cypress/psoc creator/4.4/psoc creator/import/gnu/arm/5.4.1/bin/../lib/gcc/arm-none-eabi/5.4.1/../../../../arm-none-eabi/lib/armv7-m\libg_nano.a(lib_a-nano-mallocr.o)
                0x1fff8720                __malloc_sbrk_start
 .bss.__malloc_free_list
                0x1fff8724        0x4 c:/program files (x86)/cypress/psoc creator/4.4/psoc creator/import/gnu/arm/5.4.1/bin/../lib/gcc/arm-none-eabi/5.4.1/../../../../arm-none-eabi/lib/armv7-m\libg_nano.a(lib_a-nano-mallocr.o)
                0x1fff8724                __malloc_free_list
 *(COMMON)
 COMMON         0x1fff8728       0xf0 .\CortexM3\ARM_GCC_541\Debug\app.o
                0x1fff8728                CommQI2CSPO2
                0x1fff8758                CommQProcessedEnvironmentData
                0x1fff8788                CommQI2CHeartRate
                0x1fff87b8                CommQSPIData
                0x1fff87e8                CommQProcessedOximeterData
 COMMON         0x1fff8818     0x24c8 .\CortexM3\ARM_GCC_541\Debug\log_task.o
                0x1fff8818                Log_TaskStk
                0x1fff9018                LogTaskSem
                0x1fff9040                Log_Task_TCB
                0x1fff9100                MsgMemPoolStorage
                0x1fffac90                MsgMemPool
                0x1fffacb0                Log_Queue
 COMMON         0x1ffface0      0x900 .\CortexM3\ARM_GCC_541\Debug\heartbeatSensor.o
                0x1ffface0                MAX30102_Task_TCB
                0x1fffada0                i2c_rx_buffer
                0x1fffade0                MAX30102_TaskStk
 COMMON         0x1fffb5e0      0x8c0 .\CortexM3\ARM_GCC_541\Debug\environmentSensor.o
                0x1fffb5e0                BME688_Task_TCB
                0x1fffb6a0                BME688_TaskStk
 COMMON         0x1fffbea0      0x8c0 .\CortexM3\ARM_GCC_541\Debug\data_processing_task.o
                0x1fffbea0                Data_Processing_TaskStk
                0x1fffc6a0                Data_Processing_TCB
 COMMON         0x1fffc760       0x28 .\CortexM3\ARM_GCC_541\Debug\bsp_i2c.o
                0x1fffc760                I2C_Sem
 COMMON         0x1fffc788       0x14 .\CortexM3\ARM_GCC_541\Debug\cpu_core.o
                0x1fffc788                CPU_TS_TmrFreq_Hz
                0x1fffc78c                CPU_Name
 COMMON         0x1fffc79c        0x4 .\CortexM3\ARM_GCC_541\Debug\os_cpu_c.o
                0x1fffc79c                OS_CPU_ExceptStkBase
 COMMON         0x1fffc7a0        0x4 .\CortexM3\ARM_GCC_541\Debug\os_prio.o
                0x1fffc7a0                OSPrioTbl
 COMMON         0x1fffc7a4      0x538 .\CortexM3\ARM_GCC_541\Debug\os_var.o
                0x1fffc7a4                OSSchedLockNestingCtr
                0x1fffc7a8                OS_AppTaskReturnHookPtr
                0x1fffc7ac                OSStatTaskTimeMax
                0x1fffc7b0                OSStatTaskCtr
                0x1fffc7b4                OSTaskRegNextAvailID
                0x1fffc7b5                OSRunning
                0x1fffc7b8                OSRdyList
                0x1fffc938                OSPrioHighRdy
                0x1fffc939                OSStatTaskRdy
                0x1fffc93c                OSSemDbgListPtr
                0x1fffc940                OS_AppTaskCreateHookPtr
                0x1fffc944                OSPrioCur
                0x1fffc948                OSTickTaskTCB
                0x1fffca08                OSTmrTickCtr
                0x1fffca0c                OSTCBCurPtr
                0x1fffca10                OSQQty
                0x1fffca12                OSStatTaskCPUUsageMax
                0x1fffca14                OSPrioSaved
                0x1fffca18                OSTCBHighRdyPtr
                0x1fffca1c                OSTaskDbgListPtr
                0x1fffca20                OSTmrTaskTimeMax
                0x1fffca24                OS_AppTaskDelHookPtr
                0x1fffca28                OS_AppTimeTickHookPtr
                0x1fffca2c                OSTaskCtxSwCtr
                0x1fffca30                OSStatTaskCPUUsage
                0x1fffca32                OSIntNestingCtr
                0x1fffca34                OSTaskQty
                0x1fffca38                OSTmrTaskTCB
                0x1fffcaf8                OSMsgPool
                0x1fffcb04                OSIdleTaskTCB
                0x1fffcbc4                OSQDbgListPtr
                0x1fffcbc8                OSSemQty
                0x1fffcbcc                OSMemDbgListPtr
                0x1fffcbd0                OSSchedRoundRobinDfltTimeQuanta
                0x1fffcbd4                OS_AppIdleTaskHookPtr
                0x1fffcbd8                OSStatTaskCtrMax
                0x1fffcbdc                OSTickCtr
                0x1fffcbe0                OS_AppTaskSwHookPtr
                0x1fffcbe4                OSTmrQty
                0x1fffcbe8                OSIdleTaskCtr
                0x1fffcbec                OSStatTaskCtrRun
                0x1fffcbf0                OS_AppStatTaskHookPtr
                0x1fffcbf4                OSFlagQty
                0x1fffcbf8                OSFlagDbgListPtr
                0x1fffcbfc                OSStatResetFlag
                0x1fffcbfe                OSMemQty
                0x1fffcc00                OSMutexQty
                0x1fffcc04                OSStatTaskTCB
                0x1fffccc4                OSTmrDbgListPtr
                0x1fffccc8                OSTickTaskTimeMax
                0x1fffcccc                OSTmrUpdateCnt
                0x1fffccd0                OSSchedRoundRobinEn
                0x1fffccd4                OSMutexDbgListPtr
                0x1fffccd8                OSTmrUpdateCtr
 COMMON         0x1fffccdc     0x1150 .\CortexM3\ARM_GCC_541\Debug\os_cfg_app.o
                0x1fffccdc                OSCfg_StatTaskStk
                0x1fffcedc                OSCfg_TickWheel
                0x1fffcf64                OSCfg_MsgPool
                0x1fffd5a4                OSCfg_TmrTaskStk
                0x1fffd7a4                OSCfg_TmrWheel
                0x1fffd82c                OSCfg_ISRStk
                0x1fffda2c                OSCfg_TickTaskStk
                0x1fffdc2c                OSCfg_IdleTaskStk
 COMMON         0x1fffde2c       0x80 .\CortexM3\ARM_GCC_541\Debug\esw_uCOS3_cykit.a(UART_1.o)
                0x1fffde2c                UART_1_txBuffer
                0x1fffde6c                UART_1_rxBuffer
 COMMON         0x1fffdeac        0x1 .\CortexM3\ARM_GCC_541\Debug\esw_uCOS3_cykit.a(I2C_1.o)
                0x1fffdeac                I2C_1_state
 *fill*         0x1fffdead        0x3 
 COMMON         0x1fffdeb0       0x11 .\CortexM3\ARM_GCC_541\Debug\esw_uCOS3_cykit.a(I2C_1_MASTER.o)
                0x1fffdeb0                I2C_1_mstrWrBufIndex
                0x1fffdeb1                I2C_1_mstrControl
                0x1fffdeb2                I2C_1_mstrStatus
                0x1fffdeb3                I2C_1_mstrWrBufSize
                0x1fffdeb4                I2C_1_mstrRdBufIndex
                0x1fffdeb8                I2C_1_mstrWrBufPtr
                0x1fffdebc                I2C_1_mstrRdBufPtr
                0x1fffdec0                I2C_1_mstrRdBufSize
 *fill*         0x1fffdec1        0x3 
 COMMON         0x1fffdec4        0x4 c:/program files (x86)/cypress/psoc creator/4.4/psoc creator/import/gnu/arm/5.4.1/bin/../lib/gcc/arm-none-eabi/5.4.1/../../../../arm-none-eabi/lib/armv7-m\libg_nano.a(lib_a-reent.o)
                0x1fffdec4                errno
                0x1fffdec8                . = ALIGN (0x8)
 *(.ram.b)
                0x1fffdec8                _end = .
                0x1fffdec8                __end = .
                0x1fffdec8                PROVIDE (end, .)
                0x1fffdec8                PROVIDE (__bss_end__, .)
                0x000093b8                __cy_region_init_ram = LOADADDR (.data)
                0x00000090                __cy_region_init_size_ram = (_edata - ADDR (.data))
                0x00005d70                __cy_region_zero_size_ram = (_end - _edata)

.heap           0x1fffdec8       0x80 load address 0x00009448
                0x1fffdec8                . = _end
                0x1fffdf48                . = (. + 0x80)
 *fill*         0x1fffdec8       0x80 
                0x1fffdf48                __cy_heap_limit = .

.stack          0x20007800      0x800
                0x20007800                __cy_stack_limit = .
                0x20008000                . = (. + 0x800)
 *fill*         0x20007800      0x800 
                0x00000001                ASSERT ((__cy_stack_limit >= __cy_heap_limit), region RAM overflowed with stack)
                0x00000000                cy_checksum_exclude_size = (CY_APPL_LOADABLE == 0x1)?SIZEOF (.cy_checksum_exclude):0x0
                0x00000001                ASSERT ((cy_checksum_exclude_size <= CY_CHECKSUM_EXCLUDE_SIZE), CY_BOOT: Section .cy_checksum_exclude size exceedes specified limit.)

.cyloadermeta
 *(.cyloadermeta)

.cyloadablemeta
 *(.cyloadablemeta)

.cyconfigecc    0x80000000      0x578
 *(.cyconfigecc)
 .cyconfigecc   0x80000000      0x578 .\CortexM3\ARM_GCC_541\Debug\cymetadata.o
                0x80000000                cy_meta_configecc

.cycustnvl      0x90000000        0x4
 *(.cycustnvl)
 .cycustnvl     0x90000000        0x4 .\CortexM3\ARM_GCC_541\Debug\cymetadata.o
                0x90000000                cy_meta_custnvl

.cywolatch      0x90100000        0x4
 *(.cywolatch)
 .cywolatch     0x90100000        0x4 .\CortexM3\ARM_GCC_541\Debug\cymetadata.o
                0x90100000                cy_meta_wonvl

.cyeeprom       0x90200000        0x0
 *(.cyeeprom)
                0x00000001                ASSERT ((. <= ((0x90200000 + ee_offset) + ee_size)), .cyeeprom data will not fit in EEPROM)

.cyflashprotect
                0x90400000      0x100
 *(.cyflashprotect)
 .cyflashprotect
                0x90400000      0x100 .\CortexM3\ARM_GCC_541\Debug\cymetadata.o
                0x90400000                cy_meta_flashprotect

.cymeta         0x90500000        0xc
 *(.cymeta)
 .cymeta        0x90500000        0xc .\CortexM3\ARM_GCC_541\Debug\cymetadata.o
                0x90500000                cy_metadata

.rel.dyn        0x00009448        0x0 load address 0x9050000c
 .rel.iplt      0x00009448        0x0 c:/program files (x86)/cypress/psoc creator/4.4/psoc creator/import/gnu/arm/5.4.1/bin/../lib/gcc/arm-none-eabi/5.4.1/armv7-m/crtbegin.o

.stab
 *(.stab)

.stabstr
 *(.stabstr)

.debug
 *(.debug)

.line
 *(.line)

.debug_srcinfo
 *(.debug_srcinfo)

.debug_sfnames
 *(.debug_sfnames)

.debug_aranges  0x00000000     0x1ab0
 *(.debug_aranges)
 .debug_aranges
                0x00000000       0x28 .\CortexM3\ARM_GCC_541\Debug\app.o
 .debug_aranges
                0x00000028       0x68 .\CortexM3\ARM_GCC_541\Debug\os_app_hooks.o
 .debug_aranges
                0x00000090       0x40 .\CortexM3\ARM_GCC_541\Debug\log_task.o
 .debug_aranges
                0x000000d0       0x70 .\CortexM3\ARM_GCC_541\Debug\heartbeatSensor.o
 .debug_aranges
                0x00000140       0x58 .\CortexM3\ARM_GCC_541\Debug\environmentSensor.o
 .debug_aranges
                0x00000198       0x50 .\CortexM3\ARM_GCC_541\Debug\data_processing_task.o
 .debug_aranges
                0x000001e8       0x38 .\CortexM3\ARM_GCC_541\Debug\bsp_os.o
 .debug_aranges
                0x00000220       0x58 .\CortexM3\ARM_GCC_541\Debug\bsp.o
 .debug_aranges
                0x00000278       0x30 .\CortexM3\ARM_GCC_541\Debug\cpu_bsp.o
 .debug_aranges
                0x000002a8       0x30 .\CortexM3\ARM_GCC_541\Debug\bsp_uart.o
 .debug_aranges
                0x000002d8       0x38 .\CortexM3\ARM_GCC_541\Debug\bsp_gpio.o
 .debug_aranges
                0x00000310       0x38 .\CortexM3\ARM_GCC_541\Debug\bsp_i2c.o
 .debug_aranges
                0x00000348       0x50 .\CortexM3\ARM_GCC_541\Debug\cpu_c.o
 .debug_aranges
                0x00000398       0xb0 .\CortexM3\ARM_GCC_541\Debug\cpu_core.o
 .debug_aranges
                0x00000448       0x38 .\CortexM3\ARM_GCC_541\Debug\lib_math.o
 .debug_aranges
                0x00000480       0x48 .\CortexM3\ARM_GCC_541\Debug\lib_mem.o
 .debug_aranges
                0x000004c8       0xd8 .\CortexM3\ARM_GCC_541\Debug\lib_str.o
 .debug_aranges
                0x000005a0       0x98 .\CortexM3\ARM_GCC_541\Debug\lib_ascii.o
 .debug_aranges
                0x00000638       0x70 .\CortexM3\ARM_GCC_541\Debug\os_cpu_c.o
 .debug_aranges
                0x000006a8       0x38 .\CortexM3\ARM_GCC_541\Debug\os_pend_multi.o
 .debug_aranges
                0x000006e0       0x38 .\CortexM3\ARM_GCC_541\Debug\os_prio.o
 .debug_aranges
                0x00000718       0x70 .\CortexM3\ARM_GCC_541\Debug\os_q.o
 .debug_aranges
                0x00000788       0x70 .\CortexM3\ARM_GCC_541\Debug\os_sem.o
 .debug_aranges
                0x000007f8       0x38 .\CortexM3\ARM_GCC_541\Debug\os_stat.o
 .debug_aranges
                0x00000830       0xf0 .\CortexM3\ARM_GCC_541\Debug\os_task.o
 .debug_aranges
                0x00000920       0x50 .\CortexM3\ARM_GCC_541\Debug\os_tick.o
 .debug_aranges
                0x00000970       0x48 .\CortexM3\ARM_GCC_541\Debug\os_time.o
 .debug_aranges
                0x000009b8       0x88 .\CortexM3\ARM_GCC_541\Debug\os_tmr.o
 .debug_aranges
                0x00000a40       0x18 .\CortexM3\ARM_GCC_541\Debug\os_var.o
 .debug_aranges
                0x00000a58       0x20 .\CortexM3\ARM_GCC_541\Debug\os_cfg_app.o
 .debug_aranges
                0x00000a78      0x140 .\CortexM3\ARM_GCC_541\Debug\os_core.o
 .debug_aranges
                0x00000bb8       0x20 .\CortexM3\ARM_GCC_541\Debug\os_dbg.o
 .debug_aranges
                0x00000bd8       0x80 .\CortexM3\ARM_GCC_541\Debug\os_flag.o
 .debug_aranges
                0x00000c58       0x18 .\CortexM3\ARM_GCC_541\Debug\os_int.o
 .debug_aranges
                0x00000c70       0x40 .\CortexM3\ARM_GCC_541\Debug\os_mem.o
 .debug_aranges
                0x00000cb0       0x40 .\CortexM3\ARM_GCC_541\Debug\os_msg.o
 .debug_aranges
                0x00000cf0       0x60 .\CortexM3\ARM_GCC_541\Debug\os_mutex.o
 .debug_aranges
                0x00000d50       0x48 .\CortexM3\ARM_GCC_541\Debug\max30102_interface.o
 .debug_aranges
                0x00000d98      0x180 .\CortexM3\ARM_GCC_541\Debug\driver_max30102.o
 .debug_aranges
                0x00000f18      0x120 .\CortexM3\ARM_GCC_541\Debug\bme68x.o
 .debug_aranges
                0x00001038       0x58 .\CortexM3\ARM_GCC_541\Debug\cyfitter_cfg.o
 .debug_aranges
                0x00001090       0x18 .\CortexM3\ARM_GCC_541\Debug\cymetadata.o
 .debug_aranges
                0x000010a8       0x48 .\CortexM3\ARM_GCC_541\Debug\Cm3Start.o
 .debug_aranges
                0x000010f0       0x20 .\CortexM3\ARM_GCC_541\Debug\cpu_a.o
 .debug_aranges
                0x00001110       0x20 .\CortexM3\ARM_GCC_541\Debug\os_cpu_a.o
 .debug_aranges
                0x00001130       0xf0 .\CortexM3\ARM_GCC_541\Debug\esw_uCOS3_cykit.a(UART_1.o)
 .debug_aranges
                0x00001220       0x28 .\CortexM3\ARM_GCC_541\Debug\esw_uCOS3_cykit.a(UART_1_INT.o)
 .debug_aranges
                0x00001248       0x38 .\CortexM3\ARM_GCC_541\Debug\esw_uCOS3_cykit.a(Pin_1.o)
 .debug_aranges
                0x00001280       0x70 .\CortexM3\ARM_GCC_541\Debug\esw_uCOS3_cykit.a(UART_1_IntClock.o)
 .debug_aranges
                0x000012f0       0xd8 .\CortexM3\ARM_GCC_541\Debug\esw_uCOS3_cykit.a(CyDmac.o)
 .debug_aranges
                0x000013c8      0x2a0 .\CortexM3\ARM_GCC_541\Debug\esw_uCOS3_cykit.a(CyLib.o)
 .debug_aranges
                0x00001668       0x98 .\CortexM3\ARM_GCC_541\Debug\esw_uCOS3_cykit.a(cyPm.o)
 .debug_aranges
                0x00001700       0x38 .\CortexM3\ARM_GCC_541\Debug\esw_uCOS3_cykit.a(Pin_2.o)
 .debug_aranges
                0x00001738       0x38 .\CortexM3\ARM_GCC_541\Debug\esw_uCOS3_cykit.a(push_button.o)
 .debug_aranges
                0x00001770       0x38 .\CortexM3\ARM_GCC_541\Debug\esw_uCOS3_cykit.a(I2C_1.o)
 .debug_aranges
                0x000017a8       0x20 .\CortexM3\ARM_GCC_541\Debug\esw_uCOS3_cykit.a(I2C_1_INT.o)
 .debug_aranges
                0x000017c8       0x38 .\CortexM3\ARM_GCC_541\Debug\esw_uCOS3_cykit.a(I2C_1_PM.o)
 .debug_aranges
                0x00001800       0x80 .\CortexM3\ARM_GCC_541\Debug\esw_uCOS3_cykit.a(I2C_1_MASTER.o)
 .debug_aranges
                0x00001880       0x88 .\CortexM3\ARM_GCC_541\Debug\esw_uCOS3_cykit.a(Timer_1.o)
 .debug_aranges
                0x00001908       0x80 .\CortexM3\ARM_GCC_541\Debug\esw_uCOS3_cykit.a(Timer_ISR.o)
 .debug_aranges
                0x00001988       0x20 .\CortexM3\ARM_GCC_541\Debug\esw_uCOS3_cykit.a(CyBootAsmGnu.o)
 .debug_aranges
                0x000019a8       0x88 .\CortexM3\ARM_GCC_541\Debug\esw_uCOS3_cykit.a(CyFlash.o)
 .debug_aranges
                0x00001a30       0x80 .\CortexM3\ARM_GCC_541\Debug\esw_uCOS3_cykit.a(CySpc.o)

.debug_pubnames
 *(.debug_pubnames)

.debug_info     0x00000000    0x2b41f
 *(.debug_info .gnu.linkonce.wi.*)
 .debug_info    0x00000000     0x1034 .\CortexM3\ARM_GCC_541\Debug\app.o
 .debug_info    0x00001034      0x894 .\CortexM3\ARM_GCC_541\Debug\os_app_hooks.o
 .debug_info    0x000018c8     0x13b0 .\CortexM3\ARM_GCC_541\Debug\log_task.o
 .debug_info    0x00002c78     0x171e .\CortexM3\ARM_GCC_541\Debug\heartbeatSensor.o
 .debug_info    0x00004396     0x1891 .\CortexM3\ARM_GCC_541\Debug\environmentSensor.o
 .debug_info    0x00005c27     0x14f0 .\CortexM3\ARM_GCC_541\Debug\data_processing_task.o
 .debug_info    0x00007117      0xe09 .\CortexM3\ARM_GCC_541\Debug\bsp_os.o
 .debug_info    0x00007f20      0x392 .\CortexM3\ARM_GCC_541\Debug\bsp.o
 .debug_info    0x000082b2      0x178 .\CortexM3\ARM_GCC_541\Debug\cpu_bsp.o
 .debug_info    0x0000842a      0x12b .\CortexM3\ARM_GCC_541\Debug\bsp_uart.o
 .debug_info    0x00008555      0x28c .\CortexM3\ARM_GCC_541\Debug\bsp_gpio.o
 .debug_info    0x000087e1     0x10f8 .\CortexM3\ARM_GCC_541\Debug\bsp_i2c.o
 .debug_info    0x000098d9      0x5f2 .\CortexM3\ARM_GCC_541\Debug\cpu_c.o
 .debug_info    0x00009ecb      0x71b .\CortexM3\ARM_GCC_541\Debug\cpu_core.o
 .debug_info    0x0000a5e6      0x1e9 .\CortexM3\ARM_GCC_541\Debug\lib_math.o
 .debug_info    0x0000a7cf      0x4df .\CortexM3\ARM_GCC_541\Debug\lib_mem.o
 .debug_info    0x0000acae     0x10d7 .\CortexM3\ARM_GCC_541\Debug\lib_str.o
 .debug_info    0x0000bd85      0x43b .\CortexM3\ARM_GCC_541\Debug\lib_ascii.o
 .debug_info    0x0000c1c0      0xa1f .\CortexM3\ARM_GCC_541\Debug\os_cpu_c.o
 .debug_info    0x0000cbdf     0x1032 .\CortexM3\ARM_GCC_541\Debug\os_pend_multi.o
 .debug_info    0x0000dc11      0x1f0 .\CortexM3\ARM_GCC_541\Debug\os_prio.o
 .debug_info    0x0000de01     0x14dd .\CortexM3\ARM_GCC_541\Debug\os_q.o
 .debug_info    0x0000f2de     0x13bd .\CortexM3\ARM_GCC_541\Debug\os_sem.o
 .debug_info    0x0001069b     0x1219 .\CortexM3\ARM_GCC_541\Debug\os_stat.o
 .debug_info    0x000118b4     0x20a8 .\CortexM3\ARM_GCC_541\Debug\os_task.o
 .debug_info    0x0001395c      0xfe0 .\CortexM3\ARM_GCC_541\Debug\os_tick.o
 .debug_info    0x0001493c     0x10d8 .\CortexM3\ARM_GCC_541\Debug\os_time.o
 .debug_info    0x00015a14     0x16b7 .\CortexM3\ARM_GCC_541\Debug\os_tmr.o
 .debug_info    0x000170cb      0xf4c .\CortexM3\ARM_GCC_541\Debug\os_var.o
 .debug_info    0x00018017      0xbda .\CortexM3\ARM_GCC_541\Debug\os_cfg_app.o
 .debug_info    0x00018bf1     0x1f24 .\CortexM3\ARM_GCC_541\Debug\os_core.o
 .debug_info    0x0001ab15     0x1379 .\CortexM3\ARM_GCC_541\Debug\os_dbg.o
 .debug_info    0x0001be8e     0x178f .\CortexM3\ARM_GCC_541\Debug\os_flag.o
 .debug_info    0x0001d61d       0x87 .\CortexM3\ARM_GCC_541\Debug\os_int.o
 .debug_info    0x0001d6a4      0x89b .\CortexM3\ARM_GCC_541\Debug\os_mem.o
 .debug_info    0x0001df3f      0x87b .\CortexM3\ARM_GCC_541\Debug\os_msg.o
 .debug_info    0x0001e7ba     0x13bd .\CortexM3\ARM_GCC_541\Debug\os_mutex.o
 .debug_info    0x0001fb77     0x103e .\CortexM3\ARM_GCC_541\Debug\max30102_interface.o
 .debug_info    0x00020bb5     0x2959 .\CortexM3\ARM_GCC_541\Debug\driver_max30102.o
 .debug_info    0x0002350e     0x2123 .\CortexM3\ARM_GCC_541\Debug\bme68x.o
 .debug_info    0x00025631      0x5e0 .\CortexM3\ARM_GCC_541\Debug\cyfitter_cfg.o
 .debug_info    0x00025c11      0x136 .\CortexM3\ARM_GCC_541\Debug\cymetadata.o
 .debug_info    0x00025d47      0x3cf .\CortexM3\ARM_GCC_541\Debug\Cm3Start.o
 .debug_info    0x00026116       0x90 .\CortexM3\ARM_GCC_541\Debug\cpu_a.o
 .debug_info    0x000261a6       0xa3 .\CortexM3\ARM_GCC_541\Debug\os_cpu_a.o
 .debug_info    0x00026249      0x7ae .\CortexM3\ARM_GCC_541\Debug\esw_uCOS3_cykit.a(UART_1.o)
 .debug_info    0x000269f7      0x186 .\CortexM3\ARM_GCC_541\Debug\esw_uCOS3_cykit.a(UART_1_INT.o)
 .debug_info    0x00026b7d      0x11f .\CortexM3\ARM_GCC_541\Debug\esw_uCOS3_cykit.a(Pin_1.o)
 .debug_info    0x00026c9c      0x283 .\CortexM3\ARM_GCC_541\Debug\esw_uCOS3_cykit.a(UART_1_IntClock.o)
 .debug_info    0x00026f1f      0x94e .\CortexM3\ARM_GCC_541\Debug\esw_uCOS3_cykit.a(CyDmac.o)
 .debug_info    0x0002786d     0x1374 .\CortexM3\ARM_GCC_541\Debug\esw_uCOS3_cykit.a(CyLib.o)
 .debug_info    0x00028be1      0xa2a .\CortexM3\ARM_GCC_541\Debug\esw_uCOS3_cykit.a(cyPm.o)
 .debug_info    0x0002960b      0x11f .\CortexM3\ARM_GCC_541\Debug\esw_uCOS3_cykit.a(Pin_2.o)
 .debug_info    0x0002972a      0x11f .\CortexM3\ARM_GCC_541\Debug\esw_uCOS3_cykit.a(push_button.o)
 .debug_info    0x00029849      0x2ab .\CortexM3\ARM_GCC_541\Debug\esw_uCOS3_cykit.a(I2C_1.o)
 .debug_info    0x00029af4      0x184 .\CortexM3\ARM_GCC_541\Debug\esw_uCOS3_cykit.a(I2C_1_INT.o)
 .debug_info    0x00029c78      0x207 .\CortexM3\ARM_GCC_541\Debug\esw_uCOS3_cykit.a(I2C_1_PM.o)
 .debug_info    0x00029e7f      0x407 .\CortexM3\ARM_GCC_541\Debug\esw_uCOS3_cykit.a(I2C_1_MASTER.o)
 .debug_info    0x0002a286      0x295 .\CortexM3\ARM_GCC_541\Debug\esw_uCOS3_cykit.a(Timer_1.o)
 .debug_info    0x0002a51b      0x2d2 .\CortexM3\ARM_GCC_541\Debug\esw_uCOS3_cykit.a(Timer_ISR.o)
 .debug_info    0x0002a7ed       0x95 .\CortexM3\ARM_GCC_541\Debug\esw_uCOS3_cykit.a(CyBootAsmGnu.o)
 .debug_info    0x0002a882      0x64d .\CortexM3\ARM_GCC_541\Debug\esw_uCOS3_cykit.a(CyFlash.o)
 .debug_info    0x0002aecf      0x550 .\CortexM3\ARM_GCC_541\Debug\esw_uCOS3_cykit.a(CySpc.o)

.debug_abbrev   0x00000000     0x5b78
 *(.debug_abbrev)
 .debug_abbrev  0x00000000      0x1cb .\CortexM3\ARM_GCC_541\Debug\app.o
 .debug_abbrev  0x000001cb      0x127 .\CortexM3\ARM_GCC_541\Debug\os_app_hooks.o
 .debug_abbrev  0x000002f2      0x242 .\CortexM3\ARM_GCC_541\Debug\log_task.o
 .debug_abbrev  0x00000534      0x2b9 .\CortexM3\ARM_GCC_541\Debug\heartbeatSensor.o
 .debug_abbrev  0x000007ed      0x231 .\CortexM3\ARM_GCC_541\Debug\environmentSensor.o
 .debug_abbrev  0x00000a1e      0x20f .\CortexM3\ARM_GCC_541\Debug\data_processing_task.o
 .debug_abbrev  0x00000c2d      0x187 .\CortexM3\ARM_GCC_541\Debug\bsp_os.o
 .debug_abbrev  0x00000db4      0x174 .\CortexM3\ARM_GCC_541\Debug\bsp.o
 .debug_abbrev  0x00000f28       0xce .\CortexM3\ARM_GCC_541\Debug\cpu_bsp.o
 .debug_abbrev  0x00000ff6       0x98 .\CortexM3\ARM_GCC_541\Debug\bsp_uart.o
 .debug_abbrev  0x0000108e       0xe7 .\CortexM3\ARM_GCC_541\Debug\bsp_gpio.o
 .debug_abbrev  0x00001175      0x1fc .\CortexM3\ARM_GCC_541\Debug\bsp_i2c.o
 .debug_abbrev  0x00001371      0x155 .\CortexM3\ARM_GCC_541\Debug\cpu_c.o
 .debug_abbrev  0x000014c6      0x1fa .\CortexM3\ARM_GCC_541\Debug\cpu_core.o
 .debug_abbrev  0x000016c0      0x116 .\CortexM3\ARM_GCC_541\Debug\lib_math.o
 .debug_abbrev  0x000017d6      0x12a .\CortexM3\ARM_GCC_541\Debug\lib_mem.o
 .debug_abbrev  0x00001900      0x19d .\CortexM3\ARM_GCC_541\Debug\lib_str.o
 .debug_abbrev  0x00001a9d      0x105 .\CortexM3\ARM_GCC_541\Debug\lib_ascii.o
 .debug_abbrev  0x00001ba2      0x21d .\CortexM3\ARM_GCC_541\Debug\os_cpu_c.o
 .debug_abbrev  0x00001dbf      0x1f0 .\CortexM3\ARM_GCC_541\Debug\os_pend_multi.o
 .debug_abbrev  0x00001faf       0xf1 .\CortexM3\ARM_GCC_541\Debug\os_prio.o
 .debug_abbrev  0x000020a0      0x228 .\CortexM3\ARM_GCC_541\Debug\os_q.o
 .debug_abbrev  0x000022c8      0x226 .\CortexM3\ARM_GCC_541\Debug\os_sem.o
 .debug_abbrev  0x000024ee      0x1f6 .\CortexM3\ARM_GCC_541\Debug\os_stat.o
 .debug_abbrev  0x000026e4      0x1f3 .\CortexM3\ARM_GCC_541\Debug\os_task.o
 .debug_abbrev  0x000028d7      0x224 .\CortexM3\ARM_GCC_541\Debug\os_tick.o
 .debug_abbrev  0x00002afb      0x1c8 .\CortexM3\ARM_GCC_541\Debug\os_time.o
 .debug_abbrev  0x00002cc3      0x269 .\CortexM3\ARM_GCC_541\Debug\os_tmr.o
 .debug_abbrev  0x00002f2c       0xb7 .\CortexM3\ARM_GCC_541\Debug\os_var.o
 .debug_abbrev  0x00002fe3       0xdc .\CortexM3\ARM_GCC_541\Debug\os_cfg_app.o
 .debug_abbrev  0x000030bf      0x265 .\CortexM3\ARM_GCC_541\Debug\os_core.o
 .debug_abbrev  0x00003324       0xfa .\CortexM3\ARM_GCC_541\Debug\os_dbg.o
 .debug_abbrev  0x0000341e      0x226 .\CortexM3\ARM_GCC_541\Debug\os_flag.o
 .debug_abbrev  0x00003644       0x26 .\CortexM3\ARM_GCC_541\Debug\os_int.o
 .debug_abbrev  0x0000366a      0x190 .\CortexM3\ARM_GCC_541\Debug\os_mem.o
 .debug_abbrev  0x000037fa      0x184 .\CortexM3\ARM_GCC_541\Debug\os_msg.o
 .debug_abbrev  0x0000397e      0x219 .\CortexM3\ARM_GCC_541\Debug\os_mutex.o
 .debug_abbrev  0x00003b97      0x219 .\CortexM3\ARM_GCC_541\Debug\max30102_interface.o
 .debug_abbrev  0x00003db0      0x20c .\CortexM3\ARM_GCC_541\Debug\driver_max30102.o
 .debug_abbrev  0x00003fbc      0x2a7 .\CortexM3\ARM_GCC_541\Debug\bme68x.o
 .debug_abbrev  0x00004263      0x20d .\CortexM3\ARM_GCC_541\Debug\cyfitter_cfg.o
 .debug_abbrev  0x00004470       0x77 .\CortexM3\ARM_GCC_541\Debug\cymetadata.o
 .debug_abbrev  0x000044e7      0x1e8 .\CortexM3\ARM_GCC_541\Debug\Cm3Start.o