Archive member included to satisfy reference by file (symbol)

.\CortexM3\ARM_GCC_541\Debug\esw_uCOS3_cykit.a(UART_1.o)
                              .\CortexM3\ARM_GCC_541\Debug\bsp_uart.o (UART_1_Start)
.\CortexM3\ARM_GCC_541\Debug\esw_uCOS3_cykit.a(UART_1_INT.o)
                              .\CortexM3\ARM_GCC_541\Debug\esw_uCOS3_cykit.a(UART_1.o) (UART_1_RXISR)
.\CortexM3\ARM_GCC_541\Debug\esw_uCOS3_cykit.a(Pin_1.o)
                              .\CortexM3\ARM_GCC_541\Debug\bsp_gpio.o (Pin_1_Write)
.\CortexM3\ARM_GCC_541\Debug\esw_uCOS3_cykit.a(UART_1_IntClock.o)
                              .\CortexM3\ARM_GCC_541\Debug\esw_uCOS3_cykit.a(UART_1.o) (UART_1_IntClock_Start)
.\CortexM3\ARM_GCC_541\Debug\esw_uCOS3_cykit.a(CyLib.o)
                              .\CortexM3\ARM_GCC_541\Debug\Cm3Start.o (CyHalt)
.\CortexM3\ARM_GCC_541\Debug\esw_uCOS3_cykit.a(cyPm.o)
                              .\CortexM3\ARM_GCC_541\Debug\esw_uCOS3_cykit.a(CyLib.o) (CyPmReadStatus)
.\CortexM3\ARM_GCC_541\Debug\esw_uCOS3_cykit.a(Pin_2.o)
                              .\CortexM3\ARM_GCC_541\Debug\bsp_gpio.o (Pin_2_Write)
.\CortexM3\ARM_GCC_541\Debug\esw_uCOS3_cykit.a(push_button.o)
                              .\CortexM3\ARM_GCC_541\Debug\gpio_tasks.o (push_button_Write)
.\CortexM3\ARM_GCC_541\Debug\esw_uCOS3_cykit.a(I2C_1.o)
                              .\CortexM3\ARM_GCC_541\Debug\bsp_i2c.o (I2C_1_Start)
.\CortexM3\ARM_GCC_541\Debug\esw_uCOS3_cykit.a(I2C_1_INT.o)
                              .\CortexM3\ARM_GCC_541\Debug\esw_uCOS3_cykit.a(I2C_1.o) (I2C_1_ISR)
.\CortexM3\ARM_GCC_541\Debug\esw_uCOS3_cykit.a(I2C_1_PM.o)
                              .\CortexM3\ARM_GCC_541\Debug\esw_uCOS3_cykit.a(I2C_1.o) (I2C_1_backup)
.\CortexM3\ARM_GCC_541\Debug\esw_uCOS3_cykit.a(I2C_1_MASTER.o)
                              .\CortexM3\ARM_GCC_541\Debug\esw_uCOS3_cykit.a(I2C_1.o) (I2C_1_mstrStatus)
.\CortexM3\ARM_GCC_541\Debug\esw_uCOS3_cykit.a(Timer_1.o)
                              .\CortexM3\ARM_GCC_541\Debug\bsp_i2c.o (Timer_1_Start)
.\CortexM3\ARM_GCC_541\Debug\esw_uCOS3_cykit.a(Timer_ISR.o)
                              .\CortexM3\ARM_GCC_541\Debug\bsp_i2c.o (Timer_ISR_StartEx)
.\CortexM3\ARM_GCC_541\Debug\esw_uCOS3_cykit.a(Pin_Green_Led_1.o)
                              .\CortexM3\ARM_GCC_541\Debug\bsp_gpio.o (Pin_Green_Led_1_Write)
.\CortexM3\ARM_GCC_541\Debug\esw_uCOS3_cykit.a(PWM_Heartbeat.o)
                              .\CortexM3\ARM_GCC_541\Debug\gpio_tasks.o (PWM_Heartbeat_Stop)
.\CortexM3\ARM_GCC_541\Debug\esw_uCOS3_cykit.a(PWM_SPO2.o)
                              .\CortexM3\ARM_GCC_541\Debug\gpio_tasks.o (PWM_SPO2_Stop)
.\CortexM3\ARM_GCC_541\Debug\esw_uCOS3_cykit.a(CyBootAsmGnu.o)
                              .\CortexM3\ARM_GCC_541\Debug\cyfitter_cfg.o (CyDelayCycles)
.\CortexM3\ARM_GCC_541\Debug\esw_uCOS3_cykit.a(CyFlash.o)
                              .\CortexM3\ARM_GCC_541\Debug\esw_uCOS3_cykit.a(cyPm.o) (CyFlash_SetWaitCycles)
.\CortexM3\ARM_GCC_541\Debug\esw_uCOS3_cykit.a(CySpc.o)
                              .\CortexM3\ARM_GCC_541\Debug\esw_uCOS3_cykit.a(CyFlash.o) (CySpcStart)
c:/program files (x86)/cypress/psoc creator/4.4/psoc creator/import/gnu/arm/5.4.1/bin/../lib/gcc/arm-none-eabi/5.4.1/armv7-m\libgcc.a(_arm_addsubsf3.o)
                              .\CortexM3\ARM_GCC_541\Debug\driver_max30102.o (__aeabi_fadd)
c:/program files (x86)/cypress/psoc creator/4.4/psoc creator/import/gnu/arm/5.4.1/bin/../lib/gcc/arm-none-eabi/5.4.1/armv7-m\libgcc.a(_arm_muldivsf3.o)
                              .\CortexM3\ARM_GCC_541\Debug\driver_max30102.o (__aeabi_fmul)
c:/program files (x86)/cypress/psoc creator/4.4/psoc creator/import/gnu/arm/5.4.1/bin/../lib/gcc/arm-none-eabi/5.4.1/armv7-m\libgcc.a(_aeabi_ldivmod.o)
                              .\CortexM3\ARM_GCC_541\Debug\bme68x.o (__aeabi_ldivmod)
c:/program files (x86)/cypress/psoc creator/4.4/psoc creator/import/gnu/arm/5.4.1/bin/../lib/gcc/arm-none-eabi/5.4.1/armv7-m\libgcc.a(_udivmoddi4.o)
                              c:/program files (x86)/cypress/psoc creator/4.4/psoc creator/import/gnu/arm/5.4.1/bin/../lib/gcc/arm-none-eabi/5.4.1/armv7-m\libgcc.a(_aeabi_ldivmod.o) (__udivmoddi4)
c:/program files (x86)/cypress/psoc creator/4.4/psoc creator/import/gnu/arm/5.4.1/bin/../lib/gcc/arm-none-eabi/5.4.1/armv7-m\libgcc.a(_dvmd_tls.o)
                              c:/program files (x86)/cypress/psoc creator/4.4/psoc creator/import/gnu/arm/5.4.1/bin/../lib/gcc/arm-none-eabi/5.4.1/armv7-m\libgcc.a(_aeabi_ldivmod.o) (__aeabi_ldiv0)
c:/program files (x86)/cypress/psoc creator/4.4/psoc creator/import/gnu/arm/5.4.1/bin/../lib/gcc/arm-none-eabi/5.4.1/../../../../arm-none-eabi/lib/armv7-m\libg_nano.a(lib_a-errno.o)
                              .\CortexM3\ARM_GCC_541\Debug\Cm3Start.o (__errno)
c:/program files (x86)/cypress/psoc creator/4.4/psoc creator/import/gnu/arm/5.4.1/bin/../lib/gcc/arm-none-eabi/5.4.1/../../../../arm-none-eabi/lib/armv7-m\libg_nano.a(lib_a-exit.o)
[...]
Memory Configuration

Name             Origin             Length             Attributes
rom              0x00000000         0x00040000         xr
ram              0x1fff8000         0x00010000         xrw
*default*        0x00000000         0xffffffff

Linker script and memory map

LOAD c:/program files (x86)/cypress/psoc creator/4.4/psoc creator/import/gnu/arm/5.4.1/bin/../lib/gcc/arm-none-eabi/5.4.1/armv7-m/crti.o
LOAD c:/program files (x86)/cypress/psoc creator/4.4/psoc creator/import/gnu/arm/5.4.1/bin/../lib/gcc/arm-none-eabi/5.4.1/armv7-m/crtbegin.o
LOAD c:/program files (x86)/cypress/psoc creator/4.4/psoc creator/import/gnu/arm/5.4.1/bin/../lib/gcc/arm-none-eabi/5.4.1/../../../../arm-none-eabi/lib/armv7-m/crt0.o
START GROUP
LOAD .\CortexM3\ARM_GCC_541\Debug\app.o
LOAD .\CortexM3\ARM_GCC_541\Debug\os_app_hooks.o
LOAD .\CortexM3\ARM_GCC_541\Debug\log_task.o
LOAD .\CortexM3\ARM_GCC_541\Debug\heartbeatSensor.o
LOAD .\CortexM3\ARM_GCC_541\Debug\environmentSensor.o
LOAD .\CortexM3\ARM_GCC_541\Debug\data_processing_task.o
LOAD .\CortexM3\ARM_GCC_541\Debug\gpio_tasks.o
LOAD .\CortexM3\ARM_GCC_541\Debug\bsp_os.o
LOAD .\CortexM3\ARM_GCC_541\Debug\bsp.o
LOAD .\CortexM3\ARM_GCC_541\Debug\cpu_bsp.o
LOAD .\CortexM3\ARM_GCC_541\Debug\bsp_uart.o
LOAD .\CortexM3\ARM_GCC_541\Debug\bsp_gpio.o
LOAD .\CortexM3\ARM_GCC_541\Debug\bsp_i2c.o
LOAD .\CortexM3\ARM_GCC_541\Debug\bsp_pwm.o
LOAD .\CortexM3\ARM_GCC_541\Debug\cpu_c.o
LOAD .\CortexM3\ARM_GCC_541\Debug\cpu_core.o
LOAD .\CortexM3\ARM_GCC_541\Debug\lib_math.o
LOAD .\CortexM3\ARM_GCC_541\Debug\lib_mem.o
LOAD .\CortexM3\ARM_GCC_541\Debug\lib_str.o
LOAD .\CortexM3\ARM_GCC_541\Debug\lib_ascii.o
LOAD .\CortexM3\ARM_GCC_541\Debug\os_cpu_c.o
LOAD .\CortexM3\ARM_GCC_541\Debug\os_pend_multi.o
LOAD .\CortexM3\ARM_GCC_541\Debug\os_prio.o
LOAD .\CortexM3\ARM_GCC_541\Debug\os_q.o
LOAD .\CortexM3\ARM_GCC_541\Debug\os_sem.o
LOAD .\CortexM3\ARM_GCC_541\Debug\os_stat.o
LOAD .\CortexM3\ARM_GCC_541\Debug\os_task.o
LOAD .\CortexM3\ARM_GCC_541\Debug\os_tick.o
LOAD .\CortexM3\ARM_GCC_541\Debug\os_time.o
LOAD .\CortexM3\ARM_GCC_541\Debug\os_tmr.o
LOAD .\CortexM3\ARM_GCC_541\Debug\os_var.o
LOAD .\CortexM3\ARM_GCC_541\Debug\os_cfg_app.o
LOAD .\CortexM3\ARM_GCC_541\Debug\os_core.o
LOAD .\CortexM3\ARM_GCC_541\Debug\os_dbg.o
LOAD .\CortexM3\ARM_GCC_541\Debug\os_flag.o
LOAD .\CortexM3\ARM_GCC_541\Debug\os_int.o
LOAD .\CortexM3\ARM_GCC_541\Debug\os_mem.o
LOAD .\CortexM3\ARM_GCC_541\Debug\os_msg.o
LOAD .\CortexM3\ARM_GCC_541\Debug\os_mutex.o
LOAD .\CortexM3\ARM_GCC_541\Debug\max30102_interface.o
LOAD .\CortexM3\ARM_GCC_541\Debug\driver_max30102.o
LOAD .\CortexM3\ARM_GCC_541\Debug\bme68x.o
LOAD .\CortexM3\ARM_GCC_541\Debug\cyfitter_cfg.o
LOAD .\CortexM3\ARM_GCC_541\Debug\cymetadata.o
LOAD .\CortexM3\ARM_GCC_541\Debug\Cm3Start.o
LOAD .\CortexM3\ARM_GCC_541\Debug\cpu_a.o
LOAD .\CortexM3\ARM_GCC_541\Debug\os_cpu_a.o
LOAD .\CortexM3\ARM_GCC_541\Debug\esw_uCOS3_cykit.a
LOAD C:\Program Files (x86)\Cypress\PSoC Creator\4.4\PSoC Creator\psoc\content\cycomponentlibrary\CyComponentLibrary.cylib\CortexM3\ARM_GCC_541\Debug\CyComponentLibrary.a
END GROUP
START GROUP
LOAD c:/program files (x86)/cypress/psoc creator/4.4/psoc creator/import/gnu/arm/5.4.1/bin/../lib/gcc/arm-none-eabi/5.4.1/armv7-m\libgcc.a
LOAD c:/program files (x86)/cypress/psoc creator/4.4/psoc creator/import/gnu/arm/5.4.1/bin/../lib/gcc/arm-none-eabi/5.4.1/../../../../arm-none-eabi/lib/armv7-m\libg_nano.a
LOAD c:/program files (x86)/cypress/psoc creator/4.4/psoc creator/import/gnu/arm/5.4.1/bin/../lib/gcc/arm-none-eabi/5.4.1/../../../../arm-none-eabi/lib/armv7-m\libc_nano.a
END GROUP
START GROUP
LOAD c:/program files (x86)/cypress/psoc creator/4.4/psoc creator/import/gnu/arm/5.4.1/bin/../lib/gcc/arm-none-eabi/5.4.1/armv7-m\libgcc.a
LOAD c:/program files (x86)/cypress/psoc creator/4.4/psoc creator/import/gnu/arm/5.4.1/bin/../lib/gcc/arm-none-eabi/5.4.1/../../../../arm-none-eabi/lib/armv7-m\libc_nano.a
END GROUP
LOAD c:/program files (x86)/cypress/psoc creator/4.4/psoc creator/import/gnu/arm/5.4.1/bin/../lib/gcc/arm-none-eabi/5.4.1/armv7-m/crtend.o
LOAD c:/program files (x86)/cypress/psoc creator/4.4/psoc creator/import/gnu/arm/5.4.1/bin/../lib/gcc/arm-none-eabi/5.4.1/armv7-m/crtn.o
START GROUP
LOAD c:/program files (x86)/cypress/psoc creator/4.4/psoc creator/import/gnu/arm/5.4.1/bin/../lib/gcc/arm-none-eabi/5.4.1/armv7-m\libgcc.a
LOAD c:/program files (x86)/cypress/psoc creator/4.4/psoc creator/import/gnu/arm/5.4.1/bin/../lib/gcc/arm-none-eabi/5.4.1/../../../../arm-none-eabi/lib/armv7-m\libc.a
LOAD c:/program files (x86)/cypress/psoc creator/4.4/psoc creator/import/gnu/arm/5.4.1/bin/../lib/gcc/arm-none-eabi/5.4.1/../../../../arm-none-eabi/lib/armv7-m\libnosys.a
END GROUP
                0x00000000                CY_APPL_ORIGIN = 0x0
                0x00000100                CY_FLASH_ROW_SIZE = 0x100
                0x00000020                CY_ECC_ROW_SIZE = 0x20
                0x00000000                CY_EE_IN_BTLDR = 0x0
                0x00000000                CY_APPL_LOADABLE = 0x0
                0x00000800                CY_EE_SIZE = 0x800
                0x00000001                CY_APPL_NUM = 0x1
                0x00000001                CY_APPL_MAX = 0x1
                0x00000040                CY_METADATA_SIZE = 0x40
                0x00000000                CY_APPL_LOADABLE = 0x0
                0x00000000                CY_CHECKSUM_EXCLUDE_SIZE = ALIGN (0x0, CY_FLASH_ROW_SIZE)
                [!provide]                PROVIDE (__cy_heap_start, _end)
                0x00000001                PROVIDE (__cy_region_num, ((__cy_regions_end - __cy_regions) / 0x10))
                0x20008000                PROVIDE (__cy_stack, (ORIGIN (ram) + LENGTH (ram)))
                [!provide]                PROVIDE (__cy_heap_end, (__cy_stack - 0x800))

.cybootloader   0x00000000        0x0
 *(.cybootloader)
                0x00000000                appl1_start = CY_APPL_ORIGIN?CY_APPL_ORIGIN:ALIGN (CY_FLASH_ROW_SIZE)
                0x0001ff00                appl2_start = (appl1_start + ALIGN ((((LENGTH (rom) - appl1_start) - (0x2 * CY_FLASH_ROW_SIZE)) / 0x2), CY_FLASH_ROW_SIZE))
                0x00000000                appl_start = (CY_APPL_NUM == 0x1)?appl1_start:appl2_start
                0x00000000                ecc_offset = ((appl_start / CY_FLASH_ROW_SIZE) * CY_ECC_ROW_SIZE)
                0x00000000                ee_offset = (CY_APPL_LOADABLE && ! (CY_EE_IN_BTLDR))?((CY_EE_SIZE / CY_APPL_MAX) * (CY_APPL_NUM - 0x1)):0x0
                0x00000800                ee_size = (CY_APPL_LOADABLE && ! (CY_EE_IN_BTLDR))?(CY_EE_SIZE / CY_APPL_MAX):CY_EE_SIZE
                [!provide]                PROVIDE (CY_ECC_OFFSET, ecc_offset)

.text           0x00000000     0x7800
 CREATE_OBJECT_SYMBOLS
                0x00000000                PROVIDE (__cy_interrupt_vector, RomVectors)
 *(.romvectors)
 .romvectors    0x00000000       0x10 .\CortexM3\ARM_GCC_541\Debug\Cm3Start.o
                0x00000000                RomVectors
                0x00000001                ASSERT ((. != __cy_interrupt_vector), No interrupt vector)
                0x00000001                ASSERT (CY_APPL_ORIGIN?(SIZEOF (.cybootloader) <= CY_APPL_ORIGIN):0x1, Wrong image location)
                0x00000010                PROVIDE (__cy_reset, Reset)
 *(.text.Reset)
 .text.Reset    0x00000010       0x18 .\CortexM3\ARM_GCC_541\Debug\Cm3Start.o
                0x00000010                Reset
                0x00000001                ASSERT ((. != __cy_reset), No reset code)
 *(.dma_init)
                0x00000001                ASSERT ((((appl_start + .) <= 0x10000) || 0x1), DMA Init must be within the first 64k of flash)
 *(.text .text.* .gnu.linkonce.t.*)
 .text          0x00000028       0x5c c:/program files (x86)/cypress/psoc creator/4.4/psoc creator/import/gnu/arm/5.4.1/bin/../lib/gcc/arm-none-eabi/5.4.1/armv7-m/crtbegin.o
 .text.App_TaskStart
                0x00000084       0x78 .\CortexM3\ARM_GCC_541\Debug\app.o
 .text.main     0x000000fc       0x5c .\CortexM3\ARM_GCC_541\Debug\app.o
                0x000000fc                main
 .text.Log_LevelToString
                0x00000158       0x88 .\CortexM3\ARM_GCC_541\Debug\log_task.o
 .text.Log_PrintErrorWithCode
                0x000001e0       0x2c .\CortexM3\ARM_GCC_541\Debug\log_task.o
 .text.Log_Task
                0x0000020c       0xe4 .\CortexM3\ARM_GCC_541\Debug\log_task.o
 .text.Log_Init
                0x000002f0       0x58 .\CortexM3\ARM_GCC_541\Debug\log_task.o
                0x000002f0                Log_Init
 .text.Log_Write
                0x00000348       0xc0 .\CortexM3\ARM_GCC_541\Debug\log_task.o
                0x00000348                Log_Write
 .text.MAX30102_Init
                0x00000408       0x78 .\CortexM3\ARM_GCC_541\Debug\heartbeatSensor.o
                0x00000408                MAX30102_Init
 .text.enqueueHeartRate
                0x00000480       0x38 .\CortexM3\ARM_GCC_541\Debug\heartbeatSensor.o
                0x00000480                enqueueHeartRate
 .text.updateHeartRate
                0x000004b8       0xd0 .\CortexM3\ARM_GCC_541\Debug\heartbeatSensor.o
                0x000004b8                updateHeartRate
 .text.enqueueSpO2
                0x00000588       0x24 .\CortexM3\ARM_GCC_541\Debug\heartbeatSensor.o
                0x00000588                enqueueSpO2
 .text.calculateSpO2
                0x000005ac       0x58 .\CortexM3\ARM_GCC_541\Debug\heartbeatSensor.o
                0x000005ac                calculateSpO2
 .text.updateSpO2
                0x00000604       0x28 .\CortexM3\ARM_GCC_541\Debug\heartbeatSensor.o
                0x00000604                updateSpO2
 .text.averageDCEstimator
                0x0000062c       0x14 .\CortexM3\ARM_GCC_541\Debug\heartbeatSensor.o
                0x0000062c                averageDCEstimator
 .text.mul16    0x00000640        0x8 .\CortexM3\ARM_GCC_541\Debug\heartbeatSensor.o
                0x00000640                mul16
 .text.lowPassFIRFilter
                0x00000648       0x80 .\CortexM3\ARM_GCC_541\Debug\heartbeatSensor.o
                0x00000648                lowPassFIRFilter
 .text.processSignals
                0x000006c8       0x48 .\CortexM3\ARM_GCC_541\Debug\heartbeatSensor.o
                0x000006c8                processSignals
 .text.max30102_Task
                0x00000710       0xac .\CortexM3\ARM_GCC_541\Debug\heartbeatSensor.o
 .text.bsp_i2c_read_bme
                0x000007bc       0x28 .\CortexM3\ARM_GCC_541\Debug\environmentSensor.o
                0x000007bc                bsp_i2c_read_bme
 .text.bsp_i2c_write_bme
                0x000007e4       0x28 .\CortexM3\ARM_GCC_541\Debug\environmentSensor.o
                0x000007e4                bsp_i2c_write_bme
 .text.us_Delay
                0x0000080c        0xc .\CortexM3\ARM_GCC_541\Debug\environmentSensor.o
                0x0000080c                us_Delay
 .text.BME688_Init_Task
                0x00000818       0x78 .\CortexM3\ARM_GCC_541\Debug\environmentSensor.o
                0x00000818                BME688_Init_Task
 .text.enqueueEnvironmentData
                0x00000890       0x50 .\CortexM3\ARM_GCC_541\Debug\environmentSensor.o
                0x00000890                enqueueEnvironmentData
 .text.Init_BME688_Sensor
                0x000008e0       0xf0 .\CortexM3\ARM_GCC_541\Debug\environmentSensor.o
                0x000008e0                Init_BME688_Sensor
 .text.bme688_Task
                0x000009d0       0xd0 .\CortexM3\ARM_GCC_541\Debug\environmentSensor.o
 .text.processRawEnvironmentData
                0x00000aa0       0x30 .\CortexM3\ARM_GCC_541\Debug\data_processing_task.o
                0x00000aa0                processRawEnvironmentData
 .text.isEnvironmentDataInRange
                0x00000ad0       0x78 .\CortexM3\ARM_GCC_541\Debug\data_processing_task.o
                0x00000ad0                isEnvironmentDataInRange
 .text.LedRB_Task
                0x00000b48      0x100 .\CortexM3\ARM_GCC_541\Debug\gpio_tasks.o
 .text.LedG_Task
                0x00000c48       0x94 .\CortexM3\ARM_GCC_541\Debug\gpio_tasks.o
 .text.BUT_Task
                0x00000cdc       0x8c .\CortexM3\ARM_GCC_541\Debug\gpio_tasks.o
 .text.init_gpio
                0x00000d68      0x160 .\CortexM3\ARM_GCC_541\Debug\gpio_tasks.o
                0x00000d68                init_gpio
 .text.BSP_PreInit
                0x00000ec8       0x20 .\CortexM3\ARM_GCC_541\Debug\bsp.o
                0x00000ec8                BSP_PreInit
 .text.BSP_PostInit
                0x00000ee8        0x8 .\CortexM3\ARM_GCC_541\Debug\bsp.o
                0x00000ee8                BSP_PostInit
 .text.BSP_CPU_ClkFreq
                0x00000ef0        0x8 .\CortexM3\ARM_GCC_541\Debug\bsp.o
                0x00000ef0                BSP_CPU_ClkFreq
 .text.BSP_CPU_TickInit
                0x00000ef8       0x18 .\CortexM3\ARM_GCC_541\Debug\bsp.o
                0x00000ef8                BSP_CPU_TickInit
 .text.BSP_PB_StatusGet
                0x00000f10       0x18 .\CortexM3\ARM_GCC_541\Debug\bsp.o
                0x00000f10                BSP_PB_StatusGet
 .text.CPU_TS_TmrInit
                0x00000f28       0x28 .\CortexM3\ARM_GCC_541\Debug\cpu_bsp.o
                0x00000f28                CPU_TS_TmrInit
 .text.CPU_TS_TmrRd
                0x00000f50        0xc .\CortexM3\ARM_GCC_541\Debug\cpu_bsp.o
                0x00000f50                CPU_TS_TmrRd
 .text.init_uart
                0x00000f5c        0x8 .\CortexM3\ARM_GCC_541\Debug\bsp_uart.o
                0x00000f5c                init_uart
 .text.gpio_high
                0x00000f64       0x4c .\CortexM3\ARM_GCC_541\Debug\bsp_gpio.o
                0x00000f64                gpio_high
 .text.gpio_low
                0x00000fb0       0x50 .\CortexM3\ARM_GCC_541\Debug\bsp_gpio.o
                0x00000fb0                gpio_low
 .text.gpio_read
                0x00001000       0x34 .\CortexM3\ARM_GCC_541\Debug\bsp_gpio.o
                0x00001000                gpio_read
 .text.Timer_ISR
                0x00001034       0x10 .\CortexM3\ARM_GCC_541\Debug\bsp_i2c.o
                0x00001034                Timer_ISR
 .text.I2C_Init
                0x00001044       0x50 .\CortexM3\ARM_GCC_541\Debug\bsp_i2c.o
                0x00001044                I2C_Init
 .text.bsp_i2c_read
                0x00001094       0xd0 .\CortexM3\ARM_GCC_541\Debug\bsp_i2c.o
                0x00001094                bsp_i2c_read
 .text.bsp_i2c_write
                0x00001164       0xa0 .\CortexM3\ARM_GCC_541\Debug\bsp_i2c.o
                0x00001164                bsp_i2c_write
 .text.CPU_TS_Init
                0x00001204       0x14 .\CortexM3\ARM_GCC_541\Debug\cpu_core.o
 .text.CPU_NameClr
                0x00001218       0x1c .\CortexM3\ARM_GCC_541\Debug\cpu_core.o
                0x00001218                CPU_NameClr
 .text.CPU_NameInit
                0x00001234        0x8 .\CortexM3\ARM_GCC_541\Debug\cpu_core.o
 .text.CPU_Init
                0x0000123c        0xc .\CortexM3\ARM_GCC_541\Debug\cpu_core.o
                0x0000123c                CPU_Init
 .text.CPU_TS_TmrFreqSet
                0x00001248        0xc .\CortexM3\ARM_GCC_541\Debug\cpu_core.o
                0x00001248                CPU_TS_TmrFreqSet
 .text.Mem_Set  0x00001254       0x44 .\CortexM3\ARM_GCC_541\Debug\lib_mem.o
                0x00001254                Mem_Set
 .text.Mem_Clr  0x00001298        0xc .\CortexM3\ARM_GCC_541\Debug\lib_mem.o
                0x00001298                Mem_Clr
 .text.OSIdleTaskHook
                0x000012a4       0x10 .\CortexM3\ARM_GCC_541\Debug\os_cpu_c.o
                0x000012a4                OSIdleTaskHook
 .text.OSInitHook
                0x000012b4       0x3c .\CortexM3\ARM_GCC_541\Debug\os_cpu_c.o
                0x000012b4                OSInitHook
 .text.OSStatTaskHook
                0x000012f0       0x10 .\CortexM3\ARM_GCC_541\Debug\os_cpu_c.o
                0x000012f0                OSStatTaskHook
 .text.OSTaskCreateHook
                0x00001300       0x10 .\CortexM3\ARM_GCC_541\Debug\os_cpu_c.o
                0x00001300                OSTaskCreateHook
 .text.OSTaskDelHook
                0x00001310       0x10 .\CortexM3\ARM_GCC_541\Debug\os_cpu_c.o
                0x00001310                OSTaskDelHook
 .text.OSTaskReturnHook
                0x00001320       0x10 .\CortexM3\ARM_GCC_541\Debug\os_cpu_c.o
                0x00001320                OSTaskReturnHook
 .text.OSTaskStkInit
                0x00001330       0x88 .\CortexM3\ARM_GCC_541\Debug\os_cpu_c.o
                0x00001330                OSTaskStkInit
 .text.OSTaskSwHook
                0x000013b8       0x40 .\CortexM3\ARM_GCC_541\Debug\os_cpu_c.o
                0x000013b8                OSTaskSwHook
 .text.OSTimeTickHook
                0x000013f8       0x10 .\CortexM3\ARM_GCC_541\Debug\os_cpu_c.o
                0x000013f8                OSTimeTickHook
 .text.OS_CPU_SysTickHandler
                0x00001408       0x20 .\CortexM3\ARM_GCC_541\Debug\os_cpu_c.o
                0x00001408                OS_CPU_SysTickHandler
 .text.OS_CPU_SysTickInit
                0x00001428       0x30 .\CortexM3\ARM_GCC_541\Debug\os_cpu_c.o
                0x00001428                OS_CPU_SysTickInit
 .text.OS_PrioInit
                0x00001458       0x18 .\CortexM3\ARM_GCC_541\Debug\os_prio.o
                0x00001458                OS_PrioInit
 .text.OS_PrioGetHighest
                0x00001470       0x24 .\CortexM3\ARM_GCC_541\Debug\os_prio.o
                0x00001470                OS_PrioGetHighest
 .text.OS_PrioInsert
                0x00001494       0x24 .\CortexM3\ARM_GCC_541\Debug\os_prio.o
                0x00001494                OS_PrioInsert
 .text.OS_PrioRemove
                0x000014b8       0x24 .\CortexM3\ARM_GCC_541\Debug\os_prio.o
                0x000014b8                OS_PrioRemove
 .text.OSQPend  0x000014dc      0x164 .\CortexM3\ARM_GCC_541\Debug\os_q.o
                0x000014dc                OSQPend
 .text.OS_QDbgListAdd
                0x00001640       0x24 .\CortexM3\ARM_GCC_541\Debug\os_q.o
                0x00001640                OS_QDbgListAdd
 .text.OSQCreate
                0x00001664       0x7c .\CortexM3\ARM_GCC_541\Debug\os_q.o
                0x00001664                OSQCreate
 .text.OS_QInit
                0x000016e0       0x18 .\CortexM3\ARM_GCC_541\Debug\os_q.o
                0x000016e0                OS_QInit
 .text.OS_QPost
                0x000016f8       0x84 .\CortexM3\ARM_GCC_541\Debug\os_q.o
                0x000016f8                OS_QPost
 .text.OSQPost  0x0000177c       0x74 .\CortexM3\ARM_GCC_541\Debug\os_q.o
                0x0000177c                OSQPost
 .text.OSSemPend
                0x000017f0      0x128 .\CortexM3\ARM_GCC_541\Debug\os_sem.o
                0x000017f0                OSSemPend
 .text.OS_SemDbgListAdd
                0x00001918       0x24 .\CortexM3\ARM_GCC_541\Debug\os_sem.o
                0x00001918                OS_SemDbgListAdd
 .text.OSSemCreate
                0x0000193c       0x68 .\CortexM3\ARM_GCC_541\Debug\os_sem.o
                0x0000193c                OSSemCreate
 .text.OS_SemInit
                0x000019a4       0x18 .\CortexM3\ARM_GCC_541\Debug\os_sem.o
                0x000019a4                OS_SemInit
 .text.OS_SemPost
                0x000019bc       0x88 .\CortexM3\ARM_GCC_541\Debug\os_sem.o
                0x000019bc                OS_SemPost
 .text.OSSemPost
                0x00001a44       0x48 .\CortexM3\ARM_GCC_541\Debug\os_sem.o
                0x00001a44                OSSemPost
 .text.OSStatReset
                0x00001a8c       0xb8 .\CortexM3\ARM_GCC_541\Debug\os_stat.o
                0x00001a8c                OSStatReset
 .text.OS_StatTask
                0x00001b44      0x230 .\CortexM3\ARM_GCC_541\Debug\os_stat.o
                0x00001b44                OS_StatTask
 .text.OS_StatTaskInit
                0x00001d74       0xa8 .\CortexM3\ARM_GCC_541\Debug\os_stat.o
                0x00001d74                OS_StatTaskInit
 .text.OSTaskSemPend
                0x00001e1c      0x130 .\CortexM3\ARM_GCC_541\Debug\os_task.o
                0x00001e1c                OSTaskSemPend
 .text.OSTaskStkChk
                0x00001f4c       0x90 .\CortexM3\ARM_GCC_541\Debug\os_task.o
                0x00001f4c                OSTaskStkChk
 .text.OS_TaskDbgListAdd
                0x00001fdc       0x24 .\CortexM3\ARM_GCC_541\Debug\os_task.o
                0x00001fdc                OS_TaskDbgListAdd
 .text.OS_TaskDbgListRemove
                0x00002000       0x44 .\CortexM3\ARM_GCC_541\Debug\os_task.o
                0x00002000                OS_TaskDbgListRemove
 .text.OS_TaskInit
                0x00002044       0x20 .\CortexM3\ARM_GCC_541\Debug\os_task.o
                0x00002044                OS_TaskInit
 .text.OS_TaskInitTCB
                0x00002064       0xcc .\CortexM3\ARM_GCC_541\Debug\os_task.o
                0x00002064                OS_TaskInitTCB
 .text.OSTaskCreate
                0x00002130      0x1a8 .\CortexM3\ARM_GCC_541\Debug\os_task.o
                0x00002130                OSTaskCreate
 .text.OSTaskDel
                0x000022d8       0xcc .\CortexM3\ARM_GCC_541\Debug\os_task.o
                0x000022d8                OSTaskDel
 .text.OS_TaskReturn
                0x000023a4       0x20 .\CortexM3\ARM_GCC_541\Debug\os_task.o
                0x000023a4                OS_TaskReturn
 .text.OS_TaskSemPost
                0x000023c4       0xc0 .\CortexM3\ARM_GCC_541\Debug\os_task.o
                0x000023c4                OS_TaskSemPost
 .text.OSTaskSemPost
                0x00002484       0x2c .\CortexM3\ARM_GCC_541\Debug\os_task.o
                0x00002484                OSTaskSemPost
 .text.OS_TickListInit
                0x000024b0       0x2c .\CortexM3\ARM_GCC_541\Debug\os_tick.o
                0x000024b0                OS_TickListInit
 .text.OS_TickTaskInit
                0x000024dc       0x98 .\CortexM3\ARM_GCC_541\Debug\os_tick.o
                0x000024dc                OS_TickTaskInit
 .text.OS_TickListInsert
                0x00002574      0x120 .\CortexM3\ARM_GCC_541\Debug\os_tick.o
                0x00002574                OS_TickListInsert
 .text.OS_TickListRemove
                0x00002694       0x38 .\CortexM3\ARM_GCC_541\Debug\os_tick.o
                0x00002694                OS_TickListRemove
 .text.OS_TickListResetPeak
                0x000026cc       0x24 .\CortexM3\ARM_GCC_541\Debug\os_tick.o
                0x000026cc                OS_TickListResetPeak
 .text.OS_TickListUpdate
                0x000026f0      0x144 .\CortexM3\ARM_GCC_541\Debug\os_tick.o
                0x000026f0                OS_TickListUpdate
 .text.OS_TickTask
                0x00002834       0x2c .\CortexM3\ARM_GCC_541\Debug\os_tick.o
                0x00002834                OS_TickTask
 .text.OSTimeDly
                0x00002860       0x94 .\CortexM3\ARM_GCC_541\Debug\os_time.o
                0x00002860                OSTimeDly
 .text.OSTimeDlyHMSM
                0x000028f4      0x164 .\CortexM3\ARM_GCC_541\Debug\os_time.o
                0x000028f4                OSTimeDlyHMSM
 .text.OSTimeTick
                0x00002a58       0x64 .\CortexM3\ARM_GCC_541\Debug\os_time.o
                0x00002a58                OSTimeTick
 .text.OS_TmrInit
                0x00002abc      0x100 .\CortexM3\ARM_GCC_541\Debug\os_tmr.o
                0x00002abc                OS_TmrInit
 .text.OS_TmrLink
                0x00002bbc       0xe8 .\CortexM3\ARM_GCC_541\Debug\os_tmr.o
                0x00002bbc                OS_TmrLink
 .text.OS_TmrResetPeak
                0x00002ca4       0x24 .\CortexM3\ARM_GCC_541\Debug\os_tmr.o
                0x00002ca4                OS_TmrResetPeak
 .text.OS_TmrUnlink
                0x00002cc8       0x58 .\CortexM3\ARM_GCC_541\Debug\os_tmr.o
                0x00002cc8                OS_TmrUnlink
 .text.OS_TmrTask
                0x00002d20       0xb0 .\CortexM3\ARM_GCC_541\Debug\os_tmr.o
                0x00002d20                OS_TmrTask
 .text.OSCfg_Init
                0x00002dd0        0x4 .\CortexM3\ARM_GCC_541\Debug\os_cfg_app.o
                0x00002dd0                OSCfg_Init
 .text.OS_IdleTask
                0x00002dd4       0x28 .\CortexM3\ARM_GCC_541\Debug\os_core.o
                0x00002dd4                OS_IdleTask
 .text.OSIntExit
                0x00002dfc       0xa8 .\CortexM3\ARM_GCC_541\Debug\os_core.o
                0x00002dfc                OSIntExit
 .text.OSSched  0x00002ea4       0x80 .\CortexM3\ARM_GCC_541\Debug\os_core.o
                0x00002ea4                OSSched
 .text.OSSchedLock
                0x00002f24       0x54 .\CortexM3\ARM_GCC_541\Debug\os_core.o
                0x00002f24                OSSchedLock
 .text.OSSchedUnlock
                0x00002f78       0x68 .\CortexM3\ARM_GCC_541\Debug\os_core.o
                0x00002f78                OSSchedUnlock
 .text.OSStart  0x00002fe0       0x5c .\CortexM3\ARM_GCC_541\Debug\os_core.o
                0x00002fe0                OSStart
 .text.OS_IdleTaskInit
                0x0000303c       0x58 .\CortexM3\ARM_GCC_541\Debug\os_core.o
                0x0000303c                OS_IdleTaskInit
 .text.OS_PendDataInit
                0x00003094       0x28 .\CortexM3\ARM_GCC_541\Debug\os_core.o
                0x00003094                OS_PendDataInit
 .text.OS_PendDbgNameAdd
                0x000030bc       0x44 .\CortexM3\ARM_GCC_541\Debug\os_core.o
                0x000030bc                OS_PendDbgNameAdd
 .text.OS_PendDbgNameRemove
                0x00003100       0x1c .\CortexM3\ARM_GCC_541\Debug\os_core.o
                0x00003100                OS_PendDbgNameRemove
 .text.OS_PendListInit
                0x0000311c        0xc .\CortexM3\ARM_GCC_541\Debug\os_core.o
                0x0000311c                OS_PendListInit
 .text.OS_PendListInsertPrio
                0x00003128       0x5c .\CortexM3\ARM_GCC_541\Debug\os_core.o
                0x00003128                OS_PendListInsertPrio
 .text.OS_PendListRemove1
                0x00003184       0x38 .\CortexM3\ARM_GCC_541\Debug\os_core.o
                0x00003184                OS_PendListRemove1
 .text.OS_PendListRemove
                0x000031bc       0x28 .\CortexM3\ARM_GCC_541\Debug\os_core.o
                0x000031bc                OS_PendListRemove
 .text.OS_Post1
                0x000031e4       0x28 .\CortexM3\ARM_GCC_541\Debug\os_core.o
                0x000031e4                OS_Post1
 .text.OS_RdyListInit
                0x0000320c       0x28 .\CortexM3\ARM_GCC_541\Debug\os_core.o
                0x0000320c                OS_RdyListInit
 .text.OSInit   0x00003234      0x154 .\CortexM3\ARM_GCC_541\Debug\os_core.o
                0x00003234                OSInit
 .text.OS_RdyListInsertHead
                0x00003388       0x54 .\CortexM3\ARM_GCC_541\Debug\os_core.o
                0x00003388                OS_RdyListInsertHead
 .text.OS_RdyListInsertTail
                0x000033dc       0x54 .\CortexM3\ARM_GCC_541\Debug\os_core.o
                0x000033dc                OS_RdyListInsertTail
 .text.OS_RdyListInsert
                0x00003430       0x2c .\CortexM3\ARM_GCC_541\Debug\os_core.o
                0x00003430                OS_RdyListInsert
 .text.OS_RdyListMoveHeadToTail
                0x0000345c       0x38 .\CortexM3\ARM_GCC_541\Debug\os_core.o
                0x0000345c                OS_RdyListMoveHeadToTail
 .text.OS_RdyListRemove
                0x00003494       0x78 .\CortexM3\ARM_GCC_541\Debug\os_core.o
                0x00003494                OS_RdyListRemove
 .text.OS_SchedRoundRobin
                0x0000350c       0x88 .\CortexM3\ARM_GCC_541\Debug\os_core.o
                0x0000350c                OS_SchedRoundRobin
 .text.OS_TaskBlock
                0x00003594       0x3c .\CortexM3\ARM_GCC_541\Debug\os_core.o
                0x00003594                OS_TaskBlock
 .text.OS_Pend  0x000035d0       0x54 .\CortexM3\ARM_GCC_541\Debug\os_core.o
                0x000035d0                OS_Pend
 .text.OS_TaskRdy
                0x00003624       0x1c .\CortexM3\ARM_GCC_541\Debug\os_core.o
                0x00003624                OS_TaskRdy
 .text.OS_Post  0x00003640       0xac .\CortexM3\ARM_GCC_541\Debug\os_core.o
                0x00003640                OS_Post
 .text.OS_Dbg_Init
                0x000036ec        0x4 .\CortexM3\ARM_GCC_541\Debug\os_dbg.o
                0x000036ec                OS_Dbg_Init
 .text.OS_FlagInit
                0x000036f0       0x18 .\CortexM3\ARM_GCC_541\Debug\os_flag.o
                0x000036f0                OS_FlagInit
 .text.OSMemGet
                0x00003708       0x3c .\CortexM3\ARM_GCC_541\Debug\os_mem.o
                0x00003708                OSMemGet
 .text.OSMemPut
                0x00003744       0x4c .\CortexM3\ARM_GCC_541\Debug\os_mem.o
                0x00003744                OSMemPut
 .text.OS_MemDbgListAdd
                0x00003790       0x1c .\CortexM3\ARM_GCC_541\Debug\os_mem.o
                0x00003790                OS_MemDbgListAdd
 .text.OSMemCreate
                0x000037ac       0xe0 .\CortexM3\ARM_GCC_541\Debug\os_mem.o
                0x000037ac                OSMemCreate
 .text.OS_MemInit
                0x0000388c       0x18 .\CortexM3\ARM_GCC_541\Debug\os_mem.o
                0x0000388c                OS_MemInit
 .text.OS_MsgPoolInit
                0x000038a4       0x68 .\CortexM3\ARM_GCC_541\Debug\os_msg.o
                0x000038a4                OS_MsgPoolInit
 .text.OS_MsgQFreeAll
                0x0000390c       0x34 .\CortexM3\ARM_GCC_541\Debug\os_msg.o
                0x0000390c                OS_MsgQFreeAll
 .text.OS_MsgQInit
                0x00003940       0x10 .\CortexM3\ARM_GCC_541\Debug\os_msg.o
                0x00003940                OS_MsgQInit
 .text.OS_MsgQGet
                0x00003950       0x5c .\CortexM3\ARM_GCC_541\Debug\os_msg.o
                0x00003950                OS_MsgQGet
 .text.OS_MsgQPut
                0x000039ac       0x94 .\CortexM3\ARM_GCC_541\Debug\os_msg.o
                0x000039ac                OS_MsgQPut
 .text.OS_MutexInit
                0x00003a40       0x18 .\CortexM3\ARM_GCC_541\Debug\os_mutex.o
                0x00003a40                OS_MutexInit
 .text.bsp_delay_ms
                0x00003a58       0x6c .\CortexM3\ARM_GCC_541\Debug\max30102_interface.o
                0x00003a58                bsp_delay_ms
 .text.bsp_i2c_deinit
                0x00003ac4       0x14 .\CortexM3\ARM_GCC_541\Debug\max30102_interface.o
 .text.bsp_i2c_init
                0x00003ad8       0x14 .\CortexM3\ARM_GCC_541\Debug\max30102_interface.o
 .text.bsp_debug_print
                0x00003aec       0x28 .\CortexM3\ARM_GCC_541\Debug\max30102_interface.o
                0x00003aec                bsp_debug_print
 .text.max30102_receive_callback
                0x00003b14       0x40 .\CortexM3\ARM_GCC_541\Debug\max30102_interface.o
                0x00003b14                max30102_receive_callback
 .text.max30102_sensor_init
                0x00003b54      0x1d8 .\CortexM3\ARM_GCC_541\Debug\max30102_interface.o
                0x00003b54                max30102_sensor_init
 .text.max30102_init
                0x00003d2c      0x1ec .\CortexM3\ARM_GCC_541\Debug\driver_max30102.o
                0x00003d2c                max30102_init
 .text.max30102_read
                0x00003f18      0x1f8 .\CortexM3\ARM_GCC_541\Debug\driver_max30102.o
                0x00003f18                max30102_read
 .text.max30102_set_interrupt
                0x00004110       0xcc .\CortexM3\ARM_GCC_541\Debug\driver_max30102.o
                0x00004110                max30102_set_interrupt
 .text.max30102_set_fifo_sample_averaging
                0x000041dc       0x68 .\CortexM3\ARM_GCC_541\Debug\driver_max30102.o
                0x000041dc                max30102_set_fifo_sample_averaging
 .text.max30102_set_fifo_roll
                0x00004244       0x68 .\CortexM3\ARM_GCC_541\Debug\driver_max30102.o
                0x00004244                max30102_set_fifo_roll
 .text.max30102_set_mode
                0x000042ac       0x64 .\CortexM3\ARM_GCC_541\Debug\driver_max30102.o
                0x000042ac                max30102_set_mode
 .text.max30102_set_spo2_adc_range
                0x00004310       0x68 .\CortexM3\ARM_GCC_541\Debug\driver_max30102.o
                0x00004310                max30102_set_spo2_adc_range
 .text.max30102_set_spo2_sample_rate
                0x00004378       0x68 .\CortexM3\ARM_GCC_541\Debug\driver_max30102.o
                0x00004378                max30102_set_spo2_sample_rate
 .text.max30102_set_adc_resolution
                0x000043e0       0x64 .\CortexM3\ARM_GCC_541\Debug\driver_max30102.o
                0x000043e0                max30102_set_adc_resolution
 .text.max30102_set_led_red_pulse_amplitude
                0x00004444       0x40 .\CortexM3\ARM_GCC_541\Debug\driver_max30102.o
                0x00004444                max30102_set_led_red_pulse_amplitude
 .text.max30102_set_led_ir_pulse_amplitude
                0x00004484       0x40 .\CortexM3\ARM_GCC_541\Debug\driver_max30102.o
                0x00004484                max30102_set_led_ir_pulse_amplitude
 .text.max30102_set_slot
                0x000044c4      0x150 .\CortexM3\ARM_GCC_541\Debug\driver_max30102.o
                0x000044c4                max30102_set_slot
 .text.calc_temperature
                0x00004614       0x70 .\CortexM3\ARM_GCC_541\Debug\bme68x.o
 .text.calc_pressure
                0x00004684       0xc4 .\CortexM3\ARM_GCC_541\Debug\bme68x.o
 .text.calc_humidity
                0x00004748       0xc4 .\CortexM3\ARM_GCC_541\Debug\bme68x.o
 .text.calc_gas_resistance_low
                0x0000480c       0xac .\CortexM3\ARM_GCC_541\Debug\bme68x.o
 .text.calc_gas_resistance_high
                0x000048b8       0x28 .\CortexM3\ARM_GCC_541\Debug\bme68x.o
 .text.calc_res_heat
                0x000048e0       0xb0 .\CortexM3\ARM_GCC_541\Debug\bme68x.o
 .text.calc_gas_wait
                0x00004990       0x24 .\CortexM3\ARM_GCC_541\Debug\bme68x.o
 .text.null_ptr_check
                0x000049b4       0x2c .\CortexM3\ARM_GCC_541\Debug\bme68x.o
 .text.set_mem_page
                0x000049e0       0x70 .\CortexM3\ARM_GCC_541\Debug\bme68x.o
 .text.get_mem_page
                0x00004a50       0x38 .\CortexM3\ARM_GCC_541\Debug\bme68x.o
 .text.boundary_check
                0x00004a88       0x34 .\CortexM3\ARM_GCC_541\Debug\bme68x.o
 .text.calc_heatr_dur_shared
                0x00004abc       0x44 .\CortexM3\ARM_GCC_541\Debug\bme68x.o
 .text.swap_fields
                0x00004b00       0x18 .\CortexM3\ARM_GCC_541\Debug\bme68x.o
 .text.sort_sensor_data
                0x00004b18       0x44 .\CortexM3\ARM_GCC_541\Debug\bme68x.o
 .text.analyze_sensor_data
                0x00004b5c       0x8c .\CortexM3\ARM_GCC_541\Debug\bme68x.o
 .text.bme68x_set_regs
                0x00004be8       0xcc .\CortexM3\ARM_GCC_541\Debug\bme68x.o
                0x00004be8                bme68x_set_regs
 .text.set_conf
                0x00004cb4      0x1a4 .\CortexM3\ARM_GCC_541\Debug\bme68x.o
 .text.bme68x_get_regs
                0x00004e58       0x58 .\CortexM3\ARM_GCC_541\Debug\bme68x.o
                0x00004e58                bme68x_get_regs
 .text.read_variant_id
                0x00004eb0       0x28 .\CortexM3\ARM_GCC_541\Debug\bme68x.o
 .text.get_calib_data
                0x00004ed8      0x154 .\CortexM3\ARM_GCC_541\Debug\bme68x.o
 .text.read_field_data
                0x0000502c      0x198 .\CortexM3\ARM_GCC_541\Debug\bme68x.o
 .text.read_all_field_data
                0x000051c4      0x244 .\CortexM3\ARM_GCC_541\Debug\bme68x.o
 .text.bme68x_soft_reset
                0x00005408       0x58 .\CortexM3\ARM_GCC_541\Debug\bme68x.o
                0x00005408                bme68x_soft_reset
 .text.bme68x_init
                0x00005460       0x3c .\CortexM3\ARM_GCC_541\Debug\bme68x.o
                0x00005460                bme68x_init
 .text.bme68x_get_conf
                0x0000549c       0x58 .\CortexM3\ARM_GCC_541\Debug\bme68x.o
                0x0000549c                bme68x_get_conf
 .text.bme68x_set_op_mode
                0x000054f4       0x80 .\CortexM3\ARM_GCC_541\Debug\bme68x.o
                0x000054f4                bme68x_set_op_mode
 .text.bme68x_get_op_mode
                0x00005574       0x2c .\CortexM3\ARM_GCC_541\Debug\bme68x.o
                0x00005574                bme68x_get_op_mode
 .text.bme68x_set_conf
                0x000055a0      0x140 .\CortexM3\ARM_GCC_541\Debug\bme68x.o
                0x000055a0                bme68x_set_conf
 .text.bme68x_get_meas_dur
                0x000056e0       0x8c .\CortexM3\ARM_GCC_541\Debug\bme68x.o
                0x000056e0                bme68x_get_meas_dur
 .text.bme68x_get_data
                0x0000576c      0x14c .\CortexM3\ARM_GCC_541\Debug\bme68x.o
                0x0000576c                bme68x_get_data
 .text.bme68x_set_heatr_conf
                0x000058b8       0xb4 .\CortexM3\ARM_GCC_541\Debug\bme68x.o
                0x000058b8                bme68x_set_heatr_conf
 .text.bme68x_selftest_check
                0x0000596c      0x154 .\CortexM3\ARM_GCC_541\Debug\bme68x.o
                0x0000596c                bme68x_selftest_check
 .text.CyClockStartupError
                0x00005ac0        0x4 .\CortexM3\ARM_GCC_541\Debug\cyfitter_cfg.o
 .text.cfg_write_bytes32
                0x00005ac4       0x34 .\CortexM3\ARM_GCC_541\Debug\cyfitter_cfg.o
 .text.AnalogSetDefault
                0x00005af8       0x28 .\CortexM3\ARM_GCC_541\Debug\cyfitter_cfg.o
 .text.CYMEMZERO
                0x00005b20        0xc .\CortexM3\ARM_GCC_541\Debug\cyfitter_cfg.o
 .text.ClockSetup
                0x00005b2c       0xc4 .\CortexM3\ARM_GCC_541\Debug\cyfitter_cfg.o
 .text.CYCONFIGCPY
                0x00005bf0        0x8 .\CortexM3\ARM_GCC_541\Debug\cyfitter_cfg.o
 .text.cyfitter_cfg
                0x00005bf8      0x120 .\CortexM3\ARM_GCC_541\Debug\cyfitter_cfg.o
                0x00005bf8                cyfitter_cfg
 .text.IntDefaultHandler
                0x00005d18       0x10 .\CortexM3\ARM_GCC_541\Debug\Cm3Start.o
                0x00005d18                IntDefaultHandler
 .text._sbrk    0x00005d28       0x30 .\CortexM3\ARM_GCC_541\Debug\Cm3Start.o
                0x00005d28                _sbrk
 .text.Start_c  0x00005d58       0x4c .\CortexM3\ARM_GCC_541\Debug\Cm3Start.o
                0x00005d58                Start_c
 .text.initialize_psoc
                0x00005da4       0x68 .\CortexM3\ARM_GCC_541\Debug\Cm3Start.o
                0x00005da4                initialize_psoc
 .text          0x00005e0c       0x34 .\CortexM3\ARM_GCC_541\Debug\cpu_a.o
                0x00005e0c                CPU_IntDis
                0x00005e10                CPU_IntEn
                0x00005e14                CPU_SR_Save
                0x00005e1c                CPU_SR_Restore
                0x00005e22                CPU_WaitForInt
                0x00005e26                CPU_WaitForExcept
                0x00005e2a                CPU_CntLeadZeros
                0x00005e30                CPU_CntTrailZeros
                0x00005e3a                CPU_RevBits
 .text          0x00005e40       0x84 .\CortexM3\ARM_GCC_541\Debug\os_cpu_a.o
                0x00005e40                OSStartHighRdy
                0x00005e60                OS_CPU_PendSVHandler
 .text.UART_1_Init
                0x00005ec4       0x5c .\CortexM3\ARM_GCC_541\Debug\esw_uCOS3_cykit.a(UART_1.o)
                0x00005ec4                UART_1_Init
 .text.UART_1_Enable
                0x00005f20       0x50 .\CortexM3\ARM_GCC_541\Debug\esw_uCOS3_cykit.a(UART_1.o)
                0x00005f20                UART_1_Enable
 .text.UART_1_Start
                0x00005f70       0x1c .\CortexM3\ARM_GCC_541\Debug\esw_uCOS3_cykit.a(UART_1.o)
                0x00005f70                UART_1_Start
 .text.UART_1_PutChar
                0x00005f8c       0x70 .\CortexM3\ARM_GCC_541\Debug\esw_uCOS3_cykit.a(UART_1.o)
                0x00005f8c                UART_1_PutChar
 .text.UART_1_PutString
                0x00005ffc       0x24 .\CortexM3\ARM_GCC_541\Debug\esw_uCOS3_cykit.a(UART_1.o)
                0x00005ffc                UART_1_PutString
 .text.UART_1_RXISR
                0x00006020       0x98 .\CortexM3\ARM_GCC_541\Debug\esw_uCOS3_cykit.a(UART_1_INT.o)
                0x00006020                UART_1_RXISR
 .text.UART_1_TXISR
                0x000060b8       0x58 .\CortexM3\ARM_GCC_541\Debug\esw_uCOS3_cykit.a(UART_1_INT.o)
                0x000060b8                UART_1_TXISR
 .text.Pin_1_Write
                0x00006110       0x18 .\CortexM3\ARM_GCC_541\Debug\esw_uCOS3_cykit.a(Pin_1.o)
                0x00006110                Pin_1_Write
 .text.Pin_1_SetDriveMode
                0x00006128       0x18 .\CortexM3\ARM_GCC_541\Debug\esw_uCOS3_cykit.a(Pin_1.o)
                0x00006128                Pin_1_SetDriveMode
 .text.UART_1_IntClock_Start
                0x00006140       0x1c .\CortexM3\ARM_GCC_541\Debug\esw_uCOS3_cykit.a(UART_1_IntClock.o)
                0x00006140                UART_1_IntClock_Start
 .text.CyHalt   0x0000615c        0x4 .\CortexM3\ARM_GCC_541\Debug\esw_uCOS3_cykit.a(CyLib.o)
                0x0000615c                CyHalt
 .text.CyDelayUs
                0x00006160       0x14 .\CortexM3\ARM_GCC_541\Debug\esw_uCOS3_cykit.a(CyLib.o)
                0x00006160                CyDelayUs
 .text.CyIntSetVector
                0x00006174       0x28 .\CortexM3\ARM_GCC_541\Debug\esw_uCOS3_cykit.a(CyLib.o)
                0x00006174                CyIntSetVector
 .text.CyIntSetPriority
                0x0000619c       0x30 .\CortexM3\ARM_GCC_541\Debug\esw_uCOS3_cykit.a(CyLib.o)
                0x0000619c                CyIntSetPriority
 .text.Pin_2_Write
                0x000061cc       0x18 .\CortexM3\ARM_GCC_541\Debug\esw_uCOS3_cykit.a(Pin_2.o)
                0x000061cc                Pin_2_Write
 .text.Pin_2_SetDriveMode
                0x000061e4       0x24 .\CortexM3\ARM_GCC_541\Debug\esw_uCOS3_cykit.a(Pin_2.o)
                0x000061e4                Pin_2_SetDriveMode
 .text.push_button_Write
                0x00006208       0x18 .\CortexM3\ARM_GCC_541\Debug\esw_uCOS3_cykit.a(push_button.o)
                0x00006208                push_button_Write
 .text.push_button_SetDriveMode
                0x00006220       0x18 .\CortexM3\ARM_GCC_541\Debug\esw_uCOS3_cykit.a(push_button.o)
                0x00006220                push_button_SetDriveMode
 .text.push_button_Read
                0x00006238       0x10 .\CortexM3\ARM_GCC_541\Debug\esw_uCOS3_cykit.a(push_button.o)
                0x00006238                push_button_Read
 .text.I2C_1_Init
                0x00006248       0x68 .\CortexM3\ARM_GCC_541\Debug\esw_uCOS3_cykit.a(I2C_1.o)
                0x00006248                I2C_1_Init
 .text.I2C_1_Enable
                0x000062b0       0x24 .\CortexM3\ARM_GCC_541\Debug\esw_uCOS3_cykit.a(I2C_1.o)
                0x000062b0                I2C_1_Enable
 .text.I2C_1_Start
                0x000062d4       0x28 .\CortexM3\ARM_GCC_541\Debug\esw_uCOS3_cykit.a(I2C_1.o)
                0x000062d4                I2C_1_Start
 .text.I2C_1_ISR
                0x000062fc      0x2d0 .\CortexM3\ARM_GCC_541\Debug\esw_uCOS3_cykit.a(I2C_1_INT.o)
                0x000062fc                I2C_1_ISR
 .text.I2C_1_MasterSendStart
                0x000065cc       0x80 .\CortexM3\ARM_GCC_541\Debug\esw_uCOS3_cykit.a(I2C_1_MASTER.o)
                0x000065cc                I2C_1_MasterSendStart
 .text.I2C_1_MasterSendRestart
                0x0000664c       0x6c .\CortexM3\ARM_GCC_541\Debug\esw_uCOS3_cykit.a(I2C_1_MASTER.o)
                0x0000664c                I2C_1_MasterSendRestart
 .text.I2C_1_MasterSendStop
                0x000066b8       0x38 .\CortexM3\ARM_GCC_541\Debug\esw_uCOS3_cykit.a(I2C_1_MASTER.o)
                0x000066b8                I2C_1_MasterSendStop
 .text.I2C_1_MasterWriteByte
                0x000066f0       0x58 .\CortexM3\ARM_GCC_541\Debug\esw_uCOS3_cykit.a(I2C_1_MASTER.o)
                0x000066f0                I2C_1_MasterWriteByte
 .text.I2C_1_MasterReadByte
                0x00006748       0x58 .\CortexM3\ARM_GCC_541\Debug\esw_uCOS3_cykit.a(I2C_1_MASTER.o)
                0x00006748                I2C_1_MasterReadByte
 .text.Timer_1_Enable
                0x000067a0       0x28 .\CortexM3\ARM_GCC_541\Debug\esw_uCOS3_cykit.a(Timer_1.o)
                0x000067a0                Timer_1_Enable
 .text.Timer_1_SetInterruptMode
                0x000067c8        0xc .\CortexM3\ARM_GCC_541\Debug\esw_uCOS3_cykit.a(Timer_1.o)
                0x000067c8                Timer_1_SetInterruptMode
 .text.Timer_1_WritePeriod
                0x000067d4        0xc .\CortexM3\ARM_GCC_541\Debug\esw_uCOS3_cykit.a(Timer_1.o)
                0x000067d4                Timer_1_WritePeriod
 .text.Timer_1_WriteCounter
                0x000067e0        0xc .\CortexM3\ARM_GCC_541\Debug\esw_uCOS3_cykit.a(Timer_1.o)
                0x000067e0                Timer_1_WriteCounter
 .text.Timer_1_Init
                0x000067ec       0x68 .\CortexM3\ARM_GCC_541\Debug\esw_uCOS3_cykit.a(Timer_1.o)
                0x000067ec                Timer_1_Init
 .text.Timer_1_Start
                0x00006854       0x1c .\CortexM3\ARM_GCC_541\Debug\esw_uCOS3_cykit.a(Timer_1.o)
                0x00006854                Timer_1_Start
 .text.Timer_ISR_SetVector
                0x00006870        0xc .\CortexM3\ARM_GCC_541\Debug\esw_uCOS3_cykit.a(Timer_ISR.o)
                0x00006870                Timer_ISR_SetVector
 .text.Timer_ISR_SetPriority
                0x0000687c       0x10 .\CortexM3\ARM_GCC_541\Debug\esw_uCOS3_cykit.a(Timer_ISR.o)
                0x0000687c                Timer_ISR_SetPriority
 .text.Timer_ISR_Enable
                0x0000688c        0xc .\CortexM3\ARM_GCC_541\Debug\esw_uCOS3_cykit.a(Timer_ISR.o)
                0x0000688c                Timer_ISR_Enable
 .text.Timer_ISR_Disable
                0x00006898        0xc .\CortexM3\ARM_GCC_541\Debug\esw_uCOS3_cykit.a(Timer_ISR.o)
                0x00006898                Timer_ISR_Disable
 .text.Timer_ISR_StartEx
                0x000068a4       0x1c .\CortexM3\ARM_GCC_541\Debug\esw_uCOS3_cykit.a(Timer_ISR.o)
                0x000068a4                Timer_ISR_StartEx
 .text.Pin_Green_Led_1_Write
                0x000068c0       0x18 .\CortexM3\ARM_GCC_541\Debug\esw_uCOS3_cykit.a(Pin_Green_Led_1.o)
                0x000068c0                Pin_Green_Led_1_Write
 .text.Pin_Green_Led_1_Read
                0x000068d8       0x10 .\CortexM3\ARM_GCC_541\Debug\esw_uCOS3_cykit.a(Pin_Green_Led_1.o)
                0x000068d8                Pin_Green_Led_1_Read
 .text.PWM_Heartbeat_Enable
                0x000068e8       0x10 .\CortexM3\ARM_GCC_541\Debug\esw_uCOS3_cykit.a(PWM_Heartbeat.o)
                0x000068e8                PWM_Heartbeat_Enable
 .text.PWM_Heartbeat_Stop
                0x000068f8       0x10 .\CortexM3\ARM_GCC_541\Debug\esw_uCOS3_cykit.a(PWM_Heartbeat.o)
                0x000068f8                PWM_Heartbeat_Stop
 .text.PWM_Heartbeat_WriteCounter
                0x00006908        0xc .\CortexM3\ARM_GCC_541\Debug\esw_uCOS3_cykit.a(PWM_Heartbeat.o)
                0x00006908                PWM_Heartbeat_WriteCounter
 .text.PWM_Heartbeat_WritePeriod
                0x00006914        0xc .\CortexM3\ARM_GCC_541\Debug\esw_uCOS3_cykit.a(PWM_Heartbeat.o)
                0x00006914                PWM_Heartbeat_WritePeriod
 .text.PWM_Heartbeat_WriteCompare
                0x00006920        0xc .\CortexM3\ARM_GCC_541\Debug\esw_uCOS3_cykit.a(PWM_Heartbeat.o)
                0x00006920                PWM_Heartbeat_WriteCompare
 .text.PWM_Heartbeat_SetInterruptMode
                0x0000692c        0xc .\CortexM3\ARM_GCC_541\Debug\esw_uCOS3_cykit.a(PWM_Heartbeat.o)
                0x0000692c                PWM_Heartbeat_SetInterruptMode
 .text.PWM_Heartbeat_ReadStatusRegister
                0x00006938        0xc .\CortexM3\ARM_GCC_541\Debug\esw_uCOS3_cykit.a(PWM_Heartbeat.o)
                0x00006938                PWM_Heartbeat_ReadStatusRegister
 .text.PWM_Heartbeat_ReadCapture
                0x00006944        0xc .\CortexM3\ARM_GCC_541\Debug\esw_uCOS3_cykit.a(PWM_Heartbeat.o)
                0x00006944                PWM_Heartbeat_ReadCapture
 .text.PWM_Heartbeat_ClearFIFO
                0x00006950       0x14 .\CortexM3\ARM_GCC_541\Debug\esw_uCOS3_cykit.a(PWM_Heartbeat.o)
                0x00006950                PWM_Heartbeat_ClearFIFO
 .text.PWM_Heartbeat_Init
                0x00006964       0x50 .\CortexM3\ARM_GCC_541\Debug\esw_uCOS3_cykit.a(PWM_Heartbeat.o)
                0x00006964                PWM_Heartbeat_Init
 .text.PWM_Heartbeat_Start
                0x000069b4       0x1c .\CortexM3\ARM_GCC_541\Debug\esw_uCOS3_cykit.a(PWM_Heartbeat.o)
                0x000069b4                PWM_Heartbeat_Start
 .text.PWM_SPO2_Enable
                0x000069d0       0x10 .\CortexM3\ARM_GCC_541\Debug\esw_uCOS3_cykit.a(PWM_SPO2.o)
                0x000069d0                PWM_SPO2_Enable
 .text.PWM_SPO2_Stop
                0x000069e0       0x10 .\CortexM3\ARM_GCC_541\Debug\esw_uCOS3_cykit.a(PWM_SPO2.o)
                0x000069e0                PWM_SPO2_Stop
 .text.PWM_SPO2_WriteCounter
                0x000069f0        0xc .\CortexM3\ARM_GCC_541\Debug\esw_uCOS3_cykit.a(PWM_SPO2.o)
                0x000069f0                PWM_SPO2_WriteCounter
 .text.PWM_SPO2_WritePeriod
                0x000069fc        0xc .\CortexM3\ARM_GCC_541\Debug\esw_uCOS3_cykit.a(PWM_SPO2.o)
                0x000069fc                PWM_SPO2_WritePeriod
 .text.PWM_SPO2_WriteCompare
                0x00006a08        0xc .\CortexM3\ARM_GCC_541\Debug\esw_uCOS3_cykit.a(PWM_SPO2.o)
                0x00006a08                PWM_SPO2_WriteCompare
 .text.PWM_SPO2_SetInterruptMode
                0x00006a14        0xc .\CortexM3\ARM_GCC_541\Debug\esw_uCOS3_cykit.a(PWM_SPO2.o)
                0x00006a14                PWM_SPO2_SetInterruptMode
 .text.PWM_SPO2_ReadStatusRegister
                0x00006a20        0xc .\CortexM3\ARM_GCC_541\Debug\esw_uCOS3_cykit.a(PWM_SPO2.o)
                0x00006a20                PWM_SPO2_ReadStatusRegister
 .text.PWM_SPO2_ReadCapture
                0x00006a2c        0xc .\CortexM3\ARM_GCC_541\Debug\esw_uCOS3_cykit.a(PWM_SPO2.o)
                0x00006a2c                PWM_SPO2_ReadCapture
 .text.PWM_SPO2_ClearFIFO
                0x00006a38       0x14 .\CortexM3\ARM_GCC_541\Debug\esw_uCOS3_cykit.a(PWM_SPO2.o)
                0x00006a38                PWM_SPO2_ClearFIFO
 .text.PWM_SPO2_Init
                0x00006a4c       0x50 .\CortexM3\ARM_GCC_541\Debug\esw_uCOS3_cykit.a(PWM_SPO2.o)
                0x00006a4c                PWM_SPO2_Init
 .text.PWM_SPO2_Start
                0x00006a9c       0x1c .\CortexM3\ARM_GCC_541\Debug\esw_uCOS3_cykit.a(PWM_SPO2.o)
                0x00006a9c                PWM_SPO2_Start
 .text          0x00006ab8       0x20 .\CortexM3\ARM_GCC_541\Debug\esw_uCOS3_cykit.a(CyBootAsmGnu.o)
                0x00006ab8                CyDelayCycles
                0x00006ac8                CyEnterCriticalSection
                0x00006ad0                CyExitCriticalSection
 .text          0x00006ad8       0xa0 c:/program files (x86)/cypress/psoc creator/4.4/psoc creator/import/gnu/arm/5.4.1/bin/../lib/gcc/arm-none-eabi/5.4.1/armv7-m\libgcc.a(_aeabi_ldivmod.o)
                0x00006ad8                __aeabi_ldivmod
 .text          0x00006b78      0x2ec c:/program files (x86)/cypress/psoc creator/4.4/psoc creator/import/gnu/arm/5.4.1/bin/../lib/gcc/arm-none-eabi/5.4.1/armv7-m\libgcc.a(_udivmoddi4.o)
                0x00006b78                __udivmoddi4
 .text          0x00006e64        0x4 c:/program files (x86)/cypress/psoc creator/4.4/psoc creator/import/gnu/arm/5.4.1/bin/../lib/gcc/arm-none-eabi/5.4.1/armv7-m\libgcc.a(_dvmd_tls.o)
                0x00006e64                __aeabi_idiv0
                0x00006e64                __aeabi_ldiv0
 .text.__errno  0x00006e68        0xc c:/program files (x86)/cypress/psoc creator/4.4/psoc creator/import/gnu/arm/5.4.1/bin/../lib/gcc/arm-none-eabi/5.4.1/../../../../arm-none-eabi/lib/armv7-m\libg_nano.a(lib_a-errno.o)
                0x00006e68                __errno
 .text.__libc_init_array
                0x00006e74       0x4c c:/program files (x86)/cypress/psoc creator/4.4/psoc creator/import/gnu/arm/5.4.1/bin/../lib/gcc/arm-none-eabi/5.4.1/../../../../arm-none-eabi/lib/armv7-m\libg_nano.a(lib_a-init.o)
                0x00006e74                __libc_init_array
 .text.memcmp   0x00006ec0       0x1e c:/program files (x86)/cypress/psoc creator/4.4/psoc creator/import/gnu/arm/5.4.1/bin/../lib/gcc/arm-none-eabi/5.4.1/../../../../arm-none-eabi/lib/armv7-m\libg_nano.a(lib_a-memcmp.o)
                0x00006ec0                memcmp
 .text.memcpy   0x00006ede       0x16 c:/program files (x86)/cypress/psoc creator/4.4/psoc creator/import/gnu/arm/5.4.1/bin/../lib/gcc/arm-none-eabi/5.4.1/../../../../arm-none-eabi/lib/armv7-m\libg_nano.a(lib_a-memcpy-stub.o)
                0x00006ede                memcpy
 .text.memset   0x00006ef4       0x10 c:/program files (x86)/cypress/psoc creator/4.4/psoc creator/import/gnu/arm/5.4.1/bin/../lib/gcc/arm-none-eabi/5.4.1/../../../../arm-none-eabi/lib/armv7-m\libg_nano.a(lib_a-memset.o)
                0x00006ef4                memset
 .text.snprintf
                0x00006f04       0x64 c:/program files (x86)/cypress/psoc creator/4.4/psoc creator/import/gnu/arm/5.4.1/bin/../lib/gcc/arm-none-eabi/5.4.1/../../../../arm-none-eabi/lib/armv7-m\libg_nano.a(lib_a-snprintf.o)
                0x00006f04                sniprintf
                0x00006f04                snprintf
 .text.strncpy  0x00006f68       0x26 c:/program files (x86)/cypress/psoc creator/4.4/psoc creator/import/gnu/arm/5.4.1/bin/../lib/gcc/arm-none-eabi/5.4.1/../../../../arm-none-eabi/lib/armv7-m\libg_nano.a(lib_a-strncpy.o)
                0x00006f68                strncpy
 .text._vsnprintf_r
                0x00006f8e       0x56 c:/program files (x86)/cypress/psoc creator/4.4/psoc creator/import/gnu/arm/5.4.1/bin/../lib/gcc/arm-none-eabi/5.4.1/../../../../arm-none-eabi/lib/armv7-m\libg_nano.a(lib_a-vsnprintf.o)
                0x00006f8e                _vsniprintf_r
                0x00006f8e                _vsnprintf_r
 .text.vsnprintf
                0x00006fe4       0x1c c:/program files (x86)/cypress/psoc creator/4.4/psoc creator/import/gnu/arm/5.4.1/bin/../lib/gcc/arm-none-eabi/5.4.1/../../../../arm-none-eabi/lib/armv7-m\libg_nano.a(lib_a-vsnprintf.o)
                0x00006fe4                vsniprintf
                0x00006fe4                vsnprintf
 .text.__ssputs_r
                0x00007000       0xb2 c:/program files (x86)/cypress/psoc creator/4.4/psoc creator/import/gnu/arm/5.4.1/bin/../lib/gcc/arm-none-eabi/5.4.1/../../../../arm-none-eabi/lib/armv7-m\libg_nano.a(lib_a-nano-svfprintf.o)
                0x00007000                __ssputs_r
 *fill*         0x000070b2        0x2 
 .text._svfprintf_r
                0x000070b4      0x1e8 c:/program files (x86)/cypress/psoc creator/4.4/psoc creator/import/gnu/arm/5.4.1/bin/../lib/gcc/arm-none-eabi/5.4.1/../../../../arm-none-eabi/lib/armv7-m\libg_nano.a(lib_a-nano-svfprintf.o)
                0x000070b4                _svfiprintf_r
                0x000070b4                _svfprintf_r
 .text._printf_common
                0x0000729c       0xec c:/program files (x86)/cypress/psoc creator/4.4/psoc creator/import/gnu/arm/5.4.1/bin/../lib/gcc/arm-none-eabi/5.4.1/../../../../arm-none-eabi/lib/armv7-m\libg_nano.a(lib_a-nano-vfprintf_i.o)
                0x0000729c                _printf_common
 .text._printf_i
                0x00007388      0x24c c:/program files (x86)/cypress/psoc creator/4.4/psoc creator/import/gnu/arm/5.4.1/bin/../lib/gcc/arm-none-eabi/5.4.1/../../../../arm-none-eabi/lib/armv7-m\libg_nano.a(lib_a-nano-vfprintf_i.o)
                0x00007388                _printf_i
 .text.memchr   0x000075d4       0x1c c:/program files (x86)/cypress/psoc creator/4.4/psoc creator/import/gnu/arm/5.4.1/bin/../lib/gcc/arm-none-eabi/5.4.1/../../../../arm-none-eabi/lib/armv7-m\libg_nano.a(lib_a-memchr-stub.o)
                0x000075d4                memchr
 .text.memmove  0x000075f0       0x36 c:/program files (x86)/cypress/psoc creator/4.4/psoc creator/import/gnu/arm/5.4.1/bin/../lib/gcc/arm-none-eabi/5.4.1/../../../../arm-none-eabi/lib/armv7-m\libg_nano.a(lib_a-memmove.o)
                0x000075f0                memmove
 *fill*         0x00007626        0x2 
 .text._free_r  0x00007628       0x98 c:/program files (x86)/cypress/psoc creator/4.4/psoc creator/import/gnu/arm/5.4.1/bin/../lib/gcc/arm-none-eabi/5.4.1/../../../../arm-none-eabi/lib/armv7-m\libg_nano.a(lib_a-nano-freer.o)
                0x00007628                _free_r
 .text._malloc_r
                0x000076c0       0xbc c:/program files (x86)/cypress/psoc creator/4.4/psoc creator/import/gnu/arm/5.4.1/bin/../lib/gcc/arm-none-eabi/5.4.1/../../../../arm-none-eabi/lib/armv7-m\libg_nano.a(lib_a-nano-mallocr.o)
                0x000076c0                _malloc_r
 .text._realloc_r
                0x0000777c       0x4c c:/program files (x86)/cypress/psoc creator/4.4/psoc creator/import/gnu/arm/5.4.1/bin/../lib/gcc/arm-none-eabi/5.4.1/../../../../arm-none-eabi/lib/armv7-m\libg_nano.a(lib_a-nano-reallocr.o)
                0x0000777c                _realloc_r
 .text._sbrk_r  0x000077c8       0x20 c:/program files (x86)/cypress/psoc creator/4.4/psoc creator/import/gnu/arm/5.4.1/bin/../lib/gcc/arm-none-eabi/5.4.1/../../../../arm-none-eabi/lib/armv7-m\libg_nano.a(lib_a-sbrkr.o)
                0x000077c8                _sbrk_r
 .text.__malloc_lock
                0x000077e8        0x2 c:/program files (x86)/cypress/psoc creator/4.4/psoc creator/import/gnu/arm/5.4.1/bin/../lib/gcc/arm-none-eabi/5.4.1/../../../../arm-none-eabi/lib/armv7-m\libg_nano.a(lib_a-mlock.o)
                0x000077e8                __malloc_lock
 .text.__malloc_unlock
                0x000077ea        0x2 c:/program files (x86)/cypress/psoc creator/4.4/psoc creator/import/gnu/arm/5.4.1/bin/../lib/gcc/arm-none-eabi/5.4.1/../../../../arm-none-eabi/lib/armv7-m\libg_nano.a(lib_a-mlock.o)
                0x000077ea                __malloc_unlock
 .text._malloc_usable_size_r
                0x000077ec       0x14 c:/program files (x86)/cypress/psoc creator/4.4/psoc creator/import/gnu/arm/5.4.1/bin/../lib/gcc/arm-none-eabi/5.4.1/../../../../arm-none-eabi/lib/armv7-m\libg_nano.a(lib_a-nano-msizer.o)
                0x000077ec                _malloc_usable_size_r
 *(.plt)
 *(.gnu.warning)
 *(.glue_7t)
 .glue_7t       0x00007800        0x0 linker stubs
 *(.glue_7)
 .glue_7        0x00007800        0x0 linker stubs
 *(.vfp11_veneer)
 .vfp11_veneer  0x00007800        0x0 linker stubs
 *(.bootloader)
 *(.ARM.extab* .gnu.linkonce.armextab.*)
 *(.gcc_except_table)

.v4_bx          0x00007800        0x0
 .v4_bx         0x00007800        0x0 linker stubs

.iplt           0x00007800        0x0
 .iplt          0x00007800        0x0 c:/program files (x86)/cypress/psoc creator/4.4/psoc creator/import/gnu/arm/5.4.1/bin/../lib/gcc/arm-none-eabi/5.4.1/armv7-m/crtbegin.o

.eh_frame_hdr
 *(.eh_frame_hdr)

.eh_frame       0x00007800        0x4
 *(.eh_frame)
 .eh_frame      0x00007800        0x0 c:/program files (x86)/cypress/psoc creator/4.4/psoc creator/import/gnu/arm/5.4.1/bin/../lib/gcc/arm-none-eabi/5.4.1/armv7-m/crtbegin.o
 .eh_frame      0x00007800        0x4 c:/program files (x86)/cypress/psoc creator/4.4/psoc creator/import/gnu/arm/5.4.1/bin/../lib/gcc/arm-none-eabi/5.4.1/armv7-m/crtend.o
                [!provide]                PROVIDE (__exidx_start, .)

.ARM.exidx      0x00007804        0x8
 *(.ARM.exidx* .gnu.linkonce.armexidx.*)
 .ARM.exidx     0x00007804        0x8 c:/program files (x86)/cypress/psoc creator/4.4/psoc creator/import/gnu/arm/5.4.1/bin/../lib/gcc/arm-none-eabi/5.4.1/armv7-m\libgcc.a(_udivmoddi4.o)
                0x0000780c                __exidx_end = .

.rodata         0x0000780c     0x19c4
 *(.rodata .rodata.* .gnu.linkonce.r.*)
 .rodata.str1.4
                0x0000780c       0x8e .\CortexM3\ARM_GCC_541\Debug\app.o
 *fill*         0x0000789a        0x2 
 .rodata.str1.4
                0x0000789c      0x21b .\CortexM3\ARM_GCC_541\Debug\log_task.o
                                0x21f (size before relaxing)
 *fill*         0x00007ab7        0x1 
 .rodata        0x00007ab8       0x64 .\CortexM3\ARM_GCC_541\Debug\heartbeatSensor.o
 .rodata.str1.4
                0x00007b1c      0x13d .\CortexM3\ARM_GCC_541\Debug\heartbeatSensor.o
 *fill*         0x00007c59        0x3 
 .rodata.str1.4
                0x00007c5c      0x255 .\CortexM3\ARM_GCC_541\Debug\environmentSensor.o
 .rodata.str1.4
                0x00007eb1       0x63 .\CortexM3\ARM_GCC_541\Debug\data_processing_task.o
 *fill*         0x00007eb1        0x3 
 .rodata.str1.4
                0x00007eb4      0x22c .\CortexM3\ARM_GCC_541\Debug\gpio_tasks.o
 .rodata.str1.4
                0x000080e0      0x116 .\CortexM3\ARM_GCC_541\Debug\bsp_i2c.o
 *fill*         0x000081f6        0x2 
 .rodata.str1.4
                0x000081f8        0x6 .\CortexM3\ARM_GCC_541\Debug\os_q.o
 *fill*         0x000081fe        0x2 
 .rodata.str1.4
                0x00008200        0x5 .\CortexM3\ARM_GCC_541\Debug\os_sem.o
                                  0xa (size before relaxing)
 *fill*         0x00008205        0x3 
 .rodata.str1.4
                0x00008208       0x14 .\CortexM3\ARM_GCC_541\Debug\os_stat.o
 .rodata.str1.4
                0x0000821c        0x6 .\CortexM3\ARM_GCC_541\Debug\os_task.o
                                  0xa (size before relaxing)
 *fill*         0x00008222        0x2 
 .rodata.str1.4
                0x00008224       0x14 .\CortexM3\ARM_GCC_541\Debug\os_tick.o
 .rodata.str1.4
                0x00008238       0x1d .\CortexM3\ARM_GCC_541\Debug\os_tmr.o
 *fill*         0x00008255        0x3 
 .rodata        0x00008258       0xa4 .\CortexM3\ARM_GCC_541\Debug\os_cfg_app.o
                0x00008258                OSCfg_DataSizeRAM
                0x0000825c                OSCfg_TmrWheelSizeRAM
                0x00008260                OSCfg_TmrWheelSize
                0x00008264                OSCfg_TmrTaskStkSizeRAM
                0x00008268                OSCfg_TmrTaskStkSize
                0x0000826c                OSCfg_TmrTaskStkLimit
                0x00008270                OSCfg_TmrTaskStkBasePtr
                0x00008274                OSCfg_TmrTaskRate_Hz
                0x00008278                OSCfg_TmrTaskPrio
                0x0000827c                OSCfg_TickWheelSizeRAM
                0x00008280                OSCfg_TickWheelSize
                0x00008284                OSCfg_TickTaskStkSizeRAM
                0x00008288                OSCfg_TickTaskStkSize
                0x0000828c                OSCfg_TickTaskStkLimit
                0x00008290                OSCfg_TickTaskStkBasePtr
                0x00008294                OSCfg_TickTaskPrio
                0x00008298                OSCfg_TickRate_Hz
                0x0000829c                OSCfg_StkSizeMin
                0x000082a0                OSCfg_StatTaskStkSizeRAM
                0x000082a4                OSCfg_StatTaskStkSize
                0x000082a8                OSCfg_StatTaskStkLimit
                0x000082ac                OSCfg_StatTaskStkBasePtr
                0x000082b0                OSCfg_StatTaskRate_Hz
                0x000082b4                OSCfg_StatTaskPrio
                0x000082b8                OSCfg_MsgPoolBasePtr
                0x000082bc                OSCfg_MsgPoolSizeRAM
                0x000082c0                OSCfg_MsgPoolSize
                0x000082c4                OSCfg_ISRStkSizeRAM
                0x000082c8                OSCfg_ISRStkSize
                0x000082cc                OSCfg_ISRStkBasePtr
                0x000082d0                OSCfg_IntQTaskStkSizeRAM
                0x000082d4                OSCfg_IntQTaskStkSize
                0x000082d8                OSCfg_IntQTaskStkLimit
                0x000082dc                OSCfg_IntQTaskStkBasePtr
                0x000082e0                OSCfg_IntQSizeRAM
                0x000082e4                OSCfg_IntQSize
                0x000082e8                OSCfg_IntQBasePtr
                0x000082ec                OSCfg_IdleTaskStkSizeRAM
                0x000082f0                OSCfg_IdleTaskStkSize
                0x000082f4                OSCfg_IdleTaskStkLimit
                0x000082f8                OSCfg_IdleTaskStkBasePtr
 .rodata.str1.4
                0x000082fc       0x25 .\CortexM3\ARM_GCC_541\Debug\os_core.o
                                 0x2a (size before relaxing)
 *fill*         0x00008321        0x3 
 .rodata.str1.4
                0x00008324      0x394 .\CortexM3\ARM_GCC_541\Debug\max30102_interface.o
 .rodata.str1.4
                0x000086b8      0x9d8 .\CortexM3\ARM_GCC_541\Debug\driver_max30102.o
 .rodata        0x00009090       0x92 .\CortexM3\ARM_GCC_541\Debug\bme68x.o
 *fill*         0x00009122        0x2 
 .rodata        0x00009124       0x42 .\CortexM3\ARM_GCC_541\Debug\cyfitter_cfg.o
 .rodata.str1.1
                0x00009166        0x2 c:/program files (x86)/cypress/psoc creator/4.4/psoc creator/import/gnu/arm/5.4.1/bin/../lib/gcc/arm-none-eabi/5.4.1/../../../../arm-none-eabi/lib/armv7-m\libg_nano.a(lib_a-impure.o)
 .rodata.str1.1
                0x00009168       0x11 c:/program files (x86)/cypress/psoc creator/4.4/psoc creator/import/gnu/arm/5.4.1/bin/../lib/gcc/arm-none-eabi/5.4.1/../../../../arm-none-eabi/lib/armv7-m\libg_nano.a(lib_a-nano-svfprintf.o)
 .rodata.str1.1
                0x00009179       0x22 c:/program files (x86)/cypress/psoc creator/4.4/psoc creator/import/gnu/arm/5.4.1/bin/../lib/gcc/arm-none-eabi/5.4.1/../../../../arm-none-eabi/lib/armv7-m\libg_nano.a(lib_a-nano-vfprintf_i.o)
                0x0000919c                . = ALIGN (0x4)
 *fill*         0x0000919b        0x1 
 *(.init)
 .init          0x0000919c        0x4 c:/program files (x86)/cypress/psoc creator/4.4/psoc creator/import/gnu/arm/5.4.1/bin/../lib/gcc/arm-none-eabi/5.4.1/armv7-m/crti.o
                0x0000919c                _init
 .init          0x000091a0        0x8 c:/program files (x86)/cypress/psoc creator/4.4/psoc creator/import/gnu/arm/5.4.1/bin/../lib/gcc/arm-none-eabi/5.4.1/armv7-m/crtn.o
                0x000091a8                . = ALIGN (0x4)
                0x000091a8                __preinit_array_start = .
 *(.preinit_array)
                0x000091a8                __preinit_array_end = .
                0x000091a8                . = ALIGN (0x4)
                0x000091a8                __init_array_start = .
 *(SORT(.init_array.*))
 *(.init_array)
 .init_array    0x000091a8        0x4 c:/program files (x86)/cypress/psoc creator/4.4/psoc creator/import/gnu/arm/5.4.1/bin/../lib/gcc/arm-none-eabi/5.4.1/armv7-m/crtbegin.o
 .init_array    0x000091ac        0x4 .\CortexM3\ARM_GCC_541\Debug\Cm3Start.o
                0x000091b0                __init_array_end = .
                0x000091b0                . = ALIGN (0x4)
 *(.fini)
 .fini          0x000091b0        0x4 c:/program files (x86)/cypress/psoc creator/4.4/psoc creator/import/gnu/arm/5.4.1/bin/../lib/gcc/arm-none-eabi/5.4.1/armv7-m/crti.o
                0x000091b0                _fini
 .fini          0x000091b4        0x8 c:/program files (x86)/cypress/psoc creator/4.4/psoc creator/import/gnu/arm/5.4.1/bin/../lib/gcc/arm-none-eabi/5.4.1/armv7-m/crtn.o
                0x000091bc                . = ALIGN (0x4)
                0x000091bc                __fini_array_start = .
 *(.fini_array)
 .fini_array    0x000091bc        0x4 c:/program files (x86)/cypress/psoc creator/4.4/psoc creator/import/gnu/arm/5.4.1/bin/../lib/gcc/arm-none-eabi/5.4.1/armv7-m/crtbegin.o
 *(SORT(.fini_array.*))
                0x000091c0                __fini_array_end = .
                0x000091c0                . = ALIGN (0x4)
 *crtbegin.o(.ctors)
 *(EXCLUDE_FILE(*crtend.o) .ctors)
 *(SORT(.ctors.*))
 *crtend.o(.ctors)
                0x000091c0                . = ALIGN (0x4)
 *crtbegin.o(.dtors)
 *(EXCLUDE_FILE(*crtend.o) .dtors)
 *(SORT(.dtors.*))
 *crtend.o(.dtors)
                0x000091c0                . = ALIGN (0x4)
                0x000091c0                __cy_regions = .
                0x000091c0        0x4 LONG 0x91d0 __cy_region_init_ram
                0x000091c4        0x4 LONG 0x1fff80c8 __cy_region_start_data
                0x000091c8        0x4 LONG 0x88 __cy_region_init_size_ram
                0x000091cc        0x4 LONG 0x5a10 __cy_region_zero_size_ram
                0x000091d0                __cy_regions_end = .
                0x000091d0                . = ALIGN (0x8)
                0x000091d0                _etext = .

.cy_checksum_exclude
                0x000091d0        0x0
 *(.cy_checksum_exclude)

.ramvectors     0x1fff8000       0xc0
                0x1fff8000                __cy_region_start_ram = .
 *(.ramvectors)
 .ramvectors    0x1fff8000       0xc0 .\CortexM3\ARM_GCC_541\Debug\Cm3Start.o
                0x1fff8000                CyRamVectors

.noinit         0x1fff80c0        0x1
 *(.noinit)
 .noinit        0x1fff80c0        0x1 .\CortexM3\ARM_GCC_541\Debug\esw_uCOS3_cykit.a(CyLib.o)
                0x1fff80c0                CyResetStatus

.data           0x1fff80c8       0x88 load address 0x000091d0
                0x1fff80c8                __cy_region_start_data = .
 *(.jcr)
 .jcr           0x1fff80c8        0x0 c:/program files (x86)/cypress/psoc creator/4.4/psoc creator/import/gnu/arm/5.4.1/bin/../lib/gcc/arm-none-eabi/5.4.1/armv7-m/crtbegin.o
 .jcr           0x1fff80c8        0x4 c:/program files (x86)/cypress/psoc creator/4.4/psoc creator/import/gnu/arm/5.4.1/bin/../lib/gcc/arm-none-eabi/5.4.1/armv7-m/crtend.o
 *(.got.plt)
 *(.got)
 *(.shdata)
 *(.data .data.* .gnu.linkonce.d.*)
 .data          0x1fff80cc        0xc .\CortexM3\ARM_GCC_541\Debug\heartbeatSensor.o
                0x1fff80d4                spO2
 .data          0x1fff80d8        0x4 .\CortexM3\ARM_GCC_541\Debug\Cm3Start.o
 .data          0x1fff80dc       0x10 .\CortexM3\ARM_GCC_541\Debug\esw_uCOS3_cykit.a(CyLib.o)
                0x1fff80dc                cydelay_32k_ms
                0x1fff80e0                cydelay_freq_khz
                0x1fff80e4                cydelay_freq_mhz
                0x1fff80e8                cydelay_freq_hz
 .data.impure_data
                0x1fff80ec       0x60 c:/program files (x86)/cypress/psoc creator/4.4/psoc creator/import/gnu/arm/5.4.1/bin/../lib/gcc/arm-none-eabi/5.4.1/../../../../arm-none-eabi/lib/armv7-m\libg_nano.a(lib_a-impure.o)
 .data._impure_ptr
                0x1fff814c        0x4 c:/program files (x86)/cypress/psoc creator/4.4/psoc creator/import/gnu/arm/5.4.1/bin/../lib/gcc/arm-none-eabi/5.4.1/../../../../arm-none-eabi/lib/armv7-m\libg_nano.a(lib_a-impure.o)
                0x1fff814c                _impure_ptr
                0x1fff8150                . = ALIGN (0x8)
 *(.ram)
                0x1fff8150                _edata = .

.igot.plt       0x1fff8150        0x0 load address 0x00009258
 .igot.plt      0x1fff8150        0x0 c:/program files (x86)/cypress/psoc creator/4.4/psoc creator/import/gnu/arm/5.4.1/bin/../lib/gcc/arm-none-eabi/5.4.1/armv7-m/crtbegin.o

.bss            0x1fff8150     0x5a10 load address 0x00009258
                0x1fff8150                PROVIDE (__bss_start__, .)
 *(.shbss)
 *(.bss .bss.* .gnu.linkonce.b.*)
 .bss           0x1fff8150       0x1c c:/program files (x86)/cypress/psoc creator/4.4/psoc creator/import/gnu/arm/5.4.1/bin/../lib/gcc/arm-none-eabi/5.4.1/armv7-m/crtbegin.o
 .bss           0x1fff816c      0x2c0 .\CortexM3\ARM_GCC_541\Debug\app.o
 .bss           0x1fff842c       0xd8 .\CortexM3\ARM_GCC_541\Debug\heartbeatSensor.o
                0x1fff842c                IR_AC_Signal_Current
                0x1fff8430                IR_AC_Signal_Previous
                0x1fff8434                last_peak_timestamp
                0x1fff8438                cycle_started
                0x1fff843c                IR_AC_Min
                0x1fff8440                heart_rate_index
                0x1fff8444                heart_rate_history
                0x1fff8480                heart_rate_sum
                0x1fff8484                IR_DC_Signal_Current
                0x1fff8488                RED_DC_Signal_Current
                0x1fff848c                RED_AC_Signal_Current
                0x1fff84f8                ir_avg_reg
                0x1fff84fc                red_avg_reg
                0x1fff8500                IR_AC_Max
 .bss           0x1fff8504        0x1 .\CortexM3\ARM_GCC_541\Debug\environmentSensor.o
                0x1fff8504                GlobalGreen
 .bss           0x1fff8505        0x1 .\CortexM3\ARM_GCC_541\Debug\gpio_tasks.o
                0x1fff8505                toggle_state
 *fill*         0x1fff8506        0x2 
 .bss           0x1fff8508        0x4 .\CortexM3\ARM_GCC_541\Debug\bsp_i2c.o
                0x1fff8508                current_timestamp
 .bss           0x1fff850c        0x9 .\CortexM3\ARM_GCC_541\Debug\esw_uCOS3_cykit.a(UART_1.o)
                0x1fff850c                UART_1_errorStatus
                0x1fff850d                UART_1_initVar
                0x1fff850e                UART_1_rxBufferRead
                0x1fff850f                UART_1_rxBufferWrite
                0x1fff8510                UART_1_rxBufferLoopDetect
                0x1fff8511                UART_1_rxBufferOverflow
                0x1fff8512                UART_1_txBufferRead
                0x1fff8513                UART_1_txBufferWrite
 .bss           0x1fff8515        0x1 .\CortexM3\ARM_GCC_541\Debug\esw_uCOS3_cykit.a(I2C_1.o)
                0x1fff8515                I2C_1_initVar
 .bss           0x1fff8516        0x1 .\CortexM3\ARM_GCC_541\Debug\esw_uCOS3_cykit.a(Timer_1.o)
                0x1fff8516                Timer_1_initVar
 .bss           0x1fff8517        0x1 .\CortexM3\ARM_GCC_541\Debug\esw_uCOS3_cykit.a(PWM_Heartbeat.o)
                0x1fff8517                PWM_Heartbeat_initVar
 .bss           0x1fff8518        0x1 .\CortexM3\ARM_GCC_541\Debug\esw_uCOS3_cykit.a(PWM_SPO2.o)
                0x1fff8518                PWM_SPO2_initVar
 *fill*         0x1fff8519        0x3 
 .bss.__malloc_sbrk_start
                0x1fff851c        0x4 c:/program files (x86)/cypress/psoc creator/4.4/psoc creator/import/gnu/arm/5.4.1/bin/../lib/gcc/arm-none-eabi/5.4.1/../../../../arm-none-eabi/lib/armv7-m\libg_nano.a(lib_a-nano-mallocr.o)
                0x1fff851c                __malloc_sbrk_start
 .bss.__malloc_free_list
                0x1fff8520        0x4 c:/program files (x86)/cypress/psoc creator/4.4/psoc creator/import/gnu/arm/5.4.1/bin/../lib/gcc/arm-none-eabi/5.4.1/../../../../arm-none-eabi/lib/armv7-m\libg_nano.a(lib_a-nano-mallocr.o)
                0x1fff8520                __malloc_free_list
 *(COMMON)
 COMMON         0x1fff8524      0xc40 .\CortexM3\ARM_GCC_541\Debug\app.o
                0x1fff8524                LedG_Task_TCB
                0x1fff85e4                LedRB_TaskStk
                0x1fff89e4                BUT_Task_TCB
                0x1fff8aa4                LedRB_Task_TCB
                0x1fff8b64                BUT_TaskStk
                0x1fff8d64                LedG_TaskStk
 COMMON         0x1fff9164     0x20c8 .\CortexM3\ARM_GCC_541\Debug\log_task.o
                0x1fff9164                Log_TaskStk
                0x1fff9564                LogTaskSem
                0x1fff958c                Log_Task_TCB
                0x1fff964c                MsgMemPoolStorage
                0x1fffb1dc                MsgMemPool
                0x1fffb1fc                Log_Queue
 COMMON         0x1fffb22c      0x908 .\CortexM3\ARM_GCC_541\Debug\heartbeatSensor.o
                0x1fffb22c                MAX30102_Task_TCB
                0x1fffb2ec                i2c_rx_buffer
                0x1fffb32c                MAX30102_TaskStk
                0x1fffbb2c                Global_spO2
                0x1fffbb30                Global_heart_rate
 COMMON         0x1fffbb34      0x8c0 .\CortexM3\ARM_GCC_541\Debug\environmentSensor.o
                0x1fffbb34                BME688_Task_TCB
                0x1fffbbf4                BME688_TaskStk
 COMMON         0x1fffc3f4       0x28 .\CortexM3\ARM_GCC_541\Debug\bsp_i2c.o
                0x1fffc3f4                I2C_Sem
 COMMON         0x1fffc41c       0x14 .\CortexM3\ARM_GCC_541\Debug\cpu_core.o
                0x1fffc41c                CPU_TS_TmrFreq_Hz
                0x1fffc420                CPU_Name
 COMMON         0x1fffc430        0x4 .\CortexM3\ARM_GCC_541\Debug\os_cpu_c.o
                0x1fffc430                OS_CPU_ExceptStkBase
 COMMON         0x1fffc434        0x4 .\CortexM3\ARM_GCC_541\Debug\os_prio.o
                0x1fffc434                OSPrioTbl
 COMMON         0x1fffc438      0x538 .\CortexM3\ARM_GCC_541\Debug\os_var.o
                0x1fffc438                OSSchedLockNestingCtr
                0x1fffc43c                OS_AppTaskReturnHookPtr
                0x1fffc440                OSStatTaskTimeMax
                0x1fffc444                OSStatTaskCtr
                0x1fffc448                OSTaskRegNextAvailID
                0x1fffc449                OSRunning
                0x1fffc44c                OSRdyList
                0x1fffc5cc                OSPrioHighRdy
                0x1fffc5cd                OSStatTaskRdy
                0x1fffc5d0                OSSemDbgListPtr
                0x1fffc5d4                OS_AppTaskCreateHookPtr
                0x1fffc5d8                OSPrioCur
                0x1fffc5dc                OSTickTaskTCB
                0x1fffc69c                OSTmrTickCtr
                0x1fffc6a0                OSTCBCurPtr
                0x1fffc6a4                OSQQty
                0x1fffc6a6                OSStatTaskCPUUsageMax
                0x1fffc6a8                OSPrioSaved
                0x1fffc6ac                OSTCBHighRdyPtr
                0x1fffc6b0                OSTaskDbgListPtr
                0x1fffc6b4                OSTmrTaskTimeMax
                0x1fffc6b8                OS_AppTaskDelHookPtr
                0x1fffc6bc                OS_AppTimeTickHookPtr
                0x1fffc6c0                OSTaskCtxSwCtr
                0x1fffc6c4                OSStatTaskCPUUsage
                0x1fffc6c6                OSIntNestingCtr
                0x1fffc6c8                OSTaskQty
                0x1fffc6cc                OSTmrTaskTCB
                0x1fffc78c                OSMsgPool
                0x1fffc798                OSIdleTaskTCB
                0x1fffc858                OSQDbgListPtr
                0x1fffc85c                OSSemQty
                0x1fffc860                OSMemDbgListPtr
                0x1fffc864                OSSchedRoundRobinDfltTimeQuanta
                0x1fffc868                OS_AppIdleTaskHookPtr
                0x1fffc86c                OSStatTaskCtrMax
                0x1fffc870                OSTickCtr
                0x1fffc874                OS_AppTaskSwHookPtr
                0x1fffc878                OSTmrQty
                0x1fffc87c                OSIdleTaskCtr
                0x1fffc880                OSStatTaskCtrRun
                0x1fffc884                OS_AppStatTaskHookPtr
                0x1fffc888                OSFlagQty
                0x1fffc88c                OSFlagDbgListPtr
                0x1fffc890                OSStatResetFlag
                0x1fffc892                OSMemQty
                0x1fffc894                OSMutexQty
                0x1fffc898                OSStatTaskTCB
                0x1fffc958                OSTmrDbgListPtr
                0x1fffc95c                OSTickTaskTimeMax
                0x1fffc960                OSTmrUpdateCnt
                0x1fffc964                OSSchedRoundRobinEn
                0x1fffc968                OSMutexDbgListPtr
                0x1fffc96c                OSTmrUpdateCtr
 COMMON         0x1fffc970     0x1150 .\CortexM3\ARM_GCC_541\Debug\os_cfg_app.o
                0x1fffc970                OSCfg_StatTaskStk
                0x1fffcb70                OSCfg_TickWheel
                0x1fffcbf8                OSCfg_MsgPool
                0x1fffd238                OSCfg_TmrTaskStk
                0x1fffd438                OSCfg_TmrWheel
                0x1fffd4c0                OSCfg_ISRStk
                0x1fffd6c0                OSCfg_TickTaskStk
                0x1fffd8c0                OSCfg_IdleTaskStk
 COMMON         0x1fffdac0       0x80 .\CortexM3\ARM_GCC_541\Debug\esw_uCOS3_cykit.a(UART_1.o)
                0x1fffdac0                UART_1_txBuffer
                0x1fffdb00                UART_1_rxBuffer
 COMMON         0x1fffdb40        0x1 .\CortexM3\ARM_GCC_541\Debug\esw_uCOS3_cykit.a(I2C_1.o)
                0x1fffdb40                I2C_1_state
 *fill*         0x1fffdb41        0x3 
 COMMON         0x1fffdb44       0x11 .\CortexM3\ARM_GCC_541\Debug\esw_uCOS3_cykit.a(I2C_1_MASTER.o)
                0x1fffdb44                I2C_1_mstrWrBufIndex
                0x1fffdb45                I2C_1_mstrControl
                0x1fffdb46                I2C_1_mstrStatus
                0x1fffdb47                I2C_1_mstrWrBufSize
                0x1fffdb48                I2C_1_mstrRdBufIndex
                0x1fffdb4c                I2C_1_mstrWrBufPtr
                0x1fffdb50                I2C_1_mstrRdBufPtr
                0x1fffdb54                I2C_1_mstrRdBufSize
 *fill*         0x1fffdb55        0x3 
 COMMON         0x1fffdb58        0x4 c:/program files (x86)/cypress/psoc creator/4.4/psoc creator/import/gnu/arm/5.4.1/bin/../lib/gcc/arm-none-eabi/5.4.1/../../../../arm-none-eabi/lib/armv7-m\libg_nano.a(lib_a-reent.o)
                0x1fffdb58                errno
                0x1fffdb60                . = ALIGN (0x8)
 *fill*         0x1fffdb5c        0x4 
 *(.ram.b)
                0x1fffdb60                _end = .
                0x1fffdb60                __end = .
                0x1fffdb60                PROVIDE (end, .)
                0x1fffdb60                PROVIDE (__bss_end__, .)
                0x000091d0                __cy_region_init_ram = LOADADDR (.data)
                0x00000088                __cy_region_init_size_ram = (_edata - ADDR (.data))
                0x00005a10                __cy_region_zero_size_ram = (_end - _edata)

.heap           0x1fffdb60       0x80 load address 0x00009258
                0x1fffdb60                . = _end
                0x1fffdbe0                . = (. + 0x80)
 *fill*         0x1fffdb60       0x80 
                0x1fffdbe0                __cy_heap_limit = .

.stack          0x20007800      0x800
                0x20007800                __cy_stack_limit = .
                0x20008000                . = (. + 0x800)
 *fill*         0x20007800      0x800 
                0x00000001                ASSERT ((__cy_stack_limit >= __cy_heap_limit), region RAM overflowed with stack)
                0x00000000                cy_checksum_exclude_size = (CY_APPL_LOADABLE == 0x1)?SIZEOF (.cy_checksum_exclude):0x0
                0x00000001                ASSERT ((cy_checksum_exclude_size <= CY_CHECKSUM_EXCLUDE_SIZE), CY_BOOT: Section .cy_checksum_exclude size exceedes specified limit.)

.cyloadermeta
 *(.cyloadermeta)

.cyloadablemeta
 *(.cyloadablemeta)

.cyconfigecc    0x80000000      0x508
 *(.cyconfigecc)
 .cyconfigecc   0x80000000      0x508 .\CortexM3\ARM_GCC_541\Debug\cymetadata.o
                0x80000000                cy_meta_configecc

.cycustnvl      0x90000000        0x4
 *(.cycustnvl)
 .cycustnvl     0x90000000        0x4 .\CortexM3\ARM_GCC_541\Debug\cymetadata.o
                0x90000000                cy_meta_custnvl

.cywolatch      0x90100000        0x4
 *(.cywolatch)
 .cywolatch     0x90100000        0x4 .\CortexM3\ARM_GCC_541\Debug\cymetadata.o
                0x90100000                cy_meta_wonvl

.cyeeprom       0x90200000        0x0
 *(.cyeeprom)
                0x00000001                ASSERT ((. <= ((0x90200000 + ee_offset) + ee_size)), .cyeeprom data will not fit in EEPROM)

.cyflashprotect
                0x90400000      0x100
 *(.cyflashprotect)
 .cyflashprotect
                0x90400000      0x100 .\CortexM3\ARM_GCC_541\Debug\cymetadata.o
                0x90400000                cy_meta_flashprotect

.cymeta         0x90500000        0xc
 *(.cymeta)
 .cymeta        0x90500000        0xc .\CortexM3\ARM_GCC_541\Debug\cymetadata.o
                0x90500000                cy_metadata

.rel.dyn        0x00009258        0x0 load address 0x9050000c
 .rel.iplt      0x00009258        0x0 c:/program files (x86)/cypress/psoc creator/4.4/psoc creator/import/gnu/arm/5.4.1/bin/../lib/gcc/arm-none-eabi/5.4.1/armv7-m/crtbegin.o

.stab
 *(.stab)

.stabstr
 *(.stabstr)

.debug
 *(.debug)

.line
 *(.line)

.debug_srcinfo
 *(.debug_srcinfo)

.debug_sfnames
 *(.debug_sfnames)

.debug_aranges  0x00000000     0x1b78
 *(.debug_aranges)
 .debug_aranges
                0x00000000       0x28 .\CortexM3\ARM_GCC_541\Debug\app.o
 .debug_aranges
                0x00000028       0x68 .\CortexM3\ARM_GCC_541\Debug\os_app_hooks.o
 .debug_aranges
                0x00000090       0x40 .\CortexM3\ARM_GCC_541\Debug\log_task.o
 .debug_aranges
                0x000000d0       0x70 .\CortexM3\ARM_GCC_541\Debug\heartbeatSensor.o
 .debug_aranges
                0x00000140       0x50 .\CortexM3\ARM_GCC_541\Debug\environmentSensor.o
 .debug_aranges
                0x00000190       0x28 .\CortexM3\ARM_GCC_541\Debug\data_processing_task.o
 .debug_aranges
                0x000001b8       0x38 .\CortexM3\ARM_GCC_541\Debug\gpio_tasks.o
 .debug_aranges
                0x000001f0       0x38 .\CortexM3\ARM_GCC_541\Debug\bsp_os.o
 .debug_aranges
                0x00000228       0x58 .\CortexM3\ARM_GCC_541\Debug\bsp.o
 .debug_aranges
                0x00000280       0x30 .\CortexM3\ARM_GCC_541\Debug\cpu_bsp.o
 .debug_aranges
                0x000002b0       0x30 .\CortexM3\ARM_GCC_541\Debug\bsp_uart.o
 .debug_aranges
                0x000002e0       0x30 .\CortexM3\ARM_GCC_541\Debug\bsp_gpio.o
 .debug_aranges
                0x00000310       0x38 .\CortexM3\ARM_GCC_541\Debug\bsp_i2c.o
 .debug_aranges
                0x00000348       0x38 .\CortexM3\ARM_GCC_541\Debug\bsp_pwm.o
 .debug_aranges
                0x00000380       0x50 .\CortexM3\ARM_GCC_541\Debug\cpu_c.o
 .debug_aranges
                0x000003d0       0xb0 .\CortexM3\ARM_GCC_541\Debug\cpu_core.o
 .debug_aranges
                0x00000480       0x38 .\CortexM3\ARM_GCC_541\Debug\lib_math.o
 .debug_aranges
                0x000004b8       0x48 .\CortexM3\ARM_GCC_541\Debug\lib_mem.o
 .debug_aranges
                0x00000500       0xd8 .\CortexM3\ARM_GCC_541\Debug\lib_str.o
 .debug_aranges
                0x000005d8       0x98 .\CortexM3\ARM_GCC_541\Debug\lib_ascii.o
 .debug_aranges
                0x00000670       0x70 .\CortexM3\ARM_GCC_541\Debug\os_cpu_c.o
 .debug_aranges
                0x000006e0       0x38 .\CortexM3\ARM_GCC_541\Debug\os_pend_multi.o
 .debug_aranges
                0x00000718       0x38 .\CortexM3\ARM_GCC_541\Debug\os_prio.o
 .debug_aranges
                0x00000750       0x70 .\CortexM3\ARM_GCC_541\Debug\os_q.o
 .debug_aranges
                0x000007c0       0x70 .\CortexM3\ARM_GCC_541\Debug\os_sem.o
 .debug_aranges
                0x00000830       0x38 .\CortexM3\ARM_GCC_541\Debug\os_stat.o
 .debug_aranges
                0x00000868       0xf0 .\CortexM3\ARM_GCC_541\Debug\os_task.o
 .debug_aranges
                0x00000958       0x50 .\CortexM3\ARM_GCC_541\Debug\os_tick.o
 .debug_aranges
                0x000009a8       0x48 .\CortexM3\ARM_GCC_541\Debug\os_time.o
 .debug_aranges
                0x000009f0       0x88 .\CortexM3\ARM_GCC_541\Debug\os_tmr.o
 .debug_aranges
                0x00000a78       0x18 .\CortexM3\ARM_GCC_541\Debug\os_var.o
 .debug_aranges
                0x00000a90       0x20 .\CortexM3\ARM_GCC_541\Debug\os_cfg_app.o
 .debug_aranges
                0x00000ab0      0x140 .\CortexM3\ARM_GCC_541\Debug\os_core.o
 .debug_aranges
                0x00000bf0       0x20 .\CortexM3\ARM_GCC_541\Debug\os_dbg.o
 .debug_aranges
                0x00000c10       0x80 .\CortexM3\ARM_GCC_541\Debug\os_flag.o
 .debug_aranges
                0x00000c90       0x18 .\CortexM3\ARM_GCC_541\Debug\os_int.o
 .debug_aranges
                0x00000ca8       0x40 .\CortexM3\ARM_GCC_541\Debug\os_mem.o
 .debug_aranges
                0x00000ce8       0x40 .\CortexM3\ARM_GCC_541\Debug\os_msg.o
 .debug_aranges
                0x00000d28       0x60 .\CortexM3\ARM_GCC_541\Debug\os_mutex.o
 .debug_aranges
                0x00000d88       0x48 .\CortexM3\ARM_GCC_541\Debug\max30102_interface.o
 .debug_aranges
                0x00000dd0      0x180 .\CortexM3\ARM_GCC_541\Debug\driver_max30102.o
 .debug_aranges
                0x00000f50      0x120 .\CortexM3\ARM_GCC_541\Debug\bme68x.o
 .debug_aranges
                0x00001070       0x58 .\CortexM3\ARM_GCC_541\Debug\cyfitter_cfg.o
 .debug_aranges
                0x000010c8       0x18 .\CortexM3\ARM_GCC_541\Debug\cymetadata.o
 .debug_aranges
                0x000010e0       0x48 .\CortexM3\ARM_GCC_541\Debug\Cm3Start.o
 .debug_aranges
                0x00001128       0x20 .\CortexM3\ARM_GCC_541\Debug\cpu_a.o
 .debug_aranges
                0x00001148       0x20 .\CortexM3\ARM_GCC_541\Debug\os_cpu_a.o
 .debug_aranges
                0x00001168       0xf0 .\CortexM3\ARM_GCC_541\Debug\esw_uCOS3_cykit.a(UART_1.o)
 .debug_aranges
                0x00001258       0x28 .\CortexM3\ARM_GCC_541\Debug\esw_uCOS3_cykit.a(UART_1_INT.o)
 .debug_aranges
                0x00001280       0x38 .\CortexM3\ARM_GCC_541\Debug\esw_uCOS3_cykit.a(Pin_1.o)
 .debug_aranges
                0x000012b8       0x70 .\CortexM3\ARM_GCC_541\Debug\esw_uCOS3_cykit.a(UART_1_IntClock.o)
 .debug_aranges
                0x00001328      0x2a0 .\CortexM3\ARM_GCC_541\Debug\esw_uCOS3_cykit.a(CyLib.o)
 .debug_aranges
                0x000015c8       0x98 .\CortexM3\ARM_GCC_541\Debug\esw_uCOS3_cykit.a(cyPm.o)
 .debug_aranges
                0x00001660       0x38 .\CortexM3\ARM_GCC_541\Debug\esw_uCOS3_cykit.a(Pin_2.o)
 .debug_aranges
                0x00001698       0x38 .\CortexM3\ARM_GCC_541\Debug\esw_uCOS3_cykit.a(push_button.o)
 .debug_aranges
                0x000016d0       0x38 .\CortexM3\ARM_GCC_541\Debug\esw_uCOS3_cykit.a(I2C_1.o)
 .debug_aranges
                0x00001708       0x20 .\CortexM3\ARM_GCC_541\Debug\esw_uCOS3_cykit.a(I2C_1_INT.o)
 .debug_aranges
                0x00001728       0x38 .\CortexM3\ARM_GCC_541\Debug\esw_uCOS3_cykit.a(I2C_1_PM.o)
 .debug_aranges
                0x00001760       0x80 .\CortexM3\ARM_GCC_541\Debug\esw_uCOS3_cykit.a(I2C_1_MASTER.o)
 .debug_aranges
                0x000017e0       0x88 .\CortexM3\ARM_GCC_541\Debug\esw_uCOS3_cykit.a(Timer_1.o)
 .debug_aranges
                0x00001868       0x80 .\CortexM3\ARM_GCC_541\Debug\esw_uCOS3_cykit.a(Timer_ISR.o)
 .debug_aranges
                0x000018e8       0x38 .\CortexM3\ARM_GCC_541\Debug\esw_uCOS3_cykit.a(Pin_Green_Led_1.o)
 .debug_aranges
                0x00001920       0x98 .\CortexM3\ARM_GCC_541\Debug\esw_uCOS3_cykit.a(PWM_Heartbeat.o)
 .debug_aranges
                0x000019b8       0x98 .\CortexM3\ARM_GCC_541\Debug\esw_uCOS3_cykit.a(PWM_SPO2.o)
 .debug_aranges
                0x00001a50       0x20 .\CortexM3\ARM_GCC_541\Debug\esw_uCOS3_cykit.a(CyBootAsmGnu.o)
 .debug_aranges
                0x00001a70       0x88 .\CortexM3\ARM_GCC_541\Debug\esw_uCOS3_cykit.a(CyFlash.o)
 .debug_aranges
                0x00001af8       0x80 .\CortexM3\ARM_GCC_541\Debug\esw_uCOS3_cykit.a(CySpc.o)

.debug_pubnames
 *(.debug_pubnames)

.debug_info     0x00000000    0x2d476
 *(.debug_info .gnu.linkonce.wi.*)
 .debug_info    0x00000000      0xfd9 .\CortexM3\ARM_GCC_541\Debug\app.o
 .debug_info    0x00000fd9      0x894 .\CortexM3\ARM_GCC_541\Debug\os_app_hooks.o
 .debug_info    0x0000186d     0x14ae .\CortexM3\ARM_GCC_541\Debug\log_task.o
 .debug_info    0x00002d1b     0x15d8 .\CortexM3\ARM_GCC_541\Debug\heartbeatSensor.o
 .debug_info    0x000042f3     0x19a5 .\CortexM3\ARM_GCC_541\Debug\environmentSensor.o
 .debug_info    0x00005c98      0x91e .\CortexM3\ARM_GCC_541\Debug\data_processing_task.o
 .debug_info    0x000065b6     0x14fa .\CortexM3\ARM_GCC_541\Debug\gpio_tasks.o
 .debug_info    0x00007ab0      0xe09 .\CortexM3\ARM_GCC_541\Debug\bsp_os.o
 .debug_info    0x000088b9      0xac5 .\CortexM3\ARM_GCC_541\Debug\bsp.o
 .debug_info    0x0000937e      0x178 .\CortexM3\ARM_GCC_541\Debug\cpu_bsp.o
 .debug_info    0x000094f6      0x12b .\CortexM3\ARM_GCC_541\Debug\bsp_uart.o
 .debug_info    0x00009621      0x9a6 .\CortexM3\ARM_GCC_541\Debug\bsp_gpio.o
 .debug_info    0x00009fc7     0x1208 .\CortexM3\ARM_GCC_541\Debug\bsp_i2c.o
 .debug_info    0x0000b1cf      0x23c .\CortexM3\ARM_GCC_541\Debug\bsp_pwm.o
 .debug_info    0x0000b40b      0x5f2 .\CortexM3\ARM_GCC_541\Debug\cpu_c.o
 .debug_info    0x0000b9fd      0x71b .\CortexM3\ARM_GCC_541\Debug\cpu_core.o
 .debug_info    0x0000c118      0x1e9 .\CortexM3\ARM_GCC_541\Debug\lib_math.o
 .debug_info    0x0000c301      0x4df .\CortexM3\ARM_GCC_541\Debug\lib_mem.o
 .debug_info    0x0000c7e0     0x10d7 .\CortexM3\ARM_GCC_541\Debug\lib_str.o
 .debug_info    0x0000d8b7      0x43b .\CortexM3\ARM_GCC_541\Debug\lib_ascii.o
 .debug_info    0x0000dcf2      0xa1f .\CortexM3\ARM_GCC_541\Debug\os_cpu_c.o
 .debug_info    0x0000e711     0x1032 .\CortexM3\ARM_GCC_541\Debug\os_pend_multi.o
 .debug_info    0x0000f743      0x1f0 .\CortexM3\ARM_GCC_541\Debug\os_prio.o
 .debug_info    0x0000f933     0x14dd .\CortexM3\ARM_GCC_541\Debug\os_q.o
 .debug_info    0x00010e10     0x13bd .\CortexM3\ARM_GCC_541\Debug\os_sem.o
 .debug_info    0x000121cd     0x1219 .\CortexM3\ARM_GCC_541\Debug\os_stat.o
 .debug_info    0x000133e6     0x20a8 .\CortexM3\ARM_GCC_541\Debug\os_task.o
 .debug_info    0x0001548e      0xfe0 .\CortexM3\ARM_GCC_541\Debug\os_tick.o
 .debug_info    0x0001646e     0x10d8 .\CortexM3\ARM_GCC_541\Debug\os_time.o
 .debug_info    0x00017546     0x16b7 .\CortexM3\ARM_GCC_541\Debug\os_tmr.o
 .debug_info    0x00018bfd      0xf4c .\CortexM3\ARM_GCC_541\Debug\os_var.o
 .debug_info    0x00019b49      0xbda .\CortexM3\ARM_GCC_541\Debug\os_cfg_app.o
 .debug_info    0x0001a723     0x1f24 .\CortexM3\ARM_GCC_541\Debug\os_core.o