Archive member included to satisfy reference by file (symbol)

.\CortexM3\ARM_GCC_541\Debug\esw_uCOS3_cykit.a(UART_1.o)
                              .\CortexM3\ARM_GCC_541\Debug\bsp_uart.o (UART_1_Start)
.\CortexM3\ARM_GCC_541\Debug\esw_uCOS3_cykit.a(UART_1_INT.o)
                              .\CortexM3\ARM_GCC_541\Debug\esw_uCOS3_cykit.a(UART_1.o) (UART_1_RXISR)
.\CortexM3\ARM_GCC_541\Debug\esw_uCOS3_cykit.a(Pin_1.o)
                              .\CortexM3\ARM_GCC_541\Debug\bsp_gpio.o (Pin_1_Write)
.\CortexM3\ARM_GCC_541\Debug\esw_uCOS3_cykit.a(UART_1_IntClock.o)
                              .\CortexM3\ARM_GCC_541\Debug\esw_uCOS3_cykit.a(UART_1.o) (UART_1_IntClock_Start)
.\CortexM3\ARM_GCC_541\Debug\esw_uCOS3_cykit.a(CyDmac.o)
                              .\CortexM3\ARM_GCC_541\Debug\Cm3Start.o (CyDmacConfigure)
.\CortexM3\ARM_GCC_541\Debug\esw_uCOS3_cykit.a(CyLib.o)
                              .\CortexM3\ARM_GCC_541\Debug\Cm3Start.o (CyHalt)
.\CortexM3\ARM_GCC_541\Debug\esw_uCOS3_cykit.a(cyPm.o)
                              .\CortexM3\ARM_GCC_541\Debug\esw_uCOS3_cykit.a(CyLib.o) (CyPmReadStatus)
.\CortexM3\ARM_GCC_541\Debug\esw_uCOS3_cykit.a(Pin_2.o)
                              .\CortexM3\ARM_GCC_541\Debug\bsp_gpio.o (Pin_2_Write)
.\CortexM3\ARM_GCC_541\Debug\esw_uCOS3_cykit.a(push_button.o)
                              .\CortexM3\ARM_GCC_541\Debug\bsp_gpio.o (push_button_Write)
.\CortexM3\ARM_GCC_541\Debug\esw_uCOS3_cykit.a(I2C_1.o)
                              .\CortexM3\ARM_GCC_541\Debug\bsp_i2c.o (I2C_1_Start)
.\CortexM3\ARM_GCC_541\Debug\esw_uCOS3_cykit.a(I2C_1_INT.o)
                              .\CortexM3\ARM_GCC_541\Debug\esw_uCOS3_cykit.a(I2C_1.o) (I2C_1_ISR)
.\CortexM3\ARM_GCC_541\Debug\esw_uCOS3_cykit.a(I2C_1_PM.o)
                              .\CortexM3\ARM_GCC_541\Debug\esw_uCOS3_cykit.a(I2C_1.o) (I2C_1_backup)
.\CortexM3\ARM_GCC_541\Debug\esw_uCOS3_cykit.a(I2C_1_MASTER.o)
                              .\CortexM3\ARM_GCC_541\Debug\esw_uCOS3_cykit.a(I2C_1.o) (I2C_1_mstrStatus)
.\CortexM3\ARM_GCC_541\Debug\esw_uCOS3_cykit.a(Timer_1.o)
                              .\CortexM3\ARM_GCC_541\Debug\bsp_i2c.o (Timer_1_Start)
.\CortexM3\ARM_GCC_541\Debug\esw_uCOS3_cykit.a(Timer_ISR.o)
                              .\CortexM3\ARM_GCC_541\Debug\bsp_i2c.o (Timer_ISR_StartEx)
.\CortexM3\ARM_GCC_541\Debug\esw_uCOS3_cykit.a(Counter_1.o)
                              .\CortexM3\ARM_GCC_541\Debug\bsp_counter.o (Counter_1_Enable)
.\CortexM3\ARM_GCC_541\Debug\esw_uCOS3_cykit.a(Clock_1.o)
                              .\CortexM3\ARM_GCC_541\Debug\environmentSensor.o (Clock_1_Start)
.\CortexM3\ARM_GCC_541\Debug\esw_uCOS3_cykit.a(CyBootAsmGnu.o)
                              .\CortexM3\ARM_GCC_541\Debug\cyfitter_cfg.o (CyDelayCycles)
.\CortexM3\ARM_GCC_541\Debug\esw_uCOS3_cykit.a(CyFlash.o)
                              .\CortexM3\ARM_GCC_541\Debug\esw_uCOS3_cykit.a(cyPm.o) (CyFlash_SetWaitCycles)
.\CortexM3\ARM_GCC_541\Debug\esw_uCOS3_cykit.a(CySpc.o)
                              .\CortexM3\ARM_GCC_541\Debug\esw_uCOS3_cykit.a(CyFlash.o) (CySpcStart)
c:/program files (x86)/cypress/psoc creator/4.4/psoc creator/import/gnu/arm/5.4.1/bin/../lib/gcc/arm-none-eabi/5.4.1/armv7-m\libgcc.a(_arm_addsubsf3.o)
                              .\CortexM3\ARM_GCC_541\Debug\driver_max30102.o (__aeabi_fadd)
c:/program files (x86)/cypress/psoc creator/4.4/psoc creator/import/gnu/arm/5.4.1/bin/../lib/gcc/arm-none-eabi/5.4.1/armv7-m\libgcc.a(_arm_muldivsf3.o)
                              .\CortexM3\ARM_GCC_541\Debug\driver_max30102.o (__aeabi_fmul)
c:/program files (x86)/cypress/psoc creator/4.4/psoc creator/import/gnu/arm/5.4.1/bin/../lib/gcc/arm-none-eabi/5.4.1/armv7-m\libgcc.a(_aeabi_ldivmod.o)
                              .\CortexM3\ARM_GCC_541\Debug\bme68x.o (__aeabi_ldivmod)
c:/program files (x86)/cypress/psoc creator/4.4/psoc creator/import/gnu/arm/5.4.1/bin/../lib/gcc/arm-none-eabi/5.4.1/armv7-m\libgcc.a(_udivmoddi4.o)
                              c:/program files (x86)/cypress/psoc creator/4.4/psoc creator/import/gnu/arm/5.4.1/bin/../lib/gcc/arm-none-eabi/5.4.1/armv7-m\libgcc.a(_aeabi_ldivmod.o) (__udivmoddi4)
c:/program files (x86)/cypress/psoc creator/4.4/psoc creator/import/gnu/arm/5.4.1/bin/../lib/gcc/arm-none-eabi/5.4.1/armv7-m\libgcc.a(_dvmd_tls.o)
                              c:/program files (x86)/cypress/psoc creator/4.4/psoc creator/import/gnu/arm/5.4.1/bin/../lib/gcc/arm-none-eabi/5.4.1/armv7-m\libgcc.a(_aeabi_ldivmod.o) (__aeabi_ldiv0)
c:/program files (x86)/cypress/psoc creator/4.4/psoc creator/import/gnu/arm/5.4.1/bin/../lib/gcc/arm-none-eabi/5.4.1/../../../../arm-none-eabi/lib/armv7-m\libg_nano.a(lib_a-errno.o)
                              .\CortexM3\ARM_GCC_541\Debug\Cm3Start.o (__errno)
c:/program files (x86)/cypress/psoc creator/4.4/psoc creator/import/gnu/arm/5.4.1/bin/../lib/gcc/arm-none-eabi/5.4.1/../../../../arm-none-eabi/lib/armv7-m\libg_nano.a(lib_a-exit.o)
[...]
Memory Configuration

Name             Origin             Length             Attributes
rom              0x00000000         0x00040000         xr
ram              0x1fff8000         0x00010000         xrw
*default*        0x00000000         0xffffffff

Linker script and memory map

LOAD c:/program files (x86)/cypress/psoc creator/4.4/psoc creator/import/gnu/arm/5.4.1/bin/../lib/gcc/arm-none-eabi/5.4.1/armv7-m/crti.o
LOAD c:/program files (x86)/cypress/psoc creator/4.4/psoc creator/import/gnu/arm/5.4.1/bin/../lib/gcc/arm-none-eabi/5.4.1/armv7-m/crtbegin.o
LOAD c:/program files (x86)/cypress/psoc creator/4.4/psoc creator/import/gnu/arm/5.4.1/bin/../lib/gcc/arm-none-eabi/5.4.1/../../../../arm-none-eabi/lib/armv7-m/crt0.o
START GROUP
LOAD .\CortexM3\ARM_GCC_541\Debug\app.o
LOAD .\CortexM3\ARM_GCC_541\Debug\os_app_hooks.o
LOAD .\CortexM3\ARM_GCC_541\Debug\log_task.o
LOAD .\CortexM3\ARM_GCC_541\Debug\heartbeatSensor.o
LOAD .\CortexM3\ARM_GCC_541\Debug\environmentSensor.o
LOAD .\CortexM3\ARM_GCC_541\Debug\bsp_os.o
LOAD .\CortexM3\ARM_GCC_541\Debug\bsp.o
LOAD .\CortexM3\ARM_GCC_541\Debug\cpu_bsp.o
LOAD .\CortexM3\ARM_GCC_541\Debug\bsp_uart.o
LOAD .\CortexM3\ARM_GCC_541\Debug\bsp_gpio.o
LOAD .\CortexM3\ARM_GCC_541\Debug\bsp_i2c.o
LOAD .\CortexM3\ARM_GCC_541\Debug\bsp_counter.o
LOAD .\CortexM3\ARM_GCC_541\Debug\cpu_c.o
LOAD .\CortexM3\ARM_GCC_541\Debug\cpu_core.o
LOAD .\CortexM3\ARM_GCC_541\Debug\lib_math.o
LOAD .\CortexM3\ARM_GCC_541\Debug\lib_mem.o
LOAD .\CortexM3\ARM_GCC_541\Debug\lib_str.o
LOAD .\CortexM3\ARM_GCC_541\Debug\lib_ascii.o
LOAD .\CortexM3\ARM_GCC_541\Debug\os_cpu_c.o
LOAD .\CortexM3\ARM_GCC_541\Debug\os_pend_multi.o
LOAD .\CortexM3\ARM_GCC_541\Debug\os_prio.o
LOAD .\CortexM3\ARM_GCC_541\Debug\os_q.o
LOAD .\CortexM3\ARM_GCC_541\Debug\os_sem.o
LOAD .\CortexM3\ARM_GCC_541\Debug\os_stat.o
LOAD .\CortexM3\ARM_GCC_541\Debug\os_task.o
LOAD .\CortexM3\ARM_GCC_541\Debug\os_tick.o
LOAD .\CortexM3\ARM_GCC_541\Debug\os_time.o
LOAD .\CortexM3\ARM_GCC_541\Debug\os_tmr.o
LOAD .\CortexM3\ARM_GCC_541\Debug\os_var.o
LOAD .\CortexM3\ARM_GCC_541\Debug\os_cfg_app.o
LOAD .\CortexM3\ARM_GCC_541\Debug\os_core.o
LOAD .\CortexM3\ARM_GCC_541\Debug\os_dbg.o
LOAD .\CortexM3\ARM_GCC_541\Debug\os_flag.o
LOAD .\CortexM3\ARM_GCC_541\Debug\os_int.o
LOAD .\CortexM3\ARM_GCC_541\Debug\os_mem.o
LOAD .\CortexM3\ARM_GCC_541\Debug\os_msg.o
LOAD .\CortexM3\ARM_GCC_541\Debug\os_mutex.o
LOAD .\CortexM3\ARM_GCC_541\Debug\max30102_interface.o
LOAD .\CortexM3\ARM_GCC_541\Debug\driver_max30102.o
LOAD .\CortexM3\ARM_GCC_541\Debug\bme68x.o
LOAD .\CortexM3\ARM_GCC_541\Debug\cyfitter_cfg.o
LOAD .\CortexM3\ARM_GCC_541\Debug\cymetadata.o
LOAD .\CortexM3\ARM_GCC_541\Debug\Cm3Start.o
LOAD .\CortexM3\ARM_GCC_541\Debug\cpu_a.o
LOAD .\CortexM3\ARM_GCC_541\Debug\os_cpu_a.o
LOAD .\CortexM3\ARM_GCC_541\Debug\esw_uCOS3_cykit.a
LOAD C:\Program Files (x86)\Cypress\PSoC Creator\4.4\PSoC Creator\psoc\content\cycomponentlibrary\CyComponentLibrary.cylib\CortexM3\ARM_GCC_541\Debug\CyComponentLibrary.a
END GROUP
START GROUP
LOAD c:/program files (x86)/cypress/psoc creator/4.4/psoc creator/import/gnu/arm/5.4.1/bin/../lib/gcc/arm-none-eabi/5.4.1/armv7-m\libgcc.a
LOAD c:/program files (x86)/cypress/psoc creator/4.4/psoc creator/import/gnu/arm/5.4.1/bin/../lib/gcc/arm-none-eabi/5.4.1/../../../../arm-none-eabi/lib/armv7-m\libg_nano.a
LOAD c:/program files (x86)/cypress/psoc creator/4.4/psoc creator/import/gnu/arm/5.4.1/bin/../lib/gcc/arm-none-eabi/5.4.1/../../../../arm-none-eabi/lib/armv7-m\libc_nano.a
END GROUP
START GROUP
LOAD c:/program files (x86)/cypress/psoc creator/4.4/psoc creator/import/gnu/arm/5.4.1/bin/../lib/gcc/arm-none-eabi/5.4.1/armv7-m\libgcc.a
LOAD c:/program files (x86)/cypress/psoc creator/4.4/psoc creator/import/gnu/arm/5.4.1/bin/../lib/gcc/arm-none-eabi/5.4.1/../../../../arm-none-eabi/lib/armv7-m\libc_nano.a
END GROUP
LOAD c:/program files (x86)/cypress/psoc creator/4.4/psoc creator/import/gnu/arm/5.4.1/bin/../lib/gcc/arm-none-eabi/5.4.1/armv7-m/crtend.o
LOAD c:/program files (x86)/cypress/psoc creator/4.4/psoc creator/import/gnu/arm/5.4.1/bin/../lib/gcc/arm-none-eabi/5.4.1/armv7-m/crtn.o
START GROUP
LOAD c:/program files (x86)/cypress/psoc creator/4.4/psoc creator/import/gnu/arm/5.4.1/bin/../lib/gcc/arm-none-eabi/5.4.1/armv7-m\libgcc.a
LOAD c:/program files (x86)/cypress/psoc creator/4.4/psoc creator/import/gnu/arm/5.4.1/bin/../lib/gcc/arm-none-eabi/5.4.1/../../../../arm-none-eabi/lib/armv7-m\libc.a
LOAD c:/program files (x86)/cypress/psoc creator/4.4/psoc creator/import/gnu/arm/5.4.1/bin/../lib/gcc/arm-none-eabi/5.4.1/../../../../arm-none-eabi/lib/armv7-m\libnosys.a
END GROUP
                0x00000000                CY_APPL_ORIGIN = 0x0
                0x00000100                CY_FLASH_ROW_SIZE = 0x100
                0x00000020                CY_ECC_ROW_SIZE = 0x20
                0x00000000                CY_EE_IN_BTLDR = 0x0
                0x00000000                CY_APPL_LOADABLE = 0x0
                0x00000800                CY_EE_SIZE = 0x800
                0x00000001                CY_APPL_NUM = 0x1
                0x00000001                CY_APPL_MAX = 0x1
                0x00000040                CY_METADATA_SIZE = 0x40
                0x00000000                CY_APPL_LOADABLE = 0x0
                0x00000000                CY_CHECKSUM_EXCLUDE_SIZE = ALIGN (0x0, CY_FLASH_ROW_SIZE)
                [!provide]                PROVIDE (__cy_heap_start, _end)
                0x00000001                PROVIDE (__cy_region_num, ((__cy_regions_end - __cy_regions) / 0x10))
                0x20008000                PROVIDE (__cy_stack, (ORIGIN (ram) + LENGTH (ram)))
                [!provide]                PROVIDE (__cy_heap_end, (__cy_stack - 0x800))

.cybootloader   0x00000000        0x0
 *(.cybootloader)
                0x00000000                appl1_start = CY_APPL_ORIGIN?CY_APPL_ORIGIN:ALIGN (CY_FLASH_ROW_SIZE)
                0x0001ff00                appl2_start = (appl1_start + ALIGN ((((LENGTH (rom) - appl1_start) - (0x2 * CY_FLASH_ROW_SIZE)) / 0x2), CY_FLASH_ROW_SIZE))
                0x00000000                appl_start = (CY_APPL_NUM == 0x1)?appl1_start:appl2_start
                0x00000000                ecc_offset = ((appl_start / CY_FLASH_ROW_SIZE) * CY_ECC_ROW_SIZE)
                0x00000000                ee_offset = (CY_APPL_LOADABLE && ! (CY_EE_IN_BTLDR))?((CY_EE_SIZE / CY_APPL_MAX) * (CY_APPL_NUM - 0x1)):0x0
                0x00000800                ee_size = (CY_APPL_LOADABLE && ! (CY_EE_IN_BTLDR))?(CY_EE_SIZE / CY_APPL_MAX):CY_EE_SIZE
                [!provide]                PROVIDE (CY_ECC_OFFSET, ecc_offset)

.text           0x00000000     0x6220
 CREATE_OBJECT_SYMBOLS
                0x00000000                PROVIDE (__cy_interrupt_vector, RomVectors)
 *(.romvectors)
 .romvectors    0x00000000       0x10 .\CortexM3\ARM_GCC_541\Debug\Cm3Start.o
                0x00000000                RomVectors
                0x00000001                ASSERT ((. != __cy_interrupt_vector), No interrupt vector)
                0x00000001                ASSERT (CY_APPL_ORIGIN?(SIZEOF (.cybootloader) <= CY_APPL_ORIGIN):0x1, Wrong image location)
                0x00000010                PROVIDE (__cy_reset, Reset)
 *(.text.Reset)
 .text.Reset    0x00000010       0x18 .\CortexM3\ARM_GCC_541\Debug\Cm3Start.o
                0x00000010                Reset
                0x00000001                ASSERT ((. != __cy_reset), No reset code)
 *(.dma_init)
                0x00000001                ASSERT ((((appl_start + .) <= 0x10000) || 0x1), DMA Init must be within the first 64k of flash)
 *(.text .text.* .gnu.linkonce.t.*)
 .text          0x00000028       0x5c c:/program files (x86)/cypress/psoc creator/4.4/psoc creator/import/gnu/arm/5.4.1/bin/../lib/gcc/arm-none-eabi/5.4.1/armv7-m/crtbegin.o
 .text.App_TaskStart
                0x00000084       0x64 .\CortexM3\ARM_GCC_541\Debug\app.o
 .text.main     0x000000e8       0x60 .\CortexM3\ARM_GCC_541\Debug\app.o
                0x000000e8                main
 .text.Log_LevelToString
                0x00000148       0x7c .\CortexM3\ARM_GCC_541\Debug\log_task.o
 .text.Log_PrintErrorWithCode
                0x000001c4       0x2c .\CortexM3\ARM_GCC_541\Debug\log_task.o
 .text.Log_Task
                0x000001f0       0xe8 .\CortexM3\ARM_GCC_541\Debug\log_task.o
 .text.Log_Init
                0x000002d8       0x58 .\CortexM3\ARM_GCC_541\Debug\log_task.o
                0x000002d8                Log_Init
 .text.Log_Write
                0x00000330       0xbc .\CortexM3\ARM_GCC_541\Debug\log_task.o
                0x00000330                Log_Write
 .text.bme688_Task
                0x000003ec      0x1f0 .\CortexM3\ARM_GCC_541\Debug\environmentSensor.o
 .text.bsp_i2c_read_bme
                0x000005dc       0x20 .\CortexM3\ARM_GCC_541\Debug\environmentSensor.o
                0x000005dc                bsp_i2c_read_bme
 .text.bsp_i2c_write_bme
                0x000005fc       0x20 .\CortexM3\ARM_GCC_541\Debug\environmentSensor.o
                0x000005fc                bsp_i2c_write_bme
 .text.us_Delay
                0x0000061c        0xc .\CortexM3\ARM_GCC_541\Debug\environmentSensor.o
                0x0000061c                us_Delay
 .text.BME688_Init
                0x00000628       0x78 .\CortexM3\ARM_GCC_541\Debug\environmentSensor.o
                0x00000628                BME688_Init
 .text.BSP_PreInit
                0x000006a0       0x20 .\CortexM3\ARM_GCC_541\Debug\bsp.o
                0x000006a0                BSP_PreInit
 .text.BSP_PostInit
                0x000006c0        0xc .\CortexM3\ARM_GCC_541\Debug\bsp.o
                0x000006c0                BSP_PostInit
 .text.BSP_CPU_ClkFreq
                0x000006cc        0x8 .\CortexM3\ARM_GCC_541\Debug\bsp.o
                0x000006cc                BSP_CPU_ClkFreq
 .text.BSP_CPU_TickInit
                0x000006d4       0x18 .\CortexM3\ARM_GCC_541\Debug\bsp.o
                0x000006d4                BSP_CPU_TickInit
 .text.CPU_TS_TmrInit
                0x000006ec       0x28 .\CortexM3\ARM_GCC_541\Debug\cpu_bsp.o
                0x000006ec                CPU_TS_TmrInit
 .text.CPU_TS_TmrRd
                0x00000714        0xc .\CortexM3\ARM_GCC_541\Debug\cpu_bsp.o
                0x00000714                CPU_TS_TmrRd
 .text.init_uart
                0x00000720        0x8 .\CortexM3\ARM_GCC_541\Debug\bsp_uart.o
                0x00000720                init_uart
 .text.init_gpio
                0x00000728       0x1c .\CortexM3\ARM_GCC_541\Debug\bsp_gpio.o
                0x00000728                init_gpio
 .text.Timer_ISR
                0x00000744       0x10 .\CortexM3\ARM_GCC_541\Debug\bsp_i2c.o
                0x00000744                Timer_ISR
 .text.I2C_Init
                0x00000754       0x50 .\CortexM3\ARM_GCC_541\Debug\bsp_i2c.o
                0x00000754                I2C_Init
 .text.bsp_i2c_read
                0x000007a4       0xd0 .\CortexM3\ARM_GCC_541\Debug\bsp_i2c.o
                0x000007a4                bsp_i2c_read
 .text.bsp_i2c_write
                0x00000874       0xa0 .\CortexM3\ARM_GCC_541\Debug\bsp_i2c.o
                0x00000874                bsp_i2c_write
 .text.CPU_TS_Init
                0x00000914       0x14 .\CortexM3\ARM_GCC_541\Debug\cpu_core.o
 .text.CPU_NameClr
                0x00000928       0x1c .\CortexM3\ARM_GCC_541\Debug\cpu_core.o
                0x00000928                CPU_NameClr
 .text.CPU_NameInit
                0x00000944        0x8 .\CortexM3\ARM_GCC_541\Debug\cpu_core.o
 .text.CPU_Init
                0x0000094c        0xc .\CortexM3\ARM_GCC_541\Debug\cpu_core.o
                0x0000094c                CPU_Init
 .text.CPU_TS_TmrFreqSet
                0x00000958        0xc .\CortexM3\ARM_GCC_541\Debug\cpu_core.o
                0x00000958                CPU_TS_TmrFreqSet
 .text.Mem_Set  0x00000964       0x44 .\CortexM3\ARM_GCC_541\Debug\lib_mem.o
                0x00000964                Mem_Set
 .text.Mem_Clr  0x000009a8        0xc .\CortexM3\ARM_GCC_541\Debug\lib_mem.o
                0x000009a8                Mem_Clr
 .text.OSIdleTaskHook
                0x000009b4       0x10 .\CortexM3\ARM_GCC_541\Debug\os_cpu_c.o
                0x000009b4                OSIdleTaskHook
 .text.OSInitHook
                0x000009c4       0x3c .\CortexM3\ARM_GCC_541\Debug\os_cpu_c.o
                0x000009c4                OSInitHook
 .text.OSStatTaskHook
                0x00000a00       0x10 .\CortexM3\ARM_GCC_541\Debug\os_cpu_c.o
                0x00000a00                OSStatTaskHook
 .text.OSTaskCreateHook
                0x00000a10       0x10 .\CortexM3\ARM_GCC_541\Debug\os_cpu_c.o
                0x00000a10                OSTaskCreateHook
 .text.OSTaskDelHook
                0x00000a20       0x10 .\CortexM3\ARM_GCC_541\Debug\os_cpu_c.o
                0x00000a20                OSTaskDelHook
 .text.OSTaskReturnHook
                0x00000a30       0x10 .\CortexM3\ARM_GCC_541\Debug\os_cpu_c.o
                0x00000a30                OSTaskReturnHook
 .text.OSTaskStkInit
                0x00000a40       0x88 .\CortexM3\ARM_GCC_541\Debug\os_cpu_c.o
                0x00000a40                OSTaskStkInit
 .text.OSTaskSwHook
                0x00000ac8       0x40 .\CortexM3\ARM_GCC_541\Debug\os_cpu_c.o
                0x00000ac8                OSTaskSwHook
 .text.OSTimeTickHook
                0x00000b08       0x10 .\CortexM3\ARM_GCC_541\Debug\os_cpu_c.o
                0x00000b08                OSTimeTickHook
 .text.OS_CPU_SysTickHandler
                0x00000b18       0x20 .\CortexM3\ARM_GCC_541\Debug\os_cpu_c.o
                0x00000b18                OS_CPU_SysTickHandler
 .text.OS_CPU_SysTickInit
                0x00000b38       0x30 .\CortexM3\ARM_GCC_541\Debug\os_cpu_c.o
                0x00000b38                OS_CPU_SysTickInit
 .text.OS_PrioInit
                0x00000b68       0x18 .\CortexM3\ARM_GCC_541\Debug\os_prio.o
                0x00000b68                OS_PrioInit
 .text.OS_PrioGetHighest
                0x00000b80       0x24 .\CortexM3\ARM_GCC_541\Debug\os_prio.o
                0x00000b80                OS_PrioGetHighest
 .text.OS_PrioInsert
                0x00000ba4       0x24 .\CortexM3\ARM_GCC_541\Debug\os_prio.o
                0x00000ba4                OS_PrioInsert
 .text.OS_PrioRemove
                0x00000bc8       0x24 .\CortexM3\ARM_GCC_541\Debug\os_prio.o
                0x00000bc8                OS_PrioRemove
 .text.OSQPend  0x00000bec      0x164 .\CortexM3\ARM_GCC_541\Debug\os_q.o
                0x00000bec                OSQPend
 .text.OS_QDbgListAdd
                0x00000d50       0x24 .\CortexM3\ARM_GCC_541\Debug\os_q.o
                0x00000d50                OS_QDbgListAdd
 .text.OSQCreate
                0x00000d74       0x7c .\CortexM3\ARM_GCC_541\Debug\os_q.o
                0x00000d74                OSQCreate
 .text.OS_QInit
                0x00000df0       0x18 .\CortexM3\ARM_GCC_541\Debug\os_q.o
                0x00000df0                OS_QInit
 .text.OS_QPost
                0x00000e08       0x84 .\CortexM3\ARM_GCC_541\Debug\os_q.o
                0x00000e08                OS_QPost
 .text.OSQPost  0x00000e8c       0x74 .\CortexM3\ARM_GCC_541\Debug\os_q.o
                0x00000e8c                OSQPost
 .text.OSSemPend
                0x00000f00      0x128 .\CortexM3\ARM_GCC_541\Debug\os_sem.o
                0x00000f00                OSSemPend
 .text.OS_SemDbgListAdd
                0x00001028       0x24 .\CortexM3\ARM_GCC_541\Debug\os_sem.o
                0x00001028                OS_SemDbgListAdd
 .text.OSSemCreate
                0x0000104c       0x68 .\CortexM3\ARM_GCC_541\Debug\os_sem.o
                0x0000104c                OSSemCreate
 .text.OS_SemInit
                0x000010b4       0x18 .\CortexM3\ARM_GCC_541\Debug\os_sem.o
                0x000010b4                OS_SemInit
 .text.OS_SemPost
                0x000010cc       0x88 .\CortexM3\ARM_GCC_541\Debug\os_sem.o
                0x000010cc                OS_SemPost
 .text.OSSemPost
                0x00001154       0x48 .\CortexM3\ARM_GCC_541\Debug\os_sem.o
                0x00001154                OSSemPost
 .text.OSStatReset
                0x0000119c       0xb8 .\CortexM3\ARM_GCC_541\Debug\os_stat.o
                0x0000119c                OSStatReset
 .text.OS_StatTask
                0x00001254      0x230 .\CortexM3\ARM_GCC_541\Debug\os_stat.o
                0x00001254                OS_StatTask
 .text.OS_StatTaskInit
                0x00001484       0xa8 .\CortexM3\ARM_GCC_541\Debug\os_stat.o
                0x00001484                OS_StatTaskInit
 .text.OSTaskSemPend
                0x0000152c      0x130 .\CortexM3\ARM_GCC_541\Debug\os_task.o
                0x0000152c                OSTaskSemPend
 .text.OSTaskStkChk
                0x0000165c       0x90 .\CortexM3\ARM_GCC_541\Debug\os_task.o
                0x0000165c                OSTaskStkChk
 .text.OS_TaskDbgListAdd
                0x000016ec       0x24 .\CortexM3\ARM_GCC_541\Debug\os_task.o
                0x000016ec                OS_TaskDbgListAdd
 .text.OS_TaskDbgListRemove
                0x00001710       0x44 .\CortexM3\ARM_GCC_541\Debug\os_task.o
                0x00001710                OS_TaskDbgListRemove
 .text.OS_TaskInit
                0x00001754       0x20 .\CortexM3\ARM_GCC_541\Debug\os_task.o
                0x00001754                OS_TaskInit
 .text.OS_TaskInitTCB
                0x00001774       0xcc .\CortexM3\ARM_GCC_541\Debug\os_task.o
                0x00001774                OS_TaskInitTCB
 .text.OSTaskCreate
                0x00001840      0x1a8 .\CortexM3\ARM_GCC_541\Debug\os_task.o
                0x00001840                OSTaskCreate
 .text.OSTaskDel
                0x000019e8       0xcc .\CortexM3\ARM_GCC_541\Debug\os_task.o
                0x000019e8                OSTaskDel
 .text.OS_TaskReturn
                0x00001ab4       0x20 .\CortexM3\ARM_GCC_541\Debug\os_task.o
                0x00001ab4                OS_TaskReturn
 .text.OS_TaskSemPost
                0x00001ad4       0xc0 .\CortexM3\ARM_GCC_541\Debug\os_task.o
                0x00001ad4                OS_TaskSemPost
 .text.OSTaskSemPost
                0x00001b94       0x2c .\CortexM3\ARM_GCC_541\Debug\os_task.o
                0x00001b94                OSTaskSemPost
 .text.OS_TickListInit
                0x00001bc0       0x2c .\CortexM3\ARM_GCC_541\Debug\os_tick.o
                0x00001bc0                OS_TickListInit
 .text.OS_TickTaskInit
                0x00001bec       0x98 .\CortexM3\ARM_GCC_541\Debug\os_tick.o
                0x00001bec                OS_TickTaskInit
 .text.OS_TickListInsert
                0x00001c84      0x120 .\CortexM3\ARM_GCC_541\Debug\os_tick.o
                0x00001c84                OS_TickListInsert
 .text.OS_TickListRemove
                0x00001da4       0x38 .\CortexM3\ARM_GCC_541\Debug\os_tick.o
                0x00001da4                OS_TickListRemove
 .text.OS_TickListResetPeak
                0x00001ddc       0x24 .\CortexM3\ARM_GCC_541\Debug\os_tick.o
                0x00001ddc                OS_TickListResetPeak
 .text.OS_TickListUpdate
                0x00001e00      0x144 .\CortexM3\ARM_GCC_541\Debug\os_tick.o
                0x00001e00                OS_TickListUpdate
 .text.OS_TickTask
                0x00001f44       0x2c .\CortexM3\ARM_GCC_541\Debug\os_tick.o
                0x00001f44                OS_TickTask
 .text.OSTimeDly
                0x00001f70       0x94 .\CortexM3\ARM_GCC_541\Debug\os_time.o
                0x00001f70                OSTimeDly
 .text.OSTimeDlyHMSM
                0x00002004      0x164 .\CortexM3\ARM_GCC_541\Debug\os_time.o
                0x00002004                OSTimeDlyHMSM
 .text.OSTimeTick
                0x00002168       0x64 .\CortexM3\ARM_GCC_541\Debug\os_time.o
                0x00002168                OSTimeTick
 .text.OS_TmrInit
                0x000021cc      0x100 .\CortexM3\ARM_GCC_541\Debug\os_tmr.o
                0x000021cc                OS_TmrInit
 .text.OS_TmrLink
                0x000022cc       0xe8 .\CortexM3\ARM_GCC_541\Debug\os_tmr.o
                0x000022cc                OS_TmrLink
 .text.OS_TmrResetPeak
                0x000023b4       0x24 .\CortexM3\ARM_GCC_541\Debug\os_tmr.o
                0x000023b4                OS_TmrResetPeak
 .text.OS_TmrUnlink
                0x000023d8       0x58 .\CortexM3\ARM_GCC_541\Debug\os_tmr.o
                0x000023d8                OS_TmrUnlink
 .text.OS_TmrTask
                0x00002430       0xb0 .\CortexM3\ARM_GCC_541\Debug\os_tmr.o
                0x00002430                OS_TmrTask
 .text.OSCfg_Init
                0x000024e0        0x4 .\CortexM3\ARM_GCC_541\Debug\os_cfg_app.o
                0x000024e0                OSCfg_Init
 .text.OS_IdleTask
                0x000024e4       0x28 .\CortexM3\ARM_GCC_541\Debug\os_core.o
                0x000024e4                OS_IdleTask
 .text.OSIntExit
                0x0000250c       0xa8 .\CortexM3\ARM_GCC_541\Debug\os_core.o
                0x0000250c                OSIntExit
 .text.OSSched  0x000025b4       0x80 .\CortexM3\ARM_GCC_541\Debug\os_core.o
                0x000025b4                OSSched
 .text.OSSchedLock
                0x00002634       0x54 .\CortexM3\ARM_GCC_541\Debug\os_core.o
                0x00002634                OSSchedLock
 .text.OSSchedUnlock
                0x00002688       0x68 .\CortexM3\ARM_GCC_541\Debug\os_core.o
                0x00002688                OSSchedUnlock
 .text.OSStart  0x000026f0       0x5c .\CortexM3\ARM_GCC_541\Debug\os_core.o
                0x000026f0                OSStart
 .text.OS_IdleTaskInit
                0x0000274c       0x58 .\CortexM3\ARM_GCC_541\Debug\os_core.o
                0x0000274c                OS_IdleTaskInit
 .text.OS_PendDataInit
                0x000027a4       0x28 .\CortexM3\ARM_GCC_541\Debug\os_core.o
                0x000027a4                OS_PendDataInit
 .text.OS_PendDbgNameAdd
                0x000027cc       0x44 .\CortexM3\ARM_GCC_541\Debug\os_core.o
                0x000027cc                OS_PendDbgNameAdd
 .text.OS_PendDbgNameRemove
                0x00002810       0x1c .\CortexM3\ARM_GCC_541\Debug\os_core.o
                0x00002810                OS_PendDbgNameRemove
 .text.OS_PendListInit
                0x0000282c        0xc .\CortexM3\ARM_GCC_541\Debug\os_core.o
                0x0000282c                OS_PendListInit
 .text.OS_PendListInsertPrio
                0x00002838       0x5c .\CortexM3\ARM_GCC_541\Debug\os_core.o
                0x00002838                OS_PendListInsertPrio
 .text.OS_PendListRemove1
                0x00002894       0x38 .\CortexM3\ARM_GCC_541\Debug\os_core.o
                0x00002894                OS_PendListRemove1
 .text.OS_PendListRemove
                0x000028cc       0x28 .\CortexM3\ARM_GCC_541\Debug\os_core.o
                0x000028cc                OS_PendListRemove
 .text.OS_Post1
                0x000028f4       0x28 .\CortexM3\ARM_GCC_541\Debug\os_core.o
                0x000028f4                OS_Post1
 .text.OS_RdyListInit
                0x0000291c       0x28 .\CortexM3\ARM_GCC_541\Debug\os_core.o
                0x0000291c                OS_RdyListInit
 .text.OSInit   0x00002944      0x154 .\CortexM3\ARM_GCC_541\Debug\os_core.o
                0x00002944                OSInit
 .text.OS_RdyListInsertHead
                0x00002a98       0x54 .\CortexM3\ARM_GCC_541\Debug\os_core.o
                0x00002a98                OS_RdyListInsertHead
 .text.OS_RdyListInsertTail
                0x00002aec       0x54 .\CortexM3\ARM_GCC_541\Debug\os_core.o
                0x00002aec                OS_RdyListInsertTail
 .text.OS_RdyListInsert
                0x00002b40       0x2c .\CortexM3\ARM_GCC_541\Debug\os_core.o
                0x00002b40                OS_RdyListInsert
 .text.OS_RdyListMoveHeadToTail
                0x00002b6c       0x38 .\CortexM3\ARM_GCC_541\Debug\os_core.o
                0x00002b6c                OS_RdyListMoveHeadToTail
 .text.OS_RdyListRemove
                0x00002ba4       0x78 .\CortexM3\ARM_GCC_541\Debug\os_core.o
                0x00002ba4                OS_RdyListRemove
 .text.OS_SchedRoundRobin
                0x00002c1c       0x88 .\CortexM3\ARM_GCC_541\Debug\os_core.o
                0x00002c1c                OS_SchedRoundRobin
 .text.OS_TaskBlock
                0x00002ca4       0x3c .\CortexM3\ARM_GCC_541\Debug\os_core.o
                0x00002ca4                OS_TaskBlock
 .text.OS_Pend  0x00002ce0       0x54 .\CortexM3\ARM_GCC_541\Debug\os_core.o
                0x00002ce0                OS_Pend
 .text.OS_TaskRdy
                0x00002d34       0x1c .\CortexM3\ARM_GCC_541\Debug\os_core.o
                0x00002d34                OS_TaskRdy
 .text.OS_Post  0x00002d50       0xac .\CortexM3\ARM_GCC_541\Debug\os_core.o
                0x00002d50                OS_Post
 .text.OS_Dbg_Init
                0x00002dfc        0x4 .\CortexM3\ARM_GCC_541\Debug\os_dbg.o
                0x00002dfc                OS_Dbg_Init
 .text.OS_FlagInit
                0x00002e00       0x18 .\CortexM3\ARM_GCC_541\Debug\os_flag.o
                0x00002e00                OS_FlagInit
 .text.OSMemGet
                0x00002e18       0x3c .\CortexM3\ARM_GCC_541\Debug\os_mem.o
                0x00002e18                OSMemGet
 .text.OSMemPut
                0x00002e54       0x4c .\CortexM3\ARM_GCC_541\Debug\os_mem.o
                0x00002e54                OSMemPut
 .text.OS_MemDbgListAdd
                0x00002ea0       0x1c .\CortexM3\ARM_GCC_541\Debug\os_mem.o
                0x00002ea0                OS_MemDbgListAdd
 .text.OSMemCreate
                0x00002ebc       0xe0 .\CortexM3\ARM_GCC_541\Debug\os_mem.o
                0x00002ebc                OSMemCreate
 .text.OS_MemInit
                0x00002f9c       0x18 .\CortexM3\ARM_GCC_541\Debug\os_mem.o
                0x00002f9c                OS_MemInit
 .text.OS_MsgPoolInit
                0x00002fb4       0x68 .\CortexM3\ARM_GCC_541\Debug\os_msg.o
                0x00002fb4                OS_MsgPoolInit
 .text.OS_MsgQFreeAll
                0x0000301c       0x34 .\CortexM3\ARM_GCC_541\Debug\os_msg.o
                0x0000301c                OS_MsgQFreeAll
 .text.OS_MsgQInit
                0x00003050       0x10 .\CortexM3\ARM_GCC_541\Debug\os_msg.o
                0x00003050                OS_MsgQInit
 .text.OS_MsgQGet
                0x00003060       0x5c .\CortexM3\ARM_GCC_541\Debug\os_msg.o
                0x00003060                OS_MsgQGet
 .text.OS_MsgQPut
                0x000030bc       0x94 .\CortexM3\ARM_GCC_541\Debug\os_msg.o
                0x000030bc                OS_MsgQPut
 .text.OS_MutexInit
                0x00003150       0x18 .\CortexM3\ARM_GCC_541\Debug\os_mutex.o
                0x00003150                OS_MutexInit
 .text.calc_temperature
                0x00003168       0x70 .\CortexM3\ARM_GCC_541\Debug\bme68x.o
 .text.calc_pressure
                0x000031d8       0xc4 .\CortexM3\ARM_GCC_541\Debug\bme68x.o
 .text.calc_humidity
                0x0000329c       0xc4 .\CortexM3\ARM_GCC_541\Debug\bme68x.o
 .text.calc_gas_resistance_low
                0x00003360       0xac .\CortexM3\ARM_GCC_541\Debug\bme68x.o
 .text.calc_gas_resistance_high
                0x0000340c       0x28 .\CortexM3\ARM_GCC_541\Debug\bme68x.o
 .text.calc_res_heat
                0x00003434       0xb0 .\CortexM3\ARM_GCC_541\Debug\bme68x.o
 .text.calc_gas_wait
                0x000034e4       0x24 .\CortexM3\ARM_GCC_541\Debug\bme68x.o
 .text.null_ptr_check
                0x00003508       0x2c .\CortexM3\ARM_GCC_541\Debug\bme68x.o
 .text.set_mem_page
                0x00003534       0x70 .\CortexM3\ARM_GCC_541\Debug\bme68x.o
 .text.get_mem_page
                0x000035a4       0x38 .\CortexM3\ARM_GCC_541\Debug\bme68x.o
 .text.boundary_check
                0x000035dc       0x34 .\CortexM3\ARM_GCC_541\Debug\bme68x.o
 .text.calc_heatr_dur_shared
                0x00003610       0x44 .\CortexM3\ARM_GCC_541\Debug\bme68x.o
 .text.swap_fields
                0x00003654       0x18 .\CortexM3\ARM_GCC_541\Debug\bme68x.o
 .text.sort_sensor_data
                0x0000366c       0x44 .\CortexM3\ARM_GCC_541\Debug\bme68x.o
 .text.analyze_sensor_data
                0x000036b0       0x8c .\CortexM3\ARM_GCC_541\Debug\bme68x.o
 .text.bme68x_set_regs
                0x0000373c       0xcc .\CortexM3\ARM_GCC_541\Debug\bme68x.o
                0x0000373c                bme68x_set_regs
 .text.set_conf
                0x00003808      0x1a4 .\CortexM3\ARM_GCC_541\Debug\bme68x.o
 .text.bme68x_get_regs
                0x000039ac       0x58 .\CortexM3\ARM_GCC_541\Debug\bme68x.o
                0x000039ac                bme68x_get_regs
 .text.read_variant_id
                0x00003a04       0x28 .\CortexM3\ARM_GCC_541\Debug\bme68x.o
 .text.get_calib_data
                0x00003a2c      0x154 .\CortexM3\ARM_GCC_541\Debug\bme68x.o
 .text.read_field_data
                0x00003b80      0x198 .\CortexM3\ARM_GCC_541\Debug\bme68x.o
 .text.read_all_field_data
                0x00003d18      0x244 .\CortexM3\ARM_GCC_541\Debug\bme68x.o
 .text.bme68x_soft_reset
                0x00003f5c       0x58 .\CortexM3\ARM_GCC_541\Debug\bme68x.o
                0x00003f5c                bme68x_soft_reset
 .text.bme68x_init
                0x00003fb4       0x3c .\CortexM3\ARM_GCC_541\Debug\bme68x.o
                0x00003fb4                bme68x_init
 .text.bme68x_get_conf
                0x00003ff0       0x58 .\CortexM3\ARM_GCC_541\Debug\bme68x.o
                0x00003ff0                bme68x_get_conf
 .text.bme68x_set_op_mode
                0x00004048       0x80 .\CortexM3\ARM_GCC_541\Debug\bme68x.o
                0x00004048                bme68x_set_op_mode
 .text.bme68x_get_op_mode
                0x000040c8       0x2c .\CortexM3\ARM_GCC_541\Debug\bme68x.o
                0x000040c8                bme68x_get_op_mode
 .text.bme68x_set_conf
                0x000040f4      0x140 .\CortexM3\ARM_GCC_541\Debug\bme68x.o
                0x000040f4                bme68x_set_conf
 .text.bme68x_get_meas_dur
                0x00004234       0x8c .\CortexM3\ARM_GCC_541\Debug\bme68x.o
                0x00004234                bme68x_get_meas_dur
 .text.bme68x_get_data
                0x000042c0      0x14c .\CortexM3\ARM_GCC_541\Debug\bme68x.o
                0x000042c0                bme68x_get_data
 .text.bme68x_set_heatr_conf
                0x0000440c       0xb4 .\CortexM3\ARM_GCC_541\Debug\bme68x.o
                0x0000440c                bme68x_set_heatr_conf
 .text.bme68x_get_heatr_conf
                0x000044c0       0x94 .\CortexM3\ARM_GCC_541\Debug\bme68x.o
                0x000044c0                bme68x_get_heatr_conf
 .text.bme68x_selftest_check
                0x00004554      0x154 .\CortexM3\ARM_GCC_541\Debug\bme68x.o
                0x00004554                bme68x_selftest_check
 .text.CyClockStartupError
                0x000046a8        0x4 .\CortexM3\ARM_GCC_541\Debug\cyfitter_cfg.o
 .text.cfg_write_bytes32
                0x000046ac       0x34 .\CortexM3\ARM_GCC_541\Debug\cyfitter_cfg.o
 .text.AnalogSetDefault
                0x000046e0       0x28 .\CortexM3\ARM_GCC_541\Debug\cyfitter_cfg.o
 .text.CYMEMZERO
                0x00004708        0xc .\CortexM3\ARM_GCC_541\Debug\cyfitter_cfg.o
 .text.ClockSetup
                0x00004714       0xc4 .\CortexM3\ARM_GCC_541\Debug\cyfitter_cfg.o
 .text.CYCONFIGCPY
                0x000047d8        0x8 .\CortexM3\ARM_GCC_541\Debug\cyfitter_cfg.o
 .text.cyfitter_cfg
                0x000047e0      0x13c .\CortexM3\ARM_GCC_541\Debug\cyfitter_cfg.o
                0x000047e0                cyfitter_cfg
 .text.IntDefaultHandler
                0x0000491c       0x10 .\CortexM3\ARM_GCC_541\Debug\Cm3Start.o
                0x0000491c                IntDefaultHandler
 .text._sbrk    0x0000492c       0x30 .\CortexM3\ARM_GCC_541\Debug\Cm3Start.o
                0x0000492c                _sbrk
 .text.Start_c  0x0000495c       0x4c .\CortexM3\ARM_GCC_541\Debug\Cm3Start.o
                0x0000495c                Start_c
 .text.initialize_psoc
                0x000049a8       0x6c .\CortexM3\ARM_GCC_541\Debug\Cm3Start.o
                0x000049a8                initialize_psoc
 .text          0x00004a14       0x34 .\CortexM3\ARM_GCC_541\Debug\cpu_a.o
                0x00004a14                CPU_IntDis
                0x00004a18                CPU_IntEn
                0x00004a1c                CPU_SR_Save
                0x00004a24                CPU_SR_Restore
                0x00004a2a                CPU_WaitForInt
                0x00004a2e                CPU_WaitForExcept
                0x00004a32                CPU_CntLeadZeros
                0x00004a38                CPU_CntTrailZeros
                0x00004a42                CPU_RevBits
 .text          0x00004a48       0x84 .\CortexM3\ARM_GCC_541\Debug\os_cpu_a.o
                0x00004a48                OSStartHighRdy
                0x00004a68                OS_CPU_PendSVHandler
 .text.UART_1_Init
                0x00004acc       0x5c .\CortexM3\ARM_GCC_541\Debug\esw_uCOS3_cykit.a(UART_1.o)
                0x00004acc                UART_1_Init
 .text.UART_1_Enable
                0x00004b28       0x50 .\CortexM3\ARM_GCC_541\Debug\esw_uCOS3_cykit.a(UART_1.o)
                0x00004b28                UART_1_Enable
 .text.UART_1_Start
                0x00004b78       0x1c .\CortexM3\ARM_GCC_541\Debug\esw_uCOS3_cykit.a(UART_1.o)
                0x00004b78                UART_1_Start
 .text.UART_1_PutChar
                0x00004b94       0x70 .\CortexM3\ARM_GCC_541\Debug\esw_uCOS3_cykit.a(UART_1.o)
                0x00004b94                UART_1_PutChar
 .text.UART_1_PutString
                0x00004c04       0x24 .\CortexM3\ARM_GCC_541\Debug\esw_uCOS3_cykit.a(UART_1.o)
                0x00004c04                UART_1_PutString
 .text.UART_1_RXISR
                0x00004c28       0x98 .\CortexM3\ARM_GCC_541\Debug\esw_uCOS3_cykit.a(UART_1_INT.o)
                0x00004c28                UART_1_RXISR
 .text.UART_1_TXISR
                0x00004cc0       0x58 .\CortexM3\ARM_GCC_541\Debug\esw_uCOS3_cykit.a(UART_1_INT.o)
                0x00004cc0                UART_1_TXISR
 .text.Pin_1_SetDriveMode
                0x00004d18       0x18 .\CortexM3\ARM_GCC_541\Debug\esw_uCOS3_cykit.a(Pin_1.o)
                0x00004d18                Pin_1_SetDriveMode
 .text.UART_1_IntClock_Start
                0x00004d30       0x1c .\CortexM3\ARM_GCC_541\Debug\esw_uCOS3_cykit.a(UART_1_IntClock.o)
                0x00004d30                UART_1_IntClock_Start
 .text.CyDmacConfigure
                0x00004d4c       0x34 .\CortexM3\ARM_GCC_541\Debug\esw_uCOS3_cykit.a(CyDmac.o)
                0x00004d4c                CyDmacConfigure
 .text.CyHalt   0x00004d80        0x4 .\CortexM3\ARM_GCC_541\Debug\esw_uCOS3_cykit.a(CyLib.o)
                0x00004d80                CyHalt
 .text.CyDelayUs
                0x00004d84       0x14 .\CortexM3\ARM_GCC_541\Debug\esw_uCOS3_cykit.a(CyLib.o)
                0x00004d84                CyDelayUs
 .text.CyIntSetVector
                0x00004d98       0x28 .\CortexM3\ARM_GCC_541\Debug\esw_uCOS3_cykit.a(CyLib.o)
                0x00004d98                CyIntSetVector
 .text.CyIntSetPriority
                0x00004dc0       0x30 .\CortexM3\ARM_GCC_541\Debug\esw_uCOS3_cykit.a(CyLib.o)
                0x00004dc0                CyIntSetPriority
 .text.Pin_2_SetDriveMode
                0x00004df0       0x24 .\CortexM3\ARM_GCC_541\Debug\esw_uCOS3_cykit.a(Pin_2.o)
                0x00004df0                Pin_2_SetDriveMode
 .text.push_button_Write
                0x00004e14       0x18 .\CortexM3\ARM_GCC_541\Debug\esw_uCOS3_cykit.a(push_button.o)
                0x00004e14                push_button_Write
 .text.push_button_SetDriveMode
                0x00004e2c       0x18 .\CortexM3\ARM_GCC_541\Debug\esw_uCOS3_cykit.a(push_button.o)
                0x00004e2c                push_button_SetDriveMode
 .text.I2C_1_Init
                0x00004e44       0x68 .\CortexM3\ARM_GCC_541\Debug\esw_uCOS3_cykit.a(I2C_1.o)
                0x00004e44                I2C_1_Init
 .text.I2C_1_Enable
                0x00004eac       0x24 .\CortexM3\ARM_GCC_541\Debug\esw_uCOS3_cykit.a(I2C_1.o)
                0x00004eac                I2C_1_Enable
 .text.I2C_1_Start
                0x00004ed0       0x28 .\CortexM3\ARM_GCC_541\Debug\esw_uCOS3_cykit.a(I2C_1.o)
                0x00004ed0                I2C_1_Start
 .text.I2C_1_ISR
                0x00004ef8      0x2d0 .\CortexM3\ARM_GCC_541\Debug\esw_uCOS3_cykit.a(I2C_1_INT.o)
                0x00004ef8                I2C_1_ISR
 .text.I2C_1_MasterSendStart
                0x000051c8       0x80 .\CortexM3\ARM_GCC_541\Debug\esw_uCOS3_cykit.a(I2C_1_MASTER.o)
                0x000051c8                I2C_1_MasterSendStart
 .text.I2C_1_MasterSendRestart
                0x00005248       0x6c .\CortexM3\ARM_GCC_541\Debug\esw_uCOS3_cykit.a(I2C_1_MASTER.o)
                0x00005248                I2C_1_MasterSendRestart
 .text.I2C_1_MasterSendStop
                0x000052b4       0x38 .\CortexM3\ARM_GCC_541\Debug\esw_uCOS3_cykit.a(I2C_1_MASTER.o)
                0x000052b4                I2C_1_MasterSendStop
 .text.I2C_1_MasterWriteByte
                0x000052ec       0x58 .\CortexM3\ARM_GCC_541\Debug\esw_uCOS3_cykit.a(I2C_1_MASTER.o)
                0x000052ec                I2C_1_MasterWriteByte
 .text.I2C_1_MasterReadByte
                0x00005344       0x58 .\CortexM3\ARM_GCC_541\Debug\esw_uCOS3_cykit.a(I2C_1_MASTER.o)
                0x00005344                I2C_1_MasterReadByte
 .text.Timer_1_Enable
                0x0000539c       0x28 .\CortexM3\ARM_GCC_541\Debug\esw_uCOS3_cykit.a(Timer_1.o)
                0x0000539c                Timer_1_Enable
 .text.Timer_1_SetInterruptMode
                0x000053c4        0xc .\CortexM3\ARM_GCC_541\Debug\esw_uCOS3_cykit.a(Timer_1.o)
                0x000053c4                Timer_1_SetInterruptMode
 .text.Timer_1_WritePeriod
                0x000053d0        0xc .\CortexM3\ARM_GCC_541\Debug\esw_uCOS3_cykit.a(Timer_1.o)
                0x000053d0                Timer_1_WritePeriod
 .text.Timer_1_WriteCounter
                0x000053dc        0xc .\CortexM3\ARM_GCC_541\Debug\esw_uCOS3_cykit.a(Timer_1.o)
                0x000053dc                Timer_1_WriteCounter
 .text.Timer_1_Init
                0x000053e8       0x68 .\CortexM3\ARM_GCC_541\Debug\esw_uCOS3_cykit.a(Timer_1.o)
                0x000053e8                Timer_1_Init
 .text.Timer_1_Start
                0x00005450       0x1c .\CortexM3\ARM_GCC_541\Debug\esw_uCOS3_cykit.a(Timer_1.o)
                0x00005450                Timer_1_Start
 .text.Timer_ISR_SetVector
                0x0000546c        0xc .\CortexM3\ARM_GCC_541\Debug\esw_uCOS3_cykit.a(Timer_ISR.o)
                0x0000546c                Timer_ISR_SetVector
 .text.Timer_ISR_SetPriority
                0x00005478       0x10 .\CortexM3\ARM_GCC_541\Debug\esw_uCOS3_cykit.a(Timer_ISR.o)
                0x00005478                Timer_ISR_SetPriority
 .text.Timer_ISR_Enable
                0x00005488        0xc .\CortexM3\ARM_GCC_541\Debug\esw_uCOS3_cykit.a(Timer_ISR.o)
                0x00005488                Timer_ISR_Enable
 .text.Timer_ISR_Disable
                0x00005494        0xc .\CortexM3\ARM_GCC_541\Debug\esw_uCOS3_cykit.a(Timer_ISR.o)
                0x00005494                Timer_ISR_Disable
 .text.Timer_ISR_StartEx
                0x000054a0       0x1c .\CortexM3\ARM_GCC_541\Debug\esw_uCOS3_cykit.a(Timer_ISR.o)
                0x000054a0                Timer_ISR_StartEx
 .text.Clock_1_Start
                0x000054bc       0x1c .\CortexM3\ARM_GCC_541\Debug\esw_uCOS3_cykit.a(Clock_1.o)
                0x000054bc                Clock_1_Start
 .text          0x000054d8       0x20 .\CortexM3\ARM_GCC_541\Debug\esw_uCOS3_cykit.a(CyBootAsmGnu.o)
                0x000054d8                CyDelayCycles
                0x000054e8                CyEnterCriticalSection
                0x000054f0                CyExitCriticalSection
 .text          0x000054f8       0xa0 c:/program files (x86)/cypress/psoc creator/4.4/psoc creator/import/gnu/arm/5.4.1/bin/../lib/gcc/arm-none-eabi/5.4.1/armv7-m\libgcc.a(_aeabi_ldivmod.o)
                0x000054f8                __aeabi_ldivmod
 .text          0x00005598      0x2ec c:/program files (x86)/cypress/psoc creator/4.4/psoc creator/import/gnu/arm/5.4.1/bin/../lib/gcc/arm-none-eabi/5.4.1/armv7-m\libgcc.a(_udivmoddi4.o)
                0x00005598                __udivmoddi4
 .text          0x00005884        0x4 c:/program files (x86)/cypress/psoc creator/4.4/psoc creator/import/gnu/arm/5.4.1/bin/../lib/gcc/arm-none-eabi/5.4.1/armv7-m\libgcc.a(_dvmd_tls.o)
                0x00005884                __aeabi_idiv0
                0x00005884                __aeabi_ldiv0
 .text.__errno  0x00005888        0xc c:/program files (x86)/cypress/psoc creator/4.4/psoc creator/import/gnu/arm/5.4.1/bin/../lib/gcc/arm-none-eabi/5.4.1/../../../../arm-none-eabi/lib/armv7-m\libg_nano.a(lib_a-errno.o)
                0x00005888                __errno
 .text.__libc_init_array
                0x00005894       0x4c c:/program files (x86)/cypress/psoc creator/4.4/psoc creator/import/gnu/arm/5.4.1/bin/../lib/gcc/arm-none-eabi/5.4.1/../../../../arm-none-eabi/lib/armv7-m\libg_nano.a(lib_a-init.o)
                0x00005894                __libc_init_array
 .text.memcmp   0x000058e0       0x1e c:/program files (x86)/cypress/psoc creator/4.4/psoc creator/import/gnu/arm/5.4.1/bin/../lib/gcc/arm-none-eabi/5.4.1/../../../../arm-none-eabi/lib/armv7-m\libg_nano.a(lib_a-memcmp.o)
                0x000058e0                memcmp
 .text.memcpy   0x000058fe       0x16 c:/program files (x86)/cypress/psoc creator/4.4/psoc creator/import/gnu/arm/5.4.1/bin/../lib/gcc/arm-none-eabi/5.4.1/../../../../arm-none-eabi/lib/armv7-m\libg_nano.a(lib_a-memcpy-stub.o)
                0x000058fe                memcpy
 .text.memset   0x00005914       0x10 c:/program files (x86)/cypress/psoc creator/4.4/psoc creator/import/gnu/arm/5.4.1/bin/../lib/gcc/arm-none-eabi/5.4.1/../../../../arm-none-eabi/lib/armv7-m\libg_nano.a(lib_a-memset.o)
                0x00005914                memset
 .text.snprintf
                0x00005924       0x64 c:/program files (x86)/cypress/psoc creator/4.4/psoc creator/import/gnu/arm/5.4.1/bin/../lib/gcc/arm-none-eabi/5.4.1/../../../../arm-none-eabi/lib/armv7-m\libg_nano.a(lib_a-snprintf.o)
                0x00005924                sniprintf
                0x00005924                snprintf
 .text.strncpy  0x00005988       0x26 c:/program files (x86)/cypress/psoc creator/4.4/psoc creator/import/gnu/arm/5.4.1/bin/../lib/gcc/arm-none-eabi/5.4.1/../../../../arm-none-eabi/lib/armv7-m\libg_nano.a(lib_a-strncpy.o)
                0x00005988                strncpy
 .text._vsnprintf_r
                0x000059ae       0x56 c:/program files (x86)/cypress/psoc creator/4.4/psoc creator/import/gnu/arm/5.4.1/bin/../lib/gcc/arm-none-eabi/5.4.1/../../../../arm-none-eabi/lib/armv7-m\libg_nano.a(lib_a-vsnprintf.o)
                0x000059ae                _vsniprintf_r
                0x000059ae                _vsnprintf_r
 .text.vsnprintf
                0x00005a04       0x1c c:/program files (x86)/cypress/psoc creator/4.4/psoc creator/import/gnu/arm/5.4.1/bin/../lib/gcc/arm-none-eabi/5.4.1/../../../../arm-none-eabi/lib/armv7-m\libg_nano.a(lib_a-vsnprintf.o)
                0x00005a04                vsniprintf
                0x00005a04                vsnprintf
 .text.__ssputs_r
                0x00005a20       0xb2 c:/program files (x86)/cypress/psoc creator/4.4/psoc creator/import/gnu/arm/5.4.1/bin/../lib/gcc/arm-none-eabi/5.4.1/../../../../arm-none-eabi/lib/armv7-m\libg_nano.a(lib_a-nano-svfprintf.o)
                0x00005a20                __ssputs_r
 *fill*         0x00005ad2        0x2 
 .text._svfprintf_r
                0x00005ad4      0x1e8 c:/program files (x86)/cypress/psoc creator/4.4/psoc creator/import/gnu/arm/5.4.1/bin/../lib/gcc/arm-none-eabi/5.4.1/../../../../arm-none-eabi/lib/armv7-m\libg_nano.a(lib_a-nano-svfprintf.o)
                0x00005ad4                _svfiprintf_r
                0x00005ad4                _svfprintf_r
 .text._printf_common
                0x00005cbc       0xec c:/program files (x86)/cypress/psoc creator/4.4/psoc creator/import/gnu/arm/5.4.1/bin/../lib/gcc/arm-none-eabi/5.4.1/../../../../arm-none-eabi/lib/armv7-m\libg_nano.a(lib_a-nano-vfprintf_i.o)
                0x00005cbc                _printf_common
 .text._printf_i
                0x00005da8      0x24c c:/program files (x86)/cypress/psoc creator/4.4/psoc creator/import/gnu/arm/5.4.1/bin/../lib/gcc/arm-none-eabi/5.4.1/../../../../arm-none-eabi/lib/armv7-m\libg_nano.a(lib_a-nano-vfprintf_i.o)
                0x00005da8                _printf_i
 .text.memchr   0x00005ff4       0x1c c:/program files (x86)/cypress/psoc creator/4.4/psoc creator/import/gnu/arm/5.4.1/bin/../lib/gcc/arm-none-eabi/5.4.1/../../../../arm-none-eabi/lib/armv7-m\libg_nano.a(lib_a-memchr-stub.o)
                0x00005ff4                memchr
 .text.memmove  0x00006010       0x36 c:/program files (x86)/cypress/psoc creator/4.4/psoc creator/import/gnu/arm/5.4.1/bin/../lib/gcc/arm-none-eabi/5.4.1/../../../../arm-none-eabi/lib/armv7-m\libg_nano.a(lib_a-memmove.o)
                0x00006010                memmove
 *fill*         0x00006046        0x2 
 .text._free_r  0x00006048       0x98 c:/program files (x86)/cypress/psoc creator/4.4/psoc creator/import/gnu/arm/5.4.1/bin/../lib/gcc/arm-none-eabi/5.4.1/../../../../arm-none-eabi/lib/armv7-m\libg_nano.a(lib_a-nano-freer.o)
                0x00006048                _free_r
 .text._malloc_r
                0x000060e0       0xbc c:/program files (x86)/cypress/psoc creator/4.4/psoc creator/import/gnu/arm/5.4.1/bin/../lib/gcc/arm-none-eabi/5.4.1/../../../../arm-none-eabi/lib/armv7-m\libg_nano.a(lib_a-nano-mallocr.o)
                0x000060e0                _malloc_r
 .text._realloc_r
                0x0000619c       0x4c c:/program files (x86)/cypress/psoc creator/4.4/psoc creator/import/gnu/arm/5.4.1/bin/../lib/gcc/arm-none-eabi/5.4.1/../../../../arm-none-eabi/lib/armv7-m\libg_nano.a(lib_a-nano-reallocr.o)
                0x0000619c                _realloc_r
 .text._sbrk_r  0x000061e8       0x20 c:/program files (x86)/cypress/psoc creator/4.4/psoc creator/import/gnu/arm/5.4.1/bin/../lib/gcc/arm-none-eabi/5.4.1/../../../../arm-none-eabi/lib/armv7-m\libg_nano.a(lib_a-sbrkr.o)
                0x000061e8                _sbrk_r
 .text.__malloc_lock
                0x00006208        0x2 c:/program files (x86)/cypress/psoc creator/4.4/psoc creator/import/gnu/arm/5.4.1/bin/../lib/gcc/arm-none-eabi/5.4.1/../../../../arm-none-eabi/lib/armv7-m\libg_nano.a(lib_a-mlock.o)
                0x00006208                __malloc_lock
 .text.__malloc_unlock
                0x0000620a        0x2 c:/program files (x86)/cypress/psoc creator/4.4/psoc creator/import/gnu/arm/5.4.1/bin/../lib/gcc/arm-none-eabi/5.4.1/../../../../arm-none-eabi/lib/armv7-m\libg_nano.a(lib_a-mlock.o)
                0x0000620a                __malloc_unlock
 .text._malloc_usable_size_r
                0x0000620c       0x14 c:/program files (x86)/cypress/psoc creator/4.4/psoc creator/import/gnu/arm/5.4.1/bin/../lib/gcc/arm-none-eabi/5.4.1/../../../../arm-none-eabi/lib/armv7-m\libg_nano.a(lib_a-nano-msizer.o)
                0x0000620c                _malloc_usable_size_r
 *(.plt)
 *(.gnu.warning)
 *(.glue_7t)
 .glue_7t       0x00006220        0x0 linker stubs
 *(.glue_7)
 .glue_7        0x00006220        0x0 linker stubs
 *(.vfp11_veneer)
 .vfp11_veneer  0x00006220        0x0 linker stubs
 *(.bootloader)
 *(.ARM.extab* .gnu.linkonce.armextab.*)
 *(.gcc_except_table)

.v4_bx          0x00006220        0x0
 .v4_bx         0x00006220        0x0 linker stubs

.iplt           0x00006220        0x0
 .iplt          0x00006220        0x0 c:/program files (x86)/cypress/psoc creator/4.4/psoc creator/import/gnu/arm/5.4.1/bin/../lib/gcc/arm-none-eabi/5.4.1/armv7-m/crtbegin.o

.eh_frame_hdr
 *(.eh_frame_hdr)

.eh_frame       0x00006220        0x4
 *(.eh_frame)
 .eh_frame      0x00006220        0x0 c:/program files (x86)/cypress/psoc creator/4.4/psoc creator/import/gnu/arm/5.4.1/bin/../lib/gcc/arm-none-eabi/5.4.1/armv7-m/crtbegin.o
 .eh_frame      0x00006220        0x4 c:/program files (x86)/cypress/psoc creator/4.4/psoc creator/import/gnu/arm/5.4.1/bin/../lib/gcc/arm-none-eabi/5.4.1/armv7-m/crtend.o
                [!provide]                PROVIDE (__exidx_start, .)

.ARM.exidx      0x00006224        0x8
 *(.ARM.exidx* .gnu.linkonce.armexidx.*)
 .ARM.exidx     0x00006224        0x8 c:/program files (x86)/cypress/psoc creator/4.4/psoc creator/import/gnu/arm/5.4.1/bin/../lib/gcc/arm-none-eabi/5.4.1/armv7-m\libgcc.a(_udivmoddi4.o)
                0x0000622c                __exidx_end = .

.rodata         0x0000622c      0x80c
 *(.rodata .rodata.* .gnu.linkonce.r.*)
 .rodata.str1.4
                0x0000622c       0x4e .\CortexM3\ARM_GCC_541\Debug\app.o
 *fill*         0x0000627a        0x2 
 .rodata.str1.4
                0x0000627c      0x207 .\CortexM3\ARM_GCC_541\Debug\log_task.o
 *fill*         0x00006483        0x1 
 .rodata.str1.4
                0x00006484      0x21b .\CortexM3\ARM_GCC_541\Debug\environmentSensor.o
 *fill*         0x0000669f        0x1 
 .rodata.str1.4
                0x000066a0      0x116 .\CortexM3\ARM_GCC_541\Debug\bsp_i2c.o
 *fill*         0x000067b6        0x2 
 .rodata.str1.4
                0x000067b8        0x6 .\CortexM3\ARM_GCC_541\Debug\os_q.o
 *fill*         0x000067be        0x2 
 .rodata.str1.4
                0x000067c0        0x5 .\CortexM3\ARM_GCC_541\Debug\os_sem.o
                                  0xa (size before relaxing)
 *fill*         0x000067c5        0x3 
 .rodata.str1.4
                0x000067c8       0x14 .\CortexM3\ARM_GCC_541\Debug\os_stat.o
 .rodata.str1.4
                0x000067dc        0x6 .\CortexM3\ARM_GCC_541\Debug\os_task.o
                                  0xa (size before relaxing)
 *fill*         0x000067e2        0x2 
 .rodata.str1.4
                0x000067e4       0x14 .\CortexM3\ARM_GCC_541\Debug\os_tick.o
 .rodata.str1.4
                0x000067f8       0x1d .\CortexM3\ARM_GCC_541\Debug\os_tmr.o
 *fill*         0x00006815        0x3 
 .rodata        0x00006818       0xa4 .\CortexM3\ARM_GCC_541\Debug\os_cfg_app.o
                0x00006818                OSCfg_DataSizeRAM
                0x0000681c                OSCfg_TmrWheelSizeRAM
                0x00006820                OSCfg_TmrWheelSize
                0x00006824                OSCfg_TmrTaskStkSizeRAM
                0x00006828                OSCfg_TmrTaskStkSize
                0x0000682c                OSCfg_TmrTaskStkLimit
                0x00006830                OSCfg_TmrTaskStkBasePtr
                0x00006834                OSCfg_TmrTaskRate_Hz
                0x00006838                OSCfg_TmrTaskPrio
                0x0000683c                OSCfg_TickWheelSizeRAM
                0x00006840                OSCfg_TickWheelSize
                0x00006844                OSCfg_TickTaskStkSizeRAM
                0x00006848                OSCfg_TickTaskStkSize
                0x0000684c                OSCfg_TickTaskStkLimit
                0x00006850                OSCfg_TickTaskStkBasePtr
                0x00006854                OSCfg_TickTaskPrio
                0x00006858                OSCfg_TickRate_Hz
                0x0000685c                OSCfg_StkSizeMin
                0x00006860                OSCfg_StatTaskStkSizeRAM
                0x00006864                OSCfg_StatTaskStkSize
                0x00006868                OSCfg_StatTaskStkLimit
                0x0000686c                OSCfg_StatTaskStkBasePtr
                0x00006870                OSCfg_StatTaskRate_Hz
                0x00006874                OSCfg_StatTaskPrio
                0x00006878                OSCfg_MsgPoolBasePtr
                0x0000687c                OSCfg_MsgPoolSizeRAM
                0x00006880                OSCfg_MsgPoolSize
                0x00006884                OSCfg_ISRStkSizeRAM
                0x00006888                OSCfg_ISRStkSize
                0x0000688c                OSCfg_ISRStkBasePtr
                0x00006890                OSCfg_IntQTaskStkSizeRAM
                0x00006894                OSCfg_IntQTaskStkSize
                0x00006898                OSCfg_IntQTaskStkLimit
                0x0000689c                OSCfg_IntQTaskStkBasePtr
                0x000068a0                OSCfg_IntQSizeRAM
                0x000068a4                OSCfg_IntQSize
                0x000068a8                OSCfg_IntQBasePtr
                0x000068ac                OSCfg_IdleTaskStkSizeRAM
                0x000068b0                OSCfg_IdleTaskStkSize
                0x000068b4                OSCfg_IdleTaskStkLimit
                0x000068b8                OSCfg_IdleTaskStkBasePtr
 .rodata.str1.4
                0x000068bc       0x28 .\CortexM3\ARM_GCC_541\Debug\os_core.o
                                 0x2a (size before relaxing)
 .rodata        0x000068e4       0x92 .\CortexM3\ARM_GCC_541\Debug\bme68x.o
 *fill*         0x00006976        0x2 
 .rodata        0x00006978       0x50 .\CortexM3\ARM_GCC_541\Debug\cyfitter_cfg.o
 .rodata.str1.1
                0x000069c8        0x2 c:/program files (x86)/cypress/psoc creator/4.4/psoc creator/import/gnu/arm/5.4.1/bin/../lib/gcc/arm-none-eabi/5.4.1/../../../../arm-none-eabi/lib/armv7-m\libg_nano.a(lib_a-impure.o)
 .rodata.str1.1
                0x000069ca       0x11 c:/program files (x86)/cypress/psoc creator/4.4/psoc creator/import/gnu/arm/5.4.1/bin/../lib/gcc/arm-none-eabi/5.4.1/../../../../arm-none-eabi/lib/armv7-m\libg_nano.a(lib_a-nano-svfprintf.o)
 .rodata.str1.1
                0x000069db       0x22 c:/program files (x86)/cypress/psoc creator/4.4/psoc creator/import/gnu/arm/5.4.1/bin/../lib/gcc/arm-none-eabi/5.4.1/../../../../arm-none-eabi/lib/armv7-m\libg_nano.a(lib_a-nano-vfprintf_i.o)
                0x00006a00                . = ALIGN (0x4)
 *fill*         0x000069fd        0x3 
 *(.init)
 .init          0x00006a00        0x4 c:/program files (x86)/cypress/psoc creator/4.4/psoc creator/import/gnu/arm/5.4.1/bin/../lib/gcc/arm-none-eabi/5.4.1/armv7-m/crti.o
                0x00006a00                _init
 .init          0x00006a04        0x8 c:/program files (x86)/cypress/psoc creator/4.4/psoc creator/import/gnu/arm/5.4.1/bin/../lib/gcc/arm-none-eabi/5.4.1/armv7-m/crtn.o
                0x00006a0c                . = ALIGN (0x4)
                0x00006a0c                __preinit_array_start = .
 *(.preinit_array)
                0x00006a0c                __preinit_array_end = .
                0x00006a0c                . = ALIGN (0x4)
                0x00006a0c                __init_array_start = .
 *(SORT(.init_array.*))
 *(.init_array)
 .init_array    0x00006a0c        0x4 c:/program files (x86)/cypress/psoc creator/4.4/psoc creator/import/gnu/arm/5.4.1/bin/../lib/gcc/arm-none-eabi/5.4.1/armv7-m/crtbegin.o
 .init_array    0x00006a10        0x4 .\CortexM3\ARM_GCC_541\Debug\Cm3Start.o
                0x00006a14                __init_array_end = .
                0x00006a14                . = ALIGN (0x4)
 *(.fini)
 .fini          0x00006a14        0x4 c:/program files (x86)/cypress/psoc creator/4.4/psoc creator/import/gnu/arm/5.4.1/bin/../lib/gcc/arm-none-eabi/5.4.1/armv7-m/crti.o
                0x00006a14                _fini
 .fini          0x00006a18        0x8 c:/program files (x86)/cypress/psoc creator/4.4/psoc creator/import/gnu/arm/5.4.1/bin/../lib/gcc/arm-none-eabi/5.4.1/armv7-m/crtn.o
                0x00006a20                . = ALIGN (0x4)
                0x00006a20                __fini_array_start = .
 *(.fini_array)
 .fini_array    0x00006a20        0x4 c:/program files (x86)/cypress/psoc creator/4.4/psoc creator/import/gnu/arm/5.4.1/bin/../lib/gcc/arm-none-eabi/5.4.1/armv7-m/crtbegin.o
 *(SORT(.fini_array.*))
                0x00006a24                __fini_array_end = .
                0x00006a24                . = ALIGN (0x4)
 *crtbegin.o(.ctors)
 *(EXCLUDE_FILE(*crtend.o) .ctors)
 *(SORT(.ctors.*))
 *crtend.o(.ctors)
                0x00006a24                . = ALIGN (0x4)
 *crtbegin.o(.dtors)
 *(EXCLUDE_FILE(*crtend.o) .dtors)
 *(SORT(.dtors.*))
 *crtend.o(.dtors)
                0x00006a24                . = ALIGN (0x4)
                0x00006a24                __cy_regions = .
                0x00006a24        0x4 LONG 0x6a38 __cy_region_init_ram
                0x00006a28        0x4 LONG 0x1fff80c8 __cy_region_start_data
                0x00006a2c        0x4 LONG 0x88 __cy_region_init_size_ram
                0x00006a30        0x4 LONG 0x49e8 __cy_region_zero_size_ram
                0x00006a34                __cy_regions_end = .
                0x00006a38                . = ALIGN (0x8)
 *fill*         0x00006a34        0x4 
                0x00006a38                _etext = .

.cy_checksum_exclude
                0x00006a38        0x0
 *(.cy_checksum_exclude)

.ramvectors     0x1fff8000       0xc0
                0x1fff8000                __cy_region_start_ram = .
 *(.ramvectors)
 .ramvectors    0x1fff8000       0xc0 .\CortexM3\ARM_GCC_541\Debug\Cm3Start.o
                0x1fff8000                CyRamVectors

.noinit         0x1fff80c0        0x1
 *(.noinit)
 .noinit        0x1fff80c0        0x1 .\CortexM3\ARM_GCC_541\Debug\esw_uCOS3_cykit.a(CyLib.o)
                0x1fff80c0                CyResetStatus

.data           0x1fff80c8       0x88 load address 0x00006a38
                0x1fff80c8                __cy_region_start_data = .
 *(.jcr)
 .jcr           0x1fff80c8        0x0 c:/program files (x86)/cypress/psoc creator/4.4/psoc creator/import/gnu/arm/5.4.1/bin/../lib/gcc/arm-none-eabi/5.4.1/armv7-m/crtbegin.o
 .jcr           0x1fff80c8        0x4 c:/program files (x86)/cypress/psoc creator/4.4/psoc creator/import/gnu/arm/5.4.1/bin/../lib/gcc/arm-none-eabi/5.4.1/armv7-m/crtend.o
 *(.got.plt)
 *(.got)
 *(.shdata)
 *(.data .data.* .gnu.linkonce.d.*)
 .data          0x1fff80cc        0x4 .\CortexM3\ARM_GCC_541\Debug\Cm3Start.o
 .data          0x1fff80d0        0x8 .\CortexM3\ARM_GCC_541\Debug\esw_uCOS3_cykit.a(CyDmac.o)
 .data          0x1fff80d8       0x10 .\CortexM3\ARM_GCC_541\Debug\esw_uCOS3_cykit.a(CyLib.o)
                0x1fff80d8                cydelay_32k_ms
                0x1fff80dc                cydelay_freq_khz
                0x1fff80e0                cydelay_freq_mhz
                0x1fff80e4                cydelay_freq_hz
 .data.impure_data
                0x1fff80e8       0x60 c:/program files (x86)/cypress/psoc creator/4.4/psoc creator/import/gnu/arm/5.4.1/bin/../lib/gcc/arm-none-eabi/5.4.1/../../../../arm-none-eabi/lib/armv7-m\libg_nano.a(lib_a-impure.o)
 .data._impure_ptr
                0x1fff8148        0x4 c:/program files (x86)/cypress/psoc creator/4.4/psoc creator/import/gnu/arm/5.4.1/bin/../lib/gcc/arm-none-eabi/5.4.1/../../../../arm-none-eabi/lib/armv7-m\libg_nano.a(lib_a-impure.o)
                0x1fff8148                _impure_ptr
                0x1fff8150                . = ALIGN (0x8)
 *fill*         0x1fff814c        0x4 
 *(.ram)
                0x1fff8150                _edata = .

.igot.plt       0x1fff8150        0x0 load address 0x00006ac0
 .igot.plt      0x1fff8150        0x0 c:/program files (x86)/cypress/psoc creator/4.4/psoc creator/import/gnu/arm/5.4.1/bin/../lib/gcc/arm-none-eabi/5.4.1/armv7-m/crtbegin.o

.bss            0x1fff8150     0x49e8 load address 0x00006ac0
                0x1fff8150                PROVIDE (__bss_start__, .)
 *(.shbss)
 *(.bss .bss.* .gnu.linkonce.b.*)
 .bss           0x1fff8150       0x1c c:/program files (x86)/cypress/psoc creator/4.4/psoc creator/import/gnu/arm/5.4.1/bin/../lib/gcc/arm-none-eabi/5.4.1/armv7-m/crtbegin.o
 .bss           0x1fff816c      0x4c0 .\CortexM3\ARM_GCC_541\Debug\app.o
 .bss           0x1fff862c        0x4 .\CortexM3\ARM_GCC_541\Debug\bsp_i2c.o
                0x1fff862c                current_timestamp
 .bss           0x1fff8630        0x9 .\CortexM3\ARM_GCC_541\Debug\esw_uCOS3_cykit.a(UART_1.o)
                0x1fff8630                UART_1_errorStatus
                0x1fff8631                UART_1_initVar
                0x1fff8632                UART_1_rxBufferRead
                0x1fff8633                UART_1_rxBufferWrite
                0x1fff8634                UART_1_rxBufferLoopDetect
                0x1fff8635                UART_1_rxBufferOverflow
                0x1fff8636                UART_1_txBufferRead
                0x1fff8637                UART_1_txBufferWrite
 .bss           0x1fff8639        0x1 .\CortexM3\ARM_GCC_541\Debug\esw_uCOS3_cykit.a(I2C_1.o)
                0x1fff8639                I2C_1_initVar
 .bss           0x1fff863a        0x1 .\CortexM3\ARM_GCC_541\Debug\esw_uCOS3_cykit.a(Timer_1.o)
                0x1fff863a                Timer_1_initVar
 *fill*         0x1fff863b        0x1 
 .bss.__malloc_sbrk_start
                0x1fff863c        0x4 c:/program files (x86)/cypress/psoc creator/4.4/psoc creator/import/gnu/arm/5.4.1/bin/../lib/gcc/arm-none-eabi/5.4.1/../../../../arm-none-eabi/lib/armv7-m\libg_nano.a(lib_a-nano-mallocr.o)
                0x1fff863c                __malloc_sbrk_start
 .bss.__malloc_free_list
                0x1fff8640        0x4 c:/program files (x86)/cypress/psoc creator/4.4/psoc creator/import/gnu/arm/5.4.1/bin/../lib/gcc/arm-none-eabi/5.4.1/../../../../arm-none-eabi/lib/armv7-m\libg_nano.a(lib_a-nano-mallocr.o)
                0x1fff8640                __malloc_free_list
 *(COMMON)
 COMMON         0x1fff8644     0x24c8 .\CortexM3\ARM_GCC_541\Debug\log_task.o
                0x1fff8644                Log_TaskStk
                0x1fff8e44                LogTaskSem
                0x1fff8e6c                Log_Task_TCB
                0x1fff8f2c                MsgMemPoolStorage
                0x1fffaabc                MsgMemPool
                0x1fffaadc                Log_Queue
 COMMON         0x1fffab0c      0x8c0 .\CortexM3\ARM_GCC_541\Debug\environmentSensor.o
                0x1fffab0c                BME688_Task_TCB
                0x1fffabcc                BME688_TaskStk
 COMMON         0x1fffb3cc       0x28 .\CortexM3\ARM_GCC_541\Debug\bsp_i2c.o
                0x1fffb3cc                I2C_Sem
 COMMON         0x1fffb3f4       0x14 .\CortexM3\ARM_GCC_541\Debug\cpu_core.o
                0x1fffb3f4                CPU_TS_TmrFreq_Hz
                0x1fffb3f8                CPU_Name
 COMMON         0x1fffb408        0x4 .\CortexM3\ARM_GCC_541\Debug\os_cpu_c.o
                0x1fffb408                OS_CPU_ExceptStkBase
 COMMON         0x1fffb40c        0x4 .\CortexM3\ARM_GCC_541\Debug\os_prio.o
                0x1fffb40c                OSPrioTbl
 COMMON         0x1fffb410      0x538 .\CortexM3\ARM_GCC_541\Debug\os_var.o
                0x1fffb410                OSSchedLockNestingCtr
                0x1fffb414                OS_AppTaskReturnHookPtr
                0x1fffb418                OSStatTaskTimeMax
                0x1fffb41c                OSStatTaskCtr
                0x1fffb420                OSTaskRegNextAvailID
                0x1fffb421                OSRunning
                0x1fffb424                OSRdyList
                0x1fffb5a4                OSPrioHighRdy
                0x1fffb5a5                OSStatTaskRdy
                0x1fffb5a8                OSSemDbgListPtr
                0x1fffb5ac                OS_AppTaskCreateHookPtr
                0x1fffb5b0                OSPrioCur
                0x1fffb5b4                OSTickTaskTCB
                0x1fffb674                OSTmrTickCtr
                0x1fffb678                OSTCBCurPtr
                0x1fffb67c                OSQQty
                0x1fffb67e                OSStatTaskCPUUsageMax
                0x1fffb680                OSPrioSaved
                0x1fffb684                OSTCBHighRdyPtr
                0x1fffb688                OSTaskDbgListPtr
                0x1fffb68c                OSTmrTaskTimeMax
                0x1fffb690                OS_AppTaskDelHookPtr
                0x1fffb694                OS_AppTimeTickHookPtr
                0x1fffb698                OSTaskCtxSwCtr
                0x1fffb69c                OSStatTaskCPUUsage
                0x1fffb69e                OSIntNestingCtr
                0x1fffb6a0                OSTaskQty
                0x1fffb6a4                OSTmrTaskTCB
                0x1fffb764                OSMsgPool
                0x1fffb770                OSIdleTaskTCB
                0x1fffb830                OSQDbgListPtr
                0x1fffb834                OSSemQty
                0x1fffb838                OSMemDbgListPtr
                0x1fffb83c                OSSchedRoundRobinDfltTimeQuanta
                0x1fffb840                OS_AppIdleTaskHookPtr
                0x1fffb844                OSStatTaskCtrMax
                0x1fffb848                OSTickCtr
                0x1fffb84c                OS_AppTaskSwHookPtr
                0x1fffb850                OSTmrQty
                0x1fffb854                OSIdleTaskCtr
                0x1fffb858                OSStatTaskCtrRun
                0x1fffb85c                OS_AppStatTaskHookPtr
                0x1fffb860                OSFlagQty
                0x1fffb864                OSFlagDbgListPtr
                0x1fffb868                OSStatResetFlag
                0x1fffb86a                OSMemQty
                0x1fffb86c                OSMutexQty
                0x1fffb870                OSStatTaskTCB
                0x1fffb930                OSTmrDbgListPtr
                0x1fffb934                OSTickTaskTimeMax
                0x1fffb938                OSTmrUpdateCnt
                0x1fffb93c                OSSchedRoundRobinEn
                0x1fffb940                OSMutexDbgListPtr
                0x1fffb944                OSTmrUpdateCtr
 COMMON         0x1fffb948     0x1150 .\CortexM3\ARM_GCC_541\Debug\os_cfg_app.o
                0x1fffb948                OSCfg_StatTaskStk
                0x1fffbb48                OSCfg_TickWheel
                0x1fffbbd0                OSCfg_MsgPool
                0x1fffc210                OSCfg_TmrTaskStk
                0x1fffc410                OSCfg_TmrWheel
                0x1fffc498                OSCfg_ISRStk
                0x1fffc698                OSCfg_TickTaskStk
                0x1fffc898                OSCfg_IdleTaskStk
 COMMON         0x1fffca98       0x80 .\CortexM3\ARM_GCC_541\Debug\esw_uCOS3_cykit.a(UART_1.o)
                0x1fffca98                UART_1_txBuffer
                0x1fffcad8                UART_1_rxBuffer
 COMMON         0x1fffcb18        0x1 .\CortexM3\ARM_GCC_541\Debug\esw_uCOS3_cykit.a(I2C_1.o)
                0x1fffcb18                I2C_1_state
 *fill*         0x1fffcb19        0x3 
 COMMON         0x1fffcb1c       0x11 .\CortexM3\ARM_GCC_541\Debug\esw_uCOS3_cykit.a(I2C_1_MASTER.o)
                0x1fffcb1c                I2C_1_mstrWrBufIndex
                0x1fffcb1d                I2C_1_mstrControl
                0x1fffcb1e                I2C_1_mstrStatus
                0x1fffcb1f                I2C_1_mstrWrBufSize
                0x1fffcb20                I2C_1_mstrRdBufIndex
                0x1fffcb24                I2C_1_mstrWrBufPtr
                0x1fffcb28                I2C_1_mstrRdBufPtr
                0x1fffcb2c                I2C_1_mstrRdBufSize
 *fill*         0x1fffcb2d        0x3 
 COMMON         0x1fffcb30        0x4 c:/program files (x86)/cypress/psoc creator/4.4/psoc creator/import/gnu/arm/5.4.1/bin/../lib/gcc/arm-none-eabi/5.4.1/../../../../arm-none-eabi/lib/armv7-m\libg_nano.a(lib_a-reent.o)
                0x1fffcb30                errno
                0x1fffcb38                . = ALIGN (0x8)
 *fill*         0x1fffcb34        0x4 
 *(.ram.b)
                0x1fffcb38                _end = .
                0x1fffcb38                __end = .
                0x1fffcb38                PROVIDE (end, .)
                0x1fffcb38                PROVIDE (__bss_end__, .)
                0x00006a38                __cy_region_init_ram = LOADADDR (.data)
                0x00000088                __cy_region_init_size_ram = (_edata - ADDR (.data))
                0x000049e8                __cy_region_zero_size_ram = (_end - _edata)

.heap           0x1fffcb38       0x80 load address 0x00006ac0
                0x1fffcb38                . = _end
                0x1fffcbb8                . = (. + 0x80)
 *fill*         0x1fffcb38       0x80 
                0x1fffcbb8                __cy_heap_limit = .

.stack          0x20007800      0x800
                0x20007800                __cy_stack_limit = .
                0x20008000                . = (. + 0x800)
 *fill*         0x20007800      0x800 
                0x00000001                ASSERT ((__cy_stack_limit >= __cy_heap_limit), region RAM overflowed with stack)
                0x00000000                cy_checksum_exclude_size = (CY_APPL_LOADABLE == 0x1)?SIZEOF (.cy_checksum_exclude):0x0
                0x00000001                ASSERT ((cy_checksum_exclude_size <= CY_CHECKSUM_EXCLUDE_SIZE), CY_BOOT: Section .cy_checksum_exclude size exceedes specified limit.)

.cyloadermeta
 *(.cyloadermeta)

.cyloadablemeta
 *(.cyloadablemeta)

.cyconfigecc    0x80000000      0x530
 *(.cyconfigecc)
 .cyconfigecc   0x80000000      0x530 .\CortexM3\ARM_GCC_541\Debug\cymetadata.o
                0x80000000                cy_meta_configecc

.cycustnvl      0x90000000        0x4
 *(.cycustnvl)
 .cycustnvl     0x90000000        0x4 .\CortexM3\ARM_GCC_541\Debug\cymetadata.o
                0x90000000                cy_meta_custnvl

.cywolatch      0x90100000        0x4
 *(.cywolatch)
 .cywolatch     0x90100000        0x4 .\CortexM3\ARM_GCC_541\Debug\cymetadata.o
                0x90100000                cy_meta_wonvl

.cyeeprom       0x90200000        0x0
 *(.cyeeprom)
                0x00000001                ASSERT ((. <= ((0x90200000 + ee_offset) + ee_size)), .cyeeprom data will not fit in EEPROM)

.cyflashprotect
                0x90400000      0x100
 *(.cyflashprotect)
 .cyflashprotect
                0x90400000      0x100 .\CortexM3\ARM_GCC_541\Debug\cymetadata.o
                0x90400000                cy_meta_flashprotect

.cymeta         0x90500000        0xc
 *(.cymeta)
 .cymeta        0x90500000        0xc .\CortexM3\ARM_GCC_541\Debug\cymetadata.o
                0x90500000                cy_metadata

.rel.dyn        0x00006ac0        0x0 load address 0x9050000c
 .rel.iplt      0x00006ac0        0x0 c:/program files (x86)/cypress/psoc creator/4.4/psoc creator/import/gnu/arm/5.4.1/bin/../lib/gcc/arm-none-eabi/5.4.1/armv7-m/crtbegin.o

.stab
 *(.stab)

.stabstr
 *(.stabstr)

.debug
 *(.debug)

.line
 *(.line)

.debug_srcinfo
 *(.debug_srcinfo)

.debug_sfnames
 *(.debug_sfnames)

.debug_aranges  0x00000000     0x1b88
 *(.debug_aranges)
 .debug_aranges
                0x00000000       0x28 .\CortexM3\ARM_GCC_541\Debug\app.o
 .debug_aranges
                0x00000028       0x68 .\CortexM3\ARM_GCC_541\Debug\os_app_hooks.o
 .debug_aranges
                0x00000090       0x40 .\CortexM3\ARM_GCC_541\Debug\log_task.o
 .debug_aranges
                0x000000d0       0x70 .\CortexM3\ARM_GCC_541\Debug\heartbeatSensor.o
 .debug_aranges
                0x00000140       0x40 .\CortexM3\ARM_GCC_541\Debug\environmentSensor.o
 .debug_aranges
                0x00000180       0x38 .\CortexM3\ARM_GCC_541\Debug\bsp_os.o
 .debug_aranges
                0x000001b8       0x58 .\CortexM3\ARM_GCC_541\Debug\bsp.o
 .debug_aranges
                0x00000210       0x30 .\CortexM3\ARM_GCC_541\Debug\cpu_bsp.o
 .debug_aranges
                0x00000240       0x30 .\CortexM3\ARM_GCC_541\Debug\bsp_uart.o
 .debug_aranges
                0x00000270       0x38 .\CortexM3\ARM_GCC_541\Debug\bsp_gpio.o
 .debug_aranges
                0x000002a8       0x38 .\CortexM3\ARM_GCC_541\Debug\bsp_i2c.o
 .debug_aranges
                0x000002e0       0x38 .\CortexM3\ARM_GCC_541\Debug\bsp_counter.o
 .debug_aranges
                0x00000318       0x50 .\CortexM3\ARM_GCC_541\Debug\cpu_c.o
 .debug_aranges
                0x00000368       0xb0 .\CortexM3\ARM_GCC_541\Debug\cpu_core.o
 .debug_aranges
                0x00000418       0x38 .\CortexM3\ARM_GCC_541\Debug\lib_math.o
 .debug_aranges
                0x00000450       0x48 .\CortexM3\ARM_GCC_541\Debug\lib_mem.o
 .debug_aranges
                0x00000498       0xd8 .\CortexM3\ARM_GCC_541\Debug\lib_str.o
 .debug_aranges
                0x00000570       0x98 .\CortexM3\ARM_GCC_541\Debug\lib_ascii.o
 .debug_aranges
                0x00000608       0x70 .\CortexM3\ARM_GCC_541\Debug\os_cpu_c.o
 .debug_aranges
                0x00000678       0x38 .\CortexM3\ARM_GCC_541\Debug\os_pend_multi.o
 .debug_aranges
                0x000006b0       0x38 .\CortexM3\ARM_GCC_541\Debug\os_prio.o
 .debug_aranges
                0x000006e8       0x70 .\CortexM3\ARM_GCC_541\Debug\os_q.o
 .debug_aranges
                0x00000758       0x70 .\CortexM3\ARM_GCC_541\Debug\os_sem.o
 .debug_aranges
                0x000007c8       0x38 .\CortexM3\ARM_GCC_541\Debug\os_stat.o
 .debug_aranges
                0x00000800       0xf0 .\CortexM3\ARM_GCC_541\Debug\os_task.o
 .debug_aranges
                0x000008f0       0x50 .\CortexM3\ARM_GCC_541\Debug\os_tick.o
 .debug_aranges
                0x00000940       0x48 .\CortexM3\ARM_GCC_541\Debug\os_time.o
 .debug_aranges
                0x00000988       0x88 .\CortexM3\ARM_GCC_541\Debug\os_tmr.o
 .debug_aranges
                0x00000a10       0x18 .\CortexM3\ARM_GCC_541\Debug\os_var.o
 .debug_aranges
                0x00000a28       0x20 .\CortexM3\ARM_GCC_541\Debug\os_cfg_app.o
 .debug_aranges
                0x00000a48      0x140 .\CortexM3\ARM_GCC_541\Debug\os_core.o
 .debug_aranges
                0x00000b88       0x20 .\CortexM3\ARM_GCC_541\Debug\os_dbg.o
 .debug_aranges
                0x00000ba8       0x80 .\CortexM3\ARM_GCC_541\Debug\os_flag.o
 .debug_aranges
                0x00000c28       0x18 .\CortexM3\ARM_GCC_541\Debug\os_int.o
 .debug_aranges
                0x00000c40       0x40 .\CortexM3\ARM_GCC_541\Debug\os_mem.o
 .debug_aranges
                0x00000c80       0x40 .\CortexM3\ARM_GCC_541\Debug\os_msg.o
 .debug_aranges
                0x00000cc0       0x60 .\CortexM3\ARM_GCC_541\Debug\os_mutex.o
 .debug_aranges
                0x00000d20       0x48 .\CortexM3\ARM_GCC_541\Debug\max30102_interface.o
 .debug_aranges
                0x00000d68      0x180 .\CortexM3\ARM_GCC_541\Debug\driver_max30102.o
 .debug_aranges
                0x00000ee8      0x120 .\CortexM3\ARM_GCC_541\Debug\bme68x.o
 .debug_aranges
                0x00001008       0x58 .\CortexM3\ARM_GCC_541\Debug\cyfitter_cfg.o
 .debug_aranges
                0x00001060       0x18 .\CortexM3\ARM_GCC_541\Debug\cymetadata.o
 .debug_aranges
                0x00001078       0x48 .\CortexM3\ARM_GCC_541\Debug\Cm3Start.o
 .debug_aranges
                0x000010c0       0x20 .\CortexM3\ARM_GCC_541\Debug\cpu_a.o
 .debug_aranges
                0x000010e0       0x20 .\CortexM3\ARM_GCC_541\Debug\os_cpu_a.o
 .debug_aranges
                0x00001100       0xf0 .\CortexM3\ARM_GCC_541\Debug\esw_uCOS3_cykit.a(UART_1.o)
 .debug_aranges
                0x000011f0       0x28 .\CortexM3\ARM_GCC_541\Debug\esw_uCOS3_cykit.a(UART_1_INT.o)
 .debug_aranges
                0x00001218       0x38 .\CortexM3\ARM_GCC_541\Debug\esw_uCOS3_cykit.a(Pin_1.o)
 .debug_aranges
                0x00001250       0x70 .\CortexM3\ARM_GCC_541\Debug\esw_uCOS3_cykit.a(UART_1_IntClock.o)
 .debug_aranges
                0x000012c0       0xd8 .\CortexM3\ARM_GCC_541\Debug\esw_uCOS3_cykit.a(CyDmac.o)
 .debug_aranges
                0x00001398      0x2a0 .\CortexM3\ARM_GCC_541\Debug\esw_uCOS3_cykit.a(CyLib.o)
 .debug_aranges
                0x00001638       0x98 .\CortexM3\ARM_GCC_541\Debug\esw_uCOS3_cykit.a(cyPm.o)
 .debug_aranges
                0x000016d0       0x38 .\CortexM3\ARM_GCC_541\Debug\esw_uCOS3_cykit.a(Pin_2.o)
 .debug_aranges
                0x00001708       0x38 .\CortexM3\ARM_GCC_541\Debug\esw_uCOS3_cykit.a(push_button.o)
 .debug_aranges
                0x00001740       0x38 .\CortexM3\ARM_GCC_541\Debug\esw_uCOS3_cykit.a(I2C_1.o)
 .debug_aranges
                0x00001778       0x20 .\CortexM3\ARM_GCC_541\Debug\esw_uCOS3_cykit.a(I2C_1_INT.o)
 .debug_aranges
                0x00001798       0x38 .\CortexM3\ARM_GCC_541\Debug\esw_uCOS3_cykit.a(I2C_1_PM.o)
 .debug_aranges
                0x000017d0       0x80 .\CortexM3\ARM_GCC_541\Debug\esw_uCOS3_cykit.a(I2C_1_MASTER.o)
 .debug_aranges
                0x00001850       0x88 .\CortexM3\ARM_GCC_541\Debug\esw_uCOS3_cykit.a(Timer_1.o)
 .debug_aranges
                0x000018d8       0x80 .\CortexM3\ARM_GCC_541\Debug\esw_uCOS3_cykit.a(Timer_ISR.o)
 .debug_aranges
                0x00001958       0x98 .\CortexM3\ARM_GCC_541\Debug\esw_uCOS3_cykit.a(Counter_1.o)
 .debug_aranges
                0x000019f0       0x70 .\CortexM3\ARM_GCC_541\Debug\esw_uCOS3_cykit.a(Clock_1.o)
 .debug_aranges
                0x00001a60       0x20 .\CortexM3\ARM_GCC_541\Debug\esw_uCOS3_cykit.a(CyBootAsmGnu.o)
 .debug_aranges
                0x00001a80       0x88 .\CortexM3\ARM_GCC_541\Debug\esw_uCOS3_cykit.a(CyFlash.o)
 .debug_aranges
                0x00001b08       0x80 .\CortexM3\ARM_GCC_541\Debug\esw_uCOS3_cykit.a(CySpc.o)

.debug_pubnames
 *(.debug_pubnames)

.debug_info     0x00000000    0x2a1c2
 *(.debug_info .gnu.linkonce.wi.*)
 .debug_info    0x00000000      0xf20 .\CortexM3\ARM_GCC_541\Debug\app.o
 .debug_info    0x00000f20      0x894 .\CortexM3\ARM_GCC_541\Debug\os_app_hooks.o
 .debug_info    0x000017b4     0x13ab .\CortexM3\ARM_GCC_541\Debug\log_task.o
 .debug_info    0x00002b5f     0x1474 .\CortexM3\ARM_GCC_541\Debug\heartbeatSensor.o
 .debug_info    0x00003fd3     0x1797 .\CortexM3\ARM_GCC_541\Debug\environmentSensor.o
 .debug_info    0x0000576a      0xe09 .\CortexM3\ARM_GCC_541\Debug\bsp_os.o
 .debug_info    0x00006573      0x392 .\CortexM3\ARM_GCC_541\Debug\bsp.o
 .debug_info    0x00006905      0x178 .\CortexM3\ARM_GCC_541\Debug\cpu_bsp.o
 .debug_info    0x00006a7d      0x12b .\CortexM3\ARM_GCC_541\Debug\bsp_uart.o
 .debug_info    0x00006ba8      0x28c .\CortexM3\ARM_GCC_541\Debug\bsp_gpio.o
 .debug_info    0x00006e34     0x10f8 .\CortexM3\ARM_GCC_541\Debug\bsp_i2c.o
 .debug_info    0x00007f2c      0x165 .\CortexM3\ARM_GCC_541\Debug\bsp_counter.o
 .debug_info    0x00008091      0x5f2 .\CortexM3\ARM_GCC_541\Debug\cpu_c.o
 .debug_info    0x00008683      0x71b .\CortexM3\ARM_GCC_541\Debug\cpu_core.o
 .debug_info    0x00008d9e      0x1e9 .\CortexM3\ARM_GCC_541\Debug\lib_math.o
 .debug_info    0x00008f87      0x4df .\CortexM3\ARM_GCC_541\Debug\lib_mem.o
 .debug_info    0x00009466     0x10d7 .\CortexM3\ARM_GCC_541\Debug\lib_str.o
 .debug_info    0x0000a53d      0x43b .\CortexM3\ARM_GCC_541\Debug\lib_ascii.o
 .debug_info    0x0000a978      0xa1f .\CortexM3\ARM_GCC_541\Debug\os_cpu_c.o
 .debug_info    0x0000b397     0x1032 .\CortexM3\ARM_GCC_541\Debug\os_pend_multi.o
 .debug_info    0x0000c3c9      0x1f0 .\CortexM3\ARM_GCC_541\Debug\os_prio.o
 .debug_info    0x0000c5b9     0x14dd .\CortexM3\ARM_GCC_541\Debug\os_q.o
 .debug_info    0x0000da96     0x13bd .\CortexM3\ARM_GCC_541\Debug\os_sem.o
 .debug_info    0x0000ee53     0x1219 .\CortexM3\ARM_GCC_541\Debug\os_stat.o
 .debug_info    0x0001006c     0x20a8 .\CortexM3\ARM_GCC_541\Debug\os_task.o
 .debug_info    0x00012114      0xfe0 .\CortexM3\ARM_GCC_541\Debug\os_tick.o
 .debug_info    0x000130f4     0x10d8 .\CortexM3\ARM_GCC_541\Debug\os_time.o
 .debug_info    0x000141cc     0x16b7 .\CortexM3\ARM_GCC_541\Debug\os_tmr.o
 .debug_info    0x00015883      0xf4c .\CortexM3\ARM_GCC_541\Debug\os_var.o
 .debug_info    0x000167cf      0xbda .\CortexM3\ARM_GCC_541\Debug\os_cfg_app.o
 .debug_info    0x000173a9     0x1f24 .\CortexM3\ARM_GCC_541\Debug\os_core.o
 .debug_info    0x000192cd     0x1379 .\CortexM3\ARM_GCC_541\Debug\os_dbg.o
 .debug_info    0x0001a646     0x178f .\CortexM3\ARM_GCC_541\Debug\os_flag.o
 .debug_info    0x0001bdd5       0x87 .\CortexM3\ARM_GCC_541\Debug\os_int.o
 .debug_info    0x0001be5c      0x89b .\CortexM3\ARM_GCC_541\Debug\os_mem.o
 .debug_info    0x0001c6f7      0x87b .\CortexM3\ARM_GCC_541\Debug\os_msg.o
 .debug_info    0x0001cf72     0x13bd .\CortexM3\ARM_GCC_541\Debug\os_mutex.o
 .debug_info    0x0001e32f     0x103e .\CortexM3\ARM_GCC_541\Debug\max30102_interface.o
 .debug_info    0x0001f36d     0x2959 .\CortexM3\ARM_GCC_541\Debug\driver_max30102.o
 .debug_info    0x00021cc6     0x2123 .\CortexM3\ARM_GCC_541\Debug\bme68x.o
 .debug_info    0x00023de9      0x605 .\CortexM3\ARM_GCC_541\Debug\cyfitter_cfg.o
 .debug_info    0x000243ee      0x136 .\CortexM3\ARM_GCC_541\Debug\cymetadata.o
 .debug_info    0x00024524      0x3cf .\CortexM3\ARM_GCC_541\Debug\Cm3Start.o
 .debug_info    0x000248f3       0x90 .\CortexM3\ARM_GCC_541\Debug\cpu_a.o
 .debug_info    0x00024983       0xa3 .\CortexM3\ARM_GCC_541\Debug\os_cpu_a.o
 .debug_info    0x00024a26      0x7ae .\CortexM3\ARM_GCC_541\Debug\esw_uCOS3_cykit.a(UART_1.o)
 .debug_info    0x000251d4      0x186 .\CortexM3\ARM_GCC_541\Debug\esw_uCOS3_cykit.a(UART_1_INT.o)
 .debug_info    0x0002535a      0x11f .\CortexM3\ARM_GCC_541\Debug\esw_uCOS3_cykit.a(Pin_1.o)
 .debug_info    0x00025479      0x283 .\CortexM3\ARM_GCC_541\Debug\esw_uCOS3_cykit.a(UART_1_IntClock.o)
 .debug_info    0x000256fc      0x94e .\CortexM3\ARM_GCC_541\Debug\esw_uCOS3_cykit.a(CyDmac.o)
 .debug_info    0x0002604a     0x1374 .\CortexM3\ARM_GCC_541\Debug\esw_uCOS3_cykit.a(CyLib.o)
 .debug_info    0x000273be      0xa2a .\CortexM3\ARM_GCC_541\Debug\esw_uCOS3_cykit.a(cyPm.o)
 .debug_info    0x00027de8      0x11f .\CortexM3\ARM_GCC_541\Debug\esw_uCOS3_cykit.a(Pin_2.o)
 .debug_info    0x00027f07      0x11f .\CortexM3\ARM_GCC_541\Debug\esw_uCOS3_cykit.a(push_button.o)
 .debug_info    0x00028026      0x2ab .\CortexM3\ARM_GCC_541\Debug\esw_uCOS3_cykit.a(I2C_1.o)
 .debug_info    0x000282d1      0x184 .\CortexM3\ARM_GCC_541\Debug\esw_uCOS3_cykit.a(I2C_1_INT.o)
 .debug_info    0x00028455      0x207 .\CortexM3\ARM_GCC_541\Debug\esw_uCOS3_cykit.a(I2C_1_PM.o)
 .debug_info    0x0002865c      0x407 .\CortexM3\ARM_GCC_541\Debug\esw_uCOS3_cykit.a(I2C_1_MASTER.o)
 .debug_info    0x00028a63      0x295 .\CortexM3\ARM_GCC_541\Debug\esw_uCOS3_cykit.a(Timer_1.o)
 .debug_info    0x00028cf8      0x2d2 .\CortexM3\ARM_GCC_541\Debug\esw_uCOS3_cykit.a(Timer_ISR.o)
 .debug_info    0x00028fca      0x343 .\CortexM3\ARM_GCC_541\Debug\esw_uCOS3_cykit.a(Counter_1.o)
 .debug_info    0x0002930d      0x283 .\CortexM3\ARM_GCC_541\Debug\esw_uCOS3_cykit.a(Clock_1.o)
 .debug_info    0x00029590       0x95 .\CortexM3\ARM_GCC_541\Debug\esw_uCOS3_cykit.a(CyBootAsmGnu.o)
 .debug_info    0x00029625      0x64d .\CortexM3\ARM_GCC_541\Debug\esw_uCOS3_cykit.a(CyFlash.o)
 .debug_info    0x00029c72      0x550 .\CortexM3\ARM_GCC_541\Debug\esw_uCOS3_cykit.a(CySpc.o)

.debug_abbrev   0x00000000     0x5c35
 *(.debug_abbrev)
 .debug_abbrev  0x00000000      0x1ba .\CortexM3\ARM_GCC_541\Debug\app.o
 .debug_abbrev  0x000001ba      0x127 .\CortexM3\ARM_GCC_541\Debug\os_app_hooks.o
 .debug_abbrev  0x000002e1      0x251 .\CortexM3\ARM_GCC_541\Debug\log_task.o
 .debug_abbrev  0x00000532      0x2d7 .\CortexM3\ARM_GCC_541\Debug\heartbeatSensor.o
 .debug_abbrev  0x00000809      0x20c .\CortexM3\ARM_GCC_541\Debug\environmentSensor.o
 .debug_abbrev  0x00000a15      0x187 .\CortexM3\ARM_GCC_541\Debug\bsp_os.o
 .debug_abbrev  0x00000b9c      0x174 .\CortexM3\ARM_GCC_541\Debug\bsp.o
 .debug_abbrev  0x00000d10       0xce .\CortexM3\ARM_GCC_541\Debug\cpu_bsp.o
 .debug_abbrev  0x00000dde       0x98 .\CortexM3\ARM_GCC_541\Debug\bsp_uart.o
 .debug_abbrev  0x00000e76       0xe7 .\CortexM3\ARM_GCC_541\Debug\bsp_gpio.o
 .debug_abbrev  0x00000f5d      0x1fc .\CortexM3\ARM_GCC_541\Debug\bsp_i2c.o
 .debug_abbrev  0x00001159       0x85 .\CortexM3\ARM_GCC_541\Debug\bsp_counter.o
 .debug_abbrev  0x000011de      0x155 .\CortexM3\ARM_GCC_541\Debug\cpu_c.o
 .debug_abbrev  0x00001333      0x1fa .\CortexM3\ARM_GCC_541\Debug\cpu_core.o
 .debug_abbrev  0x0000152d      0x116 .\CortexM3\ARM_GCC_541\Debug\lib_math.o
 .debug_abbrev  0x00001643      0x12a .\CortexM3\ARM_GCC_541\Debug\lib_mem.o
 .debug_abbrev  0x0000176d      0x19d .\CortexM3\ARM_GCC_541\Debug\lib_str.o
 .debug_abbrev  0x0000190a      0x105 .\CortexM3\ARM_GCC_541\Debug\lib_ascii.o
 .debug_abbrev  0x00001a0f      0x21d .\CortexM3\ARM_GCC_541\Debug\os_cpu_c.o
 .debug_abbrev  0x00001c2c      0x1f0 .\CortexM3\ARM_GCC_541\Debug\os_pend_multi.o
 .debug_abbrev  0x00001e1c       0xf1 .\CortexM3\ARM_GCC_541\Debug\os_prio.o
 .debug_abbrev  0x00001f0d      0x228 .\CortexM3\ARM_GCC_541\Debug\os_q.o
 .debug_abbrev  0x00002135      0x226 .\CortexM3\ARM_GCC_541\Debug\os_sem.o
 .debug_abbrev  0x0000235b      0x1f6 .\CortexM3\ARM_GCC_541\Debug\os_stat.o
 .debug_abbrev  0x00002551      0x1f3 .\CortexM3\ARM_GCC_541\Debug\os_task.o
 .debug_abbrev  0x00002744      0x224 .\CortexM3\ARM_GCC_541\Debug\os_tick.o
 .debug_abbrev  0x00002968      0x1c8 .\CortexM3\ARM_GCC_541\Debug\os_time.o
 .debug_abbrev  0x00002b30      0x269 .\CortexM3\ARM_GCC_541\Debug\os_tmr.o
 .debug_abbrev  0x00002d99       0xb7 .\CortexM3\ARM_GCC_541\Debug\os_var.o
 .debug_abbrev  0x00002e50       0xdc .\CortexM3\ARM_GCC_541\Debug\os_cfg_app.o
 .debug_abbrev  0x00002f2c      0x265 .\CortexM3\ARM_GCC_541\Debug\os_core.o
 .debug_abbrev  0x00003191       0xfa .\CortexM3\ARM_GCC_541\Debug\os_dbg.o
 .debug_abbrev  0x0000328b      0x226 .\CortexM3\ARM_GCC_541\Debug\os_flag.o
 .debug_abbrev  0x000034b1       0x26 .\CortexM3\ARM_GCC_541\Debug\os_int.o
 .debug_abbrev  0x000034d7      0x190 .\CortexM3\ARM_GCC_541\Debug\os_mem.o
 .debug_abbrev  0x00003667      0x184 .\CortexM3\ARM_GCC_541\Debug\os_msg.o
 .debug_abbrev  0x000037eb      0x219 .\CortexM3\ARM_GCC_541\Debug\os_mutex.o
 .debug_abbrev  0x00003a04      0x219 .\CortexM3\ARM_GCC_541\Debug\max30102_interface.o
 .debug_abbrev  0x00003c1d      0x20c .\CortexM3\ARM_GCC_541\Debug\driver_max30102.o
 .debug_abbrev  0x00003e29      0x2a7 .\CortexM3\ARM_GCC_541\Debug\bme68x.o
 .debug_abbrev  0x000040d0      0x20d .\CortexM3\ARM_GCC_541\Debug\cyfitter_cfg.o
 .debug_abbrev  0x000042dd       0x77 .\CortexM3\ARM_GCC_541\Debug\cymetadata.o
 .debug_abbrev  0x00004354      0x1e8 .\CortexM3\ARM_GCC_541\Debug\Cm3Start.o
 .debug_abbrev  0x0000453c       0x14 .\CortexM3\ARM_GCC_541\Debug\cpu_a.o
 .debug_abbrev  0x00004550       0x14 .\CortexM3\ARM_GCC_541\Debug\os_cpu_a.o
 .debug_abbrev  0x00004564      0x16f .\CortexM3\ARM_GCC_541\Debug\esw_uCOS3_cykit.a(UART_1.o)
 .debug_abbrev  0x000046d3       0xa2 .\CortexM3\ARM_GCC_541\Debug\esw_uCOS3_cykit.a(UART_1_INT.o)
 .debug_abbrev  0x00004775       0x90 .\CortexM3\ARM_GCC_541\Debug\esw_uCOS3_cykit.a(Pin_1.o)
 .debug_abbrev  0x00004805      0x139 .\CortexM3\ARM_GCC_541\Debug\esw_uCOS3_cykit.a(UART_1_IntClock.o)
 .debug_abbrev  0x0000493e      0x1b2 .\CortexM3\ARM_GCC_541\Debug\esw_uCOS3_cykit.a(CyDmac.o)
 .debug_abbrev  0x00004af0      0x254 .\CortexM3\ARM_GCC_541\Debug\esw_uCOS3_cykit.a(CyLib.o)
 .debug_abbrev  0x00004d44      0x1ab .\CortexM3\ARM_GCC_541\Debug\esw_uCOS3_cykit.a(cyPm.o)
 .debug_abbrev  0x00004eef       0x90 .\CortexM3\ARM_GCC_541\Debug\esw_uCOS3_cykit.a(Pin_2.o)
 .debug_abbrev  0x00004f7f       0x90 .\CortexM3\ARM_GCC_541\Debug\esw_uCOS3_cykit.a(push_button.o)
 .debug_abbrev  0x0000500f      0x10a .\CortexM3\ARM_GCC_541\Debug\esw_uCOS3_cykit.a(I2C_1.o)
 .debug_abbrev  0x00005119       0xb6 .\CortexM3\ARM_GCC_541\Debug\esw_uCOS3_cykit.a(I2C_1_INT.o)
 .debug_abbrev  0x000051cf       0xfe .\CortexM3\ARM_GCC_541\Debug\esw_uCOS3_cykit.a(I2C_1_PM.o)
 .debug_abbrev  0x000052cd      0x13c .\CortexM3\ARM_GCC_541\Debug\esw_uCOS3_cykit.a(I2C_1_MASTER.o)
 .debug_abbrev  0x00005409      0x11a .\CortexM3\ARM_GCC_541\Debug\esw_uCOS3_cykit.a(Timer_1.o)
 .debug_abbrev  0x00005523      0x173 .\CortexM3\ARM_GCC_541\Debug\esw_uCOS3_cykit.a(Timer_ISR.o)
 .debug_abbrev  0x00005696      0x117 .\CortexM3\ARM_GCC_541\Debug\esw_uCOS3_cykit.a(Counter_1.o)
 .debug_abbrev  0x000057ad      0x139 .\CortexM3\ARM_GCC_541\Debug\esw_uCOS3_cykit.a(Clock_1.o)
 .debug_abbrev  0x000058e6       0x14 .\CortexM3\ARM_GCC_541\Debug\esw_uCOS3_cykit.a(CyBootAsmGnu.o)
 .debug_abbrev  0x000058fa      0x1a7 .\CortexM3\ARM_GCC_541\Debug\esw_uCOS3_cykit.a(CyFlash.o)
 .debug_abbrev  0x00005aa1      0x194 .\CortexM3\ARM_GCC_541\Debug\esw_uCOS3_cykit.a(CySpc.o)

.debug_line     0x00000000     0x8ab1
 *(.debug_line)
 .debug_line    0x00000000      0x242 .\CortexM3\ARM_GCC_541\Debug\app.o
 .debug_line    0x00000242      0x147 .\CortexM3\ARM_GCC_541\Debug\os_app_hooks.o
 .debug_line    0x00000389      0x38a .\CortexM3\ARM_GCC_541\Debug\log_task.o
 .debug_line    0x00000713      0x3df .\CortexM3\ARM_GCC_541\Debug\heartbeatSensor.o
 .debug_line    0x00000af2      0x3b2 .\CortexM3\ARM_GCC_541\Debug\environmentSensor.o
 .debug_line    0x00000ea4      0x112 .\CortexM3\ARM_GCC_541\Debug\bsp_os.o
 .debug_line    0x00000fb6      0x176 .\CortexM3\ARM_GCC_541\Debug\bsp.o
 .debug_line    0x0000112c       0xaf .\CortexM3\ARM_GCC_541\Debug\cpu_bsp.o
 .debug_line    0x000011db       0xa4 .\CortexM3\ARM_GCC_541\Debug\bsp_uart.o
 .debug_line    0x0000127f      0x114 .\CortexM3\ARM_GCC_541\Debug\bsp_gpio.o
 .debug_line    0x00001393      0x270 .\CortexM3\ARM_GCC_541\Debug\bsp_i2c.o
 .debug_line    0x00001603      0x193 .\CortexM3\ARM_GCC_541\Debug\bsp_counter.o
 .debug_line    0x00001796      0x1a8 .\CortexM3\ARM_GCC_541\Debug\cpu_c.o
 .debug_line    0x0000193e      0x260 .\CortexM3\ARM_GCC_541\Debug\cpu_core.o
 .debug_line    0x00001b9e       0xb9 .\CortexM3\ARM_GCC_541\Debug\lib_math.o
 .debug_line    0x00001c57      0x197 .\CortexM3\ARM_GCC_541\Debug\lib_mem.o
 .debug_line    0x00001dee      0x4f8 .\CortexM3\ARM_GCC_541\Debug\lib_str.o
 .debug_line    0x000022e6      0x20e .\CortexM3\ARM_GCC_541\Debug\lib_ascii.o
 .debug_line    0x000024f4      0x1e6 .\CortexM3\ARM_GCC_541\Debug\os_cpu_c.o
 .debug_line    0x000026da      0x191 .\CortexM3\ARM_GCC_541\Debug\os_pend_multi.o
 .debug_line    0x0000286b       0xf6 .\CortexM3\ARM_GCC_541\Debug\os_prio.o
 .debug_line    0x00002961      0x264 .\CortexM3\ARM_GCC_541\Debug\os_q.o
 .debug_line    0x00002bc5      0x25e .\CortexM3\ARM_GCC_541\Debug\os_sem.o
 .debug_line    0x00002e23      0x1a7 .\CortexM3\ARM_GCC_541\Debug\os_stat.o
 .debug_line    0x00002fca      0x53b .\CortexM3\ARM_GCC_541\Debug\os_task.o
 .debug_line    0x00003505      0x1f2 .\CortexM3\ARM_GCC_541\Debug\os_tick.o
 .debug_line    0x000036f7      0x198 .\CortexM3\ARM_GCC_541\Debug\os_time.o
 .debug_line    0x0000388f      0x317 .\CortexM3\ARM_GCC_541\Debug\os_tmr.o
 .debug_line    0x00003ba6       0x7f .\CortexM3\ARM_GCC_541\Debug\os_var.o
 .debug_line    0x00003c25       0xaf .\CortexM3\ARM_GCC_541\Debug\os_cfg_app.o
 .debug_line    0x00003cd4      0x5c9 .\CortexM3\ARM_GCC_541\Debug\os_core.o
 .debug_line    0x0000429d       0xab .\CortexM3\ARM_GCC_541\Debug\os_dbg.o
 .debug_line    0x00004348      0x301 .\CortexM3\ARM_GCC_541\Debug\os_flag.o
 .debug_line    0x00004649       0x1d .\CortexM3\ARM_GCC_541\Debug\os_int.o
 .debug_line    0x00004666      0x14a .\CortexM3\ARM_GCC_541\Debug\os_mem.o
 .debug_line    0x000047b0      0x17a .\CortexM3\ARM_GCC_541\Debug\os_msg.o
 .debug_line    0x0000492a      0x25b .\CortexM3\ARM_GCC_541\Debug\os_mutex.o
 .debug_line    0x00004b85      0x39b .\CortexM3\ARM_GCC_541\Debug\max30102_interface.o
 .debug_line    0x00004f20      0x8d1 .\CortexM3\ARM_GCC_541\Debug\driver_max30102.o
 .debug_line    0x000057f1      0x797 .\CortexM3\ARM_GCC_541\Debug\bme68x.o
 .debug_line    0x00005f88      0x1f8 .\CortexM3\ARM_GCC_541\Debug\cyfitter_cfg.o
 .debug_line    0x00006180      0x141 .\CortexM3\ARM_GCC_541\Debug\cymetadata.o
 .debug_line    0x000062c1      0x241 .\CortexM3\ARM_GCC_541\Debug\Cm3Start.o
 .debug_line    0x00006502       0x70 .\CortexM3\ARM_GCC_541\Debug\cpu_a.o
 .debug_line    0x00006572       0x9a .\CortexM3\ARM_GCC_541\Debug\os_cpu_a.o
 .debug_line    0x0000660c      0x33f .\CortexM3\ARM_GCC_541\Debug\esw_uCOS3_cykit.a(UART_1.o)
 .debug_line    0x0000694b       0xa9 .\CortexM3\ARM_GCC_541\Debug\esw_uCOS3_cykit.a(UART_1_INT.o)
 .debug_line    0x000069f4       0x92 .\CortexM3\ARM_GCC_541\Debug\esw_uCOS3_cykit.a(Pin_1.o)
 .debug_line    0x00006a86      0x17e .\CortexM3\ARM_GCC_541\Debug\esw_uCOS3_cykit.a(UART_1_IntClock.o)
 .debug_line    0x00006c04      0x2e4 .\CortexM3\ARM_GCC_541\Debug\esw_uCOS3_cykit.a(CyDmac.o)
 .debug_line    0x00006ee8      0x816 .\CortexM3\ARM_GCC_541\Debug\esw_uCOS3_cykit.a(CyLib.o)
 .debug_line    0x000076fe      0x367 .\CortexM3\ARM_GCC_541\Debug\esw_uCOS3_cykit.a(cyPm.o)
 .debug_line    0x00007a65       0x93 .\CortexM3\ARM_GCC_541\Debug\esw_uCOS3_cykit.a(Pin_2.o)
 .debug_line    0x00007af8       0x98 .\CortexM3\ARM_GCC_541\Debug\esw_uCOS3_cykit.a(push_button.o)
 .debug_line    0x00007b90       0xdf .\CortexM3\ARM_GCC_541\Debug\esw_uCOS3_cykit.a(I2C_1.o)
 .debug_line    0x00007c6f      0x118 .\CortexM3\ARM_GCC_541\Debug\esw_uCOS3_cykit.a(I2C_1_INT.o)
 .debug_line    0x00007d87       0xbf .\CortexM3\ARM_GCC_541\Debug\esw_uCOS3_cykit.a(I2C_1_PM.o)
 .debug_line    0x00007e46      0x201 .\CortexM3\ARM_GCC_541\Debug\esw_uCOS3_cykit.a(I2C_1_MASTER.o)
 .debug_line    0x00008047      0x155 .\CortexM3\ARM_GCC_541\Debug\esw_uCOS3_cykit.a(Timer_1.o)
 .debug_line    0x0000819c      0x136 .\CortexM3\ARM_GCC_541\Debug\esw_uCOS3_cykit.a(Timer_ISR.o)
 .debug_line    0x000082d2      0x189 .\CortexM3\ARM_GCC_541\Debug\esw_uCOS3_cykit.a(Counter_1.o)
 .debug_line    0x0000845b      0x176 .\CortexM3\ARM_GCC_541\Debug\esw_uCOS3_cykit.a(Clock_1.o)
 .debug_line    0x000085d1       0x66 .\CortexM3\ARM_GCC_541\Debug\esw_uCOS3_cykit.a(CyBootAsmGnu.o)
 .debug_line    0x00008637      0x21a .\CortexM3\ARM_GCC_541\Debug\esw_uCOS3_cykit.a(CyFlash.o)
 .debug_line    0x00008851      0x260 .\CortexM3\ARM_GCC_541\Debug\esw_uCOS3_cykit.a(CySpc.o)

.debug_frame    0x00000000     0x533c
 *(.debug_frame)
 .debug_frame   0x00000000       0x54 .\CortexM3\ARM_GCC_541\Debug\app.o
 .debug_frame   0x00000054       0xc8 .\CortexM3\ARM_GCC_541\Debug\os_app_hooks.o
 .debug_frame   0x0000011c       0xc0 .\CortexM3\ARM_GCC_541\Debug\log_task.o
 .debug_frame   0x000001dc      0x134 .\CortexM3\ARM_GCC_541\Debug\heartbeatSensor.o
 .debug_frame   0x00000310       0xa4 .\CortexM3\ARM_GCC_541\Debug\environmentSensor.o
 .debug_frame   0x000003b4       0x88 .\CortexM3\ARM_GCC_541\Debug\bsp_os.o
 .debug_frame   0x0000043c       0xdc .\CortexM3\ARM_GCC_541\Debug\bsp.o