Archive member included to satisfy reference by file (symbol)

.\CortexM3\ARM_GCC_541\Debug\esw_uCOS3_cykit.a(UART_1.o)
                              .\CortexM3\ARM_GCC_541\Debug\bsp_uart.o (UART_1_Start)
.\CortexM3\ARM_GCC_541\Debug\esw_uCOS3_cykit.a(UART_1_INT.o)
                              .\CortexM3\ARM_GCC_541\Debug\esw_uCOS3_cykit.a(UART_1.o) (UART_1_RXISR)
.\CortexM3\ARM_GCC_541\Debug\esw_uCOS3_cykit.a(Pin_1.o)
                              .\CortexM3\ARM_GCC_541\Debug\gpio_tasks.o (Pin_1_SetDriveMode)
.\CortexM3\ARM_GCC_541\Debug\esw_uCOS3_cykit.a(UART_1_IntClock.o)
                              .\CortexM3\ARM_GCC_541\Debug\esw_uCOS3_cykit.a(UART_1.o) (UART_1_IntClock_Start)
.\CortexM3\ARM_GCC_541\Debug\esw_uCOS3_cykit.a(CyDmac.o)
                              .\CortexM3\ARM_GCC_541\Debug\Cm3Start.o (CyDmacConfigure)
.\CortexM3\ARM_GCC_541\Debug\esw_uCOS3_cykit.a(CyLib.o)
                              .\CortexM3\ARM_GCC_541\Debug\Cm3Start.o (CyHalt)
.\CortexM3\ARM_GCC_541\Debug\esw_uCOS3_cykit.a(cyPm.o)
                              .\CortexM3\ARM_GCC_541\Debug\esw_uCOS3_cykit.a(CyLib.o) (CyPmReadStatus)
.\CortexM3\ARM_GCC_541\Debug\esw_uCOS3_cykit.a(Pin_2.o)
                              .\CortexM3\ARM_GCC_541\Debug\gpio_tasks.o (Pin_2_SetDriveMode)
.\CortexM3\ARM_GCC_541\Debug\esw_uCOS3_cykit.a(push_button.o)
                              .\CortexM3\ARM_GCC_541\Debug\gpio_tasks.o (push_button_Write)
.\CortexM3\ARM_GCC_541\Debug\esw_uCOS3_cykit.a(I2C_1.o)
                              .\CortexM3\ARM_GCC_541\Debug\bsp_i2c.o (I2C_1_Start)
.\CortexM3\ARM_GCC_541\Debug\esw_uCOS3_cykit.a(I2C_1_INT.o)
                              .\CortexM3\ARM_GCC_541\Debug\esw_uCOS3_cykit.a(I2C_1.o) (I2C_1_ISR)
.\CortexM3\ARM_GCC_541\Debug\esw_uCOS3_cykit.a(I2C_1_PM.o)
                              .\CortexM3\ARM_GCC_541\Debug\esw_uCOS3_cykit.a(I2C_1.o) (I2C_1_backup)
.\CortexM3\ARM_GCC_541\Debug\esw_uCOS3_cykit.a(I2C_1_MASTER.o)
                              .\CortexM3\ARM_GCC_541\Debug\esw_uCOS3_cykit.a(I2C_1.o) (I2C_1_mstrStatus)
.\CortexM3\ARM_GCC_541\Debug\esw_uCOS3_cykit.a(Timer_1.o)
                              .\CortexM3\ARM_GCC_541\Debug\bsp_i2c.o (Timer_1_Start)
.\CortexM3\ARM_GCC_541\Debug\esw_uCOS3_cykit.a(Timer_ISR.o)
                              .\CortexM3\ARM_GCC_541\Debug\bsp_i2c.o (Timer_ISR_StartEx)
.\CortexM3\ARM_GCC_541\Debug\esw_uCOS3_cykit.a(Pin_Red_Led_1.o)
                              .\CortexM3\ARM_GCC_541\Debug\gpio_tasks.o (Pin_Red_Led_1_SetDriveMode)
.\CortexM3\ARM_GCC_541\Debug\esw_uCOS3_cykit.a(Pin_Blue_Led_1.o)
                              .\CortexM3\ARM_GCC_541\Debug\gpio_tasks.o (Pin_Blue_Led_1_SetDriveMode)
.\CortexM3\ARM_GCC_541\Debug\esw_uCOS3_cykit.a(Pin_Green_Led_1.o)
                              .\CortexM3\ARM_GCC_541\Debug\gpio_tasks.o (Pin_Green_Led_1_SetDriveMode)
.\CortexM3\ARM_GCC_541\Debug\esw_uCOS3_cykit.a(PWM_ac.o)
                              .\CortexM3\ARM_GCC_541\Debug\bsp_pwm.o (PWM_ac_Stop)
.\CortexM3\ARM_GCC_541\Debug\esw_uCOS3_cykit.a(PWM_hb.o)
                              .\CortexM3\ARM_GCC_541\Debug\bsp_pwm.o (PWM_hb_Stop)
.\CortexM3\ARM_GCC_541\Debug\esw_uCOS3_cykit.a(PWM_bo.o)
                              .\CortexM3\ARM_GCC_541\Debug\bsp_pwm.o (PWM_bo_Stop)
.\CortexM3\ARM_GCC_541\Debug\esw_uCOS3_cykit.a(CyBootAsmGnu.o)
                              .\CortexM3\ARM_GCC_541\Debug\cyfitter_cfg.o (CyDelayCycles)
.\CortexM3\ARM_GCC_541\Debug\esw_uCOS3_cykit.a(CyFlash.o)
                              .\CortexM3\ARM_GCC_541\Debug\esw_uCOS3_cykit.a(cyPm.o) (CyFlash_SetWaitCycles)
.\CortexM3\ARM_GCC_541\Debug\esw_uCOS3_cykit.a(CySpc.o)
                              .\CortexM3\ARM_GCC_541\Debug\esw_uCOS3_cykit.a(CyFlash.o) (CySpcStart)
c:/program files (x86)/cypress/psoc creator/4.4/psoc creator/import/gnu/arm/5.4.1/bin/../lib/gcc/arm-none-eabi/5.4.1/armv7-m\libgcc.a(_arm_addsubsf3.o)
                              .\CortexM3\ARM_GCC_541\Debug\driver_max30102.o (__aeabi_fadd)
c:/program files (x86)/cypress/psoc creator/4.4/psoc creator/import/gnu/arm/5.4.1/bin/../lib/gcc/arm-none-eabi/5.4.1/armv7-m\libgcc.a(_arm_muldivsf3.o)
                              .\CortexM3\ARM_GCC_541\Debug\driver_max30102.o (__aeabi_fmul)
c:/program files (x86)/cypress/psoc creator/4.4/psoc creator/import/gnu/arm/5.4.1/bin/../lib/gcc/arm-none-eabi/5.4.1/armv7-m\libgcc.a(_aeabi_ldivmod.o)
                              .\CortexM3\ARM_GCC_541\Debug\bme68x.o (__aeabi_ldivmod)
c:/program files (x86)/cypress/psoc creator/4.4/psoc creator/import/gnu/arm/5.4.1/bin/../lib/gcc/arm-none-eabi/5.4.1/armv7-m\libgcc.a(_udivmoddi4.o)
                              c:/program files (x86)/cypress/psoc creator/4.4/psoc creator/import/gnu/arm/5.4.1/bin/../lib/gcc/arm-none-eabi/5.4.1/armv7-m\libgcc.a(_aeabi_ldivmod.o) (__udivmoddi4)
c:/program files (x86)/cypress/psoc creator/4.4/psoc creator/import/gnu/arm/5.4.1/bin/../lib/gcc/arm-none-eabi/5.4.1/armv7-m\libgcc.a(_dvmd_tls.o)
[...]
Memory Configuration

Name             Origin             Length             Attributes
rom              0x00000000         0x00040000         xr
ram              0x1fff8000         0x00010000         xrw
*default*        0x00000000         0xffffffff

Linker script and memory map

LOAD c:/program files (x86)/cypress/psoc creator/4.4/psoc creator/import/gnu/arm/5.4.1/bin/../lib/gcc/arm-none-eabi/5.4.1/armv7-m/crti.o
LOAD c:/program files (x86)/cypress/psoc creator/4.4/psoc creator/import/gnu/arm/5.4.1/bin/../lib/gcc/arm-none-eabi/5.4.1/armv7-m/crtbegin.o
LOAD c:/program files (x86)/cypress/psoc creator/4.4/psoc creator/import/gnu/arm/5.4.1/bin/../lib/gcc/arm-none-eabi/5.4.1/../../../../arm-none-eabi/lib/armv7-m/crt0.o
START GROUP
LOAD .\CortexM3\ARM_GCC_541\Debug\app.o
LOAD .\CortexM3\ARM_GCC_541\Debug\os_app_hooks.o
LOAD .\CortexM3\ARM_GCC_541\Debug\log_task.o
LOAD .\CortexM3\ARM_GCC_541\Debug\heartbeatSensor.o
LOAD .\CortexM3\ARM_GCC_541\Debug\environmentSensor.o
LOAD .\CortexM3\ARM_GCC_541\Debug\data_processing_task.o
LOAD .\CortexM3\ARM_GCC_541\Debug\gpio_tasks.o
LOAD .\CortexM3\ARM_GCC_541\Debug\bsp_os.o
LOAD .\CortexM3\ARM_GCC_541\Debug\bsp.o
LOAD .\CortexM3\ARM_GCC_541\Debug\cpu_bsp.o
LOAD .\CortexM3\ARM_GCC_541\Debug\bsp_uart.o
LOAD .\CortexM3\ARM_GCC_541\Debug\bsp_gpio.o
LOAD .\CortexM3\ARM_GCC_541\Debug\bsp_i2c.o
LOAD .\CortexM3\ARM_GCC_541\Debug\bsp_pwm.o
LOAD .\CortexM3\ARM_GCC_541\Debug\cpu_c.o
LOAD .\CortexM3\ARM_GCC_541\Debug\cpu_core.o
LOAD .\CortexM3\ARM_GCC_541\Debug\lib_math.o
LOAD .\CortexM3\ARM_GCC_541\Debug\lib_mem.o
LOAD .\CortexM3\ARM_GCC_541\Debug\lib_str.o
LOAD .\CortexM3\ARM_GCC_541\Debug\lib_ascii.o
LOAD .\CortexM3\ARM_GCC_541\Debug\os_cpu_c.o
LOAD .\CortexM3\ARM_GCC_541\Debug\os_pend_multi.o
LOAD .\CortexM3\ARM_GCC_541\Debug\os_prio.o
LOAD .\CortexM3\ARM_GCC_541\Debug\os_q.o
LOAD .\CortexM3\ARM_GCC_541\Debug\os_sem.o
LOAD .\CortexM3\ARM_GCC_541\Debug\os_stat.o
LOAD .\CortexM3\ARM_GCC_541\Debug\os_task.o
LOAD .\CortexM3\ARM_GCC_541\Debug\os_tick.o
LOAD .\CortexM3\ARM_GCC_541\Debug\os_time.o
LOAD .\CortexM3\ARM_GCC_541\Debug\os_tmr.o
LOAD .\CortexM3\ARM_GCC_541\Debug\os_var.o
LOAD .\CortexM3\ARM_GCC_541\Debug\os_cfg_app.o
LOAD .\CortexM3\ARM_GCC_541\Debug\os_core.o
LOAD .\CortexM3\ARM_GCC_541\Debug\os_dbg.o
LOAD .\CortexM3\ARM_GCC_541\Debug\os_flag.o
LOAD .\CortexM3\ARM_GCC_541\Debug\os_int.o
LOAD .\CortexM3\ARM_GCC_541\Debug\os_mem.o
LOAD .\CortexM3\ARM_GCC_541\Debug\os_msg.o
LOAD .\CortexM3\ARM_GCC_541\Debug\os_mutex.o
LOAD .\CortexM3\ARM_GCC_541\Debug\max30102_interface.o
LOAD .\CortexM3\ARM_GCC_541\Debug\driver_max30102.o
LOAD .\CortexM3\ARM_GCC_541\Debug\bme68x.o
LOAD .\CortexM3\ARM_GCC_541\Debug\cyfitter_cfg.o
LOAD .\CortexM3\ARM_GCC_541\Debug\cymetadata.o
LOAD .\CortexM3\ARM_GCC_541\Debug\Cm3Start.o
LOAD .\CortexM3\ARM_GCC_541\Debug\cpu_a.o
LOAD .\CortexM3\ARM_GCC_541\Debug\os_cpu_a.o
LOAD .\CortexM3\ARM_GCC_541\Debug\esw_uCOS3_cykit.a
LOAD C:\Program Files (x86)\Cypress\PSoC Creator\4.4\PSoC Creator\psoc\content\cycomponentlibrary\CyComponentLibrary.cylib\CortexM3\ARM_GCC_541\Debug\CyComponentLibrary.a
END GROUP
START GROUP
LOAD c:/program files (x86)/cypress/psoc creator/4.4/psoc creator/import/gnu/arm/5.4.1/bin/../lib/gcc/arm-none-eabi/5.4.1/armv7-m\libgcc.a
LOAD c:/program files (x86)/cypress/psoc creator/4.4/psoc creator/import/gnu/arm/5.4.1/bin/../lib/gcc/arm-none-eabi/5.4.1/../../../../arm-none-eabi/lib/armv7-m\libg_nano.a
LOAD c:/program files (x86)/cypress/psoc creator/4.4/psoc creator/import/gnu/arm/5.4.1/bin/../lib/gcc/arm-none-eabi/5.4.1/../../../../arm-none-eabi/lib/armv7-m\libc_nano.a
END GROUP
START GROUP
LOAD c:/program files (x86)/cypress/psoc creator/4.4/psoc creator/import/gnu/arm/5.4.1/bin/../lib/gcc/arm-none-eabi/5.4.1/armv7-m\libgcc.a
LOAD c:/program files (x86)/cypress/psoc creator/4.4/psoc creator/import/gnu/arm/5.4.1/bin/../lib/gcc/arm-none-eabi/5.4.1/../../../../arm-none-eabi/lib/armv7-m\libc_nano.a
END GROUP
LOAD c:/program files (x86)/cypress/psoc creator/4.4/psoc creator/import/gnu/arm/5.4.1/bin/../lib/gcc/arm-none-eabi/5.4.1/armv7-m/crtend.o
LOAD c:/program files (x86)/cypress/psoc creator/4.4/psoc creator/import/gnu/arm/5.4.1/bin/../lib/gcc/arm-none-eabi/5.4.1/armv7-m/crtn.o
START GROUP
LOAD c:/program files (x86)/cypress/psoc creator/4.4/psoc creator/import/gnu/arm/5.4.1/bin/../lib/gcc/arm-none-eabi/5.4.1/armv7-m\libgcc.a
LOAD c:/program files (x86)/cypress/psoc creator/4.4/psoc creator/import/gnu/arm/5.4.1/bin/../lib/gcc/arm-none-eabi/5.4.1/../../../../arm-none-eabi/lib/armv7-m\libc.a
LOAD c:/program files (x86)/cypress/psoc creator/4.4/psoc creator/import/gnu/arm/5.4.1/bin/../lib/gcc/arm-none-eabi/5.4.1/../../../../arm-none-eabi/lib/armv7-m\libnosys.a
END GROUP
                0x00000000                CY_APPL_ORIGIN = 0x0
                0x00000100                CY_FLASH_ROW_SIZE = 0x100
                0x00000020                CY_ECC_ROW_SIZE = 0x20
                0x00000000                CY_EE_IN_BTLDR = 0x0
                0x00000000                CY_APPL_LOADABLE = 0x0
                0x00000800                CY_EE_SIZE = 0x800
                0x00000001                CY_APPL_NUM = 0x1
                0x00000001                CY_APPL_MAX = 0x1
                0x00000040                CY_METADATA_SIZE = 0x40
                0x00000000                CY_APPL_LOADABLE = 0x0
                0x00000000                CY_CHECKSUM_EXCLUDE_SIZE = ALIGN (0x0, CY_FLASH_ROW_SIZE)
                [!provide]                PROVIDE (__cy_heap_start, _end)
                0x00000001                PROVIDE (__cy_region_num, ((__cy_regions_end - __cy_regions) / 0x10))
                0x20008000                PROVIDE (__cy_stack, (ORIGIN (ram) + LENGTH (ram)))
                [!provide]                PROVIDE (__cy_heap_end, (__cy_stack - 0x800))

.cybootloader   0x00000000        0x0
 *(.cybootloader)
                0x00000000                appl1_start = CY_APPL_ORIGIN?CY_APPL_ORIGIN:ALIGN (CY_FLASH_ROW_SIZE)
                0x0001ff00                appl2_start = (appl1_start + ALIGN ((((LENGTH (rom) - appl1_start) - (0x2 * CY_FLASH_ROW_SIZE)) / 0x2), CY_FLASH_ROW_SIZE))
                0x00000000                appl_start = (CY_APPL_NUM == 0x1)?appl1_start:appl2_start
                0x00000000                ecc_offset = ((appl_start / CY_FLASH_ROW_SIZE) * CY_ECC_ROW_SIZE)
                0x00000000                ee_offset = (CY_APPL_LOADABLE && ! (CY_EE_IN_BTLDR))?((CY_EE_SIZE / CY_APPL_MAX) * (CY_APPL_NUM - 0x1)):0x0
                0x00000800                ee_size = (CY_APPL_LOADABLE && ! (CY_EE_IN_BTLDR))?(CY_EE_SIZE / CY_APPL_MAX):CY_EE_SIZE
                [!provide]                PROVIDE (CY_ECC_OFFSET, ecc_offset)

.text           0x00000000     0x7e18
 CREATE_OBJECT_SYMBOLS
                0x00000000                PROVIDE (__cy_interrupt_vector, RomVectors)
 *(.romvectors)
 .romvectors    0x00000000       0x10 .\CortexM3\ARM_GCC_541\Debug\Cm3Start.o
                0x00000000                RomVectors
                0x00000001                ASSERT ((. != __cy_interrupt_vector), No interrupt vector)
                0x00000001                ASSERT (CY_APPL_ORIGIN?(SIZEOF (.cybootloader) <= CY_APPL_ORIGIN):0x1, Wrong image location)
                0x00000010                PROVIDE (__cy_reset, Reset)
 *(.text.Reset)
 .text.Reset    0x00000010       0x18 .\CortexM3\ARM_GCC_541\Debug\Cm3Start.o
                0x00000010                Reset
                0x00000001                ASSERT ((. != __cy_reset), No reset code)
 *(.dma_init)
                0x00000001                ASSERT ((((appl_start + .) <= 0x10000) || 0x1), DMA Init must be within the first 64k of flash)
 *(.text .text.* .gnu.linkonce.t.*)
 .text          0x00000028       0x5c c:/program files (x86)/cypress/psoc creator/4.4/psoc creator/import/gnu/arm/5.4.1/bin/../lib/gcc/arm-none-eabi/5.4.1/armv7-m/crtbegin.o
 .text.App_TaskStart
                0x00000084       0x78 .\CortexM3\ARM_GCC_541\Debug\app.o
 .text.main     0x000000fc       0x60 .\CortexM3\ARM_GCC_541\Debug\app.o
                0x000000fc                main
 .text.Log_LevelToString
                0x0000015c       0x88 .\CortexM3\ARM_GCC_541\Debug\log_task.o
 .text.Log_PrintErrorWithCode
                0x000001e4       0x2c .\CortexM3\ARM_GCC_541\Debug\log_task.o
 .text.Log_Task
                0x00000210       0xe8 .\CortexM3\ARM_GCC_541\Debug\log_task.o
 .text.Log_Init
                0x000002f8       0x58 .\CortexM3\ARM_GCC_541\Debug\log_task.o
                0x000002f8                Log_Init
 .text.Log_Write
                0x00000350       0xc0 .\CortexM3\ARM_GCC_541\Debug\log_task.o
                0x00000350                Log_Write
 .text.initializeMessageQueueOximiter
                0x00000410       0x70 .\CortexM3\ARM_GCC_541\Debug\heartbeatSensor.o
                0x00000410                initializeMessageQueueOximiter
 .text.MAX30102_Init
                0x00000480       0x78 .\CortexM3\ARM_GCC_541\Debug\heartbeatSensor.o
                0x00000480                MAX30102_Init
 .text.enqueueHeartRate
                0x000004f8       0xa0 .\CortexM3\ARM_GCC_541\Debug\heartbeatSensor.o
                0x000004f8                enqueueHeartRate
 .text.updateHeartRate
                0x00000598       0xd0 .\CortexM3\ARM_GCC_541\Debug\heartbeatSensor.o
                0x00000598                updateHeartRate
 .text.enqueueSpO2
                0x00000668       0xa0 .\CortexM3\ARM_GCC_541\Debug\heartbeatSensor.o
                0x00000668                enqueueSpO2
 .text.calculateSpO2
                0x00000708       0x58 .\CortexM3\ARM_GCC_541\Debug\heartbeatSensor.o
                0x00000708                calculateSpO2
 .text.updateSpO2
                0x00000760       0x28 .\CortexM3\ARM_GCC_541\Debug\heartbeatSensor.o
                0x00000760                updateSpO2
 .text.averageDCEstimator
                0x00000788       0x14 .\CortexM3\ARM_GCC_541\Debug\heartbeatSensor.o
                0x00000788                averageDCEstimator
 .text.mul16    0x0000079c        0x8 .\CortexM3\ARM_GCC_541\Debug\heartbeatSensor.o
                0x0000079c                mul16
 .text.lowPassFIRFilter
                0x000007a4       0x80 .\CortexM3\ARM_GCC_541\Debug\heartbeatSensor.o
                0x000007a4                lowPassFIRFilter
 .text.processSignals
                0x00000824       0x48 .\CortexM3\ARM_GCC_541\Debug\heartbeatSensor.o
                0x00000824                processSignals
 .text.max30102_Task
                0x0000086c       0x8c .\CortexM3\ARM_GCC_541\Debug\heartbeatSensor.o
 .text.bsp_i2c_read_bme
                0x000008f8       0x28 .\CortexM3\ARM_GCC_541\Debug\environmentSensor.o
                0x000008f8                bsp_i2c_read_bme
 .text.bsp_i2c_write_bme
                0x00000920       0x28 .\CortexM3\ARM_GCC_541\Debug\environmentSensor.o
                0x00000920                bsp_i2c_write_bme
 .text.us_Delay
                0x00000948        0xc .\CortexM3\ARM_GCC_541\Debug\environmentSensor.o
                0x00000948                us_Delay
 .text.initializeMessageQueueEnvironment
                0x00000954       0x40 .\CortexM3\ARM_GCC_541\Debug\environmentSensor.o
                0x00000954                initializeMessageQueueEnvironment
 .text.BME688_Init_Task
                0x00000994       0x78 .\CortexM3\ARM_GCC_541\Debug\environmentSensor.o
                0x00000994                BME688_Init_Task
 .text.enqueueEnvironmentData
                0x00000a0c       0x80 .\CortexM3\ARM_GCC_541\Debug\environmentSensor.o
                0x00000a0c                enqueueEnvironmentData
 .text.Init_BME688_Sensor
                0x00000a8c       0xf0 .\CortexM3\ARM_GCC_541\Debug\environmentSensor.o
                0x00000a8c                Init_BME688_Sensor
 .text.bme688_Task
                0x00000b7c      0x10c .\CortexM3\ARM_GCC_541\Debug\environmentSensor.o
 .text.initializeMessageQueuesDataProcessing
                0x00000c88       0x74 .\CortexM3\ARM_GCC_541\Debug\data_processing_task.o
                0x00000c88                initializeMessageQueuesDataProcessing
 .text.Data_Processing_Init
                0x00000cfc       0x68 .\CortexM3\ARM_GCC_541\Debug\data_processing_task.o
                0x00000cfc                Data_Processing_Init
 .text.retrieveSensorData
                0x00000d64       0x64 .\CortexM3\ARM_GCC_541\Debug\data_processing_task.o
                0x00000d64                retrieveSensorData
 .text.processRawOximeterData
                0x00000dc8       0x40 .\CortexM3\ARM_GCC_541\Debug\data_processing_task.o
                0x00000dc8                processRawOximeterData
 .text.processRawEnvironmentData
                0x00000e08      0x144 .\CortexM3\ARM_GCC_541\Debug\data_processing_task.o
                0x00000e08                processRawEnvironmentData
 .text.isEnvironmentDataInRange
                0x00000f4c       0x48 .\CortexM3\ARM_GCC_541\Debug\data_processing_task.o
                0x00000f4c                isEnvironmentDataInRange
 .text.Data_Processing_Task
                0x00000f94      0x148 .\CortexM3\ARM_GCC_541\Debug\data_processing_task.o
 .text.BUT_Task
                0x000010dc       0x28 .\CortexM3\ARM_GCC_541\Debug\gpio_tasks.o
 .text.init_gpio
                0x00001104      0x18c .\CortexM3\ARM_GCC_541\Debug\gpio_tasks.o
                0x00001104                init_gpio
 .text.heartratecalc
                0x00001290        0xc .\CortexM3\ARM_GCC_541\Debug\gpio_tasks.o
                0x00001290                heartratecalc
 .text.LedRB_Task
                0x0000129c       0x98 .\CortexM3\ARM_GCC_541\Debug\gpio_tasks.o
 .text.allCorrCalc
                0x00001334       0x14 .\CortexM3\ARM_GCC_541\Debug\gpio_tasks.o
                0x00001334                allCorrCalc
 .text.LedG_Task
                0x00001348       0x8c .\CortexM3\ARM_GCC_541\Debug\gpio_tasks.o
 .text.BSP_PreInit
                0x000013d4       0x20 .\CortexM3\ARM_GCC_541\Debug\bsp.o
                0x000013d4                BSP_PreInit
 .text.BSP_PostInit
                0x000013f4        0xc .\CortexM3\ARM_GCC_541\Debug\bsp.o
                0x000013f4                BSP_PostInit
 .text.BSP_CPU_ClkFreq
                0x00001400        0x8 .\CortexM3\ARM_GCC_541\Debug\bsp.o
                0x00001400                BSP_CPU_ClkFreq
 .text.BSP_CPU_TickInit
                0x00001408       0x18 .\CortexM3\ARM_GCC_541\Debug\bsp.o
                0x00001408                BSP_CPU_TickInit
 .text.BSP_PB_StatusGet
                0x00001420       0x18 .\CortexM3\ARM_GCC_541\Debug\bsp.o
                0x00001420                BSP_PB_StatusGet
 .text.CPU_TS_TmrInit
                0x00001438       0x28 .\CortexM3\ARM_GCC_541\Debug\cpu_bsp.o
                0x00001438                CPU_TS_TmrInit
 .text.CPU_TS_TmrRd
                0x00001460        0xc .\CortexM3\ARM_GCC_541\Debug\cpu_bsp.o
                0x00001460                CPU_TS_TmrRd
 .text.init_uart
                0x0000146c        0x8 .\CortexM3\ARM_GCC_541\Debug\bsp_uart.o
                0x0000146c                init_uart
 .text.gpio_read
                0x00001474       0x20 .\CortexM3\ARM_GCC_541\Debug\bsp_gpio.o
                0x00001474                gpio_read
 .text.Timer_ISR
                0x00001494       0x10 .\CortexM3\ARM_GCC_541\Debug\bsp_i2c.o
                0x00001494                Timer_ISR
 .text.I2C_Init
                0x000014a4       0x50 .\CortexM3\ARM_GCC_541\Debug\bsp_i2c.o
                0x000014a4                I2C_Init
 .text.bsp_i2c_read
                0x000014f4       0xd0 .\CortexM3\ARM_GCC_541\Debug\bsp_i2c.o
                0x000014f4                bsp_i2c_read
 .text.bsp_i2c_write
                0x000015c4       0xa0 .\CortexM3\ARM_GCC_541\Debug\bsp_i2c.o
                0x000015c4                bsp_i2c_write
 .text.BSP_PWM_set_Halfperiod
                0x00001664       0x28 .\CortexM3\ARM_GCC_541\Debug\bsp_pwm.o
                0x00001664                BSP_PWM_set_Halfperiod
 .text.BSP_PWM_set_Period
                0x0000168c       0x28 .\CortexM3\ARM_GCC_541\Debug\bsp_pwm.o
                0x0000168c                BSP_PWM_set_Period
 .text.BSP_PWM_Start
                0x000016b4       0x20 .\CortexM3\ARM_GCC_541\Debug\bsp_pwm.o
                0x000016b4                BSP_PWM_Start
 .text.CPU_TS_Init
                0x000016d4       0x14 .\CortexM3\ARM_GCC_541\Debug\cpu_core.o
 .text.CPU_NameClr
                0x000016e8       0x1c .\CortexM3\ARM_GCC_541\Debug\cpu_core.o
                0x000016e8                CPU_NameClr
 .text.CPU_NameInit
                0x00001704        0x8 .\CortexM3\ARM_GCC_541\Debug\cpu_core.o
 .text.CPU_Init
                0x0000170c        0xc .\CortexM3\ARM_GCC_541\Debug\cpu_core.o
                0x0000170c                CPU_Init
 .text.CPU_TS_TmrFreqSet
                0x00001718        0xc .\CortexM3\ARM_GCC_541\Debug\cpu_core.o
                0x00001718                CPU_TS_TmrFreqSet
 .text.Mem_Set  0x00001724       0x44 .\CortexM3\ARM_GCC_541\Debug\lib_mem.o
                0x00001724                Mem_Set
 .text.Mem_Clr  0x00001768        0xc .\CortexM3\ARM_GCC_541\Debug\lib_mem.o
                0x00001768                Mem_Clr
 .text.OSIdleTaskHook
                0x00001774       0x10 .\CortexM3\ARM_GCC_541\Debug\os_cpu_c.o
                0x00001774                OSIdleTaskHook
 .text.OSInitHook
                0x00001784       0x3c .\CortexM3\ARM_GCC_541\Debug\os_cpu_c.o
                0x00001784                OSInitHook
 .text.OSStatTaskHook
                0x000017c0       0x10 .\CortexM3\ARM_GCC_541\Debug\os_cpu_c.o
                0x000017c0                OSStatTaskHook
 .text.OSTaskCreateHook
                0x000017d0       0x10 .\CortexM3\ARM_GCC_541\Debug\os_cpu_c.o
                0x000017d0                OSTaskCreateHook
 .text.OSTaskDelHook
                0x000017e0       0x10 .\CortexM3\ARM_GCC_541\Debug\os_cpu_c.o
                0x000017e0                OSTaskDelHook
 .text.OSTaskReturnHook
                0x000017f0       0x10 .\CortexM3\ARM_GCC_541\Debug\os_cpu_c.o
                0x000017f0                OSTaskReturnHook
 .text.OSTaskStkInit
                0x00001800       0x88 .\CortexM3\ARM_GCC_541\Debug\os_cpu_c.o
                0x00001800                OSTaskStkInit
 .text.OSTaskSwHook
                0x00001888       0x40 .\CortexM3\ARM_GCC_541\Debug\os_cpu_c.o
                0x00001888                OSTaskSwHook
 .text.OSTimeTickHook
                0x000018c8       0x10 .\CortexM3\ARM_GCC_541\Debug\os_cpu_c.o
                0x000018c8                OSTimeTickHook
 .text.OS_CPU_SysTickHandler
                0x000018d8       0x20 .\CortexM3\ARM_GCC_541\Debug\os_cpu_c.o
                0x000018d8                OS_CPU_SysTickHandler
 .text.OS_CPU_SysTickInit
                0x000018f8       0x30 .\CortexM3\ARM_GCC_541\Debug\os_cpu_c.o
                0x000018f8                OS_CPU_SysTickInit
 .text.OS_PrioInit
                0x00001928       0x18 .\CortexM3\ARM_GCC_541\Debug\os_prio.o
                0x00001928                OS_PrioInit
 .text.OS_PrioGetHighest
                0x00001940       0x24 .\CortexM3\ARM_GCC_541\Debug\os_prio.o
                0x00001940                OS_PrioGetHighest
 .text.OS_PrioInsert
                0x00001964       0x24 .\CortexM3\ARM_GCC_541\Debug\os_prio.o
                0x00001964                OS_PrioInsert
 .text.OS_PrioRemove
                0x00001988       0x24 .\CortexM3\ARM_GCC_541\Debug\os_prio.o
                0x00001988                OS_PrioRemove
 .text.OSQFlush
                0x000019ac       0x44 .\CortexM3\ARM_GCC_541\Debug\os_q.o
                0x000019ac                OSQFlush
 .text.OSQPend  0x000019f0      0x164 .\CortexM3\ARM_GCC_541\Debug\os_q.o
                0x000019f0                OSQPend
 .text.OS_QDbgListAdd
                0x00001b54       0x24 .\CortexM3\ARM_GCC_541\Debug\os_q.o
                0x00001b54                OS_QDbgListAdd
 .text.OSQCreate
                0x00001b78       0x7c .\CortexM3\ARM_GCC_541\Debug\os_q.o
                0x00001b78                OSQCreate
 .text.OS_QInit
                0x00001bf4       0x18 .\CortexM3\ARM_GCC_541\Debug\os_q.o
                0x00001bf4                OS_QInit
 .text.OS_QPost
                0x00001c0c       0x84 .\CortexM3\ARM_GCC_541\Debug\os_q.o
                0x00001c0c                OS_QPost
 .text.OSQPost  0x00001c90       0x74 .\CortexM3\ARM_GCC_541\Debug\os_q.o
                0x00001c90                OSQPost
 .text.OSSemPend
                0x00001d04      0x128 .\CortexM3\ARM_GCC_541\Debug\os_sem.o
                0x00001d04                OSSemPend
 .text.OS_SemDbgListAdd
                0x00001e2c       0x24 .\CortexM3\ARM_GCC_541\Debug\os_sem.o
                0x00001e2c                OS_SemDbgListAdd
 .text.OSSemCreate
                0x00001e50       0x68 .\CortexM3\ARM_GCC_541\Debug\os_sem.o
                0x00001e50                OSSemCreate
 .text.OS_SemInit
                0x00001eb8       0x18 .\CortexM3\ARM_GCC_541\Debug\os_sem.o
                0x00001eb8                OS_SemInit
 .text.OS_SemPost
                0x00001ed0       0x88 .\CortexM3\ARM_GCC_541\Debug\os_sem.o
                0x00001ed0                OS_SemPost
 .text.OSSemPost
                0x00001f58       0x48 .\CortexM3\ARM_GCC_541\Debug\os_sem.o
                0x00001f58                OSSemPost
 .text.OSStatReset
                0x00001fa0       0xb8 .\CortexM3\ARM_GCC_541\Debug\os_stat.o
                0x00001fa0                OSStatReset
 .text.OS_StatTask
                0x00002058      0x230 .\CortexM3\ARM_GCC_541\Debug\os_stat.o
                0x00002058                OS_StatTask
 .text.OS_StatTaskInit
                0x00002288       0xa8 .\CortexM3\ARM_GCC_541\Debug\os_stat.o
                0x00002288                OS_StatTaskInit
 .text.OSTaskSemPend
                0x00002330      0x130 .\CortexM3\ARM_GCC_541\Debug\os_task.o
                0x00002330                OSTaskSemPend
 .text.OSTaskStkChk
                0x00002460       0x90 .\CortexM3\ARM_GCC_541\Debug\os_task.o
                0x00002460                OSTaskStkChk
 .text.OS_TaskDbgListAdd
                0x000024f0       0x24 .\CortexM3\ARM_GCC_541\Debug\os_task.o
                0x000024f0                OS_TaskDbgListAdd
 .text.OS_TaskDbgListRemove
                0x00002514       0x44 .\CortexM3\ARM_GCC_541\Debug\os_task.o
                0x00002514                OS_TaskDbgListRemove
 .text.OS_TaskInit
                0x00002558       0x20 .\CortexM3\ARM_GCC_541\Debug\os_task.o
                0x00002558                OS_TaskInit
 .text.OS_TaskInitTCB
                0x00002578       0xcc .\CortexM3\ARM_GCC_541\Debug\os_task.o
                0x00002578                OS_TaskInitTCB
 .text.OSTaskCreate
                0x00002644      0x1a8 .\CortexM3\ARM_GCC_541\Debug\os_task.o
                0x00002644                OSTaskCreate
 .text.OSTaskDel
                0x000027ec       0xcc .\CortexM3\ARM_GCC_541\Debug\os_task.o
                0x000027ec                OSTaskDel
 .text.OS_TaskReturn
                0x000028b8       0x20 .\CortexM3\ARM_GCC_541\Debug\os_task.o
                0x000028b8                OS_TaskReturn
 .text.OS_TaskSemPost
                0x000028d8       0xc0 .\CortexM3\ARM_GCC_541\Debug\os_task.o
                0x000028d8                OS_TaskSemPost
 .text.OSTaskSemPost
                0x00002998       0x2c .\CortexM3\ARM_GCC_541\Debug\os_task.o
                0x00002998                OSTaskSemPost
 .text.OS_TickListInit
                0x000029c4       0x2c .\CortexM3\ARM_GCC_541\Debug\os_tick.o
                0x000029c4                OS_TickListInit
 .text.OS_TickTaskInit
                0x000029f0       0x98 .\CortexM3\ARM_GCC_541\Debug\os_tick.o
                0x000029f0                OS_TickTaskInit
 .text.OS_TickListInsert
                0x00002a88      0x120 .\CortexM3\ARM_GCC_541\Debug\os_tick.o
                0x00002a88                OS_TickListInsert
 .text.OS_TickListRemove
                0x00002ba8       0x38 .\CortexM3\ARM_GCC_541\Debug\os_tick.o
                0x00002ba8                OS_TickListRemove
 .text.OS_TickListResetPeak
                0x00002be0       0x24 .\CortexM3\ARM_GCC_541\Debug\os_tick.o
                0x00002be0                OS_TickListResetPeak
 .text.OS_TickListUpdate
                0x00002c04      0x144 .\CortexM3\ARM_GCC_541\Debug\os_tick.o
                0x00002c04                OS_TickListUpdate
 .text.OS_TickTask
                0x00002d48       0x2c .\CortexM3\ARM_GCC_541\Debug\os_tick.o
                0x00002d48                OS_TickTask
 .text.OSTimeDly
                0x00002d74       0x94 .\CortexM3\ARM_GCC_541\Debug\os_time.o
                0x00002d74                OSTimeDly
 .text.OSTimeDlyHMSM
                0x00002e08      0x164 .\CortexM3\ARM_GCC_541\Debug\os_time.o
                0x00002e08                OSTimeDlyHMSM
 .text.OSTimeTick
                0x00002f6c       0x64 .\CortexM3\ARM_GCC_541\Debug\os_time.o
                0x00002f6c                OSTimeTick
 .text.OS_TmrInit
                0x00002fd0      0x100 .\CortexM3\ARM_GCC_541\Debug\os_tmr.o
                0x00002fd0                OS_TmrInit
 .text.OS_TmrLink
                0x000030d0       0xe8 .\CortexM3\ARM_GCC_541\Debug\os_tmr.o
                0x000030d0                OS_TmrLink
 .text.OS_TmrResetPeak
                0x000031b8       0x24 .\CortexM3\ARM_GCC_541\Debug\os_tmr.o
                0x000031b8                OS_TmrResetPeak
 .text.OS_TmrUnlink
                0x000031dc       0x58 .\CortexM3\ARM_GCC_541\Debug\os_tmr.o
                0x000031dc                OS_TmrUnlink
 .text.OS_TmrTask
                0x00003234       0xb0 .\CortexM3\ARM_GCC_541\Debug\os_tmr.o
                0x00003234                OS_TmrTask
 .text.OSCfg_Init
                0x000032e4        0x4 .\CortexM3\ARM_GCC_541\Debug\os_cfg_app.o
                0x000032e4                OSCfg_Init
 .text.OS_IdleTask
                0x000032e8       0x28 .\CortexM3\ARM_GCC_541\Debug\os_core.o
                0x000032e8                OS_IdleTask
 .text.OSIntExit
                0x00003310       0xa8 .\CortexM3\ARM_GCC_541\Debug\os_core.o
                0x00003310                OSIntExit
 .text.OSSched  0x000033b8       0x80 .\CortexM3\ARM_GCC_541\Debug\os_core.o
                0x000033b8                OSSched
 .text.OSSchedLock
                0x00003438       0x54 .\CortexM3\ARM_GCC_541\Debug\os_core.o
                0x00003438                OSSchedLock
 .text.OSSchedUnlock
                0x0000348c       0x68 .\CortexM3\ARM_GCC_541\Debug\os_core.o
                0x0000348c                OSSchedUnlock
 .text.OSStart  0x000034f4       0x5c .\CortexM3\ARM_GCC_541\Debug\os_core.o
                0x000034f4                OSStart
 .text.OS_IdleTaskInit
                0x00003550       0x58 .\CortexM3\ARM_GCC_541\Debug\os_core.o
                0x00003550                OS_IdleTaskInit
 .text.OS_PendDataInit
                0x000035a8       0x28 .\CortexM3\ARM_GCC_541\Debug\os_core.o
                0x000035a8                OS_PendDataInit
 .text.OS_PendDbgNameAdd
                0x000035d0       0x44 .\CortexM3\ARM_GCC_541\Debug\os_core.o
                0x000035d0                OS_PendDbgNameAdd
 .text.OS_PendDbgNameRemove
                0x00003614       0x1c .\CortexM3\ARM_GCC_541\Debug\os_core.o
                0x00003614                OS_PendDbgNameRemove
 .text.OS_PendListInit
                0x00003630        0xc .\CortexM3\ARM_GCC_541\Debug\os_core.o
                0x00003630                OS_PendListInit
 .text.OS_PendListInsertPrio
                0x0000363c       0x5c .\CortexM3\ARM_GCC_541\Debug\os_core.o
                0x0000363c                OS_PendListInsertPrio
 .text.OS_PendListRemove1
                0x00003698       0x38 .\CortexM3\ARM_GCC_541\Debug\os_core.o
                0x00003698                OS_PendListRemove1
 .text.OS_PendListRemove
                0x000036d0       0x28 .\CortexM3\ARM_GCC_541\Debug\os_core.o
                0x000036d0                OS_PendListRemove
 .text.OS_Post1
                0x000036f8       0x28 .\CortexM3\ARM_GCC_541\Debug\os_core.o
                0x000036f8                OS_Post1
 .text.OS_RdyListInit
                0x00003720       0x28 .\CortexM3\ARM_GCC_541\Debug\os_core.o
                0x00003720                OS_RdyListInit
 .text.OSInit   0x00003748      0x154 .\CortexM3\ARM_GCC_541\Debug\os_core.o
                0x00003748                OSInit
 .text.OS_RdyListInsertHead
                0x0000389c       0x54 .\CortexM3\ARM_GCC_541\Debug\os_core.o
                0x0000389c                OS_RdyListInsertHead
 .text.OS_RdyListInsertTail
                0x000038f0       0x54 .\CortexM3\ARM_GCC_541\Debug\os_core.o
                0x000038f0                OS_RdyListInsertTail
 .text.OS_RdyListInsert
                0x00003944       0x2c .\CortexM3\ARM_GCC_541\Debug\os_core.o
                0x00003944                OS_RdyListInsert
 .text.OS_RdyListMoveHeadToTail
                0x00003970       0x38 .\CortexM3\ARM_GCC_541\Debug\os_core.o
                0x00003970                OS_RdyListMoveHeadToTail
 .text.OS_RdyListRemove
                0x000039a8       0x78 .\CortexM3\ARM_GCC_541\Debug\os_core.o
                0x000039a8                OS_RdyListRemove
 .text.OS_SchedRoundRobin
                0x00003a20       0x88 .\CortexM3\ARM_GCC_541\Debug\os_core.o
                0x00003a20                OS_SchedRoundRobin
 .text.OS_TaskBlock
                0x00003aa8       0x3c .\CortexM3\ARM_GCC_541\Debug\os_core.o
                0x00003aa8                OS_TaskBlock
 .text.OS_Pend  0x00003ae4       0x54 .\CortexM3\ARM_GCC_541\Debug\os_core.o
                0x00003ae4                OS_Pend
 .text.OS_TaskRdy
                0x00003b38       0x1c .\CortexM3\ARM_GCC_541\Debug\os_core.o
                0x00003b38                OS_TaskRdy
 .text.OS_Post  0x00003b54       0xac .\CortexM3\ARM_GCC_541\Debug\os_core.o
                0x00003b54                OS_Post
 .text.OS_Dbg_Init
                0x00003c00        0x4 .\CortexM3\ARM_GCC_541\Debug\os_dbg.o
                0x00003c00                OS_Dbg_Init
 .text.OS_FlagInit
                0x00003c04       0x18 .\CortexM3\ARM_GCC_541\Debug\os_flag.o
                0x00003c04                OS_FlagInit
 .text.OSMemGet
                0x00003c1c       0x3c .\CortexM3\ARM_GCC_541\Debug\os_mem.o
                0x00003c1c                OSMemGet
 .text.OSMemPut
                0x00003c58       0x4c .\CortexM3\ARM_GCC_541\Debug\os_mem.o
                0x00003c58                OSMemPut
 .text.OS_MemDbgListAdd
                0x00003ca4       0x1c .\CortexM3\ARM_GCC_541\Debug\os_mem.o
                0x00003ca4                OS_MemDbgListAdd
 .text.OSMemCreate
                0x00003cc0       0xe0 .\CortexM3\ARM_GCC_541\Debug\os_mem.o
                0x00003cc0                OSMemCreate
 .text.OS_MemInit
                0x00003da0       0x18 .\CortexM3\ARM_GCC_541\Debug\os_mem.o
                0x00003da0                OS_MemInit
 .text.OS_MsgPoolInit
                0x00003db8       0x68 .\CortexM3\ARM_GCC_541\Debug\os_msg.o
                0x00003db8                OS_MsgPoolInit
 .text.OS_MsgQFreeAll
                0x00003e20       0x34 .\CortexM3\ARM_GCC_541\Debug\os_msg.o
                0x00003e20                OS_MsgQFreeAll
 .text.OS_MsgQInit
                0x00003e54       0x10 .\CortexM3\ARM_GCC_541\Debug\os_msg.o
                0x00003e54                OS_MsgQInit
 .text.OS_MsgQGet
                0x00003e64       0x5c .\CortexM3\ARM_GCC_541\Debug\os_msg.o
                0x00003e64                OS_MsgQGet
 .text.OS_MsgQPut
                0x00003ec0       0x94 .\CortexM3\ARM_GCC_541\Debug\os_msg.o
                0x00003ec0                OS_MsgQPut
 .text.OS_MutexInit
                0x00003f54       0x18 .\CortexM3\ARM_GCC_541\Debug\os_mutex.o
                0x00003f54                OS_MutexInit
 .text.bsp_delay_ms
                0x00003f6c       0x6c .\CortexM3\ARM_GCC_541\Debug\max30102_interface.o
                0x00003f6c                bsp_delay_ms
 .text.bsp_i2c_deinit
                0x00003fd8       0x14 .\CortexM3\ARM_GCC_541\Debug\max30102_interface.o
 .text.bsp_i2c_init
                0x00003fec       0x14 .\CortexM3\ARM_GCC_541\Debug\max30102_interface.o
 .text.bsp_debug_print
                0x00004000       0x28 .\CortexM3\ARM_GCC_541\Debug\max30102_interface.o
                0x00004000                bsp_debug_print
 .text.max30102_receive_callback
                0x00004028       0x40 .\CortexM3\ARM_GCC_541\Debug\max30102_interface.o
                0x00004028                max30102_receive_callback
 .text.max30102_sensor_init
                0x00004068      0x1d8 .\CortexM3\ARM_GCC_541\Debug\max30102_interface.o
                0x00004068                max30102_sensor_init
 .text.max30102_init
                0x00004240      0x1ec .\CortexM3\ARM_GCC_541\Debug\driver_max30102.o
                0x00004240                max30102_init
 .text.max30102_read
                0x0000442c      0x1f8 .\CortexM3\ARM_GCC_541\Debug\driver_max30102.o
                0x0000442c                max30102_read
 .text.max30102_set_interrupt
                0x00004624       0xcc .\CortexM3\ARM_GCC_541\Debug\driver_max30102.o
                0x00004624                max30102_set_interrupt
 .text.max30102_set_fifo_sample_averaging
                0x000046f0       0x68 .\CortexM3\ARM_GCC_541\Debug\driver_max30102.o
                0x000046f0                max30102_set_fifo_sample_averaging
 .text.max30102_set_fifo_roll
                0x00004758       0x68 .\CortexM3\ARM_GCC_541\Debug\driver_max30102.o
                0x00004758                max30102_set_fifo_roll
 .text.max30102_set_mode
                0x000047c0       0x64 .\CortexM3\ARM_GCC_541\Debug\driver_max30102.o
                0x000047c0                max30102_set_mode
 .text.max30102_set_spo2_adc_range
                0x00004824       0x68 .\CortexM3\ARM_GCC_541\Debug\driver_max30102.o
                0x00004824                max30102_set_spo2_adc_range
 .text.max30102_set_spo2_sample_rate
                0x0000488c       0x68 .\CortexM3\ARM_GCC_541\Debug\driver_max30102.o
                0x0000488c                max30102_set_spo2_sample_rate
 .text.max30102_set_adc_resolution
                0x000048f4       0x64 .\CortexM3\ARM_GCC_541\Debug\driver_max30102.o
                0x000048f4                max30102_set_adc_resolution
 .text.max30102_set_led_red_pulse_amplitude
                0x00004958       0x40 .\CortexM3\ARM_GCC_541\Debug\driver_max30102.o
                0x00004958                max30102_set_led_red_pulse_amplitude
 .text.max30102_set_led_ir_pulse_amplitude
                0x00004998       0x40 .\CortexM3\ARM_GCC_541\Debug\driver_max30102.o
                0x00004998                max30102_set_led_ir_pulse_amplitude
 .text.max30102_set_slot
                0x000049d8      0x150 .\CortexM3\ARM_GCC_541\Debug\driver_max30102.o
                0x000049d8                max30102_set_slot
 .text.calc_temperature
                0x00004b28       0x70 .\CortexM3\ARM_GCC_541\Debug\bme68x.o
 .text.calc_pressure
                0x00004b98       0xc4 .\CortexM3\ARM_GCC_541\Debug\bme68x.o
 .text.calc_humidity
                0x00004c5c       0xc4 .\CortexM3\ARM_GCC_541\Debug\bme68x.o
 .text.calc_gas_resistance_low
                0x00004d20       0xac .\CortexM3\ARM_GCC_541\Debug\bme68x.o
 .text.calc_gas_resistance_high
                0x00004dcc       0x28 .\CortexM3\ARM_GCC_541\Debug\bme68x.o
 .text.calc_res_heat
                0x00004df4       0xb0 .\CortexM3\ARM_GCC_541\Debug\bme68x.o
 .text.calc_gas_wait
                0x00004ea4       0x24 .\CortexM3\ARM_GCC_541\Debug\bme68x.o
 .text.null_ptr_check
                0x00004ec8       0x2c .\CortexM3\ARM_GCC_541\Debug\bme68x.o
 .text.set_mem_page
                0x00004ef4       0x70 .\CortexM3\ARM_GCC_541\Debug\bme68x.o
 .text.get_mem_page
                0x00004f64       0x38 .\CortexM3\ARM_GCC_541\Debug\bme68x.o
 .text.boundary_check
                0x00004f9c       0x34 .\CortexM3\ARM_GCC_541\Debug\bme68x.o
 .text.calc_heatr_dur_shared
                0x00004fd0       0x44 .\CortexM3\ARM_GCC_541\Debug\bme68x.o
 .text.swap_fields
                0x00005014       0x18 .\CortexM3\ARM_GCC_541\Debug\bme68x.o
 .text.sort_sensor_data
                0x0000502c       0x44 .\CortexM3\ARM_GCC_541\Debug\bme68x.o
 .text.analyze_sensor_data
                0x00005070       0x8c .\CortexM3\ARM_GCC_541\Debug\bme68x.o
 .text.bme68x_set_regs
                0x000050fc       0xcc .\CortexM3\ARM_GCC_541\Debug\bme68x.o
                0x000050fc                bme68x_set_regs
 .text.set_conf
                0x000051c8      0x1a4 .\CortexM3\ARM_GCC_541\Debug\bme68x.o
 .text.bme68x_get_regs
                0x0000536c       0x58 .\CortexM3\ARM_GCC_541\Debug\bme68x.o
                0x0000536c                bme68x_get_regs
 .text.read_variant_id
                0x000053c4       0x28 .\CortexM3\ARM_GCC_541\Debug\bme68x.o
 .text.get_calib_data
                0x000053ec      0x154 .\CortexM3\ARM_GCC_541\Debug\bme68x.o
 .text.read_field_data
                0x00005540      0x198 .\CortexM3\ARM_GCC_541\Debug\bme68x.o
 .text.read_all_field_data
                0x000056d8      0x244 .\CortexM3\ARM_GCC_541\Debug\bme68x.o
 .text.bme68x_soft_reset
                0x0000591c       0x58 .\CortexM3\ARM_GCC_541\Debug\bme68x.o
                0x0000591c                bme68x_soft_reset
 .text.bme68x_init
                0x00005974       0x3c .\CortexM3\ARM_GCC_541\Debug\bme68x.o
                0x00005974                bme68x_init
 .text.bme68x_get_conf
                0x000059b0       0x58 .\CortexM3\ARM_GCC_541\Debug\bme68x.o
                0x000059b0                bme68x_get_conf
 .text.bme68x_set_op_mode
                0x00005a08       0x80 .\CortexM3\ARM_GCC_541\Debug\bme68x.o
                0x00005a08                bme68x_set_op_mode
 .text.bme68x_get_op_mode
                0x00005a88       0x2c .\CortexM3\ARM_GCC_541\Debug\bme68x.o
                0x00005a88                bme68x_get_op_mode
 .text.bme68x_set_conf
                0x00005ab4      0x140 .\CortexM3\ARM_GCC_541\Debug\bme68x.o
                0x00005ab4                bme68x_set_conf
 .text.bme68x_get_meas_dur
                0x00005bf4       0x8c .\CortexM3\ARM_GCC_541\Debug\bme68x.o
                0x00005bf4                bme68x_get_meas_dur
 .text.bme68x_get_data
                0x00005c80      0x14c .\CortexM3\ARM_GCC_541\Debug\bme68x.o
                0x00005c80                bme68x_get_data
 .text.bme68x_set_heatr_conf
                0x00005dcc       0xb4 .\CortexM3\ARM_GCC_541\Debug\bme68x.o
                0x00005dcc                bme68x_set_heatr_conf
 .text.bme68x_selftest_check
                0x00005e80      0x154 .\CortexM3\ARM_GCC_541\Debug\bme68x.o
                0x00005e80                bme68x_selftest_check
 .text.CyClockStartupError
                0x00005fd4        0x4 .\CortexM3\ARM_GCC_541\Debug\cyfitter_cfg.o
 .text.cfg_write_bytes32
                0x00005fd8       0x34 .\CortexM3\ARM_GCC_541\Debug\cyfitter_cfg.o
 .text.AnalogSetDefault
                0x0000600c       0x28 .\CortexM3\ARM_GCC_541\Debug\cyfitter_cfg.o
 .text.CYMEMZERO
                0x00006034        0xc .\CortexM3\ARM_GCC_541\Debug\cyfitter_cfg.o
 .text.ClockSetup
                0x00006040       0xd4 .\CortexM3\ARM_GCC_541\Debug\cyfitter_cfg.o
 .text.CYCONFIGCPY
                0x00006114        0x8 .\CortexM3\ARM_GCC_541\Debug\cyfitter_cfg.o
 .text.cyfitter_cfg
                0x0000611c      0x128 .\CortexM3\ARM_GCC_541\Debug\cyfitter_cfg.o
                0x0000611c                cyfitter_cfg
 .text.IntDefaultHandler
                0x00006244       0x10 .\CortexM3\ARM_GCC_541\Debug\Cm3Start.o
                0x00006244                IntDefaultHandler
 .text._sbrk    0x00006254       0x30 .\CortexM3\ARM_GCC_541\Debug\Cm3Start.o
                0x00006254                _sbrk
 .text.Start_c  0x00006284       0x4c .\CortexM3\ARM_GCC_541\Debug\Cm3Start.o
                0x00006284                Start_c
 .text.initialize_psoc
                0x000062d0       0x6c .\CortexM3\ARM_GCC_541\Debug\Cm3Start.o
                0x000062d0                initialize_psoc
 .text          0x0000633c       0x34 .\CortexM3\ARM_GCC_541\Debug\cpu_a.o
                0x0000633c                CPU_IntDis
                0x00006340                CPU_IntEn
                0x00006344                CPU_SR_Save
                0x0000634c                CPU_SR_Restore
                0x00006352                CPU_WaitForInt
                0x00006356                CPU_WaitForExcept
                0x0000635a                CPU_CntLeadZeros
                0x00006360                CPU_CntTrailZeros
                0x0000636a                CPU_RevBits
 .text          0x00006370       0x84 .\CortexM3\ARM_GCC_541\Debug\os_cpu_a.o
                0x00006370                OSStartHighRdy
                0x00006390                OS_CPU_PendSVHandler
 .text.UART_1_Init
                0x000063f4       0x5c .\CortexM3\ARM_GCC_541\Debug\esw_uCOS3_cykit.a(UART_1.o)
                0x000063f4                UART_1_Init
 .text.UART_1_Enable
                0x00006450       0x50 .\CortexM3\ARM_GCC_541\Debug\esw_uCOS3_cykit.a(UART_1.o)
                0x00006450                UART_1_Enable
 .text.UART_1_Start
                0x000064a0       0x1c .\CortexM3\ARM_GCC_541\Debug\esw_uCOS3_cykit.a(UART_1.o)
                0x000064a0                UART_1_Start
 .text.UART_1_PutChar
                0x000064bc       0x70 .\CortexM3\ARM_GCC_541\Debug\esw_uCOS3_cykit.a(UART_1.o)
                0x000064bc                UART_1_PutChar
 .text.UART_1_PutString
                0x0000652c       0x24 .\CortexM3\ARM_GCC_541\Debug\esw_uCOS3_cykit.a(UART_1.o)
                0x0000652c                UART_1_PutString
 .text.UART_1_RXISR
                0x00006550       0x98 .\CortexM3\ARM_GCC_541\Debug\esw_uCOS3_cykit.a(UART_1_INT.o)
                0x00006550                UART_1_RXISR
 .text.UART_1_TXISR
                0x000065e8       0x58 .\CortexM3\ARM_GCC_541\Debug\esw_uCOS3_cykit.a(UART_1_INT.o)
                0x000065e8                UART_1_TXISR
 .text.Pin_1_SetDriveMode
                0x00006640       0x18 .\CortexM3\ARM_GCC_541\Debug\esw_uCOS3_cykit.a(Pin_1.o)
                0x00006640                Pin_1_SetDriveMode
 .text.UART_1_IntClock_Start
                0x00006658       0x1c .\CortexM3\ARM_GCC_541\Debug\esw_uCOS3_cykit.a(UART_1_IntClock.o)
                0x00006658                UART_1_IntClock_Start
 .text.CyDmacConfigure
                0x00006674       0x34 .\CortexM3\ARM_GCC_541\Debug\esw_uCOS3_cykit.a(CyDmac.o)
                0x00006674                CyDmacConfigure
 .text.CyHalt   0x000066a8        0x4 .\CortexM3\ARM_GCC_541\Debug\esw_uCOS3_cykit.a(CyLib.o)
                0x000066a8                CyHalt
 .text.CyDelayUs
                0x000066ac       0x14 .\CortexM3\ARM_GCC_541\Debug\esw_uCOS3_cykit.a(CyLib.o)
                0x000066ac                CyDelayUs
 .text.CyIntSetVector
                0x000066c0       0x28 .\CortexM3\ARM_GCC_541\Debug\esw_uCOS3_cykit.a(CyLib.o)
                0x000066c0                CyIntSetVector
 .text.CyIntSetPriority
                0x000066e8       0x30 .\CortexM3\ARM_GCC_541\Debug\esw_uCOS3_cykit.a(CyLib.o)
                0x000066e8                CyIntSetPriority
 .text.Pin_2_SetDriveMode
                0x00006718       0x24 .\CortexM3\ARM_GCC_541\Debug\esw_uCOS3_cykit.a(Pin_2.o)
                0x00006718                Pin_2_SetDriveMode
 .text.push_button_Write
                0x0000673c       0x18 .\CortexM3\ARM_GCC_541\Debug\esw_uCOS3_cykit.a(push_button.o)
                0x0000673c                push_button_Write
 .text.push_button_SetDriveMode
                0x00006754       0x18 .\CortexM3\ARM_GCC_541\Debug\esw_uCOS3_cykit.a(push_button.o)
                0x00006754                push_button_SetDriveMode
 .text.push_button_Read
                0x0000676c       0x10 .\CortexM3\ARM_GCC_541\Debug\esw_uCOS3_cykit.a(push_button.o)
                0x0000676c                push_button_Read
 .text.I2C_1_Init
                0x0000677c       0x68 .\CortexM3\ARM_GCC_541\Debug\esw_uCOS3_cykit.a(I2C_1.o)
                0x0000677c                I2C_1_Init
 .text.I2C_1_Enable
                0x000067e4       0x24 .\CortexM3\ARM_GCC_541\Debug\esw_uCOS3_cykit.a(I2C_1.o)
                0x000067e4                I2C_1_Enable
 .text.I2C_1_Start
                0x00006808       0x28 .\CortexM3\ARM_GCC_541\Debug\esw_uCOS3_cykit.a(I2C_1.o)
                0x00006808                I2C_1_Start
 .text.I2C_1_ISR
                0x00006830      0x2d0 .\CortexM3\ARM_GCC_541\Debug\esw_uCOS3_cykit.a(I2C_1_INT.o)
                0x00006830                I2C_1_ISR
 .text.I2C_1_MasterSendStart
                0x00006b00       0x80 .\CortexM3\ARM_GCC_541\Debug\esw_uCOS3_cykit.a(I2C_1_MASTER.o)
                0x00006b00                I2C_1_MasterSendStart
 .text.I2C_1_MasterSendRestart
                0x00006b80       0x6c .\CortexM3\ARM_GCC_541\Debug\esw_uCOS3_cykit.a(I2C_1_MASTER.o)
                0x00006b80                I2C_1_MasterSendRestart
 .text.I2C_1_MasterSendStop
                0x00006bec       0x38 .\CortexM3\ARM_GCC_541\Debug\esw_uCOS3_cykit.a(I2C_1_MASTER.o)
                0x00006bec                I2C_1_MasterSendStop
 .text.I2C_1_MasterWriteByte
                0x00006c24       0x58 .\CortexM3\ARM_GCC_541\Debug\esw_uCOS3_cykit.a(I2C_1_MASTER.o)
                0x00006c24                I2C_1_MasterWriteByte
 .text.I2C_1_MasterReadByte
                0x00006c7c       0x58 .\CortexM3\ARM_GCC_541\Debug\esw_uCOS3_cykit.a(I2C_1_MASTER.o)
                0x00006c7c                I2C_1_MasterReadByte
 .text.Timer_1_Enable
                0x00006cd4       0x28 .\CortexM3\ARM_GCC_541\Debug\esw_uCOS3_cykit.a(Timer_1.o)
                0x00006cd4                Timer_1_Enable
 .text.Timer_1_SetInterruptMode
                0x00006cfc        0xc .\CortexM3\ARM_GCC_541\Debug\esw_uCOS3_cykit.a(Timer_1.o)
                0x00006cfc                Timer_1_SetInterruptMode
 .text.Timer_1_WritePeriod
                0x00006d08        0xc .\CortexM3\ARM_GCC_541\Debug\esw_uCOS3_cykit.a(Timer_1.o)
                0x00006d08                Timer_1_WritePeriod
 .text.Timer_1_WriteCounter
                0x00006d14        0xc .\CortexM3\ARM_GCC_541\Debug\esw_uCOS3_cykit.a(Timer_1.o)
                0x00006d14                Timer_1_WriteCounter
 .text.Timer_1_Init
                0x00006d20       0x68 .\CortexM3\ARM_GCC_541\Debug\esw_uCOS3_cykit.a(Timer_1.o)
                0x00006d20                Timer_1_Init
 .text.Timer_1_Start
                0x00006d88       0x1c .\CortexM3\ARM_GCC_541\Debug\esw_uCOS3_cykit.a(Timer_1.o)
                0x00006d88                Timer_1_Start
 .text.Timer_ISR_SetVector
                0x00006da4        0xc .\CortexM3\ARM_GCC_541\Debug\esw_uCOS3_cykit.a(Timer_ISR.o)
                0x00006da4                Timer_ISR_SetVector
 .text.Timer_ISR_SetPriority
                0x00006db0       0x10 .\CortexM3\ARM_GCC_541\Debug\esw_uCOS3_cykit.a(Timer_ISR.o)
                0x00006db0                Timer_ISR_SetPriority
 .text.Timer_ISR_Enable
                0x00006dc0        0xc .\CortexM3\ARM_GCC_541\Debug\esw_uCOS3_cykit.a(Timer_ISR.o)
                0x00006dc0                Timer_ISR_Enable
 .text.Timer_ISR_Disable
                0x00006dcc        0xc .\CortexM3\ARM_GCC_541\Debug\esw_uCOS3_cykit.a(Timer_ISR.o)
                0x00006dcc                Timer_ISR_Disable
 .text.Timer_ISR_StartEx
                0x00006dd8       0x1c .\CortexM3\ARM_GCC_541\Debug\esw_uCOS3_cykit.a(Timer_ISR.o)
                0x00006dd8                Timer_ISR_StartEx
 .text.Pin_Red_Led_1_SetDriveMode
                0x00006df4       0x18 .\CortexM3\ARM_GCC_541\Debug\esw_uCOS3_cykit.a(Pin_Red_Led_1.o)
                0x00006df4                Pin_Red_Led_1_SetDriveMode
 .text.Pin_Blue_Led_1_SetDriveMode
                0x00006e0c       0x18 .\CortexM3\ARM_GCC_541\Debug\esw_uCOS3_cykit.a(Pin_Blue_Led_1.o)
                0x00006e0c                Pin_Blue_Led_1_SetDriveMode
 .text.Pin_Green_Led_1_SetDriveMode
                0x00006e24       0x18 .\CortexM3\ARM_GCC_541\Debug\esw_uCOS3_cykit.a(Pin_Green_Led_1.o)
                0x00006e24                Pin_Green_Led_1_SetDriveMode
 .text.PWM_ac_Enable
                0x00006e3c       0x10 .\CortexM3\ARM_GCC_541\Debug\esw_uCOS3_cykit.a(PWM_ac.o)
                0x00006e3c                PWM_ac_Enable
 .text.PWM_ac_WriteCounter
                0x00006e4c        0xc .\CortexM3\ARM_GCC_541\Debug\esw_uCOS3_cykit.a(PWM_ac.o)
                0x00006e4c                PWM_ac_WriteCounter
 .text.PWM_ac_WritePeriod
                0x00006e58        0xc .\CortexM3\ARM_GCC_541\Debug\esw_uCOS3_cykit.a(PWM_ac.o)
                0x00006e58                PWM_ac_WritePeriod
 .text.PWM_ac_WriteCompare
                0x00006e64        0xc .\CortexM3\ARM_GCC_541\Debug\esw_uCOS3_cykit.a(PWM_ac.o)
                0x00006e64                PWM_ac_WriteCompare
 .text.PWM_ac_SetInterruptMode
                0x00006e70        0xc .\CortexM3\ARM_GCC_541\Debug\esw_uCOS3_cykit.a(PWM_ac.o)
                0x00006e70                PWM_ac_SetInterruptMode
 .text.PWM_ac_ReadStatusRegister
                0x00006e7c        0xc .\CortexM3\ARM_GCC_541\Debug\esw_uCOS3_cykit.a(PWM_ac.o)
                0x00006e7c                PWM_ac_ReadStatusRegister
 .text.PWM_ac_ReadCapture
                0x00006e88        0xc .\CortexM3\ARM_GCC_541\Debug\esw_uCOS3_cykit.a(PWM_ac.o)
                0x00006e88                PWM_ac_ReadCapture
 .text.PWM_ac_ClearFIFO
                0x00006e94       0x14 .\CortexM3\ARM_GCC_541\Debug\esw_uCOS3_cykit.a(PWM_ac.o)
                0x00006e94                PWM_ac_ClearFIFO
 .text.PWM_ac_Init
                0x00006ea8       0x50 .\CortexM3\ARM_GCC_541\Debug\esw_uCOS3_cykit.a(PWM_ac.o)
                0x00006ea8                PWM_ac_Init
 .text.PWM_ac_Start
                0x00006ef8       0x1c .\CortexM3\ARM_GCC_541\Debug\esw_uCOS3_cykit.a(PWM_ac.o)
                0x00006ef8                PWM_ac_Start
 .text.PWM_hb_Enable
                0x00006f14       0x10 .\CortexM3\ARM_GCC_541\Debug\esw_uCOS3_cykit.a(PWM_hb.o)
                0x00006f14                PWM_hb_Enable
 .text.PWM_hb_WriteCounter
                0x00006f24        0xc .\CortexM3\ARM_GCC_541\Debug\esw_uCOS3_cykit.a(PWM_hb.o)
                0x00006f24                PWM_hb_WriteCounter
 .text.PWM_hb_WritePeriod
                0x00006f30        0xc .\CortexM3\ARM_GCC_541\Debug\esw_uCOS3_cykit.a(PWM_hb.o)
                0x00006f30                PWM_hb_WritePeriod
 .text.PWM_hb_WriteCompare
                0x00006f3c        0xc .\CortexM3\ARM_GCC_541\Debug\esw_uCOS3_cykit.a(PWM_hb.o)
                0x00006f3c                PWM_hb_WriteCompare
 .text.PWM_hb_SetInterruptMode
                0x00006f48        0xc .\CortexM3\ARM_GCC_541\Debug\esw_uCOS3_cykit.a(PWM_hb.o)
                0x00006f48                PWM_hb_SetInterruptMode
 .text.PWM_hb_ReadStatusRegister
                0x00006f54        0xc .\CortexM3\ARM_GCC_541\Debug\esw_uCOS3_cykit.a(PWM_hb.o)
                0x00006f54                PWM_hb_ReadStatusRegister
 .text.PWM_hb_ReadCapture
                0x00006f60        0xc .\CortexM3\ARM_GCC_541\Debug\esw_uCOS3_cykit.a(PWM_hb.o)
                0x00006f60                PWM_hb_ReadCapture
 .text.PWM_hb_ClearFIFO
                0x00006f6c       0x14 .\CortexM3\ARM_GCC_541\Debug\esw_uCOS3_cykit.a(PWM_hb.o)
                0x00006f6c                PWM_hb_ClearFIFO
 .text.PWM_hb_Init
                0x00006f80       0x50 .\CortexM3\ARM_GCC_541\Debug\esw_uCOS3_cykit.a(PWM_hb.o)
                0x00006f80                PWM_hb_Init
 .text.PWM_hb_Start
                0x00006fd0       0x1c .\CortexM3\ARM_GCC_541\Debug\esw_uCOS3_cykit.a(PWM_hb.o)
                0x00006fd0                PWM_hb_Start
 .text.PWM_bo_Enable
                0x00006fec       0x10 .\CortexM3\ARM_GCC_541\Debug\esw_uCOS3_cykit.a(PWM_bo.o)
                0x00006fec                PWM_bo_Enable
 .text.PWM_bo_WriteCounter
                0x00006ffc        0xc .\CortexM3\ARM_GCC_541\Debug\esw_uCOS3_cykit.a(PWM_bo.o)
                0x00006ffc                PWM_bo_WriteCounter
 .text.PWM_bo_WritePeriod
                0x00007008        0xc .\CortexM3\ARM_GCC_541\Debug\esw_uCOS3_cykit.a(PWM_bo.o)
                0x00007008                PWM_bo_WritePeriod
 .text.PWM_bo_WriteCompare
                0x00007014        0xc .\CortexM3\ARM_GCC_541\Debug\esw_uCOS3_cykit.a(PWM_bo.o)
                0x00007014                PWM_bo_WriteCompare
 .text.PWM_bo_SetInterruptMode
                0x00007020        0xc .\CortexM3\ARM_GCC_541\Debug\esw_uCOS3_cykit.a(PWM_bo.o)
                0x00007020                PWM_bo_SetInterruptMode
 .text.PWM_bo_ReadStatusRegister
                0x0000702c        0xc .\CortexM3\ARM_GCC_541\Debug\esw_uCOS3_cykit.a(PWM_bo.o)
                0x0000702c                PWM_bo_ReadStatusRegister
 .text.PWM_bo_ReadCapture
                0x00007038        0xc .\CortexM3\ARM_GCC_541\Debug\esw_uCOS3_cykit.a(PWM_bo.o)
                0x00007038                PWM_bo_ReadCapture
 .text.PWM_bo_ClearFIFO
                0x00007044       0x14 .\CortexM3\ARM_GCC_541\Debug\esw_uCOS3_cykit.a(PWM_bo.o)
                0x00007044                PWM_bo_ClearFIFO
 .text.PWM_bo_Init
                0x00007058       0x5c .\CortexM3\ARM_GCC_541\Debug\esw_uCOS3_cykit.a(PWM_bo.o)
                0x00007058                PWM_bo_Init
 .text.PWM_bo_Start
                0x000070b4       0x1c .\CortexM3\ARM_GCC_541\Debug\esw_uCOS3_cykit.a(PWM_bo.o)
                0x000070b4                PWM_bo_Start
 .text          0x000070d0       0x20 .\CortexM3\ARM_GCC_541\Debug\esw_uCOS3_cykit.a(CyBootAsmGnu.o)
                0x000070d0                CyDelayCycles
                0x000070e0                CyEnterCriticalSection
                0x000070e8                CyExitCriticalSection
 .text          0x000070f0       0xa0 c:/program files (x86)/cypress/psoc creator/4.4/psoc creator/import/gnu/arm/5.4.1/bin/../lib/gcc/arm-none-eabi/5.4.1/armv7-m\libgcc.a(_aeabi_ldivmod.o)
                0x000070f0                __aeabi_ldivmod
 .text          0x00007190      0x2ec c:/program files (x86)/cypress/psoc creator/4.4/psoc creator/import/gnu/arm/5.4.1/bin/../lib/gcc/arm-none-eabi/5.4.1/armv7-m\libgcc.a(_udivmoddi4.o)
                0x00007190                __udivmoddi4
 .text          0x0000747c        0x4 c:/program files (x86)/cypress/psoc creator/4.4/psoc creator/import/gnu/arm/5.4.1/bin/../lib/gcc/arm-none-eabi/5.4.1/armv7-m\libgcc.a(_dvmd_tls.o)
                0x0000747c                __aeabi_idiv0
                0x0000747c                __aeabi_ldiv0
 .text.__errno  0x00007480        0xc c:/program files (x86)/cypress/psoc creator/4.4/psoc creator/import/gnu/arm/5.4.1/bin/../lib/gcc/arm-none-eabi/5.4.1/../../../../arm-none-eabi/lib/armv7-m\libg_nano.a(lib_a-errno.o)
                0x00007480                __errno
 .text.__libc_init_array
                0x0000748c       0x4c c:/program files (x86)/cypress/psoc creator/4.4/psoc creator/import/gnu/arm/5.4.1/bin/../lib/gcc/arm-none-eabi/5.4.1/../../../../arm-none-eabi/lib/armv7-m\libg_nano.a(lib_a-init.o)
                0x0000748c                __libc_init_array
 .text.memcmp   0x000074d8       0x1e c:/program files (x86)/cypress/psoc creator/4.4/psoc creator/import/gnu/arm/5.4.1/bin/../lib/gcc/arm-none-eabi/5.4.1/../../../../arm-none-eabi/lib/armv7-m\libg_nano.a(lib_a-memcmp.o)
                0x000074d8                memcmp
 .text.memcpy   0x000074f6       0x16 c:/program files (x86)/cypress/psoc creator/4.4/psoc creator/import/gnu/arm/5.4.1/bin/../lib/gcc/arm-none-eabi/5.4.1/../../../../arm-none-eabi/lib/armv7-m\libg_nano.a(lib_a-memcpy-stub.o)
                0x000074f6                memcpy
 .text.memset   0x0000750c       0x10 c:/program files (x86)/cypress/psoc creator/4.4/psoc creator/import/gnu/arm/5.4.1/bin/../lib/gcc/arm-none-eabi/5.4.1/../../../../arm-none-eabi/lib/armv7-m\libg_nano.a(lib_a-memset.o)
                0x0000750c                memset
 .text.snprintf
                0x0000751c       0x64 c:/program files (x86)/cypress/psoc creator/4.4/psoc creator/import/gnu/arm/5.4.1/bin/../lib/gcc/arm-none-eabi/5.4.1/../../../../arm-none-eabi/lib/armv7-m\libg_nano.a(lib_a-snprintf.o)
                0x0000751c                sniprintf
                0x0000751c                snprintf
 .text.strncpy  0x00007580       0x26 c:/program files (x86)/cypress/psoc creator/4.4/psoc creator/import/gnu/arm/5.4.1/bin/../lib/gcc/arm-none-eabi/5.4.1/../../../../arm-none-eabi/lib/armv7-m\libg_nano.a(lib_a-strncpy.o)
                0x00007580                strncpy
 .text._vsnprintf_r
                0x000075a6       0x56 c:/program files (x86)/cypress/psoc creator/4.4/psoc creator/import/gnu/arm/5.4.1/bin/../lib/gcc/arm-none-eabi/5.4.1/../../../../arm-none-eabi/lib/armv7-m\libg_nano.a(lib_a-vsnprintf.o)
                0x000075a6                _vsniprintf_r
                0x000075a6                _vsnprintf_r
 .text.vsnprintf
                0x000075fc       0x1c c:/program files (x86)/cypress/psoc creator/4.4/psoc creator/import/gnu/arm/5.4.1/bin/../lib/gcc/arm-none-eabi/5.4.1/../../../../arm-none-eabi/lib/armv7-m\libg_nano.a(lib_a-vsnprintf.o)
                0x000075fc                vsniprintf
                0x000075fc                vsnprintf
 .text.__ssputs_r
                0x00007618       0xb2 c:/program files (x86)/cypress/psoc creator/4.4/psoc creator/import/gnu/arm/5.4.1/bin/../lib/gcc/arm-none-eabi/5.4.1/../../../../arm-none-eabi/lib/armv7-m\libg_nano.a(lib_a-nano-svfprintf.o)
                0x00007618                __ssputs_r
 *fill*         0x000076ca        0x2 
 .text._svfprintf_r
                0x000076cc      0x1e8 c:/program files (x86)/cypress/psoc creator/4.4/psoc creator/import/gnu/arm/5.4.1/bin/../lib/gcc/arm-none-eabi/5.4.1/../../../../arm-none-eabi/lib/armv7-m\libg_nano.a(lib_a-nano-svfprintf.o)
                0x000076cc                _svfiprintf_r
                0x000076cc                _svfprintf_r
 .text._printf_common
                0x000078b4       0xec c:/program files (x86)/cypress/psoc creator/4.4/psoc creator/import/gnu/arm/5.4.1/bin/../lib/gcc/arm-none-eabi/5.4.1/../../../../arm-none-eabi/lib/armv7-m\libg_nano.a(lib_a-nano-vfprintf_i.o)
                0x000078b4                _printf_common
 .text._printf_i
                0x000079a0      0x24c c:/program files (x86)/cypress/psoc creator/4.4/psoc creator/import/gnu/arm/5.4.1/bin/../lib/gcc/arm-none-eabi/5.4.1/../../../../arm-none-eabi/lib/armv7-m\libg_nano.a(lib_a-nano-vfprintf_i.o)
                0x000079a0                _printf_i
 .text.memchr   0x00007bec       0x1c c:/program files (x86)/cypress/psoc creator/4.4/psoc creator/import/gnu/arm/5.4.1/bin/../lib/gcc/arm-none-eabi/5.4.1/../../../../arm-none-eabi/lib/armv7-m\libg_nano.a(lib_a-memchr-stub.o)
                0x00007bec                memchr
 .text.memmove  0x00007c08       0x36 c:/program files (x86)/cypress/psoc creator/4.4/psoc creator/import/gnu/arm/5.4.1/bin/../lib/gcc/arm-none-eabi/5.4.1/../../../../arm-none-eabi/lib/armv7-m\libg_nano.a(lib_a-memmove.o)
                0x00007c08                memmove
 *fill*         0x00007c3e        0x2 
 .text._free_r  0x00007c40       0x98 c:/program files (x86)/cypress/psoc creator/4.4/psoc creator/import/gnu/arm/5.4.1/bin/../lib/gcc/arm-none-eabi/5.4.1/../../../../arm-none-eabi/lib/armv7-m\libg_nano.a(lib_a-nano-freer.o)
                0x00007c40                _free_r
 .text._malloc_r
                0x00007cd8       0xbc c:/program files (x86)/cypress/psoc creator/4.4/psoc creator/import/gnu/arm/5.4.1/bin/../lib/gcc/arm-none-eabi/5.4.1/../../../../arm-none-eabi/lib/armv7-m\libg_nano.a(lib_a-nano-mallocr.o)
                0x00007cd8                _malloc_r
 .text._realloc_r
                0x00007d94       0x4c c:/program files (x86)/cypress/psoc creator/4.4/psoc creator/import/gnu/arm/5.4.1/bin/../lib/gcc/arm-none-eabi/5.4.1/../../../../arm-none-eabi/lib/armv7-m\libg_nano.a(lib_a-nano-reallocr.o)
                0x00007d94                _realloc_r
 .text._sbrk_r  0x00007de0       0x20 c:/program files (x86)/cypress/psoc creator/4.4/psoc creator/import/gnu/arm/5.4.1/bin/../lib/gcc/arm-none-eabi/5.4.1/../../../../arm-none-eabi/lib/armv7-m\libg_nano.a(lib_a-sbrkr.o)
                0x00007de0                _sbrk_r
 .text.__malloc_lock
                0x00007e00        0x2 c:/program files (x86)/cypress/psoc creator/4.4/psoc creator/import/gnu/arm/5.4.1/bin/../lib/gcc/arm-none-eabi/5.4.1/../../../../arm-none-eabi/lib/armv7-m\libg_nano.a(lib_a-mlock.o)
                0x00007e00                __malloc_lock
 .text.__malloc_unlock
                0x00007e02        0x2 c:/program files (x86)/cypress/psoc creator/4.4/psoc creator/import/gnu/arm/5.4.1/bin/../lib/gcc/arm-none-eabi/5.4.1/../../../../arm-none-eabi/lib/armv7-m\libg_nano.a(lib_a-mlock.o)
                0x00007e02                __malloc_unlock
 .text._malloc_usable_size_r
                0x00007e04       0x14 c:/program files (x86)/cypress/psoc creator/4.4/psoc creator/import/gnu/arm/5.4.1/bin/../lib/gcc/arm-none-eabi/5.4.1/../../../../arm-none-eabi/lib/armv7-m\libg_nano.a(lib_a-nano-msizer.o)
                0x00007e04                _malloc_usable_size_r
 *(.plt)
 *(.gnu.warning)
 *(.glue_7t)
 .glue_7t       0x00007e18        0x0 linker stubs
 *(.glue_7)
 .glue_7        0x00007e18        0x0 linker stubs
 *(.vfp11_veneer)
 .vfp11_veneer  0x00007e18        0x0 linker stubs
 *(.bootloader)
 *(.ARM.extab* .gnu.linkonce.armextab.*)
 *(.gcc_except_table)

.v4_bx          0x00007e18        0x0
 .v4_bx         0x00007e18        0x0 linker stubs

.iplt           0x00007e18        0x0
 .iplt          0x00007e18        0x0 c:/program files (x86)/cypress/psoc creator/4.4/psoc creator/import/gnu/arm/5.4.1/bin/../lib/gcc/arm-none-eabi/5.4.1/armv7-m/crtbegin.o

.eh_frame_hdr
 *(.eh_frame_hdr)

.eh_frame       0x00007e18        0x4
 *(.eh_frame)
 .eh_frame      0x00007e18        0x0 c:/program files (x86)/cypress/psoc creator/4.4/psoc creator/import/gnu/arm/5.4.1/bin/../lib/gcc/arm-none-eabi/5.4.1/armv7-m/crtbegin.o
 .eh_frame      0x00007e18        0x4 c:/program files (x86)/cypress/psoc creator/4.4/psoc creator/import/gnu/arm/5.4.1/bin/../lib/gcc/arm-none-eabi/5.4.1/armv7-m/crtend.o
                [!provide]                PROVIDE (__exidx_start, .)

.ARM.exidx      0x00007e1c        0x8
 *(.ARM.exidx* .gnu.linkonce.armexidx.*)
 .ARM.exidx     0x00007e1c        0x8 c:/program files (x86)/cypress/psoc creator/4.4/psoc creator/import/gnu/arm/5.4.1/bin/../lib/gcc/arm-none-eabi/5.4.1/armv7-m\libgcc.a(_udivmoddi4.o)
                0x00007e24                __exidx_end = .

.rodata         0x00007e24     0x2154
 *(.rodata .rodata.* .gnu.linkonce.r.*)
 .rodata.str1.4
                0x00007e24       0x8e .\CortexM3\ARM_GCC_541\Debug\app.o
 *fill*         0x00007eb2        0x2 
 .rodata.str1.4
                0x00007eb4      0x21b .\CortexM3\ARM_GCC_541\Debug\log_task.o
                                0x21f (size before relaxing)
 *fill*         0x000080cf        0x1 
 .rodata        0x000080d0       0x64 .\CortexM3\ARM_GCC_541\Debug\heartbeatSensor.o
 .rodata.str1.4
                0x00008134      0x355 .\CortexM3\ARM_GCC_541\Debug\heartbeatSensor.o
 *fill*         0x00008489        0x3 
 .rodata.str1.4
                0x0000848c      0x378 .\CortexM3\ARM_GCC_541\Debug\environmentSensor.o
                                0x3c8 (size before relaxing)
 .rodata.str1.4
                0x00008804      0x53a .\CortexM3\ARM_GCC_541\Debug\data_processing_task.o
                                0x552 (size before relaxing)
 *fill*         0x00008d3e        0x2 
 .rodata.str1.4
                0x00008d40      0x148 .\CortexM3\ARM_GCC_541\Debug\gpio_tasks.o
 .rodata.str1.4
                0x00008e88      0x116 .\CortexM3\ARM_GCC_541\Debug\bsp_i2c.o
 *fill*         0x00008f9e        0x2 
 .rodata.str1.4
                0x00008fa0        0x6 .\CortexM3\ARM_GCC_541\Debug\os_q.o
 *fill*         0x00008fa6        0x2 
 .rodata.str1.4
                0x00008fa8        0x5 .\CortexM3\ARM_GCC_541\Debug\os_sem.o
                                  0xa (size before relaxing)
 *fill*         0x00008fad        0x3 
 .rodata.str1.4
                0x00008fb0       0x14 .\CortexM3\ARM_GCC_541\Debug\os_stat.o
 .rodata.str1.4
                0x00008fc4        0x6 .\CortexM3\ARM_GCC_541\Debug\os_task.o
                                  0xa (size before relaxing)
 *fill*         0x00008fca        0x2 
 .rodata.str1.4
                0x00008fcc       0x14 .\CortexM3\ARM_GCC_541\Debug\os_tick.o
 .rodata.str1.4
                0x00008fe0       0x1d .\CortexM3\ARM_GCC_541\Debug\os_tmr.o
 *fill*         0x00008ffd        0x3 
 .rodata        0x00009000       0xa4 .\CortexM3\ARM_GCC_541\Debug\os_cfg_app.o
                0x00009000                OSCfg_DataSizeRAM
                0x00009004                OSCfg_TmrWheelSizeRAM
                0x00009008                OSCfg_TmrWheelSize
                0x0000900c                OSCfg_TmrTaskStkSizeRAM
                0x00009010                OSCfg_TmrTaskStkSize
                0x00009014                OSCfg_TmrTaskStkLimit
                0x00009018                OSCfg_TmrTaskStkBasePtr
                0x0000901c                OSCfg_TmrTaskRate_Hz
                0x00009020                OSCfg_TmrTaskPrio
                0x00009024                OSCfg_TickWheelSizeRAM
                0x00009028                OSCfg_TickWheelSize
                0x0000902c                OSCfg_TickTaskStkSizeRAM
                0x00009030                OSCfg_TickTaskStkSize
                0x00009034                OSCfg_TickTaskStkLimit
                0x00009038                OSCfg_TickTaskStkBasePtr
                0x0000903c                OSCfg_TickTaskPrio
                0x00009040                OSCfg_TickRate_Hz
                0x00009044                OSCfg_StkSizeMin
                0x00009048                OSCfg_StatTaskStkSizeRAM
                0x0000904c                OSCfg_StatTaskStkSize
                0x00009050                OSCfg_StatTaskStkLimit
                0x00009054                OSCfg_StatTaskStkBasePtr
                0x00009058                OSCfg_StatTaskRate_Hz
                0x0000905c                OSCfg_StatTaskPrio
                0x00009060                OSCfg_MsgPoolBasePtr
                0x00009064                OSCfg_MsgPoolSizeRAM
                0x00009068                OSCfg_MsgPoolSize
                0x0000906c                OSCfg_ISRStkSizeRAM
                0x00009070                OSCfg_ISRStkSize
                0x00009074                OSCfg_ISRStkBasePtr
                0x00009078                OSCfg_IntQTaskStkSizeRAM
                0x0000907c                OSCfg_IntQTaskStkSize
                0x00009080                OSCfg_IntQTaskStkLimit
                0x00009084                OSCfg_IntQTaskStkBasePtr
                0x00009088                OSCfg_IntQSizeRAM
                0x0000908c                OSCfg_IntQSize
                0x00009090                OSCfg_IntQBasePtr
                0x00009094                OSCfg_IdleTaskStkSizeRAM
                0x00009098                OSCfg_IdleTaskStkSize
                0x0000909c                OSCfg_IdleTaskStkLimit
                0x000090a0                OSCfg_IdleTaskStkBasePtr
 .rodata.str1.4
                0x000090a4       0x25 .\CortexM3\ARM_GCC_541\Debug\os_core.o
                                 0x2a (size before relaxing)
 *fill*         0x000090c9        0x3 
 .rodata.str1.4
                0x000090cc      0x394 .\CortexM3\ARM_GCC_541\Debug\max30102_interface.o
 .rodata.str1.4
                0x00009460      0x9d8 .\CortexM3\ARM_GCC_541\Debug\driver_max30102.o
 .rodata        0x00009e38       0x92 .\CortexM3\ARM_GCC_541\Debug\bme68x.o
 *fill*         0x00009eca        0x2 
 .rodata        0x00009ecc       0x42 .\CortexM3\ARM_GCC_541\Debug\cyfitter_cfg.o
 .rodata.str1.1
                0x00009f0e        0x2 c:/program files (x86)/cypress/psoc creator/4.4/psoc creator/import/gnu/arm/5.4.1/bin/../lib/gcc/arm-none-eabi/5.4.1/../../../../arm-none-eabi/lib/armv7-m\libg_nano.a(lib_a-impure.o)
 .rodata.str1.1
                0x00009f10       0x11 c:/program files (x86)/cypress/psoc creator/4.4/psoc creator/import/gnu/arm/5.4.1/bin/../lib/gcc/arm-none-eabi/5.4.1/../../../../arm-none-eabi/lib/armv7-m\libg_nano.a(lib_a-nano-svfprintf.o)
 .rodata.str1.1
                0x00009f21       0x22 c:/program files (x86)/cypress/psoc creator/4.4/psoc creator/import/gnu/arm/5.4.1/bin/../lib/gcc/arm-none-eabi/5.4.1/../../../../arm-none-eabi/lib/armv7-m\libg_nano.a(lib_a-nano-vfprintf_i.o)
                0x00009f44                . = ALIGN (0x4)
 *fill*         0x00009f43        0x1 
 *(.init)
 .init          0x00009f44        0x4 c:/program files (x86)/cypress/psoc creator/4.4/psoc creator/import/gnu/arm/5.4.1/bin/../lib/gcc/arm-none-eabi/5.4.1/armv7-m/crti.o
                0x00009f44                _init
 .init          0x00009f48        0x8 c:/program files (x86)/cypress/psoc creator/4.4/psoc creator/import/gnu/arm/5.4.1/bin/../lib/gcc/arm-none-eabi/5.4.1/armv7-m/crtn.o
                0x00009f50                . = ALIGN (0x4)
                0x00009f50                __preinit_array_start = .
 *(.preinit_array)
                0x00009f50                __preinit_array_end = .
                0x00009f50                . = ALIGN (0x4)
                0x00009f50                __init_array_start = .
 *(SORT(.init_array.*))
 *(.init_array)
 .init_array    0x00009f50        0x4 c:/program files (x86)/cypress/psoc creator/4.4/psoc creator/import/gnu/arm/5.4.1/bin/../lib/gcc/arm-none-eabi/5.4.1/armv7-m/crtbegin.o
 .init_array    0x00009f54        0x4 .\CortexM3\ARM_GCC_541\Debug\Cm3Start.o
                0x00009f58                __init_array_end = .
                0x00009f58                . = ALIGN (0x4)
 *(.fini)
 .fini          0x00009f58        0x4 c:/program files (x86)/cypress/psoc creator/4.4/psoc creator/import/gnu/arm/5.4.1/bin/../lib/gcc/arm-none-eabi/5.4.1/armv7-m/crti.o
                0x00009f58                _fini
 .fini          0x00009f5c        0x8 c:/program files (x86)/cypress/psoc creator/4.4/psoc creator/import/gnu/arm/5.4.1/bin/../lib/gcc/arm-none-eabi/5.4.1/armv7-m/crtn.o
                0x00009f64                . = ALIGN (0x4)
                0x00009f64                __fini_array_start = .
 *(.fini_array)
 .fini_array    0x00009f64        0x4 c:/program files (x86)/cypress/psoc creator/4.4/psoc creator/import/gnu/arm/5.4.1/bin/../lib/gcc/arm-none-eabi/5.4.1/armv7-m/crtbegin.o
 *(SORT(.fini_array.*))
                0x00009f68                __fini_array_end = .
                0x00009f68                . = ALIGN (0x4)
 *crtbegin.o(.ctors)
 *(EXCLUDE_FILE(*crtend.o) .ctors)
 *(SORT(.ctors.*))
 *crtend.o(.ctors)
                0x00009f68                . = ALIGN (0x4)
 *crtbegin.o(.dtors)
 *(EXCLUDE_FILE(*crtend.o) .dtors)
 *(SORT(.dtors.*))
 *crtend.o(.dtors)
                0x00009f68                . = ALIGN (0x4)
                0x00009f68                __cy_regions = .
                0x00009f68        0x4 LONG 0x9f78 __cy_region_init_ram
                0x00009f6c        0x4 LONG 0x1fff80c8 __cy_region_start_data
                0x00009f70        0x4 LONG 0x90 __cy_region_init_size_ram
                0x00009f74        0x4 LONG 0x62b8 __cy_region_zero_size_ram
                0x00009f78                __cy_regions_end = .
                0x00009f78                . = ALIGN (0x8)
                0x00009f78                _etext = .

.cy_checksum_exclude
                0x00009f78        0x0
 *(.cy_checksum_exclude)

.ramvectors     0x1fff8000       0xc0
                0x1fff8000                __cy_region_start_ram = .
 *(.ramvectors)
 .ramvectors    0x1fff8000       0xc0 .\CortexM3\ARM_GCC_541\Debug\Cm3Start.o
                0x1fff8000                CyRamVectors

.noinit         0x1fff80c0        0x1
 *(.noinit)
 .noinit        0x1fff80c0        0x1 .\CortexM3\ARM_GCC_541\Debug\esw_uCOS3_cykit.a(CyLib.o)
                0x1fff80c0                CyResetStatus

.data           0x1fff80c8       0x90 load address 0x00009f78
                0x1fff80c8                __cy_region_start_data = .
 *(.jcr)
 .jcr           0x1fff80c8        0x0 c:/program files (x86)/cypress/psoc creator/4.4/psoc creator/import/gnu/arm/5.4.1/bin/../lib/gcc/arm-none-eabi/5.4.1/armv7-m/crtbegin.o
 .jcr           0x1fff80c8        0x4 c:/program files (x86)/cypress/psoc creator/4.4/psoc creator/import/gnu/arm/5.4.1/bin/../lib/gcc/arm-none-eabi/5.4.1/armv7-m/crtend.o
 *(.got.plt)
 *(.got)
 *(.shdata)
 *(.data .data.* .gnu.linkonce.d.*)
 .data          0x1fff80cc        0x8 .\CortexM3\ARM_GCC_541\Debug\heartbeatSensor.o
                0x1fff80d0                spO2
 .data          0x1fff80d4        0x4 .\CortexM3\ARM_GCC_541\Debug\Cm3Start.o
 .data          0x1fff80d8        0x8 .\CortexM3\ARM_GCC_541\Debug\esw_uCOS3_cykit.a(CyDmac.o)
 .data          0x1fff80e0       0x10 .\CortexM3\ARM_GCC_541\Debug\esw_uCOS3_cykit.a(CyLib.o)
                0x1fff80e0                cydelay_32k_ms
                0x1fff80e4                cydelay_freq_khz
                0x1fff80e8                cydelay_freq_mhz
                0x1fff80ec                cydelay_freq_hz
 .data.impure_data
                0x1fff80f0       0x60 c:/program files (x86)/cypress/psoc creator/4.4/psoc creator/import/gnu/arm/5.4.1/bin/../lib/gcc/arm-none-eabi/5.4.1/../../../../arm-none-eabi/lib/armv7-m\libg_nano.a(lib_a-impure.o)
 .data._impure_ptr
                0x1fff8150        0x4 c:/program files (x86)/cypress/psoc creator/4.4/psoc creator/import/gnu/arm/5.4.1/bin/../lib/gcc/arm-none-eabi/5.4.1/../../../../arm-none-eabi/lib/armv7-m\libg_nano.a(lib_a-impure.o)
                0x1fff8150                _impure_ptr
                0x1fff8158                . = ALIGN (0x8)
 *fill*         0x1fff8154        0x4 
 *(.ram)
                0x1fff8158                _edata = .

.igot.plt       0x1fff8158        0x0 load address 0x0000a008
 .igot.plt      0x1fff8158        0x0 c:/program files (x86)/cypress/psoc creator/4.4/psoc creator/import/gnu/arm/5.4.1/bin/../lib/gcc/arm-none-eabi/5.4.1/armv7-m/crtbegin.o

.bss            0x1fff8158     0x62b8 load address 0x0000a008
                0x1fff8158                PROVIDE (__bss_start__, .)
 *(.shbss)
 *(.bss .bss.* .gnu.linkonce.b.*)
 .bss           0x1fff8158       0x1c c:/program files (x86)/cypress/psoc creator/4.4/psoc creator/import/gnu/arm/5.4.1/bin/../lib/gcc/arm-none-eabi/5.4.1/armv7-m/crtbegin.o
 .bss           0x1fff8174      0x4c0 .\CortexM3\ARM_GCC_541\Debug\app.o
 .bss           0x1fff8634       0xdc .\CortexM3\ARM_GCC_541\Debug\heartbeatSensor.o
                0x1fff8638                IR_AC_Signal_Current
                0x1fff863c                IR_AC_Signal_Previous
                0x1fff8640                last_peak_timestamp
                0x1fff8644                cycle_started
                0x1fff8648                IR_AC_Min
                0x1fff864c                heart_rate_index
                0x1fff8650                heart_rate_history
                0x1fff868c                heart_rate_sum
                0x1fff8690                IR_DC_Signal_Current
                0x1fff8694                RED_DC_Signal_Current
                0x1fff8698                RED_AC_Signal_Current
                0x1fff8704                ir_avg_reg
                0x1fff8708                red_avg_reg
                0x1fff870c                IR_AC_Max
 .bss           0x1fff8710        0x1 .\CortexM3\ARM_GCC_541\Debug\gpio_tasks.o
 *fill*         0x1fff8711        0x3 
 .bss           0x1fff8714        0x4 .\CortexM3\ARM_GCC_541\Debug\bsp_i2c.o
                0x1fff8714                current_timestamp
 .bss           0x1fff8718        0x9 .\CortexM3\ARM_GCC_541\Debug\esw_uCOS3_cykit.a(UART_1.o)
                0x1fff8718                UART_1_errorStatus
                0x1fff8719                UART_1_initVar
                0x1fff871a                UART_1_rxBufferRead
                0x1fff871b                UART_1_rxBufferWrite
                0x1fff871c                UART_1_rxBufferLoopDetect
                0x1fff871d                UART_1_rxBufferOverflow
                0x1fff871e                UART_1_txBufferRead
                0x1fff871f                UART_1_txBufferWrite
 .bss           0x1fff8721        0x1 .\CortexM3\ARM_GCC_541\Debug\esw_uCOS3_cykit.a(I2C_1.o)
                0x1fff8721                I2C_1_initVar
 .bss           0x1fff8722        0x1 .\CortexM3\ARM_GCC_541\Debug\esw_uCOS3_cykit.a(Timer_1.o)
                0x1fff8722                Timer_1_initVar
 .bss           0x1fff8723        0x1 .\CortexM3\ARM_GCC_541\Debug\esw_uCOS3_cykit.a(PWM_ac.o)
                0x1fff8723                PWM_ac_initVar
 .bss           0x1fff8724        0x1 .\CortexM3\ARM_GCC_541\Debug\esw_uCOS3_cykit.a(PWM_hb.o)
                0x1fff8724                PWM_hb_initVar
 .bss           0x1fff8725        0x1 .\CortexM3\ARM_GCC_541\Debug\esw_uCOS3_cykit.a(PWM_bo.o)
                0x1fff8725                PWM_bo_initVar
 *fill*         0x1fff8726        0x2 
 .bss.__malloc_sbrk_start
                0x1fff8728        0x4 c:/program files (x86)/cypress/psoc creator/4.4/psoc creator/import/gnu/arm/5.4.1/bin/../lib/gcc/arm-none-eabi/5.4.1/../../../../arm-none-eabi/lib/armv7-m\libg_nano.a(lib_a-nano-mallocr.o)
                0x1fff8728                __malloc_sbrk_start
 .bss.__malloc_free_list
                0x1fff872c        0x4 c:/program files (x86)/cypress/psoc creator/4.4/psoc creator/import/gnu/arm/5.4.1/bin/../lib/gcc/arm-none-eabi/5.4.1/../../../../arm-none-eabi/lib/armv7-m\libg_nano.a(lib_a-nano-mallocr.o)
                0x1fff872c                __malloc_free_list
 *(COMMON)
 COMMON         0x1fff8730      0x630 .\CortexM3\ARM_GCC_541\Debug\app.o
                0x1fff8730                LedG_Task_TCB
                0x1fff87f0                LedRB_TaskStk
                0x1fff88f0                CommQI2CSPO2
                0x1fff8920                BUT_Task_TCB
                0x1fff89e0                LedRB_Task_TCB
                0x1fff8aa0                CommQProcessedEnvironmentData
                0x1fff8ad0                CommQI2CHeartRate
                0x1fff8b00                BUT_TaskStk
                0x1fff8c00                CommQSPIData
                0x1fff8c30                CommQProcessedOximeterData
                0x1fff8c60                LedG_TaskStk
 COMMON         0x1fff8d60     0x24c8 .\CortexM3\ARM_GCC_541\Debug\log_task.o
                0x1fff8d60                Log_TaskStk
                0x1fff9560                LogTaskSem
                0x1fff9588                Log_Task_TCB
                0x1fff9648                MsgMemPoolStorage
                0x1fffb1d8                MsgMemPool
                0x1fffb1f8                Log_Queue
 COMMON         0x1fffb228      0x900 .\CortexM3\ARM_GCC_541\Debug\heartbeatSensor.o
                0x1fffb228                MAX30102_Task_TCB
                0x1fffb2e8                i2c_rx_buffer
                0x1fffb328                MAX30102_TaskStk
 COMMON         0x1fffbb28      0x8c0 .\CortexM3\ARM_GCC_541\Debug\environmentSensor.o
                0x1fffbb28                BME688_Task_TCB
                0x1fffbbe8                BME688_TaskStk
 COMMON         0x1fffc3e8      0x8c0 .\CortexM3\ARM_GCC_541\Debug\data_processing_task.o
                0x1fffc3e8                Data_Processing_TaskStk
                0x1fffcbe8                Data_Processing_TCB
 COMMON         0x1fffcca8       0x28 .\CortexM3\ARM_GCC_541\Debug\bsp_i2c.o
                0x1fffcca8                I2C_Sem
 COMMON         0x1fffccd0       0x14 .\CortexM3\ARM_GCC_541\Debug\cpu_core.o
                0x1fffccd0                CPU_TS_TmrFreq_Hz
                0x1fffccd4                CPU_Name
 COMMON         0x1fffcce4        0x4 .\CortexM3\ARM_GCC_541\Debug\os_cpu_c.o
                0x1fffcce4                OS_CPU_ExceptStkBase
 COMMON         0x1fffcce8        0x4 .\CortexM3\ARM_GCC_541\Debug\os_prio.o
                0x1fffcce8                OSPrioTbl
 COMMON         0x1fffccec      0x538 .\CortexM3\ARM_GCC_541\Debug\os_var.o
                0x1fffccec                OSSchedLockNestingCtr
                0x1fffccf0                OS_AppTaskReturnHookPtr
                0x1fffccf4                OSStatTaskTimeMax
                0x1fffccf8                OSStatTaskCtr
                0x1fffccfc                OSTaskRegNextAvailID
                0x1fffccfd                OSRunning
                0x1fffcd00                OSRdyList
                0x1fffce80                OSPrioHighRdy
                0x1fffce81                OSStatTaskRdy
                0x1fffce84                OSSemDbgListPtr
                0x1fffce88                OS_AppTaskCreateHookPtr
                0x1fffce8c                OSPrioCur
                0x1fffce90                OSTickTaskTCB
                0x1fffcf50                OSTmrTickCtr
                0x1fffcf54                OSTCBCurPtr
                0x1fffcf58                OSQQty
                0x1fffcf5a                OSStatTaskCPUUsageMax
                0x1fffcf5c                OSPrioSaved
                0x1fffcf60                OSTCBHighRdyPtr
                0x1fffcf64                OSTaskDbgListPtr
                0x1fffcf68                OSTmrTaskTimeMax
                0x1fffcf6c                OS_AppTaskDelHookPtr
                0x1fffcf70                OS_AppTimeTickHookPtr
                0x1fffcf74                OSTaskCtxSwCtr
                0x1fffcf78                OSStatTaskCPUUsage
                0x1fffcf7a                OSIntNestingCtr
                0x1fffcf7c                OSTaskQty
                0x1fffcf80                OSTmrTaskTCB
                0x1fffd040                OSMsgPool
                0x1fffd04c                OSIdleTaskTCB
                0x1fffd10c                OSQDbgListPtr
                0x1fffd110                OSSemQty
                0x1fffd114                OSMemDbgListPtr
                0x1fffd118                OSSchedRoundRobinDfltTimeQuanta
                0x1fffd11c                OS_AppIdleTaskHookPtr
                0x1fffd120                OSStatTaskCtrMax
                0x1fffd124                OSTickCtr
                0x1fffd128                OS_AppTaskSwHookPtr
                0x1fffd12c                OSTmrQty
                0x1fffd130                OSIdleTaskCtr
                0x1fffd134                OSStatTaskCtrRun
                0x1fffd138                OS_AppStatTaskHookPtr
                0x1fffd13c                OSFlagQty
                0x1fffd140                OSFlagDbgListPtr
                0x1fffd144                OSStatResetFlag
                0x1fffd146                OSMemQty
                0x1fffd148                OSMutexQty
                0x1fffd14c                OSStatTaskTCB
                0x1fffd20c                OSTmrDbgListPtr
                0x1fffd210                OSTickTaskTimeMax
                0x1fffd214                OSTmrUpdateCnt
                0x1fffd218                OSSchedRoundRobinEn
                0x1fffd21c                OSMutexDbgListPtr
                0x1fffd220                OSTmrUpdateCtr
 COMMON         0x1fffd224     0x1150 .\CortexM3\ARM_GCC_541\Debug\os_cfg_app.o
                0x1fffd224                OSCfg_StatTaskStk
                0x1fffd424                OSCfg_TickWheel
                0x1fffd4ac                OSCfg_MsgPool
                0x1fffdaec                OSCfg_TmrTaskStk
                0x1fffdcec                OSCfg_TmrWheel
                0x1fffdd74                OSCfg_ISRStk
                0x1fffdf74                OSCfg_TickTaskStk
                0x1fffe174                OSCfg_IdleTaskStk
 COMMON         0x1fffe374       0x80 .\CortexM3\ARM_GCC_541\Debug\esw_uCOS3_cykit.a(UART_1.o)
                0x1fffe374                UART_1_txBuffer
                0x1fffe3b4                UART_1_rxBuffer
 COMMON         0x1fffe3f4        0x1 .\CortexM3\ARM_GCC_541\Debug\esw_uCOS3_cykit.a(I2C_1.o)
                0x1fffe3f4                I2C_1_state
 *fill*         0x1fffe3f5        0x3 
 COMMON         0x1fffe3f8       0x11 .\CortexM3\ARM_GCC_541\Debug\esw_uCOS3_cykit.a(I2C_1_MASTER.o)
                0x1fffe3f8                I2C_1_mstrWrBufIndex
                0x1fffe3f9                I2C_1_mstrControl
                0x1fffe3fa                I2C_1_mstrStatus
                0x1fffe3fb                I2C_1_mstrWrBufSize
                0x1fffe3fc                I2C_1_mstrRdBufIndex
                0x1fffe400                I2C_1_mstrWrBufPtr
                0x1fffe404                I2C_1_mstrRdBufPtr
                0x1fffe408                I2C_1_mstrRdBufSize
 *fill*         0x1fffe409        0x3 
 COMMON         0x1fffe40c        0x4 c:/program files (x86)/cypress/psoc creator/4.4/psoc creator/import/gnu/arm/5.4.1/bin/../lib/gcc/arm-none-eabi/5.4.1/../../../../arm-none-eabi/lib/armv7-m\libg_nano.a(lib_a-reent.o)
                0x1fffe40c                errno
                0x1fffe410                . = ALIGN (0x8)
 *(.ram.b)
                0x1fffe410                _end = .
                0x1fffe410                __end = .
                0x1fffe410                PROVIDE (end, .)
                0x1fffe410                PROVIDE (__bss_end__, .)
                0x00009f78                __cy_region_init_ram = LOADADDR (.data)
                0x00000090                __cy_region_init_size_ram = (_edata - ADDR (.data))
                0x000062b8                __cy_region_zero_size_ram = (_end - _edata)

.heap           0x1fffe410       0x80 load address 0x0000a008
                0x1fffe410                . = _end
                0x1fffe490                . = (. + 0x80)
 *fill*         0x1fffe410       0x80 
                0x1fffe490                __cy_heap_limit = .

.stack          0x20007800      0x800
                0x20007800                __cy_stack_limit = .
                0x20008000                . = (. + 0x800)
 *fill*         0x20007800      0x800 
                0x00000001                ASSERT ((__cy_stack_limit >= __cy_heap_limit), region RAM overflowed with stack)
                0x00000000                cy_checksum_exclude_size = (CY_APPL_LOADABLE == 0x1)?SIZEOF (.cy_checksum_exclude):0x0
                0x00000001                ASSERT ((cy_checksum_exclude_size <= CY_CHECKSUM_EXCLUDE_SIZE), CY_BOOT: Section .cy_checksum_exclude size exceedes specified limit.)

.cyloadermeta
 *(.cyloadermeta)

.cyloadablemeta
 *(.cyloadablemeta)

.cyconfigecc    0x80000000      0x5e0
 *(.cyconfigecc)
 .cyconfigecc   0x80000000      0x5e0 .\CortexM3\ARM_GCC_541\Debug\cymetadata.o
                0x80000000                cy_meta_configecc

.cycustnvl      0x90000000        0x4
 *(.cycustnvl)
 .cycustnvl     0x90000000        0x4 .\CortexM3\ARM_GCC_541\Debug\cymetadata.o
                0x90000000                cy_meta_custnvl

.cywolatch      0x90100000        0x4
 *(.cywolatch)
 .cywolatch     0x90100000        0x4 .\CortexM3\ARM_GCC_541\Debug\cymetadata.o
                0x90100000                cy_meta_wonvl

.cyeeprom       0x90200000        0x0
 *(.cyeeprom)
                0x00000001                ASSERT ((. <= ((0x90200000 + ee_offset) + ee_size)), .cyeeprom data will not fit in EEPROM)

.cyflashprotect
                0x90400000      0x100
 *(.cyflashprotect)
 .cyflashprotect
                0x90400000      0x100 .\CortexM3\ARM_GCC_541\Debug\cymetadata.o
                0x90400000                cy_meta_flashprotect

.cymeta         0x90500000        0xc
 *(.cymeta)
 .cymeta        0x90500000        0xc .\CortexM3\ARM_GCC_541\Debug\cymetadata.o
                0x90500000                cy_metadata

.rel.dyn        0x0000a008        0x0 load address 0x9050000c
 .rel.iplt      0x0000a008        0x0 c:/program files (x86)/cypress/psoc creator/4.4/psoc creator/import/gnu/arm/5.4.1/bin/../lib/gcc/arm-none-eabi/5.4.1/armv7-m/crtbegin.o

.stab
 *(.stab)

.stabstr
 *(.stabstr)

.debug
 *(.debug)

.line
 *(.line)

.debug_srcinfo
 *(.debug_srcinfo)

.debug_sfnames
 *(.debug_sfnames)

.debug_aranges  0x00000000     0x1da8
 *(.debug_aranges)
 .debug_aranges
                0x00000000       0x28 .\CortexM3\ARM_GCC_541\Debug\app.o
 .debug_aranges
                0x00000028       0x68 .\CortexM3\ARM_GCC_541\Debug\os_app_hooks.o
 .debug_aranges
                0x00000090       0x40 .\CortexM3\ARM_GCC_541\Debug\log_task.o
 .debug_aranges
                0x000000d0       0x78 .\CortexM3\ARM_GCC_541\Debug\heartbeatSensor.o
 .debug_aranges
                0x00000148       0x60 .\CortexM3\ARM_GCC_541\Debug\environmentSensor.o
 .debug_aranges
                0x000001a8       0x50 .\CortexM3\ARM_GCC_541\Debug\data_processing_task.o
 .debug_aranges
                0x000001f8       0x48 .\CortexM3\ARM_GCC_541\Debug\gpio_tasks.o
 .debug_aranges
                0x00000240       0x38 .\CortexM3\ARM_GCC_541\Debug\bsp_os.o
 .debug_aranges
                0x00000278       0x58 .\CortexM3\ARM_GCC_541\Debug\bsp.o
 .debug_aranges
                0x000002d0       0x30 .\CortexM3\ARM_GCC_541\Debug\cpu_bsp.o
 .debug_aranges
                0x00000300       0x30 .\CortexM3\ARM_GCC_541\Debug\bsp_uart.o
 .debug_aranges
                0x00000330       0x30 .\CortexM3\ARM_GCC_541\Debug\bsp_gpio.o
 .debug_aranges
                0x00000360       0x38 .\CortexM3\ARM_GCC_541\Debug\bsp_i2c.o
 .debug_aranges
                0x00000398       0x38 .\CortexM3\ARM_GCC_541\Debug\bsp_pwm.o
 .debug_aranges
                0x000003d0       0x50 .\CortexM3\ARM_GCC_541\Debug\cpu_c.o
 .debug_aranges
                0x00000420       0xb0 .\CortexM3\ARM_GCC_541\Debug\cpu_core.o
 .debug_aranges
                0x000004d0       0x38 .\CortexM3\ARM_GCC_541\Debug\lib_math.o
 .debug_aranges
                0x00000508       0x48 .\CortexM3\ARM_GCC_541\Debug\lib_mem.o
 .debug_aranges
                0x00000550       0xd8 .\CortexM3\ARM_GCC_541\Debug\lib_str.o
 .debug_aranges
                0x00000628       0x98 .\CortexM3\ARM_GCC_541\Debug\lib_ascii.o
 .debug_aranges
                0x000006c0       0x70 .\CortexM3\ARM_GCC_541\Debug\os_cpu_c.o
 .debug_aranges
                0x00000730       0x38 .\CortexM3\ARM_GCC_541\Debug\os_pend_multi.o
 .debug_aranges
                0x00000768       0x38 .\CortexM3\ARM_GCC_541\Debug\os_prio.o
 .debug_aranges
                0x000007a0       0x70 .\CortexM3\ARM_GCC_541\Debug\os_q.o
 .debug_aranges
                0x00000810       0x70 .\CortexM3\ARM_GCC_541\Debug\os_sem.o
 .debug_aranges
                0x00000880       0x38 .\CortexM3\ARM_GCC_541\Debug\os_stat.o
 .debug_aranges
                0x000008b8       0xf0 .\CortexM3\ARM_GCC_541\Debug\os_task.o
 .debug_aranges
                0x000009a8       0x50 .\CortexM3\ARM_GCC_541\Debug\os_tick.o
 .debug_aranges
                0x000009f8       0x48 .\CortexM3\ARM_GCC_541\Debug\os_time.o
 .debug_aranges
                0x00000a40       0x88 .\CortexM3\ARM_GCC_541\Debug\os_tmr.o
 .debug_aranges
                0x00000ac8       0x18 .\CortexM3\ARM_GCC_541\Debug\os_var.o
 .debug_aranges
                0x00000ae0       0x20 .\CortexM3\ARM_GCC_541\Debug\os_cfg_app.o
 .debug_aranges
                0x00000b00      0x140 .\CortexM3\ARM_GCC_541\Debug\os_core.o
 .debug_aranges
                0x00000c40       0x20 .\CortexM3\ARM_GCC_541\Debug\os_dbg.o
 .debug_aranges
                0x00000c60       0x80 .\CortexM3\ARM_GCC_541\Debug\os_flag.o
 .debug_aranges
                0x00000ce0       0x18 .\CortexM3\ARM_GCC_541\Debug\os_int.o
 .debug_aranges
                0x00000cf8       0x40 .\CortexM3\ARM_GCC_541\Debug\os_mem.o
 .debug_aranges
                0x00000d38       0x40 .\CortexM3\ARM_GCC_541\Debug\os_msg.o
 .debug_aranges
                0x00000d78       0x60 .\CortexM3\ARM_GCC_541\Debug\os_mutex.o
 .debug_aranges
                0x00000dd8       0x48 .\CortexM3\ARM_GCC_541\Debug\max30102_interface.o
 .debug_aranges
                0x00000e20      0x180 .\CortexM3\ARM_GCC_541\Debug\driver_max30102.o
 .debug_aranges
                0x00000fa0      0x120 .\CortexM3\ARM_GCC_541\Debug\bme68x.o
 .debug_aranges
                0x000010c0       0x58 .\CortexM3\ARM_GCC_541\Debug\cyfitter_cfg.o
 .debug_aranges
                0x00001118       0x18 .\CortexM3\ARM_GCC_541\Debug\cymetadata.o
 .debug_aranges
                0x00001130       0x48 .\CortexM3\ARM_GCC_541\Debug\Cm3Start.o
 .debug_aranges
                0x00001178       0x20 .\CortexM3\ARM_GCC_541\Debug\cpu_a.o
 .debug_aranges
                0x00001198       0x20 .\CortexM3\ARM_GCC_541\Debug\os_cpu_a.o
 .debug_aranges
                0x000011b8       0xf0 .\CortexM3\ARM_GCC_541\Debug\esw_uCOS3_cykit.a(UART_1.o)
 .debug_aranges
                0x000012a8       0x28 .\CortexM3\ARM_GCC_541\Debug\esw_uCOS3_cykit.a(UART_1_INT.o)
 .debug_aranges
                0x000012d0       0x38 .\CortexM3\ARM_GCC_541\Debug\esw_uCOS3_cykit.a(Pin_1.o)
 .debug_aranges
                0x00001308       0x70 .\CortexM3\ARM_GCC_541\Debug\esw_uCOS3_cykit.a(UART_1_IntClock.o)
 .debug_aranges
                0x00001378       0xd8 .\CortexM3\ARM_GCC_541\Debug\esw_uCOS3_cykit.a(CyDmac.o)
 .debug_aranges
                0x00001450      0x2a0 .\CortexM3\ARM_GCC_541\Debug\esw_uCOS3_cykit.a(CyLib.o)
 .debug_aranges
                0x000016f0       0x98 .\CortexM3\ARM_GCC_541\Debug\esw_uCOS3_cykit.a(cyPm.o)
 .debug_aranges
                0x00001788       0x38 .\CortexM3\ARM_GCC_541\Debug\esw_uCOS3_cykit.a(Pin_2.o)
 .debug_aranges
                0x000017c0       0x38 .\CortexM3\ARM_GCC_541\Debug\esw_uCOS3_cykit.a(push_button.o)
 .debug_aranges
                0x000017f8       0x38 .\CortexM3\ARM_GCC_541\Debug\esw_uCOS3_cykit.a(I2C_1.o)
 .debug_aranges
                0x00001830       0x20 .\CortexM3\ARM_GCC_541\Debug\esw_uCOS3_cykit.a(I2C_1_INT.o)
 .debug_aranges