Archive member included to satisfy reference by file (symbol)

.\CortexM3\ARM_GCC_541\Debug\esw_uCOS3_cykit.a(UART_1.o)
                              .\CortexM3\ARM_GCC_541\Debug\bsp_uart.o (UART_1_Start)
.\CortexM3\ARM_GCC_541\Debug\esw_uCOS3_cykit.a(UART_1_INT.o)
                              .\CortexM3\ARM_GCC_541\Debug\esw_uCOS3_cykit.a(UART_1.o) (UART_1_RXISR)
.\CortexM3\ARM_GCC_541\Debug\esw_uCOS3_cykit.a(Pin_1.o)
                              .\CortexM3\ARM_GCC_541\Debug\bsp_gpio.o (Pin_1_Write)
.\CortexM3\ARM_GCC_541\Debug\esw_uCOS3_cykit.a(UART_1_IntClock.o)
                              .\CortexM3\ARM_GCC_541\Debug\esw_uCOS3_cykit.a(UART_1.o) (UART_1_IntClock_Start)
.\CortexM3\ARM_GCC_541\Debug\esw_uCOS3_cykit.a(CyDmac.o)
                              .\CortexM3\ARM_GCC_541\Debug\Cm3Start.o (CyDmacConfigure)
.\CortexM3\ARM_GCC_541\Debug\esw_uCOS3_cykit.a(CyLib.o)
                              .\CortexM3\ARM_GCC_541\Debug\Cm3Start.o (CyHalt)
.\CortexM3\ARM_GCC_541\Debug\esw_uCOS3_cykit.a(cyPm.o)
                              .\CortexM3\ARM_GCC_541\Debug\esw_uCOS3_cykit.a(CyLib.o) (CyPmReadStatus)
.\CortexM3\ARM_GCC_541\Debug\esw_uCOS3_cykit.a(Pin_2.o)
                              .\CortexM3\ARM_GCC_541\Debug\bsp_gpio.o (Pin_2_Write)
.\CortexM3\ARM_GCC_541\Debug\esw_uCOS3_cykit.a(push_button.o)
                              .\CortexM3\ARM_GCC_541\Debug\bsp_gpio.o (push_button_Write)
.\CortexM3\ARM_GCC_541\Debug\esw_uCOS3_cykit.a(I2C_1.o)
                              .\CortexM3\ARM_GCC_541\Debug\bsp_i2c.o (I2C_1_Start)
.\CortexM3\ARM_GCC_541\Debug\esw_uCOS3_cykit.a(I2C_1_INT.o)
                              .\CortexM3\ARM_GCC_541\Debug\esw_uCOS3_cykit.a(I2C_1.o) (I2C_1_ISR)
.\CortexM3\ARM_GCC_541\Debug\esw_uCOS3_cykit.a(I2C_1_PM.o)
                              .\CortexM3\ARM_GCC_541\Debug\esw_uCOS3_cykit.a(I2C_1.o) (I2C_1_backup)
.\CortexM3\ARM_GCC_541\Debug\esw_uCOS3_cykit.a(I2C_1_MASTER.o)
                              .\CortexM3\ARM_GCC_541\Debug\esw_uCOS3_cykit.a(I2C_1.o) (I2C_1_mstrStatus)
.\CortexM3\ARM_GCC_541\Debug\esw_uCOS3_cykit.a(Timer_1.o)
                              .\CortexM3\ARM_GCC_541\Debug\bsp_i2c.o (Timer_1_Start)
.\CortexM3\ARM_GCC_541\Debug\esw_uCOS3_cykit.a(Timer_ISR.o)
                              .\CortexM3\ARM_GCC_541\Debug\bsp_i2c.o (Timer_ISR_StartEx)
.\CortexM3\ARM_GCC_541\Debug\esw_uCOS3_cykit.a(CyBootAsmGnu.o)
                              .\CortexM3\ARM_GCC_541\Debug\cyfitter_cfg.o (CyDelayCycles)
.\CortexM3\ARM_GCC_541\Debug\esw_uCOS3_cykit.a(CyFlash.o)
                              .\CortexM3\ARM_GCC_541\Debug\esw_uCOS3_cykit.a(cyPm.o) (CyFlash_SetWaitCycles)
.\CortexM3\ARM_GCC_541\Debug\esw_uCOS3_cykit.a(CySpc.o)
                              .\CortexM3\ARM_GCC_541\Debug\esw_uCOS3_cykit.a(CyFlash.o) (CySpcStart)
c:/program files (x86)/cypress/psoc creator/4.4/psoc creator/import/gnu/arm/5.4.1/bin/../lib/gcc/arm-none-eabi/5.4.1/armv7-m\libgcc.a(_arm_addsubsf3.o)
                              .\CortexM3\ARM_GCC_541\Debug\driver_max30102.o (__aeabi_fadd)
c:/program files (x86)/cypress/psoc creator/4.4/psoc creator/import/gnu/arm/5.4.1/bin/../lib/gcc/arm-none-eabi/5.4.1/armv7-m\libgcc.a(_arm_muldivsf3.o)
                              .\CortexM3\ARM_GCC_541\Debug\driver_max30102.o (__aeabi_fmul)
c:/program files (x86)/cypress/psoc creator/4.4/psoc creator/import/gnu/arm/5.4.1/bin/../lib/gcc/arm-none-eabi/5.4.1/../../../../arm-none-eabi/lib/armv7-m\libg_nano.a(lib_a-errno.o)
                              .\CortexM3\ARM_GCC_541\Debug\Cm3Start.o (__errno)
c:/program files (x86)/cypress/psoc creator/4.4/psoc creator/import/gnu/arm/5.4.1/bin/../lib/gcc/arm-none-eabi/5.4.1/../../../../arm-none-eabi/lib/armv7-m\libg_nano.a(lib_a-exit.o)
                              c:/program files (x86)/cypress/psoc creator/4.4/psoc creator/import/gnu/arm/5.4.1/bin/../lib/gcc/arm-none-eabi/5.4.1/../../../../arm-none-eabi/lib/armv7-m/crt0.o (exit)
c:/program files (x86)/cypress/psoc creator/4.4/psoc creator/import/gnu/arm/5.4.1/bin/../lib/gcc/arm-none-eabi/5.4.1/../../../../arm-none-eabi/lib/armv7-m\libg_nano.a(lib_a-impure.o)
                              c:/program files (x86)/cypress/psoc creator/4.4/psoc creator/import/gnu/arm/5.4.1/bin/../lib/gcc/arm-none-eabi/5.4.1/../../../../arm-none-eabi/lib/armv7-m\libg_nano.a(lib_a-exit.o) (_global_impure_ptr)
c:/program files (x86)/cypress/psoc creator/4.4/psoc creator/import/gnu/arm/5.4.1/bin/../lib/gcc/arm-none-eabi/5.4.1/../../../../arm-none-eabi/lib/armv7-m\libg_nano.a(lib_a-init.o)
                              c:/program files (x86)/cypress/psoc creator/4.4/psoc creator/import/gnu/arm/5.4.1/bin/../lib/gcc/arm-none-eabi/5.4.1/../../../../arm-none-eabi/lib/armv7-m/crt0.o (__libc_init_array)
c:/program files (x86)/cypress/psoc creator/4.4/psoc creator/import/gnu/arm/5.4.1/bin/../lib/gcc/arm-none-eabi/5.4.1/../../../../arm-none-eabi/lib/armv7-m\libg_nano.a(lib_a-memcpy-stub.o)
[...]
Memory Configuration

Name             Origin             Length             Attributes
rom              0x00000000         0x00040000         xr
ram              0x1fff8000         0x00010000         xrw
*default*        0x00000000         0xffffffff

Linker script and memory map

LOAD c:/program files (x86)/cypress/psoc creator/4.4/psoc creator/import/gnu/arm/5.4.1/bin/../lib/gcc/arm-none-eabi/5.4.1/armv7-m/crti.o
LOAD c:/program files (x86)/cypress/psoc creator/4.4/psoc creator/import/gnu/arm/5.4.1/bin/../lib/gcc/arm-none-eabi/5.4.1/armv7-m/crtbegin.o
LOAD c:/program files (x86)/cypress/psoc creator/4.4/psoc creator/import/gnu/arm/5.4.1/bin/../lib/gcc/arm-none-eabi/5.4.1/../../../../arm-none-eabi/lib/armv7-m/crt0.o
START GROUP
LOAD .\CortexM3\ARM_GCC_541\Debug\app.o
LOAD .\CortexM3\ARM_GCC_541\Debug\os_app_hooks.o
LOAD .\CortexM3\ARM_GCC_541\Debug\log_task.o
LOAD .\CortexM3\ARM_GCC_541\Debug\heartbeatSensor.o
LOAD .\CortexM3\ARM_GCC_541\Debug\data_processing_task.o
LOAD .\CortexM3\ARM_GCC_541\Debug\bsp_os.o
LOAD .\CortexM3\ARM_GCC_541\Debug\bsp.o
LOAD .\CortexM3\ARM_GCC_541\Debug\cpu_bsp.o
LOAD .\CortexM3\ARM_GCC_541\Debug\bsp_uart.o
LOAD .\CortexM3\ARM_GCC_541\Debug\bsp_gpio.o
LOAD .\CortexM3\ARM_GCC_541\Debug\bsp_i2c.o
LOAD .\CortexM3\ARM_GCC_541\Debug\cpu_c.o
LOAD .\CortexM3\ARM_GCC_541\Debug\cpu_core.o
LOAD .\CortexM3\ARM_GCC_541\Debug\lib_math.o
LOAD .\CortexM3\ARM_GCC_541\Debug\lib_mem.o
LOAD .\CortexM3\ARM_GCC_541\Debug\lib_str.o
LOAD .\CortexM3\ARM_GCC_541\Debug\lib_ascii.o
LOAD .\CortexM3\ARM_GCC_541\Debug\os_cpu_c.o
LOAD .\CortexM3\ARM_GCC_541\Debug\os_pend_multi.o
LOAD .\CortexM3\ARM_GCC_541\Debug\os_prio.o
LOAD .\CortexM3\ARM_GCC_541\Debug\os_q.o
LOAD .\CortexM3\ARM_GCC_541\Debug\os_sem.o
LOAD .\CortexM3\ARM_GCC_541\Debug\os_stat.o
LOAD .\CortexM3\ARM_GCC_541\Debug\os_task.o
LOAD .\CortexM3\ARM_GCC_541\Debug\os_tick.o
LOAD .\CortexM3\ARM_GCC_541\Debug\os_time.o
LOAD .\CortexM3\ARM_GCC_541\Debug\os_tmr.o
LOAD .\CortexM3\ARM_GCC_541\Debug\os_var.o
LOAD .\CortexM3\ARM_GCC_541\Debug\os_cfg_app.o
LOAD .\CortexM3\ARM_GCC_541\Debug\os_core.o
LOAD .\CortexM3\ARM_GCC_541\Debug\os_dbg.o
LOAD .\CortexM3\ARM_GCC_541\Debug\os_flag.o
LOAD .\CortexM3\ARM_GCC_541\Debug\os_int.o
LOAD .\CortexM3\ARM_GCC_541\Debug\os_mem.o
LOAD .\CortexM3\ARM_GCC_541\Debug\os_msg.o
LOAD .\CortexM3\ARM_GCC_541\Debug\os_mutex.o
LOAD .\CortexM3\ARM_GCC_541\Debug\max30102_interface.o
LOAD .\CortexM3\ARM_GCC_541\Debug\driver_max30102.o
LOAD .\CortexM3\ARM_GCC_541\Debug\cyfitter_cfg.o
LOAD .\CortexM3\ARM_GCC_541\Debug\cymetadata.o
LOAD .\CortexM3\ARM_GCC_541\Debug\Cm3Start.o
LOAD .\CortexM3\ARM_GCC_541\Debug\cpu_a.o
LOAD .\CortexM3\ARM_GCC_541\Debug\os_cpu_a.o
LOAD .\CortexM3\ARM_GCC_541\Debug\esw_uCOS3_cykit.a
LOAD C:\Program Files (x86)\Cypress\PSoC Creator\4.4\PSoC Creator\psoc\content\cycomponentlibrary\CyComponentLibrary.cylib\CortexM3\ARM_GCC_541\Debug\CyComponentLibrary.a
END GROUP
START GROUP
LOAD c:/program files (x86)/cypress/psoc creator/4.4/psoc creator/import/gnu/arm/5.4.1/bin/../lib/gcc/arm-none-eabi/5.4.1/armv7-m\libgcc.a
LOAD c:/program files (x86)/cypress/psoc creator/4.4/psoc creator/import/gnu/arm/5.4.1/bin/../lib/gcc/arm-none-eabi/5.4.1/../../../../arm-none-eabi/lib/armv7-m\libg_nano.a
LOAD c:/program files (x86)/cypress/psoc creator/4.4/psoc creator/import/gnu/arm/5.4.1/bin/../lib/gcc/arm-none-eabi/5.4.1/../../../../arm-none-eabi/lib/armv7-m\libc_nano.a
END GROUP
START GROUP
LOAD c:/program files (x86)/cypress/psoc creator/4.4/psoc creator/import/gnu/arm/5.4.1/bin/../lib/gcc/arm-none-eabi/5.4.1/armv7-m\libgcc.a
LOAD c:/program files (x86)/cypress/psoc creator/4.4/psoc creator/import/gnu/arm/5.4.1/bin/../lib/gcc/arm-none-eabi/5.4.1/../../../../arm-none-eabi/lib/armv7-m\libc_nano.a
END GROUP
LOAD c:/program files (x86)/cypress/psoc creator/4.4/psoc creator/import/gnu/arm/5.4.1/bin/../lib/gcc/arm-none-eabi/5.4.1/armv7-m/crtend.o
LOAD c:/program files (x86)/cypress/psoc creator/4.4/psoc creator/import/gnu/arm/5.4.1/bin/../lib/gcc/arm-none-eabi/5.4.1/armv7-m/crtn.o
START GROUP
LOAD c:/program files (x86)/cypress/psoc creator/4.4/psoc creator/import/gnu/arm/5.4.1/bin/../lib/gcc/arm-none-eabi/5.4.1/armv7-m\libgcc.a
LOAD c:/program files (x86)/cypress/psoc creator/4.4/psoc creator/import/gnu/arm/5.4.1/bin/../lib/gcc/arm-none-eabi/5.4.1/../../../../arm-none-eabi/lib/armv7-m\libc.a
LOAD c:/program files (x86)/cypress/psoc creator/4.4/psoc creator/import/gnu/arm/5.4.1/bin/../lib/gcc/arm-none-eabi/5.4.1/../../../../arm-none-eabi/lib/armv7-m\libnosys.a
END GROUP
                0x00000000                CY_APPL_ORIGIN = 0x0
                0x00000100                CY_FLASH_ROW_SIZE = 0x100
                0x00000020                CY_ECC_ROW_SIZE = 0x20
                0x00000000                CY_EE_IN_BTLDR = 0x0
                0x00000000                CY_APPL_LOADABLE = 0x0
                0x00000800                CY_EE_SIZE = 0x800
                0x00000001                CY_APPL_NUM = 0x1
                0x00000001                CY_APPL_MAX = 0x1
                0x00000040                CY_METADATA_SIZE = 0x40
                0x00000000                CY_APPL_LOADABLE = 0x0
                0x00000000                CY_CHECKSUM_EXCLUDE_SIZE = ALIGN (0x0, CY_FLASH_ROW_SIZE)
                [!provide]                PROVIDE (__cy_heap_start, _end)
                0x00000001                PROVIDE (__cy_region_num, ((__cy_regions_end - __cy_regions) / 0x10))
                0x20008000                PROVIDE (__cy_stack, (ORIGIN (ram) + LENGTH (ram)))
                [!provide]                PROVIDE (__cy_heap_end, (__cy_stack - 0x800))

.cybootloader   0x00000000        0x0
 *(.cybootloader)
                0x00000000                appl1_start = CY_APPL_ORIGIN?CY_APPL_ORIGIN:ALIGN (CY_FLASH_ROW_SIZE)
                0x0001ff00                appl2_start = (appl1_start + ALIGN ((((LENGTH (rom) - appl1_start) - (0x2 * CY_FLASH_ROW_SIZE)) / 0x2), CY_FLASH_ROW_SIZE))
                0x00000000                appl_start = (CY_APPL_NUM == 0x1)?appl1_start:appl2_start
                0x00000000                ecc_offset = ((appl_start / CY_FLASH_ROW_SIZE) * CY_ECC_ROW_SIZE)
                0x00000000                ee_offset = (CY_APPL_LOADABLE && ! (CY_EE_IN_BTLDR))?((CY_EE_SIZE / CY_APPL_MAX) * (CY_APPL_NUM - 0x1)):0x0
                0x00000800                ee_size = (CY_APPL_LOADABLE && ! (CY_EE_IN_BTLDR))?(CY_EE_SIZE / CY_APPL_MAX):CY_EE_SIZE
                [!provide]                PROVIDE (CY_ECC_OFFSET, ecc_offset)

.text           0x00000000     0x59cc
 CREATE_OBJECT_SYMBOLS
                0x00000000                PROVIDE (__cy_interrupt_vector, RomVectors)
 *(.romvectors)
 .romvectors    0x00000000       0x10 .\CortexM3\ARM_GCC_541\Debug\Cm3Start.o
                0x00000000                RomVectors
                0x00000001                ASSERT ((. != __cy_interrupt_vector), No interrupt vector)
                0x00000001                ASSERT (CY_APPL_ORIGIN?(SIZEOF (.cybootloader) <= CY_APPL_ORIGIN):0x1, Wrong image location)
                0x00000010                PROVIDE (__cy_reset, Reset)
 *(.text.Reset)
 .text.Reset    0x00000010       0x18 .\CortexM3\ARM_GCC_541\Debug\Cm3Start.o
                0x00000010                Reset
                0x00000001                ASSERT ((. != __cy_reset), No reset code)
 *(.dma_init)
                0x00000001                ASSERT ((((appl_start + .) <= 0x10000) || 0x1), DMA Init must be within the first 64k of flash)
 *(.text .text.* .gnu.linkonce.t.*)
 .text          0x00000028       0x5c c:/program files (x86)/cypress/psoc creator/4.4/psoc creator/import/gnu/arm/5.4.1/bin/../lib/gcc/arm-none-eabi/5.4.1/armv7-m/crtbegin.o
 .text.App_TaskStart
                0x00000084       0x74 .\CortexM3\ARM_GCC_541\Debug\app.o
 .text.main     0x000000f8       0x60 .\CortexM3\ARM_GCC_541\Debug\app.o
                0x000000f8                main
 .text.Log_LevelToString
                0x00000158       0xac .\CortexM3\ARM_GCC_541\Debug\log_task.o
 .text.Log_PrintErrorWithCode
                0x00000204       0x2c .\CortexM3\ARM_GCC_541\Debug\log_task.o
 .text.Log_Task
                0x00000230       0xe8 .\CortexM3\ARM_GCC_541\Debug\log_task.o
 .text.Log_Init
                0x00000318       0x58 .\CortexM3\ARM_GCC_541\Debug\log_task.o
                0x00000318                Log_Init
 .text.Log_Write
                0x00000370       0xbc .\CortexM3\ARM_GCC_541\Debug\log_task.o
                0x00000370                Log_Write
 .text.MAX30102_Init
                0x0000042c       0x78 .\CortexM3\ARM_GCC_541\Debug\heartbeatSensor.o
                0x0000042c                MAX30102_Init
 .text.enqueueHeartRate
                0x000004a4       0x60 .\CortexM3\ARM_GCC_541\Debug\heartbeatSensor.o
                0x000004a4                enqueueHeartRate
 .text.updateHeartRate
                0x00000504       0xd0 .\CortexM3\ARM_GCC_541\Debug\heartbeatSensor.o
                0x00000504                updateHeartRate
 .text.enqueueSpO2
                0x000005d4       0x60 .\CortexM3\ARM_GCC_541\Debug\heartbeatSensor.o
                0x000005d4                enqueueSpO2
 .text.calculateSpO2
                0x00000634       0x58 .\CortexM3\ARM_GCC_541\Debug\heartbeatSensor.o
                0x00000634                calculateSpO2
 .text.updateSpO2
                0x0000068c       0x28 .\CortexM3\ARM_GCC_541\Debug\heartbeatSensor.o
                0x0000068c                updateSpO2
 .text.averageDCEstimator
                0x000006b4       0x14 .\CortexM3\ARM_GCC_541\Debug\heartbeatSensor.o
                0x000006b4                averageDCEstimator
 .text.mul16    0x000006c8        0x8 .\CortexM3\ARM_GCC_541\Debug\heartbeatSensor.o
                0x000006c8                mul16
 .text.lowPassFIRFilter
                0x000006d0       0x80 .\CortexM3\ARM_GCC_541\Debug\heartbeatSensor.o
                0x000006d0                lowPassFIRFilter
 .text.processSignals
                0x00000750       0x48 .\CortexM3\ARM_GCC_541\Debug\heartbeatSensor.o
                0x00000750                processSignals
 .text.max30102_Task
                0x00000798       0x7c .\CortexM3\ARM_GCC_541\Debug\heartbeatSensor.o
 .text.initMessageQueues
                0x00000814       0x74 .\CortexM3\ARM_GCC_541\Debug\data_processing_task.o
                0x00000814                initMessageQueues
 .text.Data_Processing_Init
                0x00000888       0x68 .\CortexM3\ARM_GCC_541\Debug\data_processing_task.o
                0x00000888                Data_Processing_Init
 .text.RetrieveSensorData
                0x000008f0       0x64 .\CortexM3\ARM_GCC_541\Debug\data_processing_task.o
                0x000008f0                RetrieveSensorData
 .text.processRawOximeterData
                0x00000954       0x40 .\CortexM3\ARM_GCC_541\Debug\data_processing_task.o
                0x00000954                processRawOximeterData
 .text.processRawEnvironmentData
                0x00000994      0x144 .\CortexM3\ARM_GCC_541\Debug\data_processing_task.o
                0x00000994                processRawEnvironmentData
 .text.isDataInAccceptableRange
                0x00000ad8       0x28 .\CortexM3\ARM_GCC_541\Debug\data_processing_task.o
                0x00000ad8                isDataInAccceptableRange
 .text.Data_Processing_Task
                0x00000b00      0x148 .\CortexM3\ARM_GCC_541\Debug\data_processing_task.o
 .text.BSP_PreInit
                0x00000c48       0x20 .\CortexM3\ARM_GCC_541\Debug\bsp.o
                0x00000c48                BSP_PreInit
 .text.BSP_PostInit
                0x00000c68        0xc .\CortexM3\ARM_GCC_541\Debug\bsp.o
                0x00000c68                BSP_PostInit
 .text.BSP_CPU_ClkFreq
                0x00000c74        0x8 .\CortexM3\ARM_GCC_541\Debug\bsp.o
                0x00000c74                BSP_CPU_ClkFreq
 .text.BSP_CPU_TickInit
                0x00000c7c       0x18 .\CortexM3\ARM_GCC_541\Debug\bsp.o
                0x00000c7c                BSP_CPU_TickInit
 .text.CPU_TS_TmrInit
                0x00000c94       0x28 .\CortexM3\ARM_GCC_541\Debug\cpu_bsp.o
                0x00000c94                CPU_TS_TmrInit
 .text.CPU_TS_TmrRd
                0x00000cbc        0xc .\CortexM3\ARM_GCC_541\Debug\cpu_bsp.o
                0x00000cbc                CPU_TS_TmrRd
 .text.init_uart
                0x00000cc8        0x8 .\CortexM3\ARM_GCC_541\Debug\bsp_uart.o
                0x00000cc8                init_uart
 .text.init_gpio
                0x00000cd0       0x1c .\CortexM3\ARM_GCC_541\Debug\bsp_gpio.o
                0x00000cd0                init_gpio
 .text.Timer_ISR
                0x00000cec       0x10 .\CortexM3\ARM_GCC_541\Debug\bsp_i2c.o
                0x00000cec                Timer_ISR
 .text.I2C_Init
                0x00000cfc       0x34 .\CortexM3\ARM_GCC_541\Debug\bsp_i2c.o
                0x00000cfc                I2C_Init
 .text.bsp_i2c_read
                0x00000d30       0x68 .\CortexM3\ARM_GCC_541\Debug\bsp_i2c.o
                0x00000d30                bsp_i2c_read
 .text.bsp_i2c_write
                0x00000d98       0x44 .\CortexM3\ARM_GCC_541\Debug\bsp_i2c.o
                0x00000d98                bsp_i2c_write
 .text.CPU_TS_Init
                0x00000ddc       0x14 .\CortexM3\ARM_GCC_541\Debug\cpu_core.o
 .text.CPU_NameClr
                0x00000df0       0x1c .\CortexM3\ARM_GCC_541\Debug\cpu_core.o
                0x00000df0                CPU_NameClr
 .text.CPU_NameInit
                0x00000e0c        0x8 .\CortexM3\ARM_GCC_541\Debug\cpu_core.o
 .text.CPU_Init
                0x00000e14        0xc .\CortexM3\ARM_GCC_541\Debug\cpu_core.o
                0x00000e14                CPU_Init
 .text.CPU_TS_TmrFreqSet
                0x00000e20        0xc .\CortexM3\ARM_GCC_541\Debug\cpu_core.o
                0x00000e20                CPU_TS_TmrFreqSet
 .text.Mem_Set  0x00000e2c       0x44 .\CortexM3\ARM_GCC_541\Debug\lib_mem.o
                0x00000e2c                Mem_Set
 .text.Mem_Clr  0x00000e70        0xc .\CortexM3\ARM_GCC_541\Debug\lib_mem.o
                0x00000e70                Mem_Clr
 .text.OSIdleTaskHook
                0x00000e7c       0x10 .\CortexM3\ARM_GCC_541\Debug\os_cpu_c.o
                0x00000e7c                OSIdleTaskHook
 .text.OSInitHook
                0x00000e8c       0x3c .\CortexM3\ARM_GCC_541\Debug\os_cpu_c.o
                0x00000e8c                OSInitHook
 .text.OSStatTaskHook
                0x00000ec8       0x10 .\CortexM3\ARM_GCC_541\Debug\os_cpu_c.o
                0x00000ec8                OSStatTaskHook
 .text.OSTaskCreateHook
                0x00000ed8       0x10 .\CortexM3\ARM_GCC_541\Debug\os_cpu_c.o
                0x00000ed8                OSTaskCreateHook
 .text.OSTaskDelHook
                0x00000ee8       0x10 .\CortexM3\ARM_GCC_541\Debug\os_cpu_c.o
                0x00000ee8                OSTaskDelHook
 .text.OSTaskReturnHook
                0x00000ef8       0x10 .\CortexM3\ARM_GCC_541\Debug\os_cpu_c.o
                0x00000ef8                OSTaskReturnHook
 .text.OSTaskStkInit
                0x00000f08       0x88 .\CortexM3\ARM_GCC_541\Debug\os_cpu_c.o
                0x00000f08                OSTaskStkInit
 .text.OSTaskSwHook
                0x00000f90       0x40 .\CortexM3\ARM_GCC_541\Debug\os_cpu_c.o
                0x00000f90                OSTaskSwHook
 .text.OSTimeTickHook
                0x00000fd0       0x10 .\CortexM3\ARM_GCC_541\Debug\os_cpu_c.o
                0x00000fd0                OSTimeTickHook
 .text.OS_CPU_SysTickHandler
                0x00000fe0       0x20 .\CortexM3\ARM_GCC_541\Debug\os_cpu_c.o
                0x00000fe0                OS_CPU_SysTickHandler
 .text.OS_CPU_SysTickInit
                0x00001000       0x30 .\CortexM3\ARM_GCC_541\Debug\os_cpu_c.o
                0x00001000                OS_CPU_SysTickInit
 .text.OS_PrioInit
                0x00001030       0x18 .\CortexM3\ARM_GCC_541\Debug\os_prio.o
                0x00001030                OS_PrioInit
 .text.OS_PrioGetHighest
                0x00001048       0x24 .\CortexM3\ARM_GCC_541\Debug\os_prio.o
                0x00001048                OS_PrioGetHighest
 .text.OS_PrioInsert
                0x0000106c       0x24 .\CortexM3\ARM_GCC_541\Debug\os_prio.o
                0x0000106c                OS_PrioInsert
 .text.OS_PrioRemove
                0x00001090       0x24 .\CortexM3\ARM_GCC_541\Debug\os_prio.o
                0x00001090                OS_PrioRemove
 .text.OSQFlush
                0x000010b4       0x44 .\CortexM3\ARM_GCC_541\Debug\os_q.o
                0x000010b4                OSQFlush
 .text.OSQPend  0x000010f8      0x164 .\CortexM3\ARM_GCC_541\Debug\os_q.o
                0x000010f8                OSQPend
 .text.OS_QDbgListAdd
                0x0000125c       0x24 .\CortexM3\ARM_GCC_541\Debug\os_q.o
                0x0000125c                OS_QDbgListAdd
 .text.OSQCreate
                0x00001280       0x7c .\CortexM3\ARM_GCC_541\Debug\os_q.o
                0x00001280                OSQCreate
 .text.OS_QInit
                0x000012fc       0x18 .\CortexM3\ARM_GCC_541\Debug\os_q.o
                0x000012fc                OS_QInit
 .text.OS_QPost
                0x00001314       0x84 .\CortexM3\ARM_GCC_541\Debug\os_q.o
                0x00001314                OS_QPost
 .text.OSQPost  0x00001398       0x74 .\CortexM3\ARM_GCC_541\Debug\os_q.o
                0x00001398                OSQPost
 .text.OSSemPend
                0x0000140c      0x128 .\CortexM3\ARM_GCC_541\Debug\os_sem.o
                0x0000140c                OSSemPend
 .text.OS_SemDbgListAdd
                0x00001534       0x24 .\CortexM3\ARM_GCC_541\Debug\os_sem.o
                0x00001534                OS_SemDbgListAdd
 .text.OSSemCreate
                0x00001558       0x68 .\CortexM3\ARM_GCC_541\Debug\os_sem.o
                0x00001558                OSSemCreate
 .text.OS_SemInit
                0x000015c0       0x18 .\CortexM3\ARM_GCC_541\Debug\os_sem.o
                0x000015c0                OS_SemInit
 .text.OS_SemPost
                0x000015d8       0x88 .\CortexM3\ARM_GCC_541\Debug\os_sem.o
                0x000015d8                OS_SemPost
 .text.OSSemPost
                0x00001660       0x48 .\CortexM3\ARM_GCC_541\Debug\os_sem.o
                0x00001660                OSSemPost
 .text.OSStatReset
                0x000016a8       0xb8 .\CortexM3\ARM_GCC_541\Debug\os_stat.o
                0x000016a8                OSStatReset
 .text.OS_StatTask
                0x00001760      0x230 .\CortexM3\ARM_GCC_541\Debug\os_stat.o
                0x00001760                OS_StatTask
 .text.OS_StatTaskInit
                0x00001990       0xa8 .\CortexM3\ARM_GCC_541\Debug\os_stat.o
                0x00001990                OS_StatTaskInit
 .text.OSTaskSemPend
                0x00001a38      0x130 .\CortexM3\ARM_GCC_541\Debug\os_task.o
                0x00001a38                OSTaskSemPend
 .text.OSTaskStkChk
                0x00001b68       0x90 .\CortexM3\ARM_GCC_541\Debug\os_task.o
                0x00001b68                OSTaskStkChk
 .text.OS_TaskDbgListAdd
                0x00001bf8       0x24 .\CortexM3\ARM_GCC_541\Debug\os_task.o
                0x00001bf8                OS_TaskDbgListAdd
 .text.OS_TaskDbgListRemove
                0x00001c1c       0x44 .\CortexM3\ARM_GCC_541\Debug\os_task.o
                0x00001c1c                OS_TaskDbgListRemove
 .text.OS_TaskInit
                0x00001c60       0x20 .\CortexM3\ARM_GCC_541\Debug\os_task.o
                0x00001c60                OS_TaskInit
 .text.OS_TaskInitTCB
                0x00001c80       0xcc .\CortexM3\ARM_GCC_541\Debug\os_task.o
                0x00001c80                OS_TaskInitTCB
 .text.OSTaskCreate
                0x00001d4c      0x1a8 .\CortexM3\ARM_GCC_541\Debug\os_task.o
                0x00001d4c                OSTaskCreate
 .text.OSTaskDel
                0x00001ef4       0xcc .\CortexM3\ARM_GCC_541\Debug\os_task.o
                0x00001ef4                OSTaskDel
 .text.OS_TaskReturn
                0x00001fc0       0x20 .\CortexM3\ARM_GCC_541\Debug\os_task.o
                0x00001fc0                OS_TaskReturn
 .text.OS_TaskSemPost
                0x00001fe0       0xc0 .\CortexM3\ARM_GCC_541\Debug\os_task.o
                0x00001fe0                OS_TaskSemPost
 .text.OSTaskSemPost
                0x000020a0       0x2c .\CortexM3\ARM_GCC_541\Debug\os_task.o
                0x000020a0                OSTaskSemPost
 .text.OS_TickListInit
                0x000020cc       0x2c .\CortexM3\ARM_GCC_541\Debug\os_tick.o
                0x000020cc                OS_TickListInit
 .text.OS_TickTaskInit
                0x000020f8       0x98 .\CortexM3\ARM_GCC_541\Debug\os_tick.o
                0x000020f8                OS_TickTaskInit
 .text.OS_TickListInsert
                0x00002190      0x120 .\CortexM3\ARM_GCC_541\Debug\os_tick.o
                0x00002190                OS_TickListInsert
 .text.OS_TickListRemove
                0x000022b0       0x38 .\CortexM3\ARM_GCC_541\Debug\os_tick.o
                0x000022b0                OS_TickListRemove
 .text.OS_TickListResetPeak
                0x000022e8       0x24 .\CortexM3\ARM_GCC_541\Debug\os_tick.o
                0x000022e8                OS_TickListResetPeak
 .text.OS_TickListUpdate
                0x0000230c      0x144 .\CortexM3\ARM_GCC_541\Debug\os_tick.o
                0x0000230c                OS_TickListUpdate
 .text.OS_TickTask
                0x00002450       0x2c .\CortexM3\ARM_GCC_541\Debug\os_tick.o
                0x00002450                OS_TickTask
 .text.OSTimeDly
                0x0000247c       0x94 .\CortexM3\ARM_GCC_541\Debug\os_time.o
                0x0000247c                OSTimeDly
 .text.OSTimeDlyHMSM
                0x00002510      0x164 .\CortexM3\ARM_GCC_541\Debug\os_time.o
                0x00002510                OSTimeDlyHMSM
 .text.OSTimeTick
                0x00002674       0x64 .\CortexM3\ARM_GCC_541\Debug\os_time.o
                0x00002674                OSTimeTick
 .text.OS_TmrInit
                0x000026d8      0x100 .\CortexM3\ARM_GCC_541\Debug\os_tmr.o
                0x000026d8                OS_TmrInit
 .text.OS_TmrLink
                0x000027d8       0xe8 .\CortexM3\ARM_GCC_541\Debug\os_tmr.o
                0x000027d8                OS_TmrLink
 .text.OS_TmrResetPeak
                0x000028c0       0x24 .\CortexM3\ARM_GCC_541\Debug\os_tmr.o
                0x000028c0                OS_TmrResetPeak
 .text.OS_TmrUnlink
                0x000028e4       0x58 .\CortexM3\ARM_GCC_541\Debug\os_tmr.o
                0x000028e4                OS_TmrUnlink
 .text.OS_TmrTask
                0x0000293c       0xb0 .\CortexM3\ARM_GCC_541\Debug\os_tmr.o
                0x0000293c                OS_TmrTask
 .text.OSCfg_Init
                0x000029ec        0x4 .\CortexM3\ARM_GCC_541\Debug\os_cfg_app.o
                0x000029ec                OSCfg_Init
 .text.OS_IdleTask
                0x000029f0       0x28 .\CortexM3\ARM_GCC_541\Debug\os_core.o
                0x000029f0                OS_IdleTask
 .text.OSIntExit
                0x00002a18       0xa8 .\CortexM3\ARM_GCC_541\Debug\os_core.o
                0x00002a18                OSIntExit
 .text.OSSched  0x00002ac0       0x80 .\CortexM3\ARM_GCC_541\Debug\os_core.o
                0x00002ac0                OSSched
 .text.OSSchedLock
                0x00002b40       0x54 .\CortexM3\ARM_GCC_541\Debug\os_core.o
                0x00002b40                OSSchedLock
 .text.OSSchedUnlock
                0x00002b94       0x68 .\CortexM3\ARM_GCC_541\Debug\os_core.o
                0x00002b94                OSSchedUnlock
 .text.OSStart  0x00002bfc       0x5c .\CortexM3\ARM_GCC_541\Debug\os_core.o
                0x00002bfc                OSStart
 .text.OS_IdleTaskInit
                0x00002c58       0x58 .\CortexM3\ARM_GCC_541\Debug\os_core.o
                0x00002c58                OS_IdleTaskInit
 .text.OS_PendDataInit
                0x00002cb0       0x28 .\CortexM3\ARM_GCC_541\Debug\os_core.o
                0x00002cb0                OS_PendDataInit
 .text.OS_PendDbgNameAdd
                0x00002cd8       0x44 .\CortexM3\ARM_GCC_541\Debug\os_core.o
                0x00002cd8                OS_PendDbgNameAdd
 .text.OS_PendDbgNameRemove
                0x00002d1c       0x1c .\CortexM3\ARM_GCC_541\Debug\os_core.o
                0x00002d1c                OS_PendDbgNameRemove
 .text.OS_PendListInit
                0x00002d38        0xc .\CortexM3\ARM_GCC_541\Debug\os_core.o
                0x00002d38                OS_PendListInit
 .text.OS_PendListInsertPrio
                0x00002d44       0x5c .\CortexM3\ARM_GCC_541\Debug\os_core.o
                0x00002d44                OS_PendListInsertPrio
 .text.OS_PendListRemove1
                0x00002da0       0x38 .\CortexM3\ARM_GCC_541\Debug\os_core.o
                0x00002da0                OS_PendListRemove1
 .text.OS_PendListRemove
                0x00002dd8       0x28 .\CortexM3\ARM_GCC_541\Debug\os_core.o
                0x00002dd8                OS_PendListRemove
 .text.OS_Post1
                0x00002e00       0x28 .\CortexM3\ARM_GCC_541\Debug\os_core.o
                0x00002e00                OS_Post1
 .text.OS_RdyListInit
                0x00002e28       0x28 .\CortexM3\ARM_GCC_541\Debug\os_core.o
                0x00002e28                OS_RdyListInit
 .text.OSInit   0x00002e50      0x154 .\CortexM3\ARM_GCC_541\Debug\os_core.o
                0x00002e50                OSInit
 .text.OS_RdyListInsertHead
                0x00002fa4       0x54 .\CortexM3\ARM_GCC_541\Debug\os_core.o
                0x00002fa4                OS_RdyListInsertHead
 .text.OS_RdyListInsertTail
                0x00002ff8       0x54 .\CortexM3\ARM_GCC_541\Debug\os_core.o
                0x00002ff8                OS_RdyListInsertTail
 .text.OS_RdyListInsert
                0x0000304c       0x2c .\CortexM3\ARM_GCC_541\Debug\os_core.o
                0x0000304c                OS_RdyListInsert
 .text.OS_RdyListMoveHeadToTail
                0x00003078       0x38 .\CortexM3\ARM_GCC_541\Debug\os_core.o
                0x00003078                OS_RdyListMoveHeadToTail
 .text.OS_RdyListRemove
                0x000030b0       0x78 .\CortexM3\ARM_GCC_541\Debug\os_core.o
                0x000030b0                OS_RdyListRemove
 .text.OS_SchedRoundRobin
                0x00003128       0x88 .\CortexM3\ARM_GCC_541\Debug\os_core.o
                0x00003128                OS_SchedRoundRobin
 .text.OS_TaskBlock
                0x000031b0       0x3c .\CortexM3\ARM_GCC_541\Debug\os_core.o
                0x000031b0                OS_TaskBlock
 .text.OS_Pend  0x000031ec       0x54 .\CortexM3\ARM_GCC_541\Debug\os_core.o
                0x000031ec                OS_Pend
 .text.OS_TaskRdy
                0x00003240       0x1c .\CortexM3\ARM_GCC_541\Debug\os_core.o
                0x00003240                OS_TaskRdy
 .text.OS_Post  0x0000325c       0xac .\CortexM3\ARM_GCC_541\Debug\os_core.o
                0x0000325c                OS_Post
 .text.OS_Dbg_Init
                0x00003308        0x4 .\CortexM3\ARM_GCC_541\Debug\os_dbg.o
                0x00003308                OS_Dbg_Init
 .text.OS_FlagInit
                0x0000330c       0x18 .\CortexM3\ARM_GCC_541\Debug\os_flag.o
                0x0000330c                OS_FlagInit
 .text.OSMemGet
                0x00003324       0x3c .\CortexM3\ARM_GCC_541\Debug\os_mem.o
                0x00003324                OSMemGet
 .text.OSMemPut
                0x00003360       0x4c .\CortexM3\ARM_GCC_541\Debug\os_mem.o
                0x00003360                OSMemPut
 .text.OS_MemDbgListAdd
                0x000033ac       0x1c .\CortexM3\ARM_GCC_541\Debug\os_mem.o
                0x000033ac                OS_MemDbgListAdd
 .text.OSMemCreate
                0x000033c8       0xe0 .\CortexM3\ARM_GCC_541\Debug\os_mem.o
                0x000033c8                OSMemCreate
 .text.OS_MemInit
                0x000034a8       0x18 .\CortexM3\ARM_GCC_541\Debug\os_mem.o
                0x000034a8                OS_MemInit
 .text.OS_MsgPoolInit
                0x000034c0       0x68 .\CortexM3\ARM_GCC_541\Debug\os_msg.o
                0x000034c0                OS_MsgPoolInit
 .text.OS_MsgQFreeAll
                0x00003528       0x34 .\CortexM3\ARM_GCC_541\Debug\os_msg.o
                0x00003528                OS_MsgQFreeAll
 .text.OS_MsgQInit
                0x0000355c       0x10 .\CortexM3\ARM_GCC_541\Debug\os_msg.o
                0x0000355c                OS_MsgQInit
 .text.OS_MsgQGet
                0x0000356c       0x5c .\CortexM3\ARM_GCC_541\Debug\os_msg.o
                0x0000356c                OS_MsgQGet
 .text.OS_MsgQPut
                0x000035c8       0x94 .\CortexM3\ARM_GCC_541\Debug\os_msg.o
                0x000035c8                OS_MsgQPut
 .text.OS_MutexInit
                0x0000365c       0x18 .\CortexM3\ARM_GCC_541\Debug\os_mutex.o
                0x0000365c                OS_MutexInit
 .text.bsp_delay_ms
                0x00003674       0x6c .\CortexM3\ARM_GCC_541\Debug\max30102_interface.o
                0x00003674                bsp_delay_ms
 .text.bsp_i2c_deinit
                0x000036e0       0x14 .\CortexM3\ARM_GCC_541\Debug\max30102_interface.o
 .text.bsp_i2c_init
                0x000036f4       0x14 .\CortexM3\ARM_GCC_541\Debug\max30102_interface.o
 .text.bsp_debug_print
                0x00003708       0x28 .\CortexM3\ARM_GCC_541\Debug\max30102_interface.o
                0x00003708                bsp_debug_print
 .text.max30102_receive_callback
                0x00003730       0x40 .\CortexM3\ARM_GCC_541\Debug\max30102_interface.o
                0x00003730                max30102_receive_callback
 .text.max30102_sensor_init
                0x00003770      0x1d8 .\CortexM3\ARM_GCC_541\Debug\max30102_interface.o
                0x00003770                max30102_sensor_init
 .text.max30102_init
                0x00003948      0x1ec .\CortexM3\ARM_GCC_541\Debug\driver_max30102.o
                0x00003948                max30102_init
 .text.max30102_read
                0x00003b34      0x1f8 .\CortexM3\ARM_GCC_541\Debug\driver_max30102.o
                0x00003b34                max30102_read
 .text.max30102_set_interrupt
                0x00003d2c       0xcc .\CortexM3\ARM_GCC_541\Debug\driver_max30102.o
                0x00003d2c                max30102_set_interrupt
 .text.max30102_set_fifo_sample_averaging
                0x00003df8       0x68 .\CortexM3\ARM_GCC_541\Debug\driver_max30102.o
                0x00003df8                max30102_set_fifo_sample_averaging
 .text.max30102_set_fifo_roll
                0x00003e60       0x68 .\CortexM3\ARM_GCC_541\Debug\driver_max30102.o
                0x00003e60                max30102_set_fifo_roll
 .text.max30102_set_mode
                0x00003ec8       0x64 .\CortexM3\ARM_GCC_541\Debug\driver_max30102.o
                0x00003ec8                max30102_set_mode
 .text.max30102_set_spo2_adc_range
                0x00003f2c       0x68 .\CortexM3\ARM_GCC_541\Debug\driver_max30102.o
                0x00003f2c                max30102_set_spo2_adc_range
 .text.max30102_set_spo2_sample_rate
                0x00003f94       0x68 .\CortexM3\ARM_GCC_541\Debug\driver_max30102.o
                0x00003f94                max30102_set_spo2_sample_rate
 .text.max30102_set_adc_resolution
                0x00003ffc       0x64 .\CortexM3\ARM_GCC_541\Debug\driver_max30102.o
                0x00003ffc                max30102_set_adc_resolution
 .text.max30102_set_led_red_pulse_amplitude
                0x00004060       0x40 .\CortexM3\ARM_GCC_541\Debug\driver_max30102.o
                0x00004060                max30102_set_led_red_pulse_amplitude
 .text.max30102_set_led_ir_pulse_amplitude
                0x000040a0       0x40 .\CortexM3\ARM_GCC_541\Debug\driver_max30102.o
                0x000040a0                max30102_set_led_ir_pulse_amplitude
 .text.max30102_set_slot
                0x000040e0      0x150 .\CortexM3\ARM_GCC_541\Debug\driver_max30102.o
                0x000040e0                max30102_set_slot
 .text.CyClockStartupError
                0x00004230        0x4 .\CortexM3\ARM_GCC_541\Debug\cyfitter_cfg.o
 .text.cfg_write_bytes32
                0x00004234       0x34 .\CortexM3\ARM_GCC_541\Debug\cyfitter_cfg.o
 .text.AnalogSetDefault
                0x00004268       0x28 .\CortexM3\ARM_GCC_541\Debug\cyfitter_cfg.o
 .text.CYMEMZERO
                0x00004290        0xc .\CortexM3\ARM_GCC_541\Debug\cyfitter_cfg.o
 .text.ClockSetup
                0x0000429c       0xc4 .\CortexM3\ARM_GCC_541\Debug\cyfitter_cfg.o
 .text.CYCONFIGCPY
                0x00004360        0x8 .\CortexM3\ARM_GCC_541\Debug\cyfitter_cfg.o
 .text.cyfitter_cfg
                0x00004368      0x13c .\CortexM3\ARM_GCC_541\Debug\cyfitter_cfg.o
                0x00004368                cyfitter_cfg
 .text.IntDefaultHandler
                0x000044a4       0x10 .\CortexM3\ARM_GCC_541\Debug\Cm3Start.o
                0x000044a4                IntDefaultHandler
 .text._sbrk    0x000044b4       0x30 .\CortexM3\ARM_GCC_541\Debug\Cm3Start.o
                0x000044b4                _sbrk
 .text.Start_c  0x000044e4       0x4c .\CortexM3\ARM_GCC_541\Debug\Cm3Start.o
                0x000044e4                Start_c
 .text.initialize_psoc
                0x00004530       0x6c .\CortexM3\ARM_GCC_541\Debug\Cm3Start.o
                0x00004530                initialize_psoc
 .text          0x0000459c       0x34 .\CortexM3\ARM_GCC_541\Debug\cpu_a.o
                0x0000459c                CPU_IntDis
                0x000045a0                CPU_IntEn
                0x000045a4                CPU_SR_Save
                0x000045ac                CPU_SR_Restore
                0x000045b2                CPU_WaitForInt
                0x000045b6                CPU_WaitForExcept
                0x000045ba                CPU_CntLeadZeros
                0x000045c0                CPU_CntTrailZeros
                0x000045ca                CPU_RevBits
 .text          0x000045d0       0x84 .\CortexM3\ARM_GCC_541\Debug\os_cpu_a.o
                0x000045d0                OSStartHighRdy
                0x000045f0                OS_CPU_PendSVHandler
 .text.UART_1_Init
                0x00004654       0x5c .\CortexM3\ARM_GCC_541\Debug\esw_uCOS3_cykit.a(UART_1.o)
                0x00004654                UART_1_Init
 .text.UART_1_Enable
                0x000046b0       0x50 .\CortexM3\ARM_GCC_541\Debug\esw_uCOS3_cykit.a(UART_1.o)
                0x000046b0                UART_1_Enable
 .text.UART_1_Start
                0x00004700       0x1c .\CortexM3\ARM_GCC_541\Debug\esw_uCOS3_cykit.a(UART_1.o)
                0x00004700                UART_1_Start
 .text.UART_1_PutChar
                0x0000471c       0x70 .\CortexM3\ARM_GCC_541\Debug\esw_uCOS3_cykit.a(UART_1.o)
                0x0000471c                UART_1_PutChar
 .text.UART_1_PutString
                0x0000478c       0x24 .\CortexM3\ARM_GCC_541\Debug\esw_uCOS3_cykit.a(UART_1.o)
                0x0000478c                UART_1_PutString
 .text.UART_1_RXISR
                0x000047b0       0x98 .\CortexM3\ARM_GCC_541\Debug\esw_uCOS3_cykit.a(UART_1_INT.o)
                0x000047b0                UART_1_RXISR
 .text.UART_1_TXISR
                0x00004848       0x58 .\CortexM3\ARM_GCC_541\Debug\esw_uCOS3_cykit.a(UART_1_INT.o)
                0x00004848                UART_1_TXISR
 .text.Pin_1_SetDriveMode
                0x000048a0       0x18 .\CortexM3\ARM_GCC_541\Debug\esw_uCOS3_cykit.a(Pin_1.o)
                0x000048a0                Pin_1_SetDriveMode
 .text.UART_1_IntClock_Start
                0x000048b8       0x1c .\CortexM3\ARM_GCC_541\Debug\esw_uCOS3_cykit.a(UART_1_IntClock.o)
                0x000048b8                UART_1_IntClock_Start
 .text.CyDmacConfigure
                0x000048d4       0x34 .\CortexM3\ARM_GCC_541\Debug\esw_uCOS3_cykit.a(CyDmac.o)
                0x000048d4                CyDmacConfigure
 .text.CyHalt   0x00004908        0x4 .\CortexM3\ARM_GCC_541\Debug\esw_uCOS3_cykit.a(CyLib.o)
                0x00004908                CyHalt
 .text.CyIntSetVector
                0x0000490c       0x28 .\CortexM3\ARM_GCC_541\Debug\esw_uCOS3_cykit.a(CyLib.o)
                0x0000490c                CyIntSetVector
 .text.CyIntSetPriority
                0x00004934       0x30 .\CortexM3\ARM_GCC_541\Debug\esw_uCOS3_cykit.a(CyLib.o)
                0x00004934                CyIntSetPriority
 .text.Pin_2_SetDriveMode
                0x00004964       0x24 .\CortexM3\ARM_GCC_541\Debug\esw_uCOS3_cykit.a(Pin_2.o)
                0x00004964                Pin_2_SetDriveMode
 .text.push_button_Write
                0x00004988       0x18 .\CortexM3\ARM_GCC_541\Debug\esw_uCOS3_cykit.a(push_button.o)
                0x00004988                push_button_Write
 .text.push_button_SetDriveMode
                0x000049a0       0x18 .\CortexM3\ARM_GCC_541\Debug\esw_uCOS3_cykit.a(push_button.o)
                0x000049a0                push_button_SetDriveMode
 .text.I2C_1_Init
                0x000049b8       0x68 .\CortexM3\ARM_GCC_541\Debug\esw_uCOS3_cykit.a(I2C_1.o)
                0x000049b8                I2C_1_Init
 .text.I2C_1_Enable
                0x00004a20       0x24 .\CortexM3\ARM_GCC_541\Debug\esw_uCOS3_cykit.a(I2C_1.o)
                0x00004a20                I2C_1_Enable
 .text.I2C_1_Start
                0x00004a44       0x28 .\CortexM3\ARM_GCC_541\Debug\esw_uCOS3_cykit.a(I2C_1.o)
                0x00004a44                I2C_1_Start
 .text.I2C_1_ISR
                0x00004a6c      0x2d0 .\CortexM3\ARM_GCC_541\Debug\esw_uCOS3_cykit.a(I2C_1_INT.o)
                0x00004a6c                I2C_1_ISR
 .text.I2C_1_MasterSendStart
                0x00004d3c       0x80 .\CortexM3\ARM_GCC_541\Debug\esw_uCOS3_cykit.a(I2C_1_MASTER.o)
                0x00004d3c                I2C_1_MasterSendStart
 .text.I2C_1_MasterSendRestart
                0x00004dbc       0x6c .\CortexM3\ARM_GCC_541\Debug\esw_uCOS3_cykit.a(I2C_1_MASTER.o)
                0x00004dbc                I2C_1_MasterSendRestart
 .text.I2C_1_MasterSendStop
                0x00004e28       0x38 .\CortexM3\ARM_GCC_541\Debug\esw_uCOS3_cykit.a(I2C_1_MASTER.o)
                0x00004e28                I2C_1_MasterSendStop
 .text.I2C_1_MasterWriteByte
                0x00004e60       0x58 .\CortexM3\ARM_GCC_541\Debug\esw_uCOS3_cykit.a(I2C_1_MASTER.o)
                0x00004e60                I2C_1_MasterWriteByte
 .text.I2C_1_MasterReadByte
                0x00004eb8       0x58 .\CortexM3\ARM_GCC_541\Debug\esw_uCOS3_cykit.a(I2C_1_MASTER.o)
                0x00004eb8                I2C_1_MasterReadByte
 .text.Timer_1_Enable
                0x00004f10       0x28 .\CortexM3\ARM_GCC_541\Debug\esw_uCOS3_cykit.a(Timer_1.o)
                0x00004f10                Timer_1_Enable
 .text.Timer_1_SetInterruptMode
                0x00004f38        0xc .\CortexM3\ARM_GCC_541\Debug\esw_uCOS3_cykit.a(Timer_1.o)
                0x00004f38                Timer_1_SetInterruptMode
 .text.Timer_1_WritePeriod
                0x00004f44        0xc .\CortexM3\ARM_GCC_541\Debug\esw_uCOS3_cykit.a(Timer_1.o)
                0x00004f44                Timer_1_WritePeriod
 .text.Timer_1_WriteCounter
                0x00004f50        0xc .\CortexM3\ARM_GCC_541\Debug\esw_uCOS3_cykit.a(Timer_1.o)
                0x00004f50                Timer_1_WriteCounter
 .text.Timer_1_Init
                0x00004f5c       0x68 .\CortexM3\ARM_GCC_541\Debug\esw_uCOS3_cykit.a(Timer_1.o)
                0x00004f5c                Timer_1_Init
 .text.Timer_1_Start
                0x00004fc4       0x1c .\CortexM3\ARM_GCC_541\Debug\esw_uCOS3_cykit.a(Timer_1.o)
                0x00004fc4                Timer_1_Start
 .text.Timer_ISR_SetVector
                0x00004fe0        0xc .\CortexM3\ARM_GCC_541\Debug\esw_uCOS3_cykit.a(Timer_ISR.o)
                0x00004fe0                Timer_ISR_SetVector
 .text.Timer_ISR_SetPriority
                0x00004fec       0x10 .\CortexM3\ARM_GCC_541\Debug\esw_uCOS3_cykit.a(Timer_ISR.o)
                0x00004fec                Timer_ISR_SetPriority
 .text.Timer_ISR_Enable
                0x00004ffc        0xc .\CortexM3\ARM_GCC_541\Debug\esw_uCOS3_cykit.a(Timer_ISR.o)
                0x00004ffc                Timer_ISR_Enable
 .text.Timer_ISR_Disable
                0x00005008        0xc .\CortexM3\ARM_GCC_541\Debug\esw_uCOS3_cykit.a(Timer_ISR.o)
                0x00005008                Timer_ISR_Disable
 .text.Timer_ISR_StartEx
                0x00005014       0x1c .\CortexM3\ARM_GCC_541\Debug\esw_uCOS3_cykit.a(Timer_ISR.o)
                0x00005014                Timer_ISR_StartEx
 .text          0x00005030       0x20 .\CortexM3\ARM_GCC_541\Debug\esw_uCOS3_cykit.a(CyBootAsmGnu.o)
                0x00005030                CyDelayCycles
                0x00005040                CyEnterCriticalSection
                0x00005048                CyExitCriticalSection
 .text.__errno  0x00005050        0xc c:/program files (x86)/cypress/psoc creator/4.4/psoc creator/import/gnu/arm/5.4.1/bin/../lib/gcc/arm-none-eabi/5.4.1/../../../../arm-none-eabi/lib/armv7-m\libg_nano.a(lib_a-errno.o)
                0x00005050                __errno
 .text.__libc_init_array
                0x0000505c       0x4c c:/program files (x86)/cypress/psoc creator/4.4/psoc creator/import/gnu/arm/5.4.1/bin/../lib/gcc/arm-none-eabi/5.4.1/../../../../arm-none-eabi/lib/armv7-m\libg_nano.a(lib_a-init.o)
                0x0000505c                __libc_init_array
 .text.memcpy   0x000050a8       0x16 c:/program files (x86)/cypress/psoc creator/4.4/psoc creator/import/gnu/arm/5.4.1/bin/../lib/gcc/arm-none-eabi/5.4.1/../../../../arm-none-eabi/lib/armv7-m\libg_nano.a(lib_a-memcpy-stub.o)
                0x000050a8                memcpy
 .text.memset   0x000050be       0x10 c:/program files (x86)/cypress/psoc creator/4.4/psoc creator/import/gnu/arm/5.4.1/bin/../lib/gcc/arm-none-eabi/5.4.1/../../../../arm-none-eabi/lib/armv7-m\libg_nano.a(lib_a-memset.o)
                0x000050be                memset
 *fill*         0x000050ce        0x2 
 .text.snprintf
                0x000050d0       0x64 c:/program files (x86)/cypress/psoc creator/4.4/psoc creator/import/gnu/arm/5.4.1/bin/../lib/gcc/arm-none-eabi/5.4.1/../../../../arm-none-eabi/lib/armv7-m\libg_nano.a(lib_a-snprintf.o)
                0x000050d0                sniprintf
                0x000050d0                snprintf
 .text.strncpy  0x00005134       0x26 c:/program files (x86)/cypress/psoc creator/4.4/psoc creator/import/gnu/arm/5.4.1/bin/../lib/gcc/arm-none-eabi/5.4.1/../../../../arm-none-eabi/lib/armv7-m\libg_nano.a(lib_a-strncpy.o)
                0x00005134                strncpy
 .text._vsnprintf_r
                0x0000515a       0x56 c:/program files (x86)/cypress/psoc creator/4.4/psoc creator/import/gnu/arm/5.4.1/bin/../lib/gcc/arm-none-eabi/5.4.1/../../../../arm-none-eabi/lib/armv7-m\libg_nano.a(lib_a-vsnprintf.o)
                0x0000515a                _vsniprintf_r
                0x0000515a                _vsnprintf_r
 .text.vsnprintf
                0x000051b0       0x1c c:/program files (x86)/cypress/psoc creator/4.4/psoc creator/import/gnu/arm/5.4.1/bin/../lib/gcc/arm-none-eabi/5.4.1/../../../../arm-none-eabi/lib/armv7-m\libg_nano.a(lib_a-vsnprintf.o)
                0x000051b0                vsniprintf
                0x000051b0                vsnprintf
 .text.__ssputs_r
                0x000051cc       0xb2 c:/program files (x86)/cypress/psoc creator/4.4/psoc creator/import/gnu/arm/5.4.1/bin/../lib/gcc/arm-none-eabi/5.4.1/../../../../arm-none-eabi/lib/armv7-m\libg_nano.a(lib_a-nano-svfprintf.o)
                0x000051cc                __ssputs_r
 *fill*         0x0000527e        0x2 
 .text._svfprintf_r
                0x00005280      0x1e8 c:/program files (x86)/cypress/psoc creator/4.4/psoc creator/import/gnu/arm/5.4.1/bin/../lib/gcc/arm-none-eabi/5.4.1/../../../../arm-none-eabi/lib/armv7-m\libg_nano.a(lib_a-nano-svfprintf.o)
                0x00005280                _svfiprintf_r
                0x00005280                _svfprintf_r
 .text._printf_common
                0x00005468       0xec c:/program files (x86)/cypress/psoc creator/4.4/psoc creator/import/gnu/arm/5.4.1/bin/../lib/gcc/arm-none-eabi/5.4.1/../../../../arm-none-eabi/lib/armv7-m\libg_nano.a(lib_a-nano-vfprintf_i.o)
                0x00005468                _printf_common
 .text._printf_i
                0x00005554      0x24c c:/program files (x86)/cypress/psoc creator/4.4/psoc creator/import/gnu/arm/5.4.1/bin/../lib/gcc/arm-none-eabi/5.4.1/../../../../arm-none-eabi/lib/armv7-m\libg_nano.a(lib_a-nano-vfprintf_i.o)
                0x00005554                _printf_i
 .text.memchr   0x000057a0       0x1c c:/program files (x86)/cypress/psoc creator/4.4/psoc creator/import/gnu/arm/5.4.1/bin/../lib/gcc/arm-none-eabi/5.4.1/../../../../arm-none-eabi/lib/armv7-m\libg_nano.a(lib_a-memchr-stub.o)
                0x000057a0                memchr
 .text.memmove  0x000057bc       0x36 c:/program files (x86)/cypress/psoc creator/4.4/psoc creator/import/gnu/arm/5.4.1/bin/../lib/gcc/arm-none-eabi/5.4.1/../../../../arm-none-eabi/lib/armv7-m\libg_nano.a(lib_a-memmove.o)
                0x000057bc                memmove
 *fill*         0x000057f2        0x2 
 .text._free_r  0x000057f4       0x98 c:/program files (x86)/cypress/psoc creator/4.4/psoc creator/import/gnu/arm/5.4.1/bin/../lib/gcc/arm-none-eabi/5.4.1/../../../../arm-none-eabi/lib/armv7-m\libg_nano.a(lib_a-nano-freer.o)
                0x000057f4                _free_r
 .text._malloc_r
                0x0000588c       0xbc c:/program files (x86)/cypress/psoc creator/4.4/psoc creator/import/gnu/arm/5.4.1/bin/../lib/gcc/arm-none-eabi/5.4.1/../../../../arm-none-eabi/lib/armv7-m\libg_nano.a(lib_a-nano-mallocr.o)
                0x0000588c                _malloc_r
 .text._realloc_r
                0x00005948       0x4c c:/program files (x86)/cypress/psoc creator/4.4/psoc creator/import/gnu/arm/5.4.1/bin/../lib/gcc/arm-none-eabi/5.4.1/../../../../arm-none-eabi/lib/armv7-m\libg_nano.a(lib_a-nano-reallocr.o)
                0x00005948                _realloc_r
 .text._sbrk_r  0x00005994       0x20 c:/program files (x86)/cypress/psoc creator/4.4/psoc creator/import/gnu/arm/5.4.1/bin/../lib/gcc/arm-none-eabi/5.4.1/../../../../arm-none-eabi/lib/armv7-m\libg_nano.a(lib_a-sbrkr.o)
                0x00005994                _sbrk_r
 .text.__malloc_lock
                0x000059b4        0x2 c:/program files (x86)/cypress/psoc creator/4.4/psoc creator/import/gnu/arm/5.4.1/bin/../lib/gcc/arm-none-eabi/5.4.1/../../../../arm-none-eabi/lib/armv7-m\libg_nano.a(lib_a-mlock.o)
                0x000059b4                __malloc_lock
 .text.__malloc_unlock
                0x000059b6        0x2 c:/program files (x86)/cypress/psoc creator/4.4/psoc creator/import/gnu/arm/5.4.1/bin/../lib/gcc/arm-none-eabi/5.4.1/../../../../arm-none-eabi/lib/armv7-m\libg_nano.a(lib_a-mlock.o)
                0x000059b6                __malloc_unlock
 .text._malloc_usable_size_r
                0x000059b8       0x14 c:/program files (x86)/cypress/psoc creator/4.4/psoc creator/import/gnu/arm/5.4.1/bin/../lib/gcc/arm-none-eabi/5.4.1/../../../../arm-none-eabi/lib/armv7-m\libg_nano.a(lib_a-nano-msizer.o)
                0x000059b8                _malloc_usable_size_r
 *(.plt)
 *(.gnu.warning)
 *(.glue_7t)
 .glue_7t       0x000059cc        0x0 linker stubs
 *(.glue_7)
 .glue_7        0x000059cc        0x0 linker stubs
 *(.vfp11_veneer)
 .vfp11_veneer  0x000059cc        0x0 linker stubs
 *(.bootloader)
 *(.ARM.extab* .gnu.linkonce.armextab.*)
 *(.gcc_except_table)

.v4_bx          0x000059cc        0x0
 .v4_bx         0x000059cc        0x0 linker stubs

.iplt           0x000059cc        0x0
 .iplt          0x000059cc        0x0 c:/program files (x86)/cypress/psoc creator/4.4/psoc creator/import/gnu/arm/5.4.1/bin/../lib/gcc/arm-none-eabi/5.4.1/armv7-m/crtbegin.o

.eh_frame_hdr
 *(.eh_frame_hdr)

.eh_frame       0x000059cc        0x4
 *(.eh_frame)
 .eh_frame      0x000059cc        0x0 c:/program files (x86)/cypress/psoc creator/4.4/psoc creator/import/gnu/arm/5.4.1/bin/../lib/gcc/arm-none-eabi/5.4.1/armv7-m/crtbegin.o
 .eh_frame      0x000059cc        0x4 c:/program files (x86)/cypress/psoc creator/4.4/psoc creator/import/gnu/arm/5.4.1/bin/../lib/gcc/arm-none-eabi/5.4.1/armv7-m/crtend.o
                [!provide]                PROVIDE (__exidx_start, .)

.ARM.exidx
 *(.ARM.exidx* .gnu.linkonce.armexidx.*)
                0x000059d0                __exidx_end = .

.rodata         0x000059d0     0x1a38
 *(.rodata .rodata.* .gnu.linkonce.r.*)
 .rodata.str1.4
                0x000059d0       0x8e .\CortexM3\ARM_GCC_541\Debug\app.o
 *fill*         0x00005a5e        0x2 
 .rodata.str1.4
                0x00005a60      0x203 .\CortexM3\ARM_GCC_541\Debug\log_task.o
                                0x207 (size before relaxing)
 *fill*         0x00005c63        0x1 
 .rodata        0x00005c64       0x64 .\CortexM3\ARM_GCC_541\Debug\heartbeatSensor.o
 .rodata.str1.4
                0x00005cc8      0x1ed .\CortexM3\ARM_GCC_541\Debug\heartbeatSensor.o
 *fill*         0x00005eb5        0x3 
 .rodata.str1.4
                0x00005eb8      0x55f .\CortexM3\ARM_GCC_541\Debug\data_processing_task.o
 *fill*         0x00006417        0x1 
 .rodata.str1.4
                0x00006418       0x86 .\CortexM3\ARM_GCC_541\Debug\bsp_i2c.o
 *fill*         0x0000649e        0x2 
 .rodata.str1.4
                0x000064a0        0x6 .\CortexM3\ARM_GCC_541\Debug\os_q.o
 *fill*         0x000064a6        0x2 
 .rodata.str1.4
                0x000064a8        0x5 .\CortexM3\ARM_GCC_541\Debug\os_sem.o
                                  0xa (size before relaxing)
 *fill*         0x000064ad        0x3 
 .rodata.str1.4
                0x000064b0       0x14 .\CortexM3\ARM_GCC_541\Debug\os_stat.o
 .rodata.str1.4
                0x000064c4        0x6 .\CortexM3\ARM_GCC_541\Debug\os_task.o
                                  0xa (size before relaxing)
 *fill*         0x000064ca        0x2 
 .rodata.str1.4
                0x000064cc       0x14 .\CortexM3\ARM_GCC_541\Debug\os_tick.o
 .rodata.str1.4
                0x000064e0       0x1d .\CortexM3\ARM_GCC_541\Debug\os_tmr.o
 *fill*         0x000064fd        0x3 
 .rodata        0x00006500       0xa4 .\CortexM3\ARM_GCC_541\Debug\os_cfg_app.o
                0x00006500                OSCfg_DataSizeRAM
                0x00006504                OSCfg_TmrWheelSizeRAM
                0x00006508                OSCfg_TmrWheelSize
                0x0000650c                OSCfg_TmrTaskStkSizeRAM
                0x00006510                OSCfg_TmrTaskStkSize
                0x00006514                OSCfg_TmrTaskStkLimit
                0x00006518                OSCfg_TmrTaskStkBasePtr
                0x0000651c                OSCfg_TmrTaskRate_Hz
                0x00006520                OSCfg_TmrTaskPrio
                0x00006524                OSCfg_TickWheelSizeRAM
                0x00006528                OSCfg_TickWheelSize
                0x0000652c                OSCfg_TickTaskStkSizeRAM
                0x00006530                OSCfg_TickTaskStkSize
                0x00006534                OSCfg_TickTaskStkLimit
                0x00006538                OSCfg_TickTaskStkBasePtr
                0x0000653c                OSCfg_TickTaskPrio
                0x00006540                OSCfg_TickRate_Hz
                0x00006544                OSCfg_StkSizeMin
                0x00006548                OSCfg_StatTaskStkSizeRAM
                0x0000654c                OSCfg_StatTaskStkSize
                0x00006550                OSCfg_StatTaskStkLimit
                0x00006554                OSCfg_StatTaskStkBasePtr
                0x00006558                OSCfg_StatTaskRate_Hz
                0x0000655c                OSCfg_StatTaskPrio
                0x00006560                OSCfg_MsgPoolBasePtr
                0x00006564                OSCfg_MsgPoolSizeRAM
                0x00006568                OSCfg_MsgPoolSize
                0x0000656c                OSCfg_ISRStkSizeRAM
                0x00006570                OSCfg_ISRStkSize
                0x00006574                OSCfg_ISRStkBasePtr
                0x00006578                OSCfg_IntQTaskStkSizeRAM
                0x0000657c                OSCfg_IntQTaskStkSize
                0x00006580                OSCfg_IntQTaskStkLimit
                0x00006584                OSCfg_IntQTaskStkBasePtr
                0x00006588                OSCfg_IntQSizeRAM
                0x0000658c                OSCfg_IntQSize
                0x00006590                OSCfg_IntQBasePtr
                0x00006594                OSCfg_IdleTaskStkSizeRAM
                0x00006598                OSCfg_IdleTaskStkSize
                0x0000659c                OSCfg_IdleTaskStkLimit
                0x000065a0                OSCfg_IdleTaskStkBasePtr
 .rodata.str1.4
                0x000065a4       0x25 .\CortexM3\ARM_GCC_541\Debug\os_core.o
                                 0x2a (size before relaxing)
 *fill*         0x000065c9        0x3 
 .rodata.str1.4
                0x000065cc      0x394 .\CortexM3\ARM_GCC_541\Debug\max30102_interface.o
 .rodata.str1.4
                0x00006960      0x9d8 .\CortexM3\ARM_GCC_541\Debug\driver_max30102.o
 .rodata        0x00007338       0x62 .\CortexM3\ARM_GCC_541\Debug\cyfitter_cfg.o
 .rodata.str1.1
                0x0000739a        0x2 c:/program files (x86)/cypress/psoc creator/4.4/psoc creator/import/gnu/arm/5.4.1/bin/../lib/gcc/arm-none-eabi/5.4.1/../../../../arm-none-eabi/lib/armv7-m\libg_nano.a(lib_a-impure.o)
 .rodata.str1.1
                0x0000739c       0x11 c:/program files (x86)/cypress/psoc creator/4.4/psoc creator/import/gnu/arm/5.4.1/bin/../lib/gcc/arm-none-eabi/5.4.1/../../../../arm-none-eabi/lib/armv7-m\libg_nano.a(lib_a-nano-svfprintf.o)
 .rodata.str1.1
                0x000073ad       0x22 c:/program files (x86)/cypress/psoc creator/4.4/psoc creator/import/gnu/arm/5.4.1/bin/../lib/gcc/arm-none-eabi/5.4.1/../../../../arm-none-eabi/lib/armv7-m\libg_nano.a(lib_a-nano-vfprintf_i.o)
                0x000073d0                . = ALIGN (0x4)
 *fill*         0x000073cf        0x1 
 *(.init)
 .init          0x000073d0        0x4 c:/program files (x86)/cypress/psoc creator/4.4/psoc creator/import/gnu/arm/5.4.1/bin/../lib/gcc/arm-none-eabi/5.4.1/armv7-m/crti.o
                0x000073d0                _init
 .init          0x000073d4        0x8 c:/program files (x86)/cypress/psoc creator/4.4/psoc creator/import/gnu/arm/5.4.1/bin/../lib/gcc/arm-none-eabi/5.4.1/armv7-m/crtn.o
                0x000073dc                . = ALIGN (0x4)
                0x000073dc                __preinit_array_start = .
 *(.preinit_array)
                0x000073dc                __preinit_array_end = .
                0x000073dc                . = ALIGN (0x4)
                0x000073dc                __init_array_start = .
 *(SORT(.init_array.*))
 *(.init_array)
 .init_array    0x000073dc        0x4 c:/program files (x86)/cypress/psoc creator/4.4/psoc creator/import/gnu/arm/5.4.1/bin/../lib/gcc/arm-none-eabi/5.4.1/armv7-m/crtbegin.o
 .init_array    0x000073e0        0x4 .\CortexM3\ARM_GCC_541\Debug\Cm3Start.o
                0x000073e4                __init_array_end = .
                0x000073e4                . = ALIGN (0x4)
 *(.fini)
 .fini          0x000073e4        0x4 c:/program files (x86)/cypress/psoc creator/4.4/psoc creator/import/gnu/arm/5.4.1/bin/../lib/gcc/arm-none-eabi/5.4.1/armv7-m/crti.o
                0x000073e4                _fini
 .fini          0x000073e8        0x8 c:/program files (x86)/cypress/psoc creator/4.4/psoc creator/import/gnu/arm/5.4.1/bin/../lib/gcc/arm-none-eabi/5.4.1/armv7-m/crtn.o
                0x000073f0                . = ALIGN (0x4)
                0x000073f0                __fini_array_start = .
 *(.fini_array)
 .fini_array    0x000073f0        0x4 c:/program files (x86)/cypress/psoc creator/4.4/psoc creator/import/gnu/arm/5.4.1/bin/../lib/gcc/arm-none-eabi/5.4.1/armv7-m/crtbegin.o
 *(SORT(.fini_array.*))
                0x000073f4                __fini_array_end = .
                0x000073f4                . = ALIGN (0x4)
 *crtbegin.o(.ctors)
 *(EXCLUDE_FILE(*crtend.o) .ctors)
 *(SORT(.ctors.*))
 *crtend.o(.ctors)
                0x000073f4                . = ALIGN (0x4)
 *crtbegin.o(.dtors)
 *(EXCLUDE_FILE(*crtend.o) .dtors)
 *(SORT(.dtors.*))
 *crtend.o(.dtors)
                0x000073f4                . = ALIGN (0x4)
                0x000073f4                __cy_regions = .
                0x000073f4        0x4 LONG 0x7408 __cy_region_init_ram
                0x000073f8        0x4 LONG 0x1fff80c8 __cy_region_start_data
                0x000073fc        0x4 LONG 0x78 __cy_region_init_size_ram
                0x00007400        0x4 LONG 0x5488 __cy_region_zero_size_ram
                0x00007404                __cy_regions_end = .
                0x00007408                . = ALIGN (0x8)
 *fill*         0x00007404        0x4 
                0x00007408                _etext = .

.cy_checksum_exclude
                0x00007408        0x0
 *(.cy_checksum_exclude)

.ramvectors     0x1fff8000       0xc0
                0x1fff8000                __cy_region_start_ram = .
 *(.ramvectors)
 .ramvectors    0x1fff8000       0xc0 .\CortexM3\ARM_GCC_541\Debug\Cm3Start.o
                0x1fff8000                CyRamVectors

.noinit         0x1fff80c0        0x1
 *(.noinit)
 .noinit        0x1fff80c0        0x1 .\CortexM3\ARM_GCC_541\Debug\esw_uCOS3_cykit.a(CyLib.o)
                0x1fff80c0                CyResetStatus

.data           0x1fff80c8       0x78 load address 0x00007408
                0x1fff80c8                __cy_region_start_data = .
 *(.jcr)
 .jcr           0x1fff80c8        0x0 c:/program files (x86)/cypress/psoc creator/4.4/psoc creator/import/gnu/arm/5.4.1/bin/../lib/gcc/arm-none-eabi/5.4.1/armv7-m/crtbegin.o
 .jcr           0x1fff80c8        0x4 c:/program files (x86)/cypress/psoc creator/4.4/psoc creator/import/gnu/arm/5.4.1/bin/../lib/gcc/arm-none-eabi/5.4.1/armv7-m/crtend.o
 *(.got.plt)
 *(.got)
 *(.shdata)
 *(.data .data.* .gnu.linkonce.d.*)
 .data          0x1fff80cc        0x4 .\CortexM3\ARM_GCC_541\Debug\heartbeatSensor.o
                0x1fff80cc                spO2
 .data          0x1fff80d0        0x4 .\CortexM3\ARM_GCC_541\Debug\Cm3Start.o
 .data          0x1fff80d4        0x8 .\CortexM3\ARM_GCC_541\Debug\esw_uCOS3_cykit.a(CyDmac.o)
 .data.impure_data
                0x1fff80dc       0x60 c:/program files (x86)/cypress/psoc creator/4.4/psoc creator/import/gnu/arm/5.4.1/bin/../lib/gcc/arm-none-eabi/5.4.1/../../../../arm-none-eabi/lib/armv7-m\libg_nano.a(lib_a-impure.o)
 .data._impure_ptr
                0x1fff813c        0x4 c:/program files (x86)/cypress/psoc creator/4.4/psoc creator/import/gnu/arm/5.4.1/bin/../lib/gcc/arm-none-eabi/5.4.1/../../../../arm-none-eabi/lib/armv7-m\libg_nano.a(lib_a-impure.o)
                0x1fff813c                _impure_ptr
                0x1fff8140                . = ALIGN (0x8)
 *(.ram)
                0x1fff8140                _edata = .

.igot.plt       0x1fff8140        0x0 load address 0x00007480
 .igot.plt      0x1fff8140        0x0 c:/program files (x86)/cypress/psoc creator/4.4/psoc creator/import/gnu/arm/5.4.1/bin/../lib/gcc/arm-none-eabi/5.4.1/armv7-m/crtbegin.o

.bss            0x1fff8140     0x5488 load address 0x00007480
                0x1fff8140                PROVIDE (__bss_start__, .)
 *(.shbss)
 *(.bss .bss.* .gnu.linkonce.b.*)
 .bss           0x1fff8140       0x1c c:/program files (x86)/cypress/psoc creator/4.4/psoc creator/import/gnu/arm/5.4.1/bin/../lib/gcc/arm-none-eabi/5.4.1/armv7-m/crtbegin.o
 .bss           0x1fff815c      0x4c0 .\CortexM3\ARM_GCC_541\Debug\app.o
 .bss           0x1fff861c       0xd8 .\CortexM3\ARM_GCC_541\Debug\heartbeatSensor.o
                0x1fff861c                IR_AC_Signal_Current
                0x1fff8620                IR_AC_Signal_Previous
                0x1fff8624                last_peak_timestamp
                0x1fff8628                cycle_started
                0x1fff862c                IR_AC_Min
                0x1fff8630                heart_rate_index
                0x1fff8634                heart_rate_history
                0x1fff8670                heart_rate_sum
                0x1fff8674                IR_DC_Signal_Current
                0x1fff8678                RED_DC_Signal_Current
                0x1fff867c                RED_AC_Signal_Current
                0x1fff86e8                ir_avg_reg
                0x1fff86ec                red_avg_reg
                0x1fff86f0                IR_AC_Max
 .bss           0x1fff86f4        0x4 .\CortexM3\ARM_GCC_541\Debug\bsp_i2c.o
                0x1fff86f4                current_timestamp
 .bss           0x1fff86f8        0x9 .\CortexM3\ARM_GCC_541\Debug\esw_uCOS3_cykit.a(UART_1.o)
                0x1fff86f8                UART_1_errorStatus
                0x1fff86f9                UART_1_initVar
                0x1fff86fa                UART_1_rxBufferRead
                0x1fff86fb                UART_1_rxBufferWrite
                0x1fff86fc                UART_1_rxBufferLoopDetect
                0x1fff86fd                UART_1_rxBufferOverflow
                0x1fff86fe                UART_1_txBufferRead
                0x1fff86ff                UART_1_txBufferWrite
 .bss           0x1fff8701        0x1 .\CortexM3\ARM_GCC_541\Debug\esw_uCOS3_cykit.a(I2C_1.o)
                0x1fff8701                I2C_1_initVar
 .bss           0x1fff8702        0x1 .\CortexM3\ARM_GCC_541\Debug\esw_uCOS3_cykit.a(Timer_1.o)
                0x1fff8702                Timer_1_initVar
 *fill*         0x1fff8703        0x1 
 .bss.__malloc_sbrk_start
                0x1fff8704        0x4 c:/program files (x86)/cypress/psoc creator/4.4/psoc creator/import/gnu/arm/5.4.1/bin/../lib/gcc/arm-none-eabi/5.4.1/../../../../arm-none-eabi/lib/armv7-m\libg_nano.a(lib_a-nano-mallocr.o)
                0x1fff8704                __malloc_sbrk_start
 .bss.__malloc_free_list
                0x1fff8708        0x4 c:/program files (x86)/cypress/psoc creator/4.4/psoc creator/import/gnu/arm/5.4.1/bin/../lib/gcc/arm-none-eabi/5.4.1/../../../../arm-none-eabi/lib/armv7-m\libg_nano.a(lib_a-nano-mallocr.o)
                0x1fff8708                __malloc_free_list
 *(COMMON)
 COMMON         0x1fff870c       0xf0 .\CortexM3\ARM_GCC_541\Debug\app.o
                0x1fff870c                CommQI2CSPO2
                0x1fff873c                CommQProcessedEnvironmentData
                0x1fff876c                CommQI2CHeartRate
                0x1fff879c                CommQSPIData
                0x1fff87cc                CommQProcessedOximeterData
 COMMON         0x1fff87fc     0x24c8 .\CortexM3\ARM_GCC_541\Debug\log_task.o
                0x1fff87fc                Log_TaskStk
                0x1fff8ffc                LogTaskSem
                0x1fff9024                Log_Task_TCB
                0x1fff90e4                MsgMemPoolStorage
                0x1fffac74                MsgMemPool
                0x1fffac94                Log_Queue
 COMMON         0x1fffacc4      0x900 .\CortexM3\ARM_GCC_541\Debug\heartbeatSensor.o
                0x1fffacc4                MAX30102_Task_TCB
                0x1fffad84                i2c_rx_buffer
                0x1fffadc4                MAX30102_TaskStk
 COMMON         0x1fffb5c4      0x8c0 .\CortexM3\ARM_GCC_541\Debug\data_processing_task.o
                0x1fffb5c4                Data_Processing_TaskStk
                0x1fffbdc4                Data_Processing_TCB
 COMMON         0x1fffbe84       0x14 .\CortexM3\ARM_GCC_541\Debug\cpu_core.o
                0x1fffbe84                CPU_TS_TmrFreq_Hz
                0x1fffbe88                CPU_Name
 COMMON         0x1fffbe98        0x4 .\CortexM3\ARM_GCC_541\Debug\os_cpu_c.o
                0x1fffbe98                OS_CPU_ExceptStkBase
 COMMON         0x1fffbe9c        0x4 .\CortexM3\ARM_GCC_541\Debug\os_prio.o
                0x1fffbe9c                OSPrioTbl
 COMMON         0x1fffbea0      0x538 .\CortexM3\ARM_GCC_541\Debug\os_var.o
                0x1fffbea0                OSSchedLockNestingCtr
                0x1fffbea4                OS_AppTaskReturnHookPtr
                0x1fffbea8                OSStatTaskTimeMax
                0x1fffbeac                OSStatTaskCtr
                0x1fffbeb0                OSTaskRegNextAvailID
                0x1fffbeb1                OSRunning
                0x1fffbeb4                OSRdyList
                0x1fffc034                OSPrioHighRdy
                0x1fffc035                OSStatTaskRdy
                0x1fffc038                OSSemDbgListPtr
                0x1fffc03c                OS_AppTaskCreateHookPtr
                0x1fffc040                OSPrioCur
                0x1fffc044                OSTickTaskTCB
                0x1fffc104                OSTmrTickCtr
                0x1fffc108                OSTCBCurPtr
                0x1fffc10c                OSQQty
                0x1fffc10e                OSStatTaskCPUUsageMax
                0x1fffc110                OSPrioSaved
                0x1fffc114                OSTCBHighRdyPtr
                0x1fffc118                OSTaskDbgListPtr
                0x1fffc11c                OSTmrTaskTimeMax
                0x1fffc120                OS_AppTaskDelHookPtr
                0x1fffc124                OS_AppTimeTickHookPtr
                0x1fffc128                OSTaskCtxSwCtr
                0x1fffc12c                OSStatTaskCPUUsage
                0x1fffc12e                OSIntNestingCtr
                0x1fffc130                OSTaskQty
                0x1fffc134                OSTmrTaskTCB
                0x1fffc1f4                OSMsgPool
                0x1fffc200                OSIdleTaskTCB
                0x1fffc2c0                OSQDbgListPtr
                0x1fffc2c4                OSSemQty
                0x1fffc2c8                OSMemDbgListPtr
                0x1fffc2cc                OSSchedRoundRobinDfltTimeQuanta
                0x1fffc2d0                OS_AppIdleTaskHookPtr
                0x1fffc2d4                OSStatTaskCtrMax
                0x1fffc2d8                OSTickCtr
                0x1fffc2dc                OS_AppTaskSwHookPtr
                0x1fffc2e0                OSTmrQty
                0x1fffc2e4                OSIdleTaskCtr
                0x1fffc2e8                OSStatTaskCtrRun
                0x1fffc2ec                OS_AppStatTaskHookPtr
                0x1fffc2f0                OSFlagQty
                0x1fffc2f4                OSFlagDbgListPtr
                0x1fffc2f8                OSStatResetFlag
                0x1fffc2fa                OSMemQty
                0x1fffc2fc                OSMutexQty
                0x1fffc300                OSStatTaskTCB
                0x1fffc3c0                OSTmrDbgListPtr
                0x1fffc3c4                OSTickTaskTimeMax
                0x1fffc3c8                OSTmrUpdateCnt
                0x1fffc3cc                OSSchedRoundRobinEn
                0x1fffc3d0                OSMutexDbgListPtr
                0x1fffc3d4                OSTmrUpdateCtr
 COMMON         0x1fffc3d8     0x1150 .\CortexM3\ARM_GCC_541\Debug\os_cfg_app.o
                0x1fffc3d8                OSCfg_StatTaskStk
                0x1fffc5d8                OSCfg_TickWheel
                0x1fffc660                OSCfg_MsgPool
                0x1fffcca0                OSCfg_TmrTaskStk
                0x1fffcea0                OSCfg_TmrWheel
                0x1fffcf28                OSCfg_ISRStk
                0x1fffd128                OSCfg_TickTaskStk
                0x1fffd328                OSCfg_IdleTaskStk
 COMMON         0x1fffd528       0x80 .\CortexM3\ARM_GCC_541\Debug\esw_uCOS3_cykit.a(UART_1.o)
                0x1fffd528                UART_1_txBuffer
                0x1fffd568                UART_1_rxBuffer
 COMMON         0x1fffd5a8        0x1 .\CortexM3\ARM_GCC_541\Debug\esw_uCOS3_cykit.a(I2C_1.o)
                0x1fffd5a8                I2C_1_state
 *fill*         0x1fffd5a9        0x3 
 COMMON         0x1fffd5ac       0x11 .\CortexM3\ARM_GCC_541\Debug\esw_uCOS3_cykit.a(I2C_1_MASTER.o)
                0x1fffd5ac                I2C_1_mstrWrBufIndex
                0x1fffd5ad                I2C_1_mstrControl
                0x1fffd5ae                I2C_1_mstrStatus
                0x1fffd5af                I2C_1_mstrWrBufSize
                0x1fffd5b0                I2C_1_mstrRdBufIndex
                0x1fffd5b4                I2C_1_mstrWrBufPtr
                0x1fffd5b8                I2C_1_mstrRdBufPtr
                0x1fffd5bc                I2C_1_mstrRdBufSize
 *fill*         0x1fffd5bd        0x3 
 COMMON         0x1fffd5c0        0x4 c:/program files (x86)/cypress/psoc creator/4.4/psoc creator/import/gnu/arm/5.4.1/bin/../lib/gcc/arm-none-eabi/5.4.1/../../../../arm-none-eabi/lib/armv7-m\libg_nano.a(lib_a-reent.o)
                0x1fffd5c0                errno
                0x1fffd5c8                . = ALIGN (0x8)
 *fill*         0x1fffd5c4        0x4 
 *(.ram.b)
                0x1fffd5c8                _end = .
                0x1fffd5c8                __end = .
                0x1fffd5c8                PROVIDE (end, .)
                0x1fffd5c8                PROVIDE (__bss_end__, .)
                0x00007408                __cy_region_init_ram = LOADADDR (.data)
                0x00000078                __cy_region_init_size_ram = (_edata - ADDR (.data))
                0x00005488                __cy_region_zero_size_ram = (_end - _edata)

.heap           0x1fffd5c8       0x80 load address 0x00007480
                0x1fffd5c8                . = _end
                0x1fffd648                . = (. + 0x80)
 *fill*         0x1fffd5c8       0x80 
                0x1fffd648                __cy_heap_limit = .

.stack          0x20007800      0x800
                0x20007800                __cy_stack_limit = .
                0x20008000                . = (. + 0x800)
 *fill*         0x20007800      0x800 
                0x00000001                ASSERT ((__cy_stack_limit >= __cy_heap_limit), region RAM overflowed with stack)
                0x00000000                cy_checksum_exclude_size = (CY_APPL_LOADABLE == 0x1)?SIZEOF (.cy_checksum_exclude):0x0
                0x00000001                ASSERT ((cy_checksum_exclude_size <= CY_CHECKSUM_EXCLUDE_SIZE), CY_BOOT: Section .cy_checksum_exclude size exceedes specified limit.)

.cyloadermeta
 *(.cyloadermeta)

.cyloadablemeta
 *(.cyloadablemeta)

.cyconfigecc    0x80000000      0x698
 *(.cyconfigecc)
 .cyconfigecc   0x80000000      0x698 .\CortexM3\ARM_GCC_541\Debug\cymetadata.o
                0x80000000                cy_meta_configecc

.cycustnvl      0x90000000        0x4
 *(.cycustnvl)
 .cycustnvl     0x90000000        0x4 .\CortexM3\ARM_GCC_541\Debug\cymetadata.o
                0x90000000                cy_meta_custnvl

.cywolatch      0x90100000        0x4
 *(.cywolatch)
 .cywolatch     0x90100000        0x4 .\CortexM3\ARM_GCC_541\Debug\cymetadata.o
                0x90100000                cy_meta_wonvl

.cyeeprom       0x90200000        0x0
 *(.cyeeprom)
                0x00000001                ASSERT ((. <= ((0x90200000 + ee_offset) + ee_size)), .cyeeprom data will not fit in EEPROM)

.cyflashprotect
                0x90400000      0x100
 *(.cyflashprotect)
 .cyflashprotect
                0x90400000      0x100 .\CortexM3\ARM_GCC_541\Debug\cymetadata.o
                0x90400000                cy_meta_flashprotect

.cymeta         0x90500000        0xc
 *(.cymeta)
 .cymeta        0x90500000        0xc .\CortexM3\ARM_GCC_541\Debug\cymetadata.o
                0x90500000                cy_metadata

.rel.dyn        0x00007480        0x0 load address 0x9050000c
 .rel.iplt      0x00007480        0x0 c:/program files (x86)/cypress/psoc creator/4.4/psoc creator/import/gnu/arm/5.4.1/bin/../lib/gcc/arm-none-eabi/5.4.1/armv7-m/crtbegin.o

.stab
 *(.stab)

.stabstr
 *(.stabstr)

.debug
 *(.debug)

.line
 *(.line)

.debug_srcinfo
 *(.debug_srcinfo)

.debug_sfnames
 *(.debug_sfnames)

.debug_aranges  0x00000000     0x1938
 *(.debug_aranges)
 .debug_aranges
                0x00000000       0x28 .\CortexM3\ARM_GCC_541\Debug\app.o
 .debug_aranges
                0x00000028       0x68 .\CortexM3\ARM_GCC_541\Debug\os_app_hooks.o
 .debug_aranges
                0x00000090       0x40 .\CortexM3\ARM_GCC_541\Debug\log_task.o
 .debug_aranges
                0x000000d0       0x70 .\CortexM3\ARM_GCC_541\Debug\heartbeatSensor.o
 .debug_aranges
                0x00000140       0x50 .\CortexM3\ARM_GCC_541\Debug\data_processing_task.o
 .debug_aranges
                0x00000190       0x38 .\CortexM3\ARM_GCC_541\Debug\bsp_os.o
 .debug_aranges
                0x000001c8       0x58 .\CortexM3\ARM_GCC_541\Debug\bsp.o
 .debug_aranges
                0x00000220       0x30 .\CortexM3\ARM_GCC_541\Debug\cpu_bsp.o
 .debug_aranges
                0x00000250       0x30 .\CortexM3\ARM_GCC_541\Debug\bsp_uart.o
 .debug_aranges
                0x00000280       0x38 .\CortexM3\ARM_GCC_541\Debug\bsp_gpio.o
 .debug_aranges
                0x000002b8       0x38 .\CortexM3\ARM_GCC_541\Debug\bsp_i2c.o
 .debug_aranges
                0x000002f0       0x50 .\CortexM3\ARM_GCC_541\Debug\cpu_c.o
 .debug_aranges
                0x00000340       0xb0 .\CortexM3\ARM_GCC_541\Debug\cpu_core.o
 .debug_aranges
                0x000003f0       0x38 .\CortexM3\ARM_GCC_541\Debug\lib_math.o
 .debug_aranges
                0x00000428       0x48 .\CortexM3\ARM_GCC_541\Debug\lib_mem.o
 .debug_aranges
                0x00000470       0xd8 .\CortexM3\ARM_GCC_541\Debug\lib_str.o
 .debug_aranges
                0x00000548       0x98 .\CortexM3\ARM_GCC_541\Debug\lib_ascii.o
 .debug_aranges
                0x000005e0       0x70 .\CortexM3\ARM_GCC_541\Debug\os_cpu_c.o
 .debug_aranges
                0x00000650       0x38 .\CortexM3\ARM_GCC_541\Debug\os_pend_multi.o
 .debug_aranges
                0x00000688       0x38 .\CortexM3\ARM_GCC_541\Debug\os_prio.o
 .debug_aranges
                0x000006c0       0x70 .\CortexM3\ARM_GCC_541\Debug\os_q.o
 .debug_aranges
                0x00000730       0x70 .\CortexM3\ARM_GCC_541\Debug\os_sem.o
 .debug_aranges
                0x000007a0       0x38 .\CortexM3\ARM_GCC_541\Debug\os_stat.o
 .debug_aranges
                0x000007d8       0xf0 .\CortexM3\ARM_GCC_541\Debug\os_task.o
 .debug_aranges
                0x000008c8       0x50 .\CortexM3\ARM_GCC_541\Debug\os_tick.o
 .debug_aranges
                0x00000918       0x48 .\CortexM3\ARM_GCC_541\Debug\os_time.o
 .debug_aranges
                0x00000960       0x88 .\CortexM3\ARM_GCC_541\Debug\os_tmr.o
 .debug_aranges
                0x000009e8       0x18 .\CortexM3\ARM_GCC_541\Debug\os_var.o
 .debug_aranges
                0x00000a00       0x20 .\CortexM3\ARM_GCC_541\Debug\os_cfg_app.o
 .debug_aranges
                0x00000a20      0x140 .\CortexM3\ARM_GCC_541\Debug\os_core.o
 .debug_aranges
                0x00000b60       0x20 .\CortexM3\ARM_GCC_541\Debug\os_dbg.o
 .debug_aranges
                0x00000b80       0x80 .\CortexM3\ARM_GCC_541\Debug\os_flag.o
 .debug_aranges
                0x00000c00       0x18 .\CortexM3\ARM_GCC_541\Debug\os_int.o
 .debug_aranges
                0x00000c18       0x40 .\CortexM3\ARM_GCC_541\Debug\os_mem.o
 .debug_aranges
                0x00000c58       0x40 .\CortexM3\ARM_GCC_541\Debug\os_msg.o
 .debug_aranges
                0x00000c98       0x60 .\CortexM3\ARM_GCC_541\Debug\os_mutex.o
 .debug_aranges
                0x00000cf8       0x48 .\CortexM3\ARM_GCC_541\Debug\max30102_interface.o
 .debug_aranges
                0x00000d40      0x180 .\CortexM3\ARM_GCC_541\Debug\driver_max30102.o
 .debug_aranges
                0x00000ec0       0x58 .\CortexM3\ARM_GCC_541\Debug\cyfitter_cfg.o
 .debug_aranges
                0x00000f18       0x18 .\CortexM3\ARM_GCC_541\Debug\cymetadata.o
 .debug_aranges
                0x00000f30       0x48 .\CortexM3\ARM_GCC_541\Debug\Cm3Start.o
 .debug_aranges
                0x00000f78       0x20 .\CortexM3\ARM_GCC_541\Debug\cpu_a.o
 .debug_aranges
                0x00000f98       0x20 .\CortexM3\ARM_GCC_541\Debug\os_cpu_a.o
 .debug_aranges
                0x00000fb8       0xf0 .\CortexM3\ARM_GCC_541\Debug\esw_uCOS3_cykit.a(UART_1.o)
 .debug_aranges
                0x000010a8       0x28 .\CortexM3\ARM_GCC_541\Debug\esw_uCOS3_cykit.a(UART_1_INT.o)
 .debug_aranges
                0x000010d0       0x38 .\CortexM3\ARM_GCC_541\Debug\esw_uCOS3_cykit.a(Pin_1.o)
 .debug_aranges
                0x00001108       0x70 .\CortexM3\ARM_GCC_541\Debug\esw_uCOS3_cykit.a(UART_1_IntClock.o)
 .debug_aranges
                0x00001178       0xd8 .\CortexM3\ARM_GCC_541\Debug\esw_uCOS3_cykit.a(CyDmac.o)
 .debug_aranges
                0x00001250      0x2a0 .\CortexM3\ARM_GCC_541\Debug\esw_uCOS3_cykit.a(CyLib.o)
 .debug_aranges
                0x000014f0       0x98 .\CortexM3\ARM_GCC_541\Debug\esw_uCOS3_cykit.a(cyPm.o)
 .debug_aranges
                0x00001588       0x38 .\CortexM3\ARM_GCC_541\Debug\esw_uCOS3_cykit.a(Pin_2.o)
 .debug_aranges
                0x000015c0       0x38 .\CortexM3\ARM_GCC_541\Debug\esw_uCOS3_cykit.a(push_button.o)
 .debug_aranges
                0x000015f8       0x38 .\CortexM3\ARM_GCC_541\Debug\esw_uCOS3_cykit.a(I2C_1.o)
 .debug_aranges
                0x00001630       0x20 .\CortexM3\ARM_GCC_541\Debug\esw_uCOS3_cykit.a(I2C_1_INT.o)
 .debug_aranges
                0x00001650       0x38 .\CortexM3\ARM_GCC_541\Debug\esw_uCOS3_cykit.a(I2C_1_PM.o)
 .debug_aranges
                0x00001688       0x80 .\CortexM3\ARM_GCC_541\Debug\esw_uCOS3_cykit.a(I2C_1_MASTER.o)
 .debug_aranges
                0x00001708       0x88 .\CortexM3\ARM_GCC_541\Debug\esw_uCOS3_cykit.a(Timer_1.o)
 .debug_aranges
                0x00001790       0x80 .\CortexM3\ARM_GCC_541\Debug\esw_uCOS3_cykit.a(Timer_ISR.o)
 .debug_aranges
                0x00001810       0x20 .\CortexM3\ARM_GCC_541\Debug\esw_uCOS3_cykit.a(CyBootAsmGnu.o)
 .debug_aranges
                0x00001830       0x88 .\CortexM3\ARM_GCC_541\Debug\esw_uCOS3_cykit.a(CyFlash.o)
 .debug_aranges
                0x000018b8       0x80 .\CortexM3\ARM_GCC_541\Debug\esw_uCOS3_cykit.a(CySpc.o)

.debug_pubnames
 *(.debug_pubnames)

.debug_info     0x00000000    0x271da
 *(.debug_info .gnu.linkonce.wi.*)
 .debug_info    0x00000000     0x1020 .\CortexM3\ARM_GCC_541\Debug\app.o
 .debug_info    0x00001020      0x894 .\CortexM3\ARM_GCC_541\Debug\os_app_hooks.o
 .debug_info    0x000018b4     0x13ab .\CortexM3\ARM_GCC_541\Debug\log_task.o
 .debug_info    0x00002c5f     0x16b4 .\CortexM3\ARM_GCC_541\Debug\heartbeatSensor.o
 .debug_info    0x00004313     0x158e .\CortexM3\ARM_GCC_541\Debug\data_processing_task.o
 .debug_info    0x000058a1      0xe09 .\CortexM3\ARM_GCC_541\Debug\bsp_os.o
 .debug_info    0x000066aa      0x392 .\CortexM3\ARM_GCC_541\Debug\bsp.o
 .debug_info    0x00006a3c      0x178 .\CortexM3\ARM_GCC_541\Debug\cpu_bsp.o
 .debug_info    0x00006bb4      0x12b .\CortexM3\ARM_GCC_541\Debug\bsp_uart.o
 .debug_info    0x00006cdf      0x28c .\CortexM3\ARM_GCC_541\Debug\bsp_gpio.o
 .debug_info    0x00006f6b      0x870 .\CortexM3\ARM_GCC_541\Debug\bsp_i2c.o
 .debug_info    0x000077db      0x5f2 .\CortexM3\ARM_GCC_541\Debug\cpu_c.o
 .debug_info    0x00007dcd      0x71b .\CortexM3\ARM_GCC_541\Debug\cpu_core.o
 .debug_info    0x000084e8      0x1e9 .\CortexM3\ARM_GCC_541\Debug\lib_math.o
 .debug_info    0x000086d1      0x4df .\CortexM3\ARM_GCC_541\Debug\lib_mem.o
 .debug_info    0x00008bb0     0x10d7 .\CortexM3\ARM_GCC_541\Debug\lib_str.o
 .debug_info    0x00009c87      0x43b .\CortexM3\ARM_GCC_541\Debug\lib_ascii.o
 .debug_info    0x0000a0c2      0xa1f .\CortexM3\ARM_GCC_541\Debug\os_cpu_c.o
 .debug_info    0x0000aae1     0x1032 .\CortexM3\ARM_GCC_541\Debug\os_pend_multi.o
 .debug_info    0x0000bb13      0x1f0 .\CortexM3\ARM_GCC_541\Debug\os_prio.o
 .debug_info    0x0000bd03     0x14dd .\CortexM3\ARM_GCC_541\Debug\os_q.o
 .debug_info    0x0000d1e0     0x13bd .\CortexM3\ARM_GCC_541\Debug\os_sem.o
 .debug_info    0x0000e59d     0x1219 .\CortexM3\ARM_GCC_541\Debug\os_stat.o
 .debug_info    0x0000f7b6     0x20a8 .\CortexM3\ARM_GCC_541\Debug\os_task.o
 .debug_info    0x0001185e      0xfe0 .\CortexM3\ARM_GCC_541\Debug\os_tick.o
 .debug_info    0x0001283e     0x10d8 .\CortexM3\ARM_GCC_541\Debug\os_time.o
 .debug_info    0x00013916     0x16b7 .\CortexM3\ARM_GCC_541\Debug\os_tmr.o
 .debug_info    0x00014fcd      0xf4c .\CortexM3\ARM_GCC_541\Debug\os_var.o
 .debug_info    0x00015f19      0xbda .\CortexM3\ARM_GCC_541\Debug\os_cfg_app.o
 .debug_info    0x00016af3     0x1f24 .\CortexM3\ARM_GCC_541\Debug\os_core.o
 .debug_info    0x00018a17     0x1379 .\CortexM3\ARM_GCC_541\Debug\os_dbg.o
 .debug_info    0x00019d90     0x178f .\CortexM3\ARM_GCC_541\Debug\os_flag.o
 .debug_info    0x0001b51f       0x87 .\CortexM3\ARM_GCC_541\Debug\os_int.o
 .debug_info    0x0001b5a6      0x89b .\CortexM3\ARM_GCC_541\Debug\os_mem.o
 .debug_info    0x0001be41      0x87b .\CortexM3\ARM_GCC_541\Debug\os_msg.o
 .debug_info    0x0001c6bc     0x13bd .\CortexM3\ARM_GCC_541\Debug\os_mutex.o
 .debug_info    0x0001da79     0x103e .\CortexM3\ARM_GCC_541\Debug\max30102_interface.o
 .debug_info    0x0001eab7     0x2959 .\CortexM3\ARM_GCC_541\Debug\driver_max30102.o
 .debug_info    0x00021410      0x605 .\CortexM3\ARM_GCC_541\Debug\cyfitter_cfg.o
 .debug_info    0x00021a15      0x138 .\CortexM3\ARM_GCC_541\Debug\cymetadata.o
 .debug_info    0x00021b4d      0x3cf .\CortexM3\ARM_GCC_541\Debug\Cm3Start.o
 .debug_info    0x00021f1c       0x77 .\CortexM3\ARM_GCC_541\Debug\cpu_a.o
 .debug_info    0x00021f93       0x8a .\CortexM3\ARM_GCC_541\Debug\os_cpu_a.o
 .debug_info    0x0002201d      0x7ae .\CortexM3\ARM_GCC_541\Debug\esw_uCOS3_cykit.a(UART_1.o)
 .debug_info    0x000227cb      0x186 .\CortexM3\ARM_GCC_541\Debug\esw_uCOS3_cykit.a(UART_1_INT.o)
 .debug_info    0x00022951      0x11f .\CortexM3\ARM_GCC_541\Debug\esw_uCOS3_cykit.a(Pin_1.o)
 .debug_info    0x00022a70      0x283 .\CortexM3\ARM_GCC_541\Debug\esw_uCOS3_cykit.a(UART_1_IntClock.o)
 .debug_info    0x00022cf3      0x94e .\CortexM3\ARM_GCC_541\Debug\esw_uCOS3_cykit.a(CyDmac.o)
 .debug_info    0x00023641     0x1374 .\CortexM3\ARM_GCC_541\Debug\esw_uCOS3_cykit.a(CyLib.o)
 .debug_info    0x000249b5      0xa2a .\CortexM3\ARM_GCC_541\Debug\esw_uCOS3_cykit.a(cyPm.o)
 .debug_info    0x000253df      0x11f .\CortexM3\ARM_GCC_541\Debug\esw_uCOS3_cykit.a(Pin_2.o)
 .debug_info    0x000254fe      0x11f .\CortexM3\ARM_GCC_541\Debug\esw_uCOS3_cykit.a(push_button.o)
 .debug_info    0x0002561d      0x2ab .\CortexM3\ARM_GCC_541\Debug\esw_uCOS3_cykit.a(I2C_1.o)
 .debug_info    0x000258c8      0x184 .\CortexM3\ARM_GCC_541\Debug\esw_uCOS3_cykit.a(I2C_1_INT.o)
 .debug_info    0x00025a4c      0x207 .\CortexM3\ARM_GCC_541\Debug\esw_uCOS3_cykit.a(I2C_1_PM.o)
 .debug_info    0x00025c53      0x407 .\CortexM3\ARM_GCC_541\Debug\esw_uCOS3_cykit.a(I2C_1_MASTER.o)
 .debug_info    0x0002605a      0x295 .\CortexM3\ARM_GCC_541\Debug\esw_uCOS3_cykit.a(Timer_1.o)
 .debug_info    0x000262ef      0x2d2 .\CortexM3\ARM_GCC_541\Debug\esw_uCOS3_cykit.a(Timer_ISR.o)
 .debug_info    0x000265c1       0x7c .\CortexM3\ARM_GCC_541\Debug\esw_uCOS3_cykit.a(CyBootAsmGnu.o)
 .debug_info    0x0002663d      0x64d .\CortexM3\ARM_GCC_541\Debug\esw_uCOS3_cykit.a(CyFlash.o)
 .debug_info    0x00026c8a      0x550 .\CortexM3\ARM_GCC_541\Debug\esw_uCOS3_cykit.a(CySpc.o)

.debug_abbrev   0x00000000     0x566f
 *(.debug_abbrev)
 .debug_abbrev  0x00000000      0x1cb .\CortexM3\ARM_GCC_541\Debug\app.o
 .debug_abbrev  0x000001cb      0x127 .\CortexM3\ARM_GCC_541\Debug\os_app_hooks.o
 .debug_abbrev  0x000002f2      0x251 .\CortexM3\ARM_GCC_541\Debug\log_task.o
 .debug_abbrev  0x00000543      0x2b9 .\CortexM3\ARM_GCC_541\Debug\heartbeatSensor.o
 .debug_abbrev  0x000007fc      0x247 .\CortexM3\ARM_GCC_541\Debug\data_processing_task.o
 .debug_abbrev  0x00000a43      0x187 .\CortexM3\ARM_GCC_541\Debug\bsp_os.o
 .debug_abbrev  0x00000bca      0x174 .\CortexM3\ARM_GCC_541\Debug\bsp.o
 .debug_abbrev  0x00000d3e       0xce .\CortexM3\ARM_GCC_541\Debug\cpu_bsp.o
 .debug_abbrev  0x00000e0c       0x98 .\CortexM3\ARM_GCC_541\Debug\bsp_uart.o
 .debug_abbrev  0x00000ea4       0xe7 .\CortexM3\ARM_GCC_541\Debug\bsp_gpio.o
 .debug_abbrev  0x00000f8b      0x184 .\CortexM3\ARM_GCC_541\Debug\bsp_i2c.o
 .debug_abbrev  0x0000110f      0x155 .\CortexM3\ARM_GCC_541\Debug\cpu_c.o
 .debug_abbrev  0x00001264      0x1fa .\CortexM3\ARM_GCC_541\Debug\cpu_core.o
 .debug_abbrev  0x0000145e      0x116 .\CortexM3\ARM_GCC_541\Debug\lib_math.o
 .debug_abbrev  0x00001574      0x12a .\CortexM3\ARM_GCC_541\Debug\lib_mem.o
 .debug_abbrev  0x0000169e      0x19d .\CortexM3\ARM_GCC_541\Debug\lib_str.o
 .debug_abbrev  0x0000183b      0x105 .\CortexM3\ARM_GCC_541\Debug\lib_ascii.o
 .debug_abbrev  0x00001940      0x21d .\CortexM3\ARM_GCC_541\Debug\os_cpu_c.o
 .debug_abbrev  0x00001b5d      0x1f0 .\CortexM3\ARM_GCC_541\Debug\os_pend_multi.o
 .debug_abbrev  0x00001d4d       0xf1 .\CortexM3\ARM_GCC_541\Debug\os_prio.o
 .debug_abbrev  0x00001e3e      0x228 .\CortexM3\ARM_GCC_541\Debug\os_q.o
 .debug_abbrev  0x00002066      0x226 .\CortexM3\ARM_GCC_541\Debug\os_sem.o
 .debug_abbrev  0x0000228c      0x1f6 .\CortexM3\ARM_GCC_541\Debug\os_stat.o
 .debug_abbrev  0x00002482      0x1f3 .\CortexM3\ARM_GCC_541\Debug\os_task.o
 .debug_abbrev  0x00002675      0x224 .\CortexM3\ARM_GCC_541\Debug\os_tick.o
 .debug_abbrev  0x00002899      0x1c8 .\CortexM3\ARM_GCC_541\Debug\os_time.o
 .debug_abbrev  0x00002a61      0x269 .\CortexM3\ARM_GCC_541\Debug\os_tmr.o
 .debug_abbrev  0x00002cca       0xb7 .\CortexM3\ARM_GCC_541\Debug\os_var.o
 .debug_abbrev  0x00002d81       0xdc .\CortexM3\ARM_GCC_541\Debug\os_cfg_app.o
 .debug_abbrev  0x00002e5d      0x265 .\CortexM3\ARM_GCC_541\Debug\os_core.o
 .debug_abbrev  0x000030c2       0xfa .\CortexM3\ARM_GCC_541\Debug\os_dbg.o
 .debug_abbrev  0x000031bc      0x226 .\CortexM3\ARM_GCC_541\Debug\os_flag.o
 .debug_abbrev  0x000033e2       0x26 .\CortexM3\ARM_GCC_541\Debug\os_int.o
 .debug_abbrev  0x00003408      0x190 .\CortexM3\ARM_GCC_541\Debug\os_mem.o
 .debug_abbrev  0x00003598      0x184 .\CortexM3\ARM_GCC_541\Debug\os_msg.o
 .debug_abbrev  0x0000371c      0x219 .\CortexM3\ARM_GCC_541\Debug\os_mutex.o
 .debug_abbrev  0x00003935      0x219 .\CortexM3\ARM_GCC_541\Debug\max30102_interface.o
 .debug_abbrev  0x00003b4e      0x20c .\CortexM3\ARM_GCC_541\Debug\driver_max30102.o
 .debug_abbrev  0x00003d5a      0x20d .\CortexM3\ARM_GCC_541\Debug\cyfitter_cfg.o
 .debug_abbrev  0x00003f67       0x77 .\CortexM3\ARM_GCC_541\Debug\cymetadata.o
 .debug_abbrev  0x00003fde      0x1e8 .\CortexM3\ARM_GCC_541\Debug\Cm3Start.o
 .debug_abbrev  0x000041c6       0x14 .\CortexM3\ARM_GCC_541\Debug\cpu_a.o
 .debug_abbrev  0x000041da       0x14 .\CortexM3\ARM_GCC_541\Debug\os_cpu_a.o
 .debug_abbrev  0x000041ee      0x16f .\CortexM3\ARM_GCC_541\Debug\esw_uCOS3_cykit.a(UART_1.o)
 .debug_abbrev  0x0000435d       0xa2 .\CortexM3\ARM_GCC_541\Debug\esw_uCOS3_cykit.a(UART_1_INT.o)
 .debug_abbrev  0x000043ff       0x90 .\CortexM3\ARM_GCC_541\Debug\esw_uCOS3_cykit.a(Pin_1.o)
 .debug_abbrev  0x0000448f      0x139 .\CortexM3\ARM_GCC_541\Debug\esw_uCOS3_cykit.a(UART_1_IntClock.o)
 .debug_abbrev  0x000045c8      0x1b2 .\CortexM3\ARM_GCC_541\Debug\esw_uCOS3_cykit.a(CyDmac.o)
 .debug_abbrev  0x0000477a      0x254 .\CortexM3\ARM_GCC_541\Debug\esw_uCOS3_cykit.a(CyLib.o)
 .debug_abbrev  0x000049ce      0x1ab .\CortexM3\ARM_GCC_541\Debug\esw_uCOS3_cykit.a(cyPm.o)
 .debug_abbrev  0x00004b79       0x90 .\CortexM3\ARM_GCC_541\Debug\esw_uCOS3_cykit.a(Pin_2.o)
 .debug_abbrev  0x00004c09       0x90 .\CortexM3\ARM_GCC_541\Debug\esw_uCOS3_cykit.a(push_button.o)
 .debug_abbrev  0x00004c99      0x10a .\CortexM3\ARM_GCC_541\Debug\esw_uCOS3_cykit.a(I2C_1.o)
 .debug_abbrev  0x00004da3       0xb6 .\CortexM3\ARM_GCC_541\Debug\esw_uCOS3_cykit.a(I2C_1_INT.o)
 .debug_abbrev  0x00004e59       0xfe .\CortexM3\ARM_GCC_541\Debug\esw_uCOS3_cykit.a(I2C_1_PM.o)
 .debug_abbrev  0x00004f57      0x13c .\CortexM3\ARM_GCC_541\Debug\esw_uCOS3_cykit.a(I2C_1_MASTER.o)
 .debug_abbrev  0x00005093      0x11a .\CortexM3\ARM_GCC_541\Debug\esw_uCOS3_cykit.a(Timer_1.o)
 .debug_abbrev  0x000051ad      0x173 .\CortexM3\ARM_GCC_541\Debug\esw_uCOS3_cykit.a(Timer_ISR.o)
 .debug_abbrev  0x00005320       0x14 .\CortexM3\ARM_GCC_541\Debug\esw_uCOS3_cykit.a(CyBootAsmGnu.o)
 .debug_abbrev  0x00005334      0x1a7 .\CortexM3\ARM_GCC_541\Debug\esw_uCOS3_cykit.a(CyFlash.o)
 .debug_abbrev  0x000054db      0x194 .\CortexM3\ARM_GCC_541\Debug\esw_uCOS3_cykit.a(CySpc.o)

.debug_line     0x00000000     0x7d91
 *(.debug_line)
 .debug_line    0x00000000      0x247 .\CortexM3\ARM_GCC_541\Debug\app.o
 .debug_line    0x00000247      0x147 .\CortexM3\ARM_GCC_541\Debug\os_app_hooks.o
 .debug_line    0x0000038e      0x38b .\CortexM3\ARM_GCC_541\Debug\log_task.o
 .debug_line    0x00000719      0x40b .\CortexM3\ARM_GCC_541\Debug\heartbeatSensor.o
 .debug_line    0x00000b24      0x2c0 .\CortexM3\ARM_GCC_541\Debug\data_processing_task.o
 .debug_line    0x00000de4      0x112 .\CortexM3\ARM_GCC_541\Debug\bsp_os.o
 .debug_line    0x00000ef6      0x176 .\CortexM3\ARM_GCC_541\Debug\bsp.o
 .debug_line    0x0000106c       0xaf .\CortexM3\ARM_GCC_541\Debug\cpu_bsp.o
 .debug_line    0x0000111b       0xa4 .\CortexM3\ARM_GCC_541\Debug\bsp_uart.o
 .debug_line    0x000011bf      0x114 .\CortexM3\ARM_GCC_541\Debug\bsp_gpio.o
 .debug_line    0x000012d3      0x239 .\CortexM3\ARM_GCC_541\Debug\bsp_i2c.o
 .debug_line    0x0000150c      0x1a8 .\CortexM3\ARM_GCC_541\Debug\cpu_c.o
 .debug_line    0x000016b4      0x260 .\CortexM3\ARM_GCC_541\Debug\cpu_core.o
 .debug_line    0x00001914       0xb9 .\CortexM3\ARM_GCC_541\Debug\lib_math.o
 .debug_line    0x000019cd      0x197 .\CortexM3\ARM_GCC_541\Debug\lib_mem.o
 .debug_line    0x00001b64      0x4f8 .\CortexM3\ARM_GCC_541\Debug\lib_str.o
 .debug_line    0x0000205c      0x20e .\CortexM3\ARM_GCC_541\Debug\lib_ascii.o
 .debug_line    0x0000226a      0x1e6 .\CortexM3\ARM_GCC_541\Debug\os_cpu_c.o
 .debug_line    0x00002450      0x191 .\CortexM3\ARM_GCC_541\Debug\os_pend_multi.o
 .debug_line    0x000025e1       0xf6 .\CortexM3\ARM_GCC_541\Debug\os_prio.o
 .debug_line    0x000026d7      0x264 .\CortexM3\ARM_GCC_541\Debug\os_q.o
 .debug_line    0x0000293b      0x25e .\CortexM3\ARM_GCC_541\Debug\os_sem.o
 .debug_line    0x00002b99      0x1a7 .\CortexM3\ARM_GCC_541\Debug\os_stat.o
 .debug_line    0x00002d40      0x53b .\CortexM3\ARM_GCC_541\Debug\os_task.o
 .debug_line    0x0000327b      0x1f2 .\CortexM3\ARM_GCC_541\Debug\os_tick.o
 .debug_line    0x0000346d      0x198 .\CortexM3\ARM_GCC_541\Debug\os_time.o
 .debug_line    0x00003605      0x317 .\CortexM3\ARM_GCC_541\Debug\os_tmr.o
 .debug_line    0x0000391c       0x7f .\CortexM3\ARM_GCC_541\Debug\os_var.o
 .debug_line    0x0000399b       0xaf .\CortexM3\ARM_GCC_541\Debug\os_cfg_app.o
 .debug_line    0x00003a4a      0x5c9 .\CortexM3\ARM_GCC_541\Debug\os_core.o
 .debug_line    0x00004013       0xab .\CortexM3\ARM_GCC_541\Debug\os_dbg.o
 .debug_line    0x000040be      0x301 .\CortexM3\ARM_GCC_541\Debug\os_flag.o
 .debug_line    0x000043bf       0x1d .\CortexM3\ARM_GCC_541\Debug\os_int.o
 .debug_line    0x000043dc      0x14a .\CortexM3\ARM_GCC_541\Debug\os_mem.o
 .debug_line    0x00004526      0x17a .\CortexM3\ARM_GCC_541\Debug\os_msg.o
 .debug_line    0x000046a0      0x25b .\CortexM3\ARM_GCC_541\Debug\os_mutex.o
 .debug_line    0x000048fb      0x39b .\CortexM3\ARM_GCC_541\Debug\max30102_interface.o
 .debug_line    0x00004c96      0x8d1 .\CortexM3\ARM_GCC_541\Debug\driver_max30102.o
 .debug_line    0x00005567      0x1f8 .\CortexM3\ARM_GCC_541\Debug\cyfitter_cfg.o
 .debug_line    0x0000575f      0x141 .\CortexM3\ARM_GCC_541\Debug\cymetadata.o
 .debug_line    0x000058a0      0x241 .\CortexM3\ARM_GCC_541\Debug\Cm3Start.o
 .debug_line    0x00005ae1       0x70 .\CortexM3\ARM_GCC_541\Debug\cpu_a.o
 .debug_line    0x00005b51       0x9a .\CortexM3\ARM_GCC_541\Debug\os_cpu_a.o
 .debug_line    0x00005beb      0x33f .\CortexM3\ARM_GCC_541\Debug\esw_uCOS3_cykit.a(UART_1.o)
 .debug_line    0x00005f2a       0xa9 .\CortexM3\ARM_GCC_541\Debug\esw_uCOS3_cykit.a(UART_1_INT.o)
 .debug_line    0x00005fd3       0x92 .\CortexM3\ARM_GCC_541\Debug\esw_uCOS3_cykit.a(Pin_1.o)
 .debug_line    0x00006065      0x17e .\CortexM3\ARM_GCC_541\Debug\esw_uCOS3_cykit.a(UART_1_IntClock.o)
 .debug_line    0x000061e3      0x2e4 .\CortexM3\ARM_GCC_541\Debug\esw_uCOS3_cykit.a(CyDmac.o)
 .debug_line    0x000064c7      0x816 .\CortexM3\ARM_GCC_541\Debug\esw_uCOS3_cykit.a(CyLib.o)
 .debug_line    0x00006cdd      0x367 .\CortexM3\ARM_GCC_541\Debug\esw_uCOS3_cykit.a(cyPm.o)
 .debug_line    0x00007044       0x93 .\CortexM3\ARM_GCC_541\Debug\esw_uCOS3_cykit.a(Pin_2.o)
 .debug_line    0x000070d7       0x98 .\CortexM3\ARM_GCC_541\Debug\esw_uCOS3_cykit.a(push_button.o)
 .debug_line    0x0000716f       0xdf .\CortexM3\ARM_GCC_541\Debug\esw_uCOS3_cykit.a(I2C_1.o)
 .debug_line    0x0000724e      0x118 .\CortexM3\ARM_GCC_541\Debug\esw_uCOS3_cykit.a(I2C_1_INT.o)
 .debug_line    0x00007366       0xbf .\CortexM3\ARM_GCC_541\Debug\esw_uCOS3_cykit.a(I2C_1_PM.o)
 .debug_line    0x00007425      0x201 .\CortexM3\ARM_GCC_541\Debug\esw_uCOS3_cykit.a(I2C_1_MASTER.o)
 .debug_line    0x00007626      0x155 .\CortexM3\ARM_GCC_541\Debug\esw_uCOS3_cykit.a(Timer_1.o)
 .debug_line    0x0000777b      0x136 .\CortexM3\ARM_GCC_541\Debug\esw_uCOS3_cykit.a(Timer_ISR.o)
 .debug_line    0x000078b1       0x66 .\CortexM3\ARM_GCC_541\Debug\esw_uCOS3_cykit.a(CyBootAsmGnu.o)
 .debug_line    0x00007917      0x21a .\CortexM3\ARM_GCC_541\Debug\esw_uCOS3_cykit.a(CyFlash.o)
 .debug_line    0x00007b31      0x260 .\CortexM3\ARM_GCC_541\Debug\esw_uCOS3_cykit.a(CySpc.o)

.debug_frame    0x00000000     0x4b74
 *(.debug_frame)
 .debug_frame   0x00000000       0x54 .\CortexM3\ARM_GCC_541\Debug\app.o
 .debug_frame   0x00000054       0xc8 .\CortexM3\ARM_GCC_541\Debug\os_app_hooks.o
 .debug_frame   0x0000011c       0xc0 .\CortexM3\ARM_GCC_541\Debug\log_task.o
 .debug_frame   0x000001dc      0x14c .\CortexM3\ARM_GCC_541\Debug\heartbeatSensor.o
 .debug_frame   0x00000328       0xe4 .\CortexM3\ARM_GCC_541\Debug\data_processing_task.o
 .debug_frame   0x0000040c       0x88 .\CortexM3\ARM_GCC_541\Debug\bsp_os.o
 .debug_frame   0x00000494       0xdc .\CortexM3\ARM_GCC_541\Debug\bsp.o
 .debug_frame   0x00000570       0x4c .\CortexM3\ARM_GCC_541\Debug\cpu_bsp.o