Archive member included to satisfy reference by file (symbol)

.\CortexM3\ARM_GCC_541\Debug\esw_uCOS3_cykit.a(UART_1.o)
                              .\CortexM3\ARM_GCC_541\Debug\bsp_uart.o (UART_1_Start)
.\CortexM3\ARM_GCC_541\Debug\esw_uCOS3_cykit.a(UART_1_INT.o)
                              .\CortexM3\ARM_GCC_541\Debug\esw_uCOS3_cykit.a(UART_1.o) (UART_1_RXISR)
.\CortexM3\ARM_GCC_541\Debug\esw_uCOS3_cykit.a(Pin_1.o)
                              .\CortexM3\ARM_GCC_541\Debug\bsp_gpio.o (Pin_1_Write)
.\CortexM3\ARM_GCC_541\Debug\esw_uCOS3_cykit.a(UART_1_IntClock.o)
                              .\CortexM3\ARM_GCC_541\Debug\esw_uCOS3_cykit.a(UART_1.o) (UART_1_IntClock_Start)
.\CortexM3\ARM_GCC_541\Debug\esw_uCOS3_cykit.a(CyDmac.o)
                              .\CortexM3\ARM_GCC_541\Debug\Cm3Start.o (CyDmacConfigure)
.\CortexM3\ARM_GCC_541\Debug\esw_uCOS3_cykit.a(CyLib.o)
                              .\CortexM3\ARM_GCC_541\Debug\Cm3Start.o (CyHalt)
.\CortexM3\ARM_GCC_541\Debug\esw_uCOS3_cykit.a(cyPm.o)
                              .\CortexM3\ARM_GCC_541\Debug\esw_uCOS3_cykit.a(CyLib.o) (CyPmReadStatus)
.\CortexM3\ARM_GCC_541\Debug\esw_uCOS3_cykit.a(Pin_2.o)
                              .\CortexM3\ARM_GCC_541\Debug\bsp_gpio.o (Pin_2_Write)
.\CortexM3\ARM_GCC_541\Debug\esw_uCOS3_cykit.a(push_button.o)
                              .\CortexM3\ARM_GCC_541\Debug\bsp_gpio.o (push_button_Write)
.\CortexM3\ARM_GCC_541\Debug\esw_uCOS3_cykit.a(I2C_1.o)
                              .\CortexM3\ARM_GCC_541\Debug\bsp_i2c.o (I2C_1_Start)
.\CortexM3\ARM_GCC_541\Debug\esw_uCOS3_cykit.a(I2C_1_INT.o)
                              .\CortexM3\ARM_GCC_541\Debug\esw_uCOS3_cykit.a(I2C_1.o) (I2C_1_ISR)
.\CortexM3\ARM_GCC_541\Debug\esw_uCOS3_cykit.a(I2C_1_PM.o)
                              .\CortexM3\ARM_GCC_541\Debug\esw_uCOS3_cykit.a(I2C_1.o) (I2C_1_backup)
.\CortexM3\ARM_GCC_541\Debug\esw_uCOS3_cykit.a(I2C_1_MASTER.o)
                              .\CortexM3\ARM_GCC_541\Debug\esw_uCOS3_cykit.a(I2C_1.o) (I2C_1_mstrStatus)
.\CortexM3\ARM_GCC_541\Debug\esw_uCOS3_cykit.a(Timer_1.o)
                              .\CortexM3\ARM_GCC_541\Debug\bsp_i2c.o (Timer_1_Start)
.\CortexM3\ARM_GCC_541\Debug\esw_uCOS3_cykit.a(Timer_ISR.o)
                              .\CortexM3\ARM_GCC_541\Debug\bsp_i2c.o (Timer_ISR_StartEx)
.\CortexM3\ARM_GCC_541\Debug\esw_uCOS3_cykit.a(Counter_1.o)
                              .\CortexM3\ARM_GCC_541\Debug\bsp_counter.o (Counter_1_Enable)
.\CortexM3\ARM_GCC_541\Debug\esw_uCOS3_cykit.a(CyBootAsmGnu.o)
                              .\CortexM3\ARM_GCC_541\Debug\cyfitter_cfg.o (CyDelayCycles)
.\CortexM3\ARM_GCC_541\Debug\esw_uCOS3_cykit.a(CyFlash.o)
                              .\CortexM3\ARM_GCC_541\Debug\esw_uCOS3_cykit.a(cyPm.o) (CyFlash_SetWaitCycles)
.\CortexM3\ARM_GCC_541\Debug\esw_uCOS3_cykit.a(CySpc.o)
                              .\CortexM3\ARM_GCC_541\Debug\esw_uCOS3_cykit.a(CyFlash.o) (CySpcStart)
c:/program files (x86)/cypress/psoc creator/4.4/psoc creator/import/gnu/arm/5.4.1/bin/../lib/gcc/arm-none-eabi/5.4.1/armv7-m\libgcc.a(_arm_addsubsf3.o)
                              .\CortexM3\ARM_GCC_541\Debug\bme68x.o (__aeabi_fsub)
c:/program files (x86)/cypress/psoc creator/4.4/psoc creator/import/gnu/arm/5.4.1/bin/../lib/gcc/arm-none-eabi/5.4.1/armv7-m\libgcc.a(_arm_muldivsf3.o)
                              .\CortexM3\ARM_GCC_541\Debug\driver_max30102.o (__aeabi_fmul)
c:/program files (x86)/cypress/psoc creator/4.4/psoc creator/import/gnu/arm/5.4.1/bin/../lib/gcc/arm-none-eabi/5.4.1/armv7-m\libgcc.a(_arm_cmpsf2.o)
                              .\CortexM3\ARM_GCC_541\Debug\bme68x.o (__aeabi_fcmplt)
c:/program files (x86)/cypress/psoc creator/4.4/psoc creator/import/gnu/arm/5.4.1/bin/../lib/gcc/arm-none-eabi/5.4.1/armv7-m\libgcc.a(_arm_fixsfsi.o)
                              .\CortexM3\ARM_GCC_541\Debug\bme68x.o (__aeabi_f2iz)
c:/program files (x86)/cypress/psoc creator/4.4/psoc creator/import/gnu/arm/5.4.1/bin/../lib/gcc/arm-none-eabi/5.4.1/armv7-m\libgcc.a(_arm_fixunssfsi.o)
                              .\CortexM3\ARM_GCC_541\Debug\bme68x.o (__aeabi_f2uiz)
c:/program files (x86)/cypress/psoc creator/4.4/psoc creator/import/gnu/arm/5.4.1/bin/../lib/gcc/arm-none-eabi/5.4.1/../../../../arm-none-eabi/lib/armv7-m\libg_nano.a(lib_a-errno.o)
                              .\CortexM3\ARM_GCC_541\Debug\Cm3Start.o (__errno)
c:/program files (x86)/cypress/psoc creator/4.4/psoc creator/import/gnu/arm/5.4.1/bin/../lib/gcc/arm-none-eabi/5.4.1/../../../../arm-none-eabi/lib/armv7-m\libg_nano.a(lib_a-exit.o)
                              c:/program files (x86)/cypress/psoc creator/4.4/psoc creator/import/gnu/arm/5.4.1/bin/../lib/gcc/arm-none-eabi/5.4.1/../../../../arm-none-eabi/lib/armv7-m/crt0.o (exit)
c:/program files (x86)/cypress/psoc creator/4.4/psoc creator/import/gnu/arm/5.4.1/bin/../lib/gcc/arm-none-eabi/5.4.1/../../../../arm-none-eabi/lib/armv7-m\libg_nano.a(lib_a-impure.o)
[...]
Memory Configuration

Name             Origin             Length             Attributes
rom              0x00000000         0x00040000         xr
ram              0x1fff8000         0x00010000         xrw
*default*        0x00000000         0xffffffff

Linker script and memory map

LOAD c:/program files (x86)/cypress/psoc creator/4.4/psoc creator/import/gnu/arm/5.4.1/bin/../lib/gcc/arm-none-eabi/5.4.1/armv7-m/crti.o
LOAD c:/program files (x86)/cypress/psoc creator/4.4/psoc creator/import/gnu/arm/5.4.1/bin/../lib/gcc/arm-none-eabi/5.4.1/armv7-m/crtbegin.o
LOAD c:/program files (x86)/cypress/psoc creator/4.4/psoc creator/import/gnu/arm/5.4.1/bin/../lib/gcc/arm-none-eabi/5.4.1/../../../../arm-none-eabi/lib/armv7-m/crt0.o
START GROUP
LOAD .\CortexM3\ARM_GCC_541\Debug\app.o
LOAD .\CortexM3\ARM_GCC_541\Debug\os_app_hooks.o
LOAD .\CortexM3\ARM_GCC_541\Debug\log_task.o
LOAD .\CortexM3\ARM_GCC_541\Debug\heartbeatSensor.o
LOAD .\CortexM3\ARM_GCC_541\Debug\environmentSensor.o
LOAD .\CortexM3\ARM_GCC_541\Debug\bsp_os.o
LOAD .\CortexM3\ARM_GCC_541\Debug\bsp.o
LOAD .\CortexM3\ARM_GCC_541\Debug\cpu_bsp.o
LOAD .\CortexM3\ARM_GCC_541\Debug\bsp_uart.o
LOAD .\CortexM3\ARM_GCC_541\Debug\bsp_gpio.o
LOAD .\CortexM3\ARM_GCC_541\Debug\bsp_i2c.o
LOAD .\CortexM3\ARM_GCC_541\Debug\bsp_counter.o
LOAD .\CortexM3\ARM_GCC_541\Debug\cpu_c.o
LOAD .\CortexM3\ARM_GCC_541\Debug\cpu_core.o
LOAD .\CortexM3\ARM_GCC_541\Debug\lib_math.o
LOAD .\CortexM3\ARM_GCC_541\Debug\lib_mem.o
LOAD .\CortexM3\ARM_GCC_541\Debug\lib_str.o
LOAD .\CortexM3\ARM_GCC_541\Debug\lib_ascii.o
LOAD .\CortexM3\ARM_GCC_541\Debug\os_cpu_c.o
LOAD .\CortexM3\ARM_GCC_541\Debug\os_pend_multi.o
LOAD .\CortexM3\ARM_GCC_541\Debug\os_prio.o
LOAD .\CortexM3\ARM_GCC_541\Debug\os_q.o
LOAD .\CortexM3\ARM_GCC_541\Debug\os_sem.o
LOAD .\CortexM3\ARM_GCC_541\Debug\os_stat.o
LOAD .\CortexM3\ARM_GCC_541\Debug\os_task.o
LOAD .\CortexM3\ARM_GCC_541\Debug\os_tick.o
LOAD .\CortexM3\ARM_GCC_541\Debug\os_time.o
LOAD .\CortexM3\ARM_GCC_541\Debug\os_tmr.o
LOAD .\CortexM3\ARM_GCC_541\Debug\os_var.o
LOAD .\CortexM3\ARM_GCC_541\Debug\os_cfg_app.o
LOAD .\CortexM3\ARM_GCC_541\Debug\os_core.o
LOAD .\CortexM3\ARM_GCC_541\Debug\os_dbg.o
LOAD .\CortexM3\ARM_GCC_541\Debug\os_flag.o
LOAD .\CortexM3\ARM_GCC_541\Debug\os_int.o
LOAD .\CortexM3\ARM_GCC_541\Debug\os_mem.o
LOAD .\CortexM3\ARM_GCC_541\Debug\os_msg.o
LOAD .\CortexM3\ARM_GCC_541\Debug\os_mutex.o
LOAD .\CortexM3\ARM_GCC_541\Debug\max30102_interface.o
LOAD .\CortexM3\ARM_GCC_541\Debug\driver_max30102.o
LOAD .\CortexM3\ARM_GCC_541\Debug\bme68x.o
LOAD .\CortexM3\ARM_GCC_541\Debug\cyfitter_cfg.o
LOAD .\CortexM3\ARM_GCC_541\Debug\cymetadata.o
LOAD .\CortexM3\ARM_GCC_541\Debug\Cm3Start.o
LOAD .\CortexM3\ARM_GCC_541\Debug\cpu_a.o
LOAD .\CortexM3\ARM_GCC_541\Debug\os_cpu_a.o
LOAD .\CortexM3\ARM_GCC_541\Debug\esw_uCOS3_cykit.a
LOAD C:\Program Files (x86)\Cypress\PSoC Creator\4.4\PSoC Creator\psoc\content\cycomponentlibrary\CyComponentLibrary.cylib\CortexM3\ARM_GCC_541\Debug\CyComponentLibrary.a
END GROUP
START GROUP
LOAD c:/program files (x86)/cypress/psoc creator/4.4/psoc creator/import/gnu/arm/5.4.1/bin/../lib/gcc/arm-none-eabi/5.4.1/armv7-m\libgcc.a
LOAD c:/program files (x86)/cypress/psoc creator/4.4/psoc creator/import/gnu/arm/5.4.1/bin/../lib/gcc/arm-none-eabi/5.4.1/../../../../arm-none-eabi/lib/armv7-m\libg_nano.a
LOAD c:/program files (x86)/cypress/psoc creator/4.4/psoc creator/import/gnu/arm/5.4.1/bin/../lib/gcc/arm-none-eabi/5.4.1/../../../../arm-none-eabi/lib/armv7-m\libc_nano.a
END GROUP
START GROUP
LOAD c:/program files (x86)/cypress/psoc creator/4.4/psoc creator/import/gnu/arm/5.4.1/bin/../lib/gcc/arm-none-eabi/5.4.1/armv7-m\libgcc.a
LOAD c:/program files (x86)/cypress/psoc creator/4.4/psoc creator/import/gnu/arm/5.4.1/bin/../lib/gcc/arm-none-eabi/5.4.1/../../../../arm-none-eabi/lib/armv7-m\libc_nano.a
END GROUP
LOAD c:/program files (x86)/cypress/psoc creator/4.4/psoc creator/import/gnu/arm/5.4.1/bin/../lib/gcc/arm-none-eabi/5.4.1/armv7-m/crtend.o
LOAD c:/program files (x86)/cypress/psoc creator/4.4/psoc creator/import/gnu/arm/5.4.1/bin/../lib/gcc/arm-none-eabi/5.4.1/armv7-m/crtn.o
START GROUP
LOAD c:/program files (x86)/cypress/psoc creator/4.4/psoc creator/import/gnu/arm/5.4.1/bin/../lib/gcc/arm-none-eabi/5.4.1/armv7-m\libgcc.a
LOAD c:/program files (x86)/cypress/psoc creator/4.4/psoc creator/import/gnu/arm/5.4.1/bin/../lib/gcc/arm-none-eabi/5.4.1/../../../../arm-none-eabi/lib/armv7-m\libc.a
LOAD c:/program files (x86)/cypress/psoc creator/4.4/psoc creator/import/gnu/arm/5.4.1/bin/../lib/gcc/arm-none-eabi/5.4.1/../../../../arm-none-eabi/lib/armv7-m\libnosys.a
END GROUP
                0x00000000                CY_APPL_ORIGIN = 0x0
                0x00000100                CY_FLASH_ROW_SIZE = 0x100
                0x00000020                CY_ECC_ROW_SIZE = 0x20
                0x00000000                CY_EE_IN_BTLDR = 0x0
                0x00000000                CY_APPL_LOADABLE = 0x0
                0x00000800                CY_EE_SIZE = 0x800
                0x00000001                CY_APPL_NUM = 0x1
                0x00000001                CY_APPL_MAX = 0x1
                0x00000040                CY_METADATA_SIZE = 0x40
                0x00000000                CY_APPL_LOADABLE = 0x0
                0x00000000                CY_CHECKSUM_EXCLUDE_SIZE = ALIGN (0x0, CY_FLASH_ROW_SIZE)
                [!provide]                PROVIDE (__cy_heap_start, _end)
                0x00000001                PROVIDE (__cy_region_num, ((__cy_regions_end - __cy_regions) / 0x10))
                0x20008000                PROVIDE (__cy_stack, (ORIGIN (ram) + LENGTH (ram)))
                [!provide]                PROVIDE (__cy_heap_end, (__cy_stack - 0x800))

.cybootloader   0x00000000        0x0
 *(.cybootloader)
                0x00000000                appl1_start = CY_APPL_ORIGIN?CY_APPL_ORIGIN:ALIGN (CY_FLASH_ROW_SIZE)
                0x0001ff00                appl2_start = (appl1_start + ALIGN ((((LENGTH (rom) - appl1_start) - (0x2 * CY_FLASH_ROW_SIZE)) / 0x2), CY_FLASH_ROW_SIZE))
                0x00000000                appl_start = (CY_APPL_NUM == 0x1)?appl1_start:appl2_start
                0x00000000                ecc_offset = ((appl_start / CY_FLASH_ROW_SIZE) * CY_ECC_ROW_SIZE)
                0x00000000                ee_offset = (CY_APPL_LOADABLE && ! (CY_EE_IN_BTLDR))?((CY_EE_SIZE / CY_APPL_MAX) * (CY_APPL_NUM - 0x1)):0x0
                0x00000800                ee_size = (CY_APPL_LOADABLE && ! (CY_EE_IN_BTLDR))?(CY_EE_SIZE / CY_APPL_MAX):CY_EE_SIZE
                [!provide]                PROVIDE (CY_ECC_OFFSET, ecc_offset)

.text           0x00000000     0x5bf4
 CREATE_OBJECT_SYMBOLS
                0x00000000                PROVIDE (__cy_interrupt_vector, RomVectors)
 *(.romvectors)
 .romvectors    0x00000000       0x10 .\CortexM3\ARM_GCC_541\Debug\Cm3Start.o
                0x00000000                RomVectors
                0x00000001                ASSERT ((. != __cy_interrupt_vector), No interrupt vector)
                0x00000001                ASSERT (CY_APPL_ORIGIN?(SIZEOF (.cybootloader) <= CY_APPL_ORIGIN):0x1, Wrong image location)
                0x00000010                PROVIDE (__cy_reset, Reset)
 *(.text.Reset)
 .text.Reset    0x00000010       0x18 .\CortexM3\ARM_GCC_541\Debug\Cm3Start.o
                0x00000010                Reset
                0x00000001                ASSERT ((. != __cy_reset), No reset code)
 *(.dma_init)
                0x00000001                ASSERT ((((appl_start + .) <= 0x10000) || 0x1), DMA Init must be within the first 64k of flash)
 *(.text .text.* .gnu.linkonce.t.*)
 .text          0x00000028       0x5c c:/program files (x86)/cypress/psoc creator/4.4/psoc creator/import/gnu/arm/5.4.1/bin/../lib/gcc/arm-none-eabi/5.4.1/armv7-m/crtbegin.o
 .text.App_TaskStart
                0x00000084       0x68 .\CortexM3\ARM_GCC_541\Debug\app.o
 .text.main     0x000000ec       0x60 .\CortexM3\ARM_GCC_541\Debug\app.o
                0x000000ec                main
 .text.Log_LevelToString
                0x0000014c       0x7c .\CortexM3\ARM_GCC_541\Debug\log_task.o
 .text.Log_PrintErrorWithCode
                0x000001c8       0x2c .\CortexM3\ARM_GCC_541\Debug\log_task.o
 .text.Log_Task
                0x000001f4       0xe8 .\CortexM3\ARM_GCC_541\Debug\log_task.o
 .text.Log_Init
                0x000002dc       0x58 .\CortexM3\ARM_GCC_541\Debug\log_task.o
                0x000002dc                Log_Init
 .text.Log_Write
                0x00000334       0xbc .\CortexM3\ARM_GCC_541\Debug\log_task.o
                0x00000334                Log_Write
 .text.MAX30102_Init
                0x000003f0       0x78 .\CortexM3\ARM_GCC_541\Debug\heartbeatSensor.o
                0x000003f0                MAX30102_Init
 .text.averageDCEstimator
                0x00000468       0x14 .\CortexM3\ARM_GCC_541\Debug\heartbeatSensor.o
                0x00000468                averageDCEstimator
 .text.mul16    0x0000047c        0x8 .\CortexM3\ARM_GCC_541\Debug\heartbeatSensor.o
                0x0000047c                mul16
 .text.lowPassFIRFilter
                0x00000484       0x74 .\CortexM3\ARM_GCC_541\Debug\heartbeatSensor.o
                0x00000484                lowPassFIRFilter
 .text.max30102_Task
                0x000004f8      0x170 .\CortexM3\ARM_GCC_541\Debug\heartbeatSensor.o
 .text.bsp_i2c_read_bme
                0x00000668       0x20 .\CortexM3\ARM_GCC_541\Debug\environmentSensor.o
                0x00000668                bsp_i2c_read_bme
 .text.bme688_Task
                0x00000688       0x78 .\CortexM3\ARM_GCC_541\Debug\environmentSensor.o
 .text.bsp_i2c_write_bme
                0x00000700       0x20 .\CortexM3\ARM_GCC_541\Debug\environmentSensor.o
                0x00000700                bsp_i2c_write_bme
 .text.us_Delay
                0x00000720       0x18 .\CortexM3\ARM_GCC_541\Debug\environmentSensor.o
                0x00000720                us_Delay
 .text.BME688_Init
                0x00000738       0x78 .\CortexM3\ARM_GCC_541\Debug\environmentSensor.o
                0x00000738                BME688_Init
 .text.BSP_PreInit
                0x000007b0       0x20 .\CortexM3\ARM_GCC_541\Debug\bsp.o
                0x000007b0                BSP_PreInit
 .text.BSP_PostInit
                0x000007d0        0xc .\CortexM3\ARM_GCC_541\Debug\bsp.o
                0x000007d0                BSP_PostInit
 .text.BSP_CPU_ClkFreq
                0x000007dc        0x8 .\CortexM3\ARM_GCC_541\Debug\bsp.o
                0x000007dc                BSP_CPU_ClkFreq
 .text.BSP_CPU_TickInit
                0x000007e4       0x18 .\CortexM3\ARM_GCC_541\Debug\bsp.o
                0x000007e4                BSP_CPU_TickInit
 .text.CPU_TS_TmrInit
                0x000007fc       0x28 .\CortexM3\ARM_GCC_541\Debug\cpu_bsp.o
                0x000007fc                CPU_TS_TmrInit
 .text.CPU_TS_TmrRd
                0x00000824        0xc .\CortexM3\ARM_GCC_541\Debug\cpu_bsp.o
                0x00000824                CPU_TS_TmrRd
 .text.init_uart
                0x00000830        0x8 .\CortexM3\ARM_GCC_541\Debug\bsp_uart.o
                0x00000830                init_uart
 .text.init_gpio
                0x00000838       0x1c .\CortexM3\ARM_GCC_541\Debug\bsp_gpio.o
                0x00000838                init_gpio
 .text.Timer_ISR
                0x00000854       0x10 .\CortexM3\ARM_GCC_541\Debug\bsp_i2c.o
                0x00000854                Timer_ISR
 .text.I2C_Init
                0x00000864       0x50 .\CortexM3\ARM_GCC_541\Debug\bsp_i2c.o
                0x00000864                I2C_Init
 .text.bsp_i2c_read
                0x000008b4       0xd0 .\CortexM3\ARM_GCC_541\Debug\bsp_i2c.o
                0x000008b4                bsp_i2c_read
 .text.bsp_i2c_write
                0x00000984       0xa0 .\CortexM3\ARM_GCC_541\Debug\bsp_i2c.o
                0x00000984                bsp_i2c_write
 .text.init_counter
                0x00000a24        0xc .\CortexM3\ARM_GCC_541\Debug\bsp_counter.o
                0x00000a24                init_counter
 .text.start_counter
                0x00000a30       0x18 .\CortexM3\ARM_GCC_541\Debug\bsp_counter.o
                0x00000a30                start_counter
 .text.stop_counter
                0x00000a48        0x8 .\CortexM3\ARM_GCC_541\Debug\bsp_counter.o
                0x00000a48                stop_counter
 .text.read_counter_value
                0x00000a50        0x8 .\CortexM3\ARM_GCC_541\Debug\bsp_counter.o
                0x00000a50                read_counter_value
 .text.CPU_TS_Init
                0x00000a58       0x14 .\CortexM3\ARM_GCC_541\Debug\cpu_core.o
 .text.CPU_NameClr
                0x00000a6c       0x1c .\CortexM3\ARM_GCC_541\Debug\cpu_core.o
                0x00000a6c                CPU_NameClr
 .text.CPU_NameInit
                0x00000a88        0x8 .\CortexM3\ARM_GCC_541\Debug\cpu_core.o
 .text.CPU_Init
                0x00000a90        0xc .\CortexM3\ARM_GCC_541\Debug\cpu_core.o
                0x00000a90                CPU_Init
 .text.CPU_TS_TmrFreqSet
                0x00000a9c        0xc .\CortexM3\ARM_GCC_541\Debug\cpu_core.o
                0x00000a9c                CPU_TS_TmrFreqSet
 .text.Mem_Set  0x00000aa8       0x44 .\CortexM3\ARM_GCC_541\Debug\lib_mem.o
                0x00000aa8                Mem_Set
 .text.Mem_Clr  0x00000aec        0xc .\CortexM3\ARM_GCC_541\Debug\lib_mem.o
                0x00000aec                Mem_Clr
 .text.OSIdleTaskHook
                0x00000af8       0x10 .\CortexM3\ARM_GCC_541\Debug\os_cpu_c.o
                0x00000af8                OSIdleTaskHook
 .text.OSInitHook
                0x00000b08       0x3c .\CortexM3\ARM_GCC_541\Debug\os_cpu_c.o
                0x00000b08                OSInitHook
 .text.OSStatTaskHook
                0x00000b44       0x10 .\CortexM3\ARM_GCC_541\Debug\os_cpu_c.o
                0x00000b44                OSStatTaskHook
 .text.OSTaskCreateHook
                0x00000b54       0x10 .\CortexM3\ARM_GCC_541\Debug\os_cpu_c.o
                0x00000b54                OSTaskCreateHook
 .text.OSTaskDelHook
                0x00000b64       0x10 .\CortexM3\ARM_GCC_541\Debug\os_cpu_c.o
                0x00000b64                OSTaskDelHook
 .text.OSTaskReturnHook
                0x00000b74       0x10 .\CortexM3\ARM_GCC_541\Debug\os_cpu_c.o
                0x00000b74                OSTaskReturnHook
 .text.OSTaskStkInit
                0x00000b84       0x88 .\CortexM3\ARM_GCC_541\Debug\os_cpu_c.o
                0x00000b84                OSTaskStkInit
 .text.OSTaskSwHook
                0x00000c0c       0x40 .\CortexM3\ARM_GCC_541\Debug\os_cpu_c.o
                0x00000c0c                OSTaskSwHook
 .text.OSTimeTickHook
                0x00000c4c       0x10 .\CortexM3\ARM_GCC_541\Debug\os_cpu_c.o
                0x00000c4c                OSTimeTickHook
 .text.OS_CPU_SysTickHandler
                0x00000c5c       0x20 .\CortexM3\ARM_GCC_541\Debug\os_cpu_c.o
                0x00000c5c                OS_CPU_SysTickHandler
 .text.OS_CPU_SysTickInit
                0x00000c7c       0x30 .\CortexM3\ARM_GCC_541\Debug\os_cpu_c.o
                0x00000c7c                OS_CPU_SysTickInit
 .text.OS_PrioInit
                0x00000cac       0x18 .\CortexM3\ARM_GCC_541\Debug\os_prio.o
                0x00000cac                OS_PrioInit
 .text.OS_PrioGetHighest
                0x00000cc4       0x24 .\CortexM3\ARM_GCC_541\Debug\os_prio.o
                0x00000cc4                OS_PrioGetHighest
 .text.OS_PrioInsert
                0x00000ce8       0x24 .\CortexM3\ARM_GCC_541\Debug\os_prio.o
                0x00000ce8                OS_PrioInsert
 .text.OS_PrioRemove
                0x00000d0c       0x24 .\CortexM3\ARM_GCC_541\Debug\os_prio.o
                0x00000d0c                OS_PrioRemove
 .text.OSQPend  0x00000d30      0x164 .\CortexM3\ARM_GCC_541\Debug\os_q.o
                0x00000d30                OSQPend
 .text.OS_QDbgListAdd
                0x00000e94       0x24 .\CortexM3\ARM_GCC_541\Debug\os_q.o
                0x00000e94                OS_QDbgListAdd
 .text.OSQCreate
                0x00000eb8       0x7c .\CortexM3\ARM_GCC_541\Debug\os_q.o
                0x00000eb8                OSQCreate
 .text.OS_QInit
                0x00000f34       0x18 .\CortexM3\ARM_GCC_541\Debug\os_q.o
                0x00000f34                OS_QInit
 .text.OS_QPost
                0x00000f4c       0x84 .\CortexM3\ARM_GCC_541\Debug\os_q.o
                0x00000f4c                OS_QPost
 .text.OSQPost  0x00000fd0       0x74 .\CortexM3\ARM_GCC_541\Debug\os_q.o
                0x00000fd0                OSQPost
 .text.OSSemPend
                0x00001044      0x128 .\CortexM3\ARM_GCC_541\Debug\os_sem.o
                0x00001044                OSSemPend
 .text.OS_SemDbgListAdd
                0x0000116c       0x24 .\CortexM3\ARM_GCC_541\Debug\os_sem.o
                0x0000116c                OS_SemDbgListAdd
 .text.OSSemCreate
                0x00001190       0x68 .\CortexM3\ARM_GCC_541\Debug\os_sem.o
                0x00001190                OSSemCreate
 .text.OS_SemInit
                0x000011f8       0x18 .\CortexM3\ARM_GCC_541\Debug\os_sem.o
                0x000011f8                OS_SemInit
 .text.OS_SemPost
                0x00001210       0x88 .\CortexM3\ARM_GCC_541\Debug\os_sem.o
                0x00001210                OS_SemPost
 .text.OSSemPost
                0x00001298       0x48 .\CortexM3\ARM_GCC_541\Debug\os_sem.o
                0x00001298                OSSemPost
 .text.OSStatReset
                0x000012e0       0xb8 .\CortexM3\ARM_GCC_541\Debug\os_stat.o
                0x000012e0                OSStatReset
 .text.OS_StatTask
                0x00001398      0x230 .\CortexM3\ARM_GCC_541\Debug\os_stat.o
                0x00001398                OS_StatTask
 .text.OS_StatTaskInit
                0x000015c8       0xa8 .\CortexM3\ARM_GCC_541\Debug\os_stat.o
                0x000015c8                OS_StatTaskInit
 .text.OSTaskSemPend
                0x00001670      0x130 .\CortexM3\ARM_GCC_541\Debug\os_task.o
                0x00001670                OSTaskSemPend
 .text.OSTaskStkChk
                0x000017a0       0x90 .\CortexM3\ARM_GCC_541\Debug\os_task.o
                0x000017a0                OSTaskStkChk
 .text.OS_TaskDbgListAdd
                0x00001830       0x24 .\CortexM3\ARM_GCC_541\Debug\os_task.o
                0x00001830                OS_TaskDbgListAdd
 .text.OS_TaskDbgListRemove
                0x00001854       0x44 .\CortexM3\ARM_GCC_541\Debug\os_task.o
                0x00001854                OS_TaskDbgListRemove
 .text.OS_TaskInit
                0x00001898       0x20 .\CortexM3\ARM_GCC_541\Debug\os_task.o
                0x00001898                OS_TaskInit
 .text.OS_TaskInitTCB
                0x000018b8       0xcc .\CortexM3\ARM_GCC_541\Debug\os_task.o
                0x000018b8                OS_TaskInitTCB
 .text.OSTaskCreate
                0x00001984      0x1a8 .\CortexM3\ARM_GCC_541\Debug\os_task.o
                0x00001984                OSTaskCreate
 .text.OSTaskDel
                0x00001b2c       0xcc .\CortexM3\ARM_GCC_541\Debug\os_task.o
                0x00001b2c                OSTaskDel
 .text.OS_TaskReturn
                0x00001bf8       0x20 .\CortexM3\ARM_GCC_541\Debug\os_task.o
                0x00001bf8                OS_TaskReturn
 .text.OS_TaskSemPost
                0x00001c18       0xc0 .\CortexM3\ARM_GCC_541\Debug\os_task.o
                0x00001c18                OS_TaskSemPost
 .text.OSTaskSemPost
                0x00001cd8       0x2c .\CortexM3\ARM_GCC_541\Debug\os_task.o
                0x00001cd8                OSTaskSemPost
 .text.OS_TickListInit
                0x00001d04       0x2c .\CortexM3\ARM_GCC_541\Debug\os_tick.o
                0x00001d04                OS_TickListInit
 .text.OS_TickTaskInit
                0x00001d30       0x98 .\CortexM3\ARM_GCC_541\Debug\os_tick.o
                0x00001d30                OS_TickTaskInit
 .text.OS_TickListInsert
                0x00001dc8      0x120 .\CortexM3\ARM_GCC_541\Debug\os_tick.o
                0x00001dc8                OS_TickListInsert
 .text.OS_TickListRemove
                0x00001ee8       0x38 .\CortexM3\ARM_GCC_541\Debug\os_tick.o
                0x00001ee8                OS_TickListRemove
 .text.OS_TickListResetPeak
                0x00001f20       0x24 .\CortexM3\ARM_GCC_541\Debug\os_tick.o
                0x00001f20                OS_TickListResetPeak
 .text.OS_TickListUpdate
                0x00001f44      0x144 .\CortexM3\ARM_GCC_541\Debug\os_tick.o
                0x00001f44                OS_TickListUpdate
 .text.OS_TickTask
                0x00002088       0x2c .\CortexM3\ARM_GCC_541\Debug\os_tick.o
                0x00002088                OS_TickTask
 .text.OSTimeDly
                0x000020b4       0x94 .\CortexM3\ARM_GCC_541\Debug\os_time.o
                0x000020b4                OSTimeDly
 .text.OSTimeDlyHMSM
                0x00002148      0x164 .\CortexM3\ARM_GCC_541\Debug\os_time.o
                0x00002148                OSTimeDlyHMSM
 .text.OSTimeTick
                0x000022ac       0x64 .\CortexM3\ARM_GCC_541\Debug\os_time.o
                0x000022ac                OSTimeTick
 .text.OS_TmrInit
                0x00002310      0x100 .\CortexM3\ARM_GCC_541\Debug\os_tmr.o
                0x00002310                OS_TmrInit
 .text.OS_TmrLink
                0x00002410       0xe8 .\CortexM3\ARM_GCC_541\Debug\os_tmr.o
                0x00002410                OS_TmrLink
 .text.OS_TmrResetPeak
                0x000024f8       0x24 .\CortexM3\ARM_GCC_541\Debug\os_tmr.o
                0x000024f8                OS_TmrResetPeak
 .text.OS_TmrUnlink
                0x0000251c       0x58 .\CortexM3\ARM_GCC_541\Debug\os_tmr.o
                0x0000251c                OS_TmrUnlink
 .text.OS_TmrTask
                0x00002574       0xb0 .\CortexM3\ARM_GCC_541\Debug\os_tmr.o
                0x00002574                OS_TmrTask
 .text.OSCfg_Init
                0x00002624        0x4 .\CortexM3\ARM_GCC_541\Debug\os_cfg_app.o
                0x00002624                OSCfg_Init
 .text.OS_IdleTask
                0x00002628       0x28 .\CortexM3\ARM_GCC_541\Debug\os_core.o
                0x00002628                OS_IdleTask
 .text.OSIntExit
                0x00002650       0xa8 .\CortexM3\ARM_GCC_541\Debug\os_core.o
                0x00002650                OSIntExit
 .text.OSSched  0x000026f8       0x80 .\CortexM3\ARM_GCC_541\Debug\os_core.o
                0x000026f8                OSSched
 .text.OSSchedLock
                0x00002778       0x54 .\CortexM3\ARM_GCC_541\Debug\os_core.o
                0x00002778                OSSchedLock
 .text.OSSchedUnlock
                0x000027cc       0x68 .\CortexM3\ARM_GCC_541\Debug\os_core.o
                0x000027cc                OSSchedUnlock
 .text.OSStart  0x00002834       0x5c .\CortexM3\ARM_GCC_541\Debug\os_core.o
                0x00002834                OSStart
 .text.OS_IdleTaskInit
                0x00002890       0x58 .\CortexM3\ARM_GCC_541\Debug\os_core.o
                0x00002890                OS_IdleTaskInit
 .text.OS_PendDataInit
                0x000028e8       0x28 .\CortexM3\ARM_GCC_541\Debug\os_core.o
                0x000028e8                OS_PendDataInit
 .text.OS_PendDbgNameAdd
                0x00002910       0x44 .\CortexM3\ARM_GCC_541\Debug\os_core.o
                0x00002910                OS_PendDbgNameAdd
 .text.OS_PendDbgNameRemove
                0x00002954       0x1c .\CortexM3\ARM_GCC_541\Debug\os_core.o
                0x00002954                OS_PendDbgNameRemove
 .text.OS_PendListInit
                0x00002970        0xc .\CortexM3\ARM_GCC_541\Debug\os_core.o
                0x00002970                OS_PendListInit
 .text.OS_PendListInsertPrio
                0x0000297c       0x5c .\CortexM3\ARM_GCC_541\Debug\os_core.o
                0x0000297c                OS_PendListInsertPrio
 .text.OS_PendListRemove1
                0x000029d8       0x38 .\CortexM3\ARM_GCC_541\Debug\os_core.o
                0x000029d8                OS_PendListRemove1
 .text.OS_PendListRemove
                0x00002a10       0x28 .\CortexM3\ARM_GCC_541\Debug\os_core.o
                0x00002a10                OS_PendListRemove
 .text.OS_Post1
                0x00002a38       0x28 .\CortexM3\ARM_GCC_541\Debug\os_core.o
                0x00002a38                OS_Post1
 .text.OS_RdyListInit
                0x00002a60       0x28 .\CortexM3\ARM_GCC_541\Debug\os_core.o
                0x00002a60                OS_RdyListInit
 .text.OSInit   0x00002a88      0x154 .\CortexM3\ARM_GCC_541\Debug\os_core.o
                0x00002a88                OSInit
 .text.OS_RdyListInsertHead
                0x00002bdc       0x54 .\CortexM3\ARM_GCC_541\Debug\os_core.o
                0x00002bdc                OS_RdyListInsertHead
 .text.OS_RdyListInsertTail
                0x00002c30       0x54 .\CortexM3\ARM_GCC_541\Debug\os_core.o
                0x00002c30                OS_RdyListInsertTail
 .text.OS_RdyListInsert
                0x00002c84       0x2c .\CortexM3\ARM_GCC_541\Debug\os_core.o
                0x00002c84                OS_RdyListInsert
 .text.OS_RdyListMoveHeadToTail
                0x00002cb0       0x38 .\CortexM3\ARM_GCC_541\Debug\os_core.o
                0x00002cb0                OS_RdyListMoveHeadToTail
 .text.OS_RdyListRemove
                0x00002ce8       0x78 .\CortexM3\ARM_GCC_541\Debug\os_core.o
                0x00002ce8                OS_RdyListRemove
 .text.OS_SchedRoundRobin
                0x00002d60       0x88 .\CortexM3\ARM_GCC_541\Debug\os_core.o
                0x00002d60                OS_SchedRoundRobin
 .text.OS_TaskBlock
                0x00002de8       0x3c .\CortexM3\ARM_GCC_541\Debug\os_core.o
                0x00002de8                OS_TaskBlock
 .text.OS_Pend  0x00002e24       0x54 .\CortexM3\ARM_GCC_541\Debug\os_core.o
                0x00002e24                OS_Pend
 .text.OS_TaskRdy
                0x00002e78       0x1c .\CortexM3\ARM_GCC_541\Debug\os_core.o
                0x00002e78                OS_TaskRdy
 .text.OS_Post  0x00002e94       0xac .\CortexM3\ARM_GCC_541\Debug\os_core.o
                0x00002e94                OS_Post
 .text.OS_Dbg_Init
                0x00002f40        0x4 .\CortexM3\ARM_GCC_541\Debug\os_dbg.o
                0x00002f40                OS_Dbg_Init
 .text.OS_FlagInit
                0x00002f44       0x18 .\CortexM3\ARM_GCC_541\Debug\os_flag.o
                0x00002f44                OS_FlagInit
 .text.OSMemGet
                0x00002f5c       0x3c .\CortexM3\ARM_GCC_541\Debug\os_mem.o
                0x00002f5c                OSMemGet
 .text.OSMemPut
                0x00002f98       0x4c .\CortexM3\ARM_GCC_541\Debug\os_mem.o
                0x00002f98                OSMemPut
 .text.OS_MemDbgListAdd
                0x00002fe4       0x1c .\CortexM3\ARM_GCC_541\Debug\os_mem.o
                0x00002fe4                OS_MemDbgListAdd
 .text.OSMemCreate
                0x00003000       0xe0 .\CortexM3\ARM_GCC_541\Debug\os_mem.o
                0x00003000                OSMemCreate
 .text.OS_MemInit
                0x000030e0       0x18 .\CortexM3\ARM_GCC_541\Debug\os_mem.o
                0x000030e0                OS_MemInit
 .text.OS_MsgPoolInit
                0x000030f8       0x68 .\CortexM3\ARM_GCC_541\Debug\os_msg.o
                0x000030f8                OS_MsgPoolInit
 .text.OS_MsgQFreeAll
                0x00003160       0x34 .\CortexM3\ARM_GCC_541\Debug\os_msg.o
                0x00003160                OS_MsgQFreeAll
 .text.OS_MsgQInit
                0x00003194       0x10 .\CortexM3\ARM_GCC_541\Debug\os_msg.o
                0x00003194                OS_MsgQInit
 .text.OS_MsgQGet
                0x000031a4       0x5c .\CortexM3\ARM_GCC_541\Debug\os_msg.o
                0x000031a4                OS_MsgQGet
 .text.OS_MsgQPut
                0x00003200       0x94 .\CortexM3\ARM_GCC_541\Debug\os_msg.o
                0x00003200                OS_MsgQPut
 .text.OS_MutexInit
                0x00003294       0x18 .\CortexM3\ARM_GCC_541\Debug\os_mutex.o
                0x00003294                OS_MutexInit
 .text.bsp_delay_ms
                0x000032ac       0x6c .\CortexM3\ARM_GCC_541\Debug\max30102_interface.o
                0x000032ac                bsp_delay_ms
 .text.bsp_i2c_deinit
                0x00003318       0x14 .\CortexM3\ARM_GCC_541\Debug\max30102_interface.o
 .text.bsp_i2c_init
                0x0000332c       0x14 .\CortexM3\ARM_GCC_541\Debug\max30102_interface.o
 .text.bsp_debug_print
                0x00003340       0x28 .\CortexM3\ARM_GCC_541\Debug\max30102_interface.o
                0x00003340                bsp_debug_print
 .text.max30102_receive_callback
                0x00003368       0x40 .\CortexM3\ARM_GCC_541\Debug\max30102_interface.o
                0x00003368                max30102_receive_callback
 .text.max30102_sensor_init
                0x000033a8      0x1f8 .\CortexM3\ARM_GCC_541\Debug\max30102_interface.o
                0x000033a8                max30102_sensor_init
 .text.max30102_init
                0x000035a0      0x1ec .\CortexM3\ARM_GCC_541\Debug\driver_max30102.o
                0x000035a0                max30102_init
 .text.max30102_read
                0x0000378c      0x1f8 .\CortexM3\ARM_GCC_541\Debug\driver_max30102.o
                0x0000378c                max30102_read
 .text.max30102_set_interrupt
                0x00003984       0xcc .\CortexM3\ARM_GCC_541\Debug\driver_max30102.o
                0x00003984                max30102_set_interrupt
 .text.max30102_get_interrupt
                0x00003a50       0x84 .\CortexM3\ARM_GCC_541\Debug\driver_max30102.o
                0x00003a50                max30102_get_interrupt
 .text.max30102_set_fifo_sample_averaging
                0x00003ad4       0x68 .\CortexM3\ARM_GCC_541\Debug\driver_max30102.o
                0x00003ad4                max30102_set_fifo_sample_averaging
 .text.max30102_set_fifo_roll
                0x00003b3c       0x68 .\CortexM3\ARM_GCC_541\Debug\driver_max30102.o
                0x00003b3c                max30102_set_fifo_roll
 .text.max30102_set_mode
                0x00003ba4       0x64 .\CortexM3\ARM_GCC_541\Debug\driver_max30102.o
                0x00003ba4                max30102_set_mode
 .text.max30102_set_spo2_adc_range
                0x00003c08       0x68 .\CortexM3\ARM_GCC_541\Debug\driver_max30102.o
                0x00003c08                max30102_set_spo2_adc_range
 .text.max30102_set_spo2_sample_rate
                0x00003c70       0x68 .\CortexM3\ARM_GCC_541\Debug\driver_max30102.o
                0x00003c70                max30102_set_spo2_sample_rate
 .text.max30102_set_adc_resolution
                0x00003cd8       0x64 .\CortexM3\ARM_GCC_541\Debug\driver_max30102.o
                0x00003cd8                max30102_set_adc_resolution
 .text.max30102_set_led_red_pulse_amplitude
                0x00003d3c       0x40 .\CortexM3\ARM_GCC_541\Debug\driver_max30102.o
                0x00003d3c                max30102_set_led_red_pulse_amplitude
 .text.max30102_set_led_ir_pulse_amplitude
                0x00003d7c       0x40 .\CortexM3\ARM_GCC_541\Debug\driver_max30102.o
                0x00003d7c                max30102_set_led_ir_pulse_amplitude
 .text.max30102_set_slot
                0x00003dbc      0x150 .\CortexM3\ARM_GCC_541\Debug\driver_max30102.o
                0x00003dbc                max30102_set_slot
 .text.null_ptr_check
                0x00003f0c       0x2c .\CortexM3\ARM_GCC_541\Debug\bme68x.o
 .text.set_mem_page
                0x00003f38       0x70 .\CortexM3\ARM_GCC_541\Debug\bme68x.o
 .text.get_mem_page
                0x00003fa8       0x38 .\CortexM3\ARM_GCC_541\Debug\bme68x.o
 .text.bme68x_set_regs
                0x00003fe0       0xcc .\CortexM3\ARM_GCC_541\Debug\bme68x.o
                0x00003fe0                bme68x_set_regs
 .text.bme68x_get_regs
                0x000040ac       0x58 .\CortexM3\ARM_GCC_541\Debug\bme68x.o
                0x000040ac                bme68x_get_regs
 .text.read_variant_id
                0x00004104       0x28 .\CortexM3\ARM_GCC_541\Debug\bme68x.o
 .text.get_calib_data
                0x0000412c      0x154 .\CortexM3\ARM_GCC_541\Debug\bme68x.o
 .text.bme68x_soft_reset
                0x00004280       0x58 .\CortexM3\ARM_GCC_541\Debug\bme68x.o
                0x00004280                bme68x_soft_reset
 .text.bme68x_init
                0x000042d8       0x3c .\CortexM3\ARM_GCC_541\Debug\bme68x.o
                0x000042d8                bme68x_init
 .text.CyClockStartupError
                0x00004314        0x4 .\CortexM3\ARM_GCC_541\Debug\cyfitter_cfg.o
 .text.cfg_write_bytes32
                0x00004318       0x34 .\CortexM3\ARM_GCC_541\Debug\cyfitter_cfg.o
 .text.AnalogSetDefault
                0x0000434c       0x28 .\CortexM3\ARM_GCC_541\Debug\cyfitter_cfg.o
 .text.CYMEMZERO
                0x00004374        0xc .\CortexM3\ARM_GCC_541\Debug\cyfitter_cfg.o
 .text.ClockSetup
                0x00004380       0xc4 .\CortexM3\ARM_GCC_541\Debug\cyfitter_cfg.o
 .text.CYCONFIGCPY
                0x00004444        0x8 .\CortexM3\ARM_GCC_541\Debug\cyfitter_cfg.o
 .text.cyfitter_cfg
                0x0000444c      0x13c .\CortexM3\ARM_GCC_541\Debug\cyfitter_cfg.o
                0x0000444c                cyfitter_cfg
 .text.IntDefaultHandler
                0x00004588       0x10 .\CortexM3\ARM_GCC_541\Debug\Cm3Start.o
                0x00004588                IntDefaultHandler
 .text._sbrk    0x00004598       0x30 .\CortexM3\ARM_GCC_541\Debug\Cm3Start.o
                0x00004598                _sbrk
 .text.Start_c  0x000045c8       0x4c .\CortexM3\ARM_GCC_541\Debug\Cm3Start.o
                0x000045c8                Start_c
 .text.initialize_psoc
                0x00004614       0x6c .\CortexM3\ARM_GCC_541\Debug\Cm3Start.o
                0x00004614                initialize_psoc
 .text          0x00004680       0x34 .\CortexM3\ARM_GCC_541\Debug\cpu_a.o
                0x00004680                CPU_IntDis
                0x00004684                CPU_IntEn
                0x00004688                CPU_SR_Save
                0x00004690                CPU_SR_Restore
                0x00004696                CPU_WaitForInt
                0x0000469a                CPU_WaitForExcept
                0x0000469e                CPU_CntLeadZeros
                0x000046a4                CPU_CntTrailZeros
                0x000046ae                CPU_RevBits
 .text          0x000046b4       0x84 .\CortexM3\ARM_GCC_541\Debug\os_cpu_a.o
                0x000046b4                OSStartHighRdy
                0x000046d4                OS_CPU_PendSVHandler
 .text.UART_1_Init
                0x00004738       0x60 .\CortexM3\ARM_GCC_541\Debug\esw_uCOS3_cykit.a(UART_1.o)
                0x00004738                UART_1_Init
 .text.UART_1_Enable
                0x00004798       0x50 .\CortexM3\ARM_GCC_541\Debug\esw_uCOS3_cykit.a(UART_1.o)
                0x00004798                UART_1_Enable
 .text.UART_1_Start
                0x000047e8       0x1c .\CortexM3\ARM_GCC_541\Debug\esw_uCOS3_cykit.a(UART_1.o)
                0x000047e8                UART_1_Start
 .text.UART_1_PutChar
                0x00004804       0x70 .\CortexM3\ARM_GCC_541\Debug\esw_uCOS3_cykit.a(UART_1.o)
                0x00004804                UART_1_PutChar
 .text.UART_1_PutString
                0x00004874       0x24 .\CortexM3\ARM_GCC_541\Debug\esw_uCOS3_cykit.a(UART_1.o)
                0x00004874                UART_1_PutString
 .text.UART_1_RXISR
                0x00004898       0x98 .\CortexM3\ARM_GCC_541\Debug\esw_uCOS3_cykit.a(UART_1_INT.o)
                0x00004898                UART_1_RXISR
 .text.UART_1_TXISR
                0x00004930       0x58 .\CortexM3\ARM_GCC_541\Debug\esw_uCOS3_cykit.a(UART_1_INT.o)
                0x00004930                UART_1_TXISR
 .text.Pin_1_SetDriveMode
                0x00004988       0x18 .\CortexM3\ARM_GCC_541\Debug\esw_uCOS3_cykit.a(Pin_1.o)
                0x00004988                Pin_1_SetDriveMode
 .text.UART_1_IntClock_Start
                0x000049a0       0x1c .\CortexM3\ARM_GCC_541\Debug\esw_uCOS3_cykit.a(UART_1_IntClock.o)
                0x000049a0                UART_1_IntClock_Start
 .text.CyDmacConfigure
                0x000049bc       0x34 .\CortexM3\ARM_GCC_541\Debug\esw_uCOS3_cykit.a(CyDmac.o)
                0x000049bc                CyDmacConfigure
 .text.CyHalt   0x000049f0        0x4 .\CortexM3\ARM_GCC_541\Debug\esw_uCOS3_cykit.a(CyLib.o)
                0x000049f0                CyHalt
 .text.CyIntSetVector
                0x000049f4       0x28 .\CortexM3\ARM_GCC_541\Debug\esw_uCOS3_cykit.a(CyLib.o)
                0x000049f4                CyIntSetVector
 .text.CyIntSetPriority
                0x00004a1c       0x30 .\CortexM3\ARM_GCC_541\Debug\esw_uCOS3_cykit.a(CyLib.o)
                0x00004a1c                CyIntSetPriority
 .text.Pin_2_SetDriveMode
                0x00004a4c       0x24 .\CortexM3\ARM_GCC_541\Debug\esw_uCOS3_cykit.a(Pin_2.o)
                0x00004a4c                Pin_2_SetDriveMode
 .text.push_button_Write
                0x00004a70       0x18 .\CortexM3\ARM_GCC_541\Debug\esw_uCOS3_cykit.a(push_button.o)
                0x00004a70                push_button_Write
 .text.push_button_SetDriveMode
                0x00004a88       0x18 .\CortexM3\ARM_GCC_541\Debug\esw_uCOS3_cykit.a(push_button.o)
                0x00004a88                push_button_SetDriveMode
 .text.I2C_1_Init
                0x00004aa0       0x68 .\CortexM3\ARM_GCC_541\Debug\esw_uCOS3_cykit.a(I2C_1.o)
                0x00004aa0                I2C_1_Init
 .text.I2C_1_Enable
                0x00004b08       0x24 .\CortexM3\ARM_GCC_541\Debug\esw_uCOS3_cykit.a(I2C_1.o)
                0x00004b08                I2C_1_Enable
 .text.I2C_1_Start
                0x00004b2c       0x28 .\CortexM3\ARM_GCC_541\Debug\esw_uCOS3_cykit.a(I2C_1.o)
                0x00004b2c                I2C_1_Start
 .text.I2C_1_ISR
                0x00004b54      0x2d0 .\CortexM3\ARM_GCC_541\Debug\esw_uCOS3_cykit.a(I2C_1_INT.o)
                0x00004b54                I2C_1_ISR
 .text.I2C_1_MasterSendStart
                0x00004e24       0x80 .\CortexM3\ARM_GCC_541\Debug\esw_uCOS3_cykit.a(I2C_1_MASTER.o)
                0x00004e24                I2C_1_MasterSendStart
 .text.I2C_1_MasterSendRestart
                0x00004ea4       0x6c .\CortexM3\ARM_GCC_541\Debug\esw_uCOS3_cykit.a(I2C_1_MASTER.o)
                0x00004ea4                I2C_1_MasterSendRestart
 .text.I2C_1_MasterSendStop
                0x00004f10       0x38 .\CortexM3\ARM_GCC_541\Debug\esw_uCOS3_cykit.a(I2C_1_MASTER.o)
                0x00004f10                I2C_1_MasterSendStop
 .text.I2C_1_MasterWriteByte
                0x00004f48       0x58 .\CortexM3\ARM_GCC_541\Debug\esw_uCOS3_cykit.a(I2C_1_MASTER.o)
                0x00004f48                I2C_1_MasterWriteByte
 .text.I2C_1_MasterReadByte
                0x00004fa0       0x58 .\CortexM3\ARM_GCC_541\Debug\esw_uCOS3_cykit.a(I2C_1_MASTER.o)
                0x00004fa0                I2C_1_MasterReadByte
 .text.Timer_1_Enable
                0x00004ff8       0x28 .\CortexM3\ARM_GCC_541\Debug\esw_uCOS3_cykit.a(Timer_1.o)
                0x00004ff8                Timer_1_Enable
 .text.Timer_1_SetInterruptMode
                0x00005020        0xc .\CortexM3\ARM_GCC_541\Debug\esw_uCOS3_cykit.a(Timer_1.o)
                0x00005020                Timer_1_SetInterruptMode
 .text.Timer_1_WritePeriod
                0x0000502c        0xc .\CortexM3\ARM_GCC_541\Debug\esw_uCOS3_cykit.a(Timer_1.o)
                0x0000502c                Timer_1_WritePeriod
 .text.Timer_1_WriteCounter
                0x00005038        0xc .\CortexM3\ARM_GCC_541\Debug\esw_uCOS3_cykit.a(Timer_1.o)
                0x00005038                Timer_1_WriteCounter
 .text.Timer_1_Init
                0x00005044       0x68 .\CortexM3\ARM_GCC_541\Debug\esw_uCOS3_cykit.a(Timer_1.o)
                0x00005044                Timer_1_Init
 .text.Timer_1_Start
                0x000050ac       0x1c .\CortexM3\ARM_GCC_541\Debug\esw_uCOS3_cykit.a(Timer_1.o)
                0x000050ac                Timer_1_Start
 .text.Timer_ISR_SetVector
                0x000050c8        0xc .\CortexM3\ARM_GCC_541\Debug\esw_uCOS3_cykit.a(Timer_ISR.o)
                0x000050c8                Timer_ISR_SetVector
 .text.Timer_ISR_SetPriority
                0x000050d4       0x10 .\CortexM3\ARM_GCC_541\Debug\esw_uCOS3_cykit.a(Timer_ISR.o)
                0x000050d4                Timer_ISR_SetPriority
 .text.Timer_ISR_Enable
                0x000050e4        0xc .\CortexM3\ARM_GCC_541\Debug\esw_uCOS3_cykit.a(Timer_ISR.o)
                0x000050e4                Timer_ISR_Enable
 .text.Timer_ISR_Disable
                0x000050f0        0xc .\CortexM3\ARM_GCC_541\Debug\esw_uCOS3_cykit.a(Timer_ISR.o)
                0x000050f0                Timer_ISR_Disable
 .text.Timer_ISR_StartEx
                0x000050fc       0x1c .\CortexM3\ARM_GCC_541\Debug\esw_uCOS3_cykit.a(Timer_ISR.o)
                0x000050fc                Timer_ISR_StartEx
 .text.Counter_1_Enable
                0x00005118       0x28 .\CortexM3\ARM_GCC_541\Debug\esw_uCOS3_cykit.a(Counter_1.o)
                0x00005118                Counter_1_Enable
 .text.Counter_1_Stop
                0x00005140       0x28 .\CortexM3\ARM_GCC_541\Debug\esw_uCOS3_cykit.a(Counter_1.o)
                0x00005140                Counter_1_Stop
 .text.Counter_1_SetInterruptMode
                0x00005168        0xc .\CortexM3\ARM_GCC_541\Debug\esw_uCOS3_cykit.a(Counter_1.o)
                0x00005168                Counter_1_SetInterruptMode
 .text.Counter_1_WriteCounter
                0x00005174       0x34 .\CortexM3\ARM_GCC_541\Debug\esw_uCOS3_cykit.a(Counter_1.o)
                0x00005174                Counter_1_WriteCounter
 .text.Counter_1_ReadCounter
                0x000051a8       0x14 .\CortexM3\ARM_GCC_541\Debug\esw_uCOS3_cykit.a(Counter_1.o)
                0x000051a8                Counter_1_ReadCounter
 .text.Counter_1_WritePeriod
                0x000051bc        0xc .\CortexM3\ARM_GCC_541\Debug\esw_uCOS3_cykit.a(Counter_1.o)
                0x000051bc                Counter_1_WritePeriod
 .text.Counter_1_Init
                0x000051c8       0x70 .\CortexM3\ARM_GCC_541\Debug\esw_uCOS3_cykit.a(Counter_1.o)
                0x000051c8                Counter_1_Init
 .text.Counter_1_Start
                0x00005238       0x1c .\CortexM3\ARM_GCC_541\Debug\esw_uCOS3_cykit.a(Counter_1.o)
                0x00005238                Counter_1_Start
 *fill*         0x00005254        0x4 
 .text          0x00005258       0x20 .\CortexM3\ARM_GCC_541\Debug\esw_uCOS3_cykit.a(CyBootAsmGnu.o)
                0x00005258                CyDelayCycles
                0x00005268                CyEnterCriticalSection
                0x00005270                CyExitCriticalSection
 .text.__errno  0x00005278        0xc c:/program files (x86)/cypress/psoc creator/4.4/psoc creator/import/gnu/arm/5.4.1/bin/../lib/gcc/arm-none-eabi/5.4.1/../../../../arm-none-eabi/lib/armv7-m\libg_nano.a(lib_a-errno.o)
                0x00005278                __errno
 .text.__libc_init_array
                0x00005284       0x4c c:/program files (x86)/cypress/psoc creator/4.4/psoc creator/import/gnu/arm/5.4.1/bin/../lib/gcc/arm-none-eabi/5.4.1/../../../../arm-none-eabi/lib/armv7-m\libg_nano.a(lib_a-init.o)
                0x00005284                __libc_init_array
 .text.memcpy   0x000052d0       0x16 c:/program files (x86)/cypress/psoc creator/4.4/psoc creator/import/gnu/arm/5.4.1/bin/../lib/gcc/arm-none-eabi/5.4.1/../../../../arm-none-eabi/lib/armv7-m\libg_nano.a(lib_a-memcpy-stub.o)
                0x000052d0                memcpy
 .text.memset   0x000052e6       0x10 c:/program files (x86)/cypress/psoc creator/4.4/psoc creator/import/gnu/arm/5.4.1/bin/../lib/gcc/arm-none-eabi/5.4.1/../../../../arm-none-eabi/lib/armv7-m\libg_nano.a(lib_a-memset.o)
                0x000052e6                memset
 *fill*         0x000052f6        0x2 
 .text.snprintf
                0x000052f8       0x64 c:/program files (x86)/cypress/psoc creator/4.4/psoc creator/import/gnu/arm/5.4.1/bin/../lib/gcc/arm-none-eabi/5.4.1/../../../../arm-none-eabi/lib/armv7-m\libg_nano.a(lib_a-snprintf.o)
                0x000052f8                sniprintf
                0x000052f8                snprintf
 .text.strncpy  0x0000535c       0x26 c:/program files (x86)/cypress/psoc creator/4.4/psoc creator/import/gnu/arm/5.4.1/bin/../lib/gcc/arm-none-eabi/5.4.1/../../../../arm-none-eabi/lib/armv7-m\libg_nano.a(lib_a-strncpy.o)
                0x0000535c                strncpy
 .text._vsnprintf_r
                0x00005382       0x56 c:/program files (x86)/cypress/psoc creator/4.4/psoc creator/import/gnu/arm/5.4.1/bin/../lib/gcc/arm-none-eabi/5.4.1/../../../../arm-none-eabi/lib/armv7-m\libg_nano.a(lib_a-vsnprintf.o)
                0x00005382                _vsniprintf_r
                0x00005382                _vsnprintf_r
 .text.vsnprintf
                0x000053d8       0x1c c:/program files (x86)/cypress/psoc creator/4.4/psoc creator/import/gnu/arm/5.4.1/bin/../lib/gcc/arm-none-eabi/5.4.1/../../../../arm-none-eabi/lib/armv7-m\libg_nano.a(lib_a-vsnprintf.o)
                0x000053d8                vsniprintf
                0x000053d8                vsnprintf
 .text.__ssputs_r
                0x000053f4       0xb2 c:/program files (x86)/cypress/psoc creator/4.4/psoc creator/import/gnu/arm/5.4.1/bin/../lib/gcc/arm-none-eabi/5.4.1/../../../../arm-none-eabi/lib/armv7-m\libg_nano.a(lib_a-nano-svfprintf.o)
                0x000053f4                __ssputs_r
 *fill*         0x000054a6        0x2 
 .text._svfprintf_r
                0x000054a8      0x1e8 c:/program files (x86)/cypress/psoc creator/4.4/psoc creator/import/gnu/arm/5.4.1/bin/../lib/gcc/arm-none-eabi/5.4.1/../../../../arm-none-eabi/lib/armv7-m\libg_nano.a(lib_a-nano-svfprintf.o)
                0x000054a8                _svfiprintf_r
                0x000054a8                _svfprintf_r
 .text._printf_common
                0x00005690       0xec c:/program files (x86)/cypress/psoc creator/4.4/psoc creator/import/gnu/arm/5.4.1/bin/../lib/gcc/arm-none-eabi/5.4.1/../../../../arm-none-eabi/lib/armv7-m\libg_nano.a(lib_a-nano-vfprintf_i.o)
                0x00005690                _printf_common
 .text._printf_i
                0x0000577c      0x24c c:/program files (x86)/cypress/psoc creator/4.4/psoc creator/import/gnu/arm/5.4.1/bin/../lib/gcc/arm-none-eabi/5.4.1/../../../../arm-none-eabi/lib/armv7-m\libg_nano.a(lib_a-nano-vfprintf_i.o)
                0x0000577c                _printf_i
 .text.memchr   0x000059c8       0x1c c:/program files (x86)/cypress/psoc creator/4.4/psoc creator/import/gnu/arm/5.4.1/bin/../lib/gcc/arm-none-eabi/5.4.1/../../../../arm-none-eabi/lib/armv7-m\libg_nano.a(lib_a-memchr-stub.o)
                0x000059c8                memchr
 .text.memmove  0x000059e4       0x36 c:/program files (x86)/cypress/psoc creator/4.4/psoc creator/import/gnu/arm/5.4.1/bin/../lib/gcc/arm-none-eabi/5.4.1/../../../../arm-none-eabi/lib/armv7-m\libg_nano.a(lib_a-memmove.o)
                0x000059e4                memmove
 *fill*         0x00005a1a        0x2 
 .text._free_r  0x00005a1c       0x98 c:/program files (x86)/cypress/psoc creator/4.4/psoc creator/import/gnu/arm/5.4.1/bin/../lib/gcc/arm-none-eabi/5.4.1/../../../../arm-none-eabi/lib/armv7-m\libg_nano.a(lib_a-nano-freer.o)
                0x00005a1c                _free_r
 .text._malloc_r
                0x00005ab4       0xbc c:/program files (x86)/cypress/psoc creator/4.4/psoc creator/import/gnu/arm/5.4.1/bin/../lib/gcc/arm-none-eabi/5.4.1/../../../../arm-none-eabi/lib/armv7-m\libg_nano.a(lib_a-nano-mallocr.o)
                0x00005ab4                _malloc_r
 .text._realloc_r
                0x00005b70       0x4c c:/program files (x86)/cypress/psoc creator/4.4/psoc creator/import/gnu/arm/5.4.1/bin/../lib/gcc/arm-none-eabi/5.4.1/../../../../arm-none-eabi/lib/armv7-m\libg_nano.a(lib_a-nano-reallocr.o)
                0x00005b70                _realloc_r
 .text._sbrk_r  0x00005bbc       0x20 c:/program files (x86)/cypress/psoc creator/4.4/psoc creator/import/gnu/arm/5.4.1/bin/../lib/gcc/arm-none-eabi/5.4.1/../../../../arm-none-eabi/lib/armv7-m\libg_nano.a(lib_a-sbrkr.o)
                0x00005bbc                _sbrk_r
 .text.__malloc_lock
                0x00005bdc        0x2 c:/program files (x86)/cypress/psoc creator/4.4/psoc creator/import/gnu/arm/5.4.1/bin/../lib/gcc/arm-none-eabi/5.4.1/../../../../arm-none-eabi/lib/armv7-m\libg_nano.a(lib_a-mlock.o)
                0x00005bdc                __malloc_lock
 .text.__malloc_unlock
                0x00005bde        0x2 c:/program files (x86)/cypress/psoc creator/4.4/psoc creator/import/gnu/arm/5.4.1/bin/../lib/gcc/arm-none-eabi/5.4.1/../../../../arm-none-eabi/lib/armv7-m\libg_nano.a(lib_a-mlock.o)
                0x00005bde                __malloc_unlock
 .text._malloc_usable_size_r
                0x00005be0       0x14 c:/program files (x86)/cypress/psoc creator/4.4/psoc creator/import/gnu/arm/5.4.1/bin/../lib/gcc/arm-none-eabi/5.4.1/../../../../arm-none-eabi/lib/armv7-m\libg_nano.a(lib_a-nano-msizer.o)
                0x00005be0                _malloc_usable_size_r
 *(.plt)
 *(.gnu.warning)
 *(.glue_7t)
 .glue_7t       0x00005bf4        0x0 linker stubs
 *(.glue_7)
 .glue_7        0x00005bf4        0x0 linker stubs
 *(.vfp11_veneer)
 .vfp11_veneer  0x00005bf4        0x0 linker stubs
 *(.bootloader)
 *(.ARM.extab* .gnu.linkonce.armextab.*)
 *(.gcc_except_table)

.v4_bx          0x00005bf4        0x0
 .v4_bx         0x00005bf4        0x0 linker stubs

.iplt           0x00005bf4        0x0
 .iplt          0x00005bf4        0x0 c:/program files (x86)/cypress/psoc creator/4.4/psoc creator/import/gnu/arm/5.4.1/bin/../lib/gcc/arm-none-eabi/5.4.1/armv7-m/crtbegin.o

.eh_frame_hdr
 *(.eh_frame_hdr)

.eh_frame       0x00005bf4        0x4
 *(.eh_frame)
 .eh_frame      0x00005bf4        0x0 c:/program files (x86)/cypress/psoc creator/4.4/psoc creator/import/gnu/arm/5.4.1/bin/../lib/gcc/arm-none-eabi/5.4.1/armv7-m/crtbegin.o
 .eh_frame      0x00005bf4        0x4 c:/program files (x86)/cypress/psoc creator/4.4/psoc creator/import/gnu/arm/5.4.1/bin/../lib/gcc/arm-none-eabi/5.4.1/armv7-m/crtend.o
                [!provide]                PROVIDE (__exidx_start, .)

.ARM.exidx
 *(.ARM.exidx* .gnu.linkonce.armexidx.*)
                0x00005bf8                __exidx_end = .

.rodata         0x00005bf8     0x1518
 *(.rodata .rodata.* .gnu.linkonce.r.*)
 .rodata.str1.4
                0x00005bf8       0x4e .\CortexM3\ARM_GCC_541\Debug\app.o
 *fill*         0x00005c46        0x2 
 .rodata.str1.4
                0x00005c48      0x203 .\CortexM3\ARM_GCC_541\Debug\log_task.o
                                0x207 (size before relaxing)
 *fill*         0x00005e4b        0x1 
 .rodata        0x00005e4c       0x18 .\CortexM3\ARM_GCC_541\Debug\heartbeatSensor.o
 .rodata.str1.4
                0x00005e64      0x10b .\CortexM3\ARM_GCC_541\Debug\heartbeatSensor.o
 *fill*         0x00005f6f        0x1 
 .rodata.str1.4
                0x00005f70       0xef .\CortexM3\ARM_GCC_541\Debug\environmentSensor.o
 *fill*         0x0000605f        0x1 
 .rodata.str1.4
                0x00006060      0x116 .\CortexM3\ARM_GCC_541\Debug\bsp_i2c.o
 *fill*         0x00006176        0x2 
 .rodata.str1.4
                0x00006178        0x6 .\CortexM3\ARM_GCC_541\Debug\os_q.o
 *fill*         0x0000617e        0x2 
 .rodata.str1.4
                0x00006180        0x5 .\CortexM3\ARM_GCC_541\Debug\os_sem.o
                                  0xa (size before relaxing)
 *fill*         0x00006185        0x3 
 .rodata.str1.4
                0x00006188       0x14 .\CortexM3\ARM_GCC_541\Debug\os_stat.o
 .rodata.str1.4
                0x0000619c        0x6 .\CortexM3\ARM_GCC_541\Debug\os_task.o
                                  0xa (size before relaxing)
 *fill*         0x000061a2        0x2 
 .rodata.str1.4
                0x000061a4       0x14 .\CortexM3\ARM_GCC_541\Debug\os_tick.o
 .rodata.str1.4
                0x000061b8       0x1d .\CortexM3\ARM_GCC_541\Debug\os_tmr.o
 *fill*         0x000061d5        0x3 
 .rodata        0x000061d8       0xa4 .\CortexM3\ARM_GCC_541\Debug\os_cfg_app.o
                0x000061d8                OSCfg_DataSizeRAM
                0x000061dc                OSCfg_TmrWheelSizeRAM
                0x000061e0                OSCfg_TmrWheelSize
                0x000061e4                OSCfg_TmrTaskStkSizeRAM
                0x000061e8                OSCfg_TmrTaskStkSize
                0x000061ec                OSCfg_TmrTaskStkLimit
                0x000061f0                OSCfg_TmrTaskStkBasePtr
                0x000061f4                OSCfg_TmrTaskRate_Hz
                0x000061f8                OSCfg_TmrTaskPrio
                0x000061fc                OSCfg_TickWheelSizeRAM
                0x00006200                OSCfg_TickWheelSize
                0x00006204                OSCfg_TickTaskStkSizeRAM
                0x00006208                OSCfg_TickTaskStkSize
                0x0000620c                OSCfg_TickTaskStkLimit
                0x00006210                OSCfg_TickTaskStkBasePtr
                0x00006214                OSCfg_TickTaskPrio
                0x00006218                OSCfg_TickRate_Hz
                0x0000621c                OSCfg_StkSizeMin
                0x00006220                OSCfg_StatTaskStkSizeRAM
                0x00006224                OSCfg_StatTaskStkSize
                0x00006228                OSCfg_StatTaskStkLimit
                0x0000622c                OSCfg_StatTaskStkBasePtr
                0x00006230                OSCfg_StatTaskRate_Hz
                0x00006234                OSCfg_StatTaskPrio
                0x00006238                OSCfg_MsgPoolBasePtr
                0x0000623c                OSCfg_MsgPoolSizeRAM
                0x00006240                OSCfg_MsgPoolSize
                0x00006244                OSCfg_ISRStkSizeRAM
                0x00006248                OSCfg_ISRStkSize
                0x0000624c                OSCfg_ISRStkBasePtr
                0x00006250                OSCfg_IntQTaskStkSizeRAM
                0x00006254                OSCfg_IntQTaskStkSize
                0x00006258                OSCfg_IntQTaskStkLimit
                0x0000625c                OSCfg_IntQTaskStkBasePtr
                0x00006260                OSCfg_IntQSizeRAM
                0x00006264                OSCfg_IntQSize
                0x00006268                OSCfg_IntQBasePtr
                0x0000626c                OSCfg_IdleTaskStkSizeRAM
                0x00006270                OSCfg_IdleTaskStkSize
                0x00006274                OSCfg_IdleTaskStkLimit
                0x00006278                OSCfg_IdleTaskStkBasePtr
 .rodata.str1.4
                0x0000627c       0x25 .\CortexM3\ARM_GCC_541\Debug\os_core.o
                                 0x2a (size before relaxing)
 *fill*         0x000062a1        0x3 
 .rodata.str1.4
                0x000062a4      0x3d4 .\CortexM3\ARM_GCC_541\Debug\max30102_interface.o
 .rodata.str1.4
                0x00006678      0x9d8 .\CortexM3\ARM_GCC_541\Debug\driver_max30102.o
 .rodata        0x00007050       0x50 .\CortexM3\ARM_GCC_541\Debug\cyfitter_cfg.o
 .rodata.str1.1
                0x000070a0        0x2 c:/program files (x86)/cypress/psoc creator/4.4/psoc creator/import/gnu/arm/5.4.1/bin/../lib/gcc/arm-none-eabi/5.4.1/../../../../arm-none-eabi/lib/armv7-m\libg_nano.a(lib_a-impure.o)
 .rodata.str1.1
                0x000070a2       0x11 c:/program files (x86)/cypress/psoc creator/4.4/psoc creator/import/gnu/arm/5.4.1/bin/../lib/gcc/arm-none-eabi/5.4.1/../../../../arm-none-eabi/lib/armv7-m\libg_nano.a(lib_a-nano-svfprintf.o)
 .rodata.str1.1
                0x000070b3       0x22 c:/program files (x86)/cypress/psoc creator/4.4/psoc creator/import/gnu/arm/5.4.1/bin/../lib/gcc/arm-none-eabi/5.4.1/../../../../arm-none-eabi/lib/armv7-m\libg_nano.a(lib_a-nano-vfprintf_i.o)
                0x000070d8                . = ALIGN (0x4)
 *fill*         0x000070d5        0x3 
 *(.init)
 .init          0x000070d8        0x4 c:/program files (x86)/cypress/psoc creator/4.4/psoc creator/import/gnu/arm/5.4.1/bin/../lib/gcc/arm-none-eabi/5.4.1/armv7-m/crti.o
                0x000070d8                _init
 .init          0x000070dc        0x8 c:/program files (x86)/cypress/psoc creator/4.4/psoc creator/import/gnu/arm/5.4.1/bin/../lib/gcc/arm-none-eabi/5.4.1/armv7-m/crtn.o
                0x000070e4                . = ALIGN (0x4)
                0x000070e4                __preinit_array_start = .
 *(.preinit_array)
                0x000070e4                __preinit_array_end = .
                0x000070e4                . = ALIGN (0x4)
                0x000070e4                __init_array_start = .
 *(SORT(.init_array.*))
 *(.init_array)
 .init_array    0x000070e4        0x4 c:/program files (x86)/cypress/psoc creator/4.4/psoc creator/import/gnu/arm/5.4.1/bin/../lib/gcc/arm-none-eabi/5.4.1/armv7-m/crtbegin.o
 .init_array    0x000070e8        0x4 .\CortexM3\ARM_GCC_541\Debug\Cm3Start.o
                0x000070ec                __init_array_end = .
                0x000070ec                . = ALIGN (0x4)
 *(.fini)
 .fini          0x000070ec        0x4 c:/program files (x86)/cypress/psoc creator/4.4/psoc creator/import/gnu/arm/5.4.1/bin/../lib/gcc/arm-none-eabi/5.4.1/armv7-m/crti.o
                0x000070ec                _fini
 .fini          0x000070f0        0x8 c:/program files (x86)/cypress/psoc creator/4.4/psoc creator/import/gnu/arm/5.4.1/bin/../lib/gcc/arm-none-eabi/5.4.1/armv7-m/crtn.o
                0x000070f8                . = ALIGN (0x4)
                0x000070f8                __fini_array_start = .
 *(.fini_array)
 .fini_array    0x000070f8        0x4 c:/program files (x86)/cypress/psoc creator/4.4/psoc creator/import/gnu/arm/5.4.1/bin/../lib/gcc/arm-none-eabi/5.4.1/armv7-m/crtbegin.o
 *(SORT(.fini_array.*))
                0x000070fc                __fini_array_end = .
                0x000070fc                . = ALIGN (0x4)
 *crtbegin.o(.ctors)
 *(EXCLUDE_FILE(*crtend.o) .ctors)
 *(SORT(.ctors.*))
 *crtend.o(.ctors)
                0x000070fc                . = ALIGN (0x4)
 *crtbegin.o(.dtors)
 *(EXCLUDE_FILE(*crtend.o) .dtors)
 *(SORT(.dtors.*))
 *crtend.o(.dtors)
                0x000070fc                . = ALIGN (0x4)
                0x000070fc                __cy_regions = .
                0x000070fc        0x4 LONG 0x7110 __cy_region_init_ram
                0x00007100        0x4 LONG 0x1fff80c8 __cy_region_start_data
                0x00007104        0x4 LONG 0x80 __cy_region_init_size_ram
                0x00007108        0x4 LONG 0x5390 __cy_region_zero_size_ram
                0x0000710c                __cy_regions_end = .
                0x00007110                . = ALIGN (0x8)
 *fill*         0x0000710c        0x4 
                0x00007110                _etext = .

.cy_checksum_exclude
                0x00007110        0x0
 *(.cy_checksum_exclude)

.ramvectors     0x1fff8000       0xc0
                0x1fff8000                __cy_region_start_ram = .
 *(.ramvectors)
 .ramvectors    0x1fff8000       0xc0 .\CortexM3\ARM_GCC_541\Debug\Cm3Start.o
                0x1fff8000                CyRamVectors

.noinit         0x1fff80c0        0x1
 *(.noinit)
 .noinit        0x1fff80c0        0x1 .\CortexM3\ARM_GCC_541\Debug\esw_uCOS3_cykit.a(CyLib.o)
                0x1fff80c0                CyResetStatus

.data           0x1fff80c8       0x80 load address 0x00007110
                0x1fff80c8                __cy_region_start_data = .
 *(.jcr)
 .jcr           0x1fff80c8        0x0 c:/program files (x86)/cypress/psoc creator/4.4/psoc creator/import/gnu/arm/5.4.1/bin/../lib/gcc/arm-none-eabi/5.4.1/armv7-m/crtbegin.o
 .jcr           0x1fff80c8        0x4 c:/program files (x86)/cypress/psoc creator/4.4/psoc creator/import/gnu/arm/5.4.1/bin/../lib/gcc/arm-none-eabi/5.4.1/armv7-m/crtend.o
 *(.got.plt)
 *(.got)
 *(.shdata)
 *(.data .data.* .gnu.linkonce.d.*)
 .data          0x1fff80cc        0xc .\CortexM3\ARM_GCC_541\Debug\heartbeatSensor.o
                0x1fff80cc                adaptive_threshold
                0x1fff80d0                IR_AC_Max
                0x1fff80d4                IR_AC_Min
 .data          0x1fff80d8        0x4 .\CortexM3\ARM_GCC_541\Debug\Cm3Start.o
 .data          0x1fff80dc        0x8 .\CortexM3\ARM_GCC_541\Debug\esw_uCOS3_cykit.a(CyDmac.o)
 .data.impure_data
                0x1fff80e4       0x60 c:/program files (x86)/cypress/psoc creator/4.4/psoc creator/import/gnu/arm/5.4.1/bin/../lib/gcc/arm-none-eabi/5.4.1/../../../../arm-none-eabi/lib/armv7-m\libg_nano.a(lib_a-impure.o)
 .data._impure_ptr
                0x1fff8144        0x4 c:/program files (x86)/cypress/psoc creator/4.4/psoc creator/import/gnu/arm/5.4.1/bin/../lib/gcc/arm-none-eabi/5.4.1/../../../../arm-none-eabi/lib/armv7-m\libg_nano.a(lib_a-impure.o)
                0x1fff8144                _impure_ptr
                0x1fff8148                . = ALIGN (0x8)
 *(.ram)
                0x1fff8148                _edata = .

.igot.plt       0x1fff8148        0x0 load address 0x00007190
 .igot.plt      0x1fff8148        0x0 c:/program files (x86)/cypress/psoc creator/4.4/psoc creator/import/gnu/arm/5.4.1/bin/../lib/gcc/arm-none-eabi/5.4.1/armv7-m/crtbegin.o

.bss            0x1fff8148     0x5390 load address 0x00007190
                0x1fff8148                PROVIDE (__bss_start__, .)
 *(.shbss)
 *(.bss .bss.* .gnu.linkonce.b.*)
 .bss           0x1fff8148       0x1c c:/program files (x86)/cypress/psoc creator/4.4/psoc creator/import/gnu/arm/5.4.1/bin/../lib/gcc/arm-none-eabi/5.4.1/armv7-m/crtbegin.o
 .bss           0x1fff8164      0x4c0 .\CortexM3\ARM_GCC_541\Debug\app.o
 .bss           0x1fff8624       0xb0 .\CortexM3\ARM_GCC_541\Debug\heartbeatSensor.o
                0x1fff8668                IR_AC_Signal_Previous
                0x1fff866c                ir_avg_reg
                0x1fff8670                IR_AC_Signal_Current
                0x1fff8674                current_timestamp
                0x1fff8678                last_peak_timestamp
                0x1fff867c                heart_rate_index
                0x1fff8680                heart_rate_history
                0x1fff86d0                heart_rate_sum
 .bss           0x1fff86d4        0x9 .\CortexM3\ARM_GCC_541\Debug\esw_uCOS3_cykit.a(UART_1.o)
                0x1fff86d4                UART_1_errorStatus
                0x1fff86d5                UART_1_initVar
                0x1fff86d6                UART_1_rxBufferRead
                0x1fff86d7                UART_1_rxBufferWrite
                0x1fff86d8                UART_1_rxBufferLoopDetect
                0x1fff86d9                UART_1_rxBufferOverflow
                0x1fff86da                UART_1_txBufferRead
                0x1fff86db                UART_1_txBufferWrite
 .bss           0x1fff86dd        0x1 .\CortexM3\ARM_GCC_541\Debug\esw_uCOS3_cykit.a(I2C_1.o)
                0x1fff86dd                I2C_1_initVar
 .bss           0x1fff86de        0x1 .\CortexM3\ARM_GCC_541\Debug\esw_uCOS3_cykit.a(Timer_1.o)
                0x1fff86de                Timer_1_initVar
 .bss           0x1fff86df        0x1 .\CortexM3\ARM_GCC_541\Debug\esw_uCOS3_cykit.a(Counter_1.o)
                0x1fff86df                Counter_1_initVar
 .bss.__malloc_sbrk_start
                0x1fff86e0        0x4 c:/program files (x86)/cypress/psoc creator/4.4/psoc creator/import/gnu/arm/5.4.1/bin/../lib/gcc/arm-none-eabi/5.4.1/../../../../arm-none-eabi/lib/armv7-m\libg_nano.a(lib_a-nano-mallocr.o)
                0x1fff86e0                __malloc_sbrk_start
 .bss.__malloc_free_list
                0x1fff86e4        0x4 c:/program files (x86)/cypress/psoc creator/4.4/psoc creator/import/gnu/arm/5.4.1/bin/../lib/gcc/arm-none-eabi/5.4.1/../../../../arm-none-eabi/lib/armv7-m\libg_nano.a(lib_a-nano-mallocr.o)
                0x1fff86e4                __malloc_free_list
 *(COMMON)
 COMMON         0x1fff86e8     0x24c8 .\CortexM3\ARM_GCC_541\Debug\log_task.o
                0x1fff86e8                Log_TaskStk
                0x1fff8ee8                LogTaskSem
                0x1fff8f10                Log_Task_TCB
                0x1fff8fd0                MsgMemPoolStorage
                0x1fffab60                MsgMemPool
                0x1fffab80                Log_Queue
 COMMON         0x1fffabb0      0x900 .\CortexM3\ARM_GCC_541\Debug\heartbeatSensor.o
                0x1fffabb0                MAX30102_Task_TCB
                0x1fffac70                i2c_rx_buffer
                0x1fffacb0                MAX30102_TaskStk
 COMMON         0x1fffb4b0      0x8c0 .\CortexM3\ARM_GCC_541\Debug\environmentSensor.o
                0x1fffb4b0                BME688_Task_TCB
                0x1fffb570                BME688_TaskStk
 COMMON         0x1fffbd70       0x28 .\CortexM3\ARM_GCC_541\Debug\bsp_i2c.o
                0x1fffbd70                I2C_Sem
 COMMON         0x1fffbd98       0x14 .\CortexM3\ARM_GCC_541\Debug\cpu_core.o
                0x1fffbd98                CPU_TS_TmrFreq_Hz
                0x1fffbd9c                CPU_Name
 COMMON         0x1fffbdac        0x4 .\CortexM3\ARM_GCC_541\Debug\os_cpu_c.o
                0x1fffbdac                OS_CPU_ExceptStkBase
 COMMON         0x1fffbdb0        0x4 .\CortexM3\ARM_GCC_541\Debug\os_prio.o
                0x1fffbdb0                OSPrioTbl
 COMMON         0x1fffbdb4      0x538 .\CortexM3\ARM_GCC_541\Debug\os_var.o
                0x1fffbdb4                OSSchedLockNestingCtr
                0x1fffbdb8                OS_AppTaskReturnHookPtr
                0x1fffbdbc                OSStatTaskTimeMax
                0x1fffbdc0                OSStatTaskCtr
                0x1fffbdc4                OSTaskRegNextAvailID
                0x1fffbdc5                OSRunning
                0x1fffbdc8                OSRdyList
                0x1fffbf48                OSPrioHighRdy
                0x1fffbf49                OSStatTaskRdy
                0x1fffbf4c                OSSemDbgListPtr
                0x1fffbf50                OS_AppTaskCreateHookPtr
                0x1fffbf54                OSPrioCur
                0x1fffbf58                OSTickTaskTCB
                0x1fffc018                OSTmrTickCtr
                0x1fffc01c                OSTCBCurPtr
                0x1fffc020                OSQQty
                0x1fffc022                OSStatTaskCPUUsageMax
                0x1fffc024                OSPrioSaved
                0x1fffc028                OSTCBHighRdyPtr
                0x1fffc02c                OSTaskDbgListPtr
                0x1fffc030                OSTmrTaskTimeMax
                0x1fffc034                OS_AppTaskDelHookPtr
                0x1fffc038                OS_AppTimeTickHookPtr
                0x1fffc03c                OSTaskCtxSwCtr
                0x1fffc040                OSStatTaskCPUUsage
                0x1fffc042                OSIntNestingCtr
                0x1fffc044                OSTaskQty
                0x1fffc048                OSTmrTaskTCB
                0x1fffc108                OSMsgPool
                0x1fffc114                OSIdleTaskTCB
                0x1fffc1d4                OSQDbgListPtr
                0x1fffc1d8                OSSemQty
                0x1fffc1dc                OSMemDbgListPtr
                0x1fffc1e0                OSSchedRoundRobinDfltTimeQuanta
                0x1fffc1e4                OS_AppIdleTaskHookPtr
                0x1fffc1e8                OSStatTaskCtrMax
                0x1fffc1ec                OSTickCtr
                0x1fffc1f0                OS_AppTaskSwHookPtr
                0x1fffc1f4                OSTmrQty
                0x1fffc1f8                OSIdleTaskCtr
                0x1fffc1fc                OSStatTaskCtrRun
                0x1fffc200                OS_AppStatTaskHookPtr
                0x1fffc204                OSFlagQty
                0x1fffc208                OSFlagDbgListPtr
                0x1fffc20c                OSStatResetFlag
                0x1fffc20e                OSMemQty
                0x1fffc210                OSMutexQty
                0x1fffc214                OSStatTaskTCB
                0x1fffc2d4                OSTmrDbgListPtr
                0x1fffc2d8                OSTickTaskTimeMax
                0x1fffc2dc                OSTmrUpdateCnt
                0x1fffc2e0                OSSchedRoundRobinEn
                0x1fffc2e4                OSMutexDbgListPtr
                0x1fffc2e8                OSTmrUpdateCtr
 COMMON         0x1fffc2ec     0x1150 .\CortexM3\ARM_GCC_541\Debug\os_cfg_app.o
                0x1fffc2ec                OSCfg_StatTaskStk
                0x1fffc4ec                OSCfg_TickWheel
                0x1fffc574                OSCfg_MsgPool
                0x1fffcbb4                OSCfg_TmrTaskStk
                0x1fffcdb4                OSCfg_TmrWheel
                0x1fffce3c                OSCfg_ISRStk
                0x1fffd03c                OSCfg_TickTaskStk
                0x1fffd23c                OSCfg_IdleTaskStk
 COMMON         0x1fffd43c       0x80 .\CortexM3\ARM_GCC_541\Debug\esw_uCOS3_cykit.a(UART_1.o)
                0x1fffd43c                UART_1_txBuffer
                0x1fffd47c                UART_1_rxBuffer
 COMMON         0x1fffd4bc        0x1 .\CortexM3\ARM_GCC_541\Debug\esw_uCOS3_cykit.a(I2C_1.o)
                0x1fffd4bc                I2C_1_state
 *fill*         0x1fffd4bd        0x3 
 COMMON         0x1fffd4c0       0x11 .\CortexM3\ARM_GCC_541\Debug\esw_uCOS3_cykit.a(I2C_1_MASTER.o)
                0x1fffd4c0                I2C_1_mstrWrBufIndex
                0x1fffd4c1                I2C_1_mstrControl
                0x1fffd4c2                I2C_1_mstrStatus
                0x1fffd4c3                I2C_1_mstrWrBufSize
                0x1fffd4c4                I2C_1_mstrRdBufIndex
                0x1fffd4c8                I2C_1_mstrWrBufPtr
                0x1fffd4cc                I2C_1_mstrRdBufPtr
                0x1fffd4d0                I2C_1_mstrRdBufSize
 *fill*         0x1fffd4d1        0x3 
 COMMON         0x1fffd4d4        0x4 c:/program files (x86)/cypress/psoc creator/4.4/psoc creator/import/gnu/arm/5.4.1/bin/../lib/gcc/arm-none-eabi/5.4.1/../../../../arm-none-eabi/lib/armv7-m\libg_nano.a(lib_a-reent.o)
                0x1fffd4d4                errno
                0x1fffd4d8                . = ALIGN (0x8)
 *(.ram.b)
                0x1fffd4d8                _end = .
                0x1fffd4d8                __end = .
                0x1fffd4d8                PROVIDE (end, .)
                0x1fffd4d8                PROVIDE (__bss_end__, .)
                0x00007110                __cy_region_init_ram = LOADADDR (.data)
                0x00000080                __cy_region_init_size_ram = (_edata - ADDR (.data))
                0x00005390                __cy_region_zero_size_ram = (_end - _edata)

.heap           0x1fffd4d8       0x80 load address 0x00007190
                0x1fffd4d8                . = _end
                0x1fffd558                . = (. + 0x80)
 *fill*         0x1fffd4d8       0x80 
                0x1fffd558                __cy_heap_limit = .

.stack          0x20007800      0x800
                0x20007800                __cy_stack_limit = .
                0x20008000                . = (. + 0x800)
 *fill*         0x20007800      0x800 
                0x00000001                ASSERT ((__cy_stack_limit >= __cy_heap_limit), region RAM overflowed with stack)
                0x00000000                cy_checksum_exclude_size = (CY_APPL_LOADABLE == 0x1)?SIZEOF (.cy_checksum_exclude):0x0
                0x00000001                ASSERT ((cy_checksum_exclude_size <= CY_CHECKSUM_EXCLUDE_SIZE), CY_BOOT: Section .cy_checksum_exclude size exceedes specified limit.)

.cyloadermeta
 *(.cyloadermeta)

.cyloadablemeta
 *(.cyloadablemeta)

.cyconfigecc    0x80000000      0x498
 *(.cyconfigecc)
 .cyconfigecc   0x80000000      0x498 .\CortexM3\ARM_GCC_541\Debug\cymetadata.o
                0x80000000                cy_meta_configecc

.cycustnvl      0x90000000        0x4
 *(.cycustnvl)
 .cycustnvl     0x90000000        0x4 .\CortexM3\ARM_GCC_541\Debug\cymetadata.o
                0x90000000                cy_meta_custnvl

.cywolatch      0x90100000        0x4
 *(.cywolatch)
 .cywolatch     0x90100000        0x4 .\CortexM3\ARM_GCC_541\Debug\cymetadata.o
                0x90100000                cy_meta_wonvl

.cyeeprom       0x90200000        0x0
 *(.cyeeprom)
                0x00000001                ASSERT ((. <= ((0x90200000 + ee_offset) + ee_size)), .cyeeprom data will not fit in EEPROM)

.cyflashprotect
                0x90400000      0x100
 *(.cyflashprotect)
 .cyflashprotect
                0x90400000      0x100 .\CortexM3\ARM_GCC_541\Debug\cymetadata.o
                0x90400000                cy_meta_flashprotect

.cymeta         0x90500000        0xc
 *(.cymeta)
 .cymeta        0x90500000        0xc .\CortexM3\ARM_GCC_541\Debug\cymetadata.o
                0x90500000                cy_metadata

.rel.dyn        0x00007190        0x0 load address 0x9050000c
 .rel.iplt      0x00007190        0x0 c:/program files (x86)/cypress/psoc creator/4.4/psoc creator/import/gnu/arm/5.4.1/bin/../lib/gcc/arm-none-eabi/5.4.1/armv7-m/crtbegin.o

.stab
 *(.stab)

.stabstr
 *(.stabstr)

.debug
 *(.debug)

.line
 *(.line)

.debug_srcinfo
 *(.debug_srcinfo)

.debug_sfnames
 *(.debug_sfnames)

.debug_aranges  0x00000000     0x1ad0
 *(.debug_aranges)
 .debug_aranges
                0x00000000       0x28 .\CortexM3\ARM_GCC_541\Debug\app.o
 .debug_aranges
                0x00000028       0x68 .\CortexM3\ARM_GCC_541\Debug\os_app_hooks.o
 .debug_aranges
                0x00000090       0x40 .\CortexM3\ARM_GCC_541\Debug\log_task.o
 .debug_aranges
                0x000000d0       0x40 .\CortexM3\ARM_GCC_541\Debug\heartbeatSensor.o
 .debug_aranges
                0x00000110       0x40 .\CortexM3\ARM_GCC_541\Debug\environmentSensor.o
 .debug_aranges
                0x00000150       0x38 .\CortexM3\ARM_GCC_541\Debug\bsp_os.o
 .debug_aranges
                0x00000188       0x58 .\CortexM3\ARM_GCC_541\Debug\bsp.o
 .debug_aranges
                0x000001e0       0x30 .\CortexM3\ARM_GCC_541\Debug\cpu_bsp.o
 .debug_aranges
                0x00000210       0x30 .\CortexM3\ARM_GCC_541\Debug\bsp_uart.o
 .debug_aranges
                0x00000240       0x38 .\CortexM3\ARM_GCC_541\Debug\bsp_gpio.o
 .debug_aranges
                0x00000278       0x38 .\CortexM3\ARM_GCC_541\Debug\bsp_i2c.o
 .debug_aranges
                0x000002b0       0x38 .\CortexM3\ARM_GCC_541\Debug\bsp_counter.o
 .debug_aranges
                0x000002e8       0x50 .\CortexM3\ARM_GCC_541\Debug\cpu_c.o
 .debug_aranges
                0x00000338       0xb0 .\CortexM3\ARM_GCC_541\Debug\cpu_core.o
 .debug_aranges
                0x000003e8       0x38 .\CortexM3\ARM_GCC_541\Debug\lib_math.o
 .debug_aranges
                0x00000420       0x48 .\CortexM3\ARM_GCC_541\Debug\lib_mem.o
 .debug_aranges
                0x00000468       0xd8 .\CortexM3\ARM_GCC_541\Debug\lib_str.o
 .debug_aranges
                0x00000540       0x98 .\CortexM3\ARM_GCC_541\Debug\lib_ascii.o
 .debug_aranges
                0x000005d8       0x70 .\CortexM3\ARM_GCC_541\Debug\os_cpu_c.o
 .debug_aranges
                0x00000648       0x38 .\CortexM3\ARM_GCC_541\Debug\os_pend_multi.o
 .debug_aranges
                0x00000680       0x38 .\CortexM3\ARM_GCC_541\Debug\os_prio.o
 .debug_aranges
                0x000006b8       0x70 .\CortexM3\ARM_GCC_541\Debug\os_q.o
 .debug_aranges
                0x00000728       0x70 .\CortexM3\ARM_GCC_541\Debug\os_sem.o
 .debug_aranges
                0x00000798       0x38 .\CortexM3\ARM_GCC_541\Debug\os_stat.o
 .debug_aranges
                0x000007d0       0xf0 .\CortexM3\ARM_GCC_541\Debug\os_task.o
 .debug_aranges
                0x000008c0       0x50 .\CortexM3\ARM_GCC_541\Debug\os_tick.o
 .debug_aranges
                0x00000910       0x48 .\CortexM3\ARM_GCC_541\Debug\os_time.o
 .debug_aranges
                0x00000958       0x88 .\CortexM3\ARM_GCC_541\Debug\os_tmr.o
 .debug_aranges
                0x000009e0       0x18 .\CortexM3\ARM_GCC_541\Debug\os_var.o
 .debug_aranges
                0x000009f8       0x20 .\CortexM3\ARM_GCC_541\Debug\os_cfg_app.o
 .debug_aranges
                0x00000a18      0x140 .\CortexM3\ARM_GCC_541\Debug\os_core.o
 .debug_aranges
                0x00000b58       0x20 .\CortexM3\ARM_GCC_541\Debug\os_dbg.o
 .debug_aranges
                0x00000b78       0x80 .\CortexM3\ARM_GCC_541\Debug\os_flag.o
 .debug_aranges
                0x00000bf8       0x18 .\CortexM3\ARM_GCC_541\Debug\os_int.o
 .debug_aranges
                0x00000c10       0x40 .\CortexM3\ARM_GCC_541\Debug\os_mem.o
 .debug_aranges
                0x00000c50       0x40 .\CortexM3\ARM_GCC_541\Debug\os_msg.o
 .debug_aranges
                0x00000c90       0x60 .\CortexM3\ARM_GCC_541\Debug\os_mutex.o
 .debug_aranges
                0x00000cf0       0x48 .\CortexM3\ARM_GCC_541\Debug\max30102_interface.o
 .debug_aranges
                0x00000d38      0x180 .\CortexM3\ARM_GCC_541\Debug\driver_max30102.o
 .debug_aranges
                0x00000eb8      0x120 .\CortexM3\ARM_GCC_541\Debug\bme68x.o
 .debug_aranges
                0x00000fd8       0x58 .\CortexM3\ARM_GCC_541\Debug\cyfitter_cfg.o
 .debug_aranges
                0x00001030       0x18 .\CortexM3\ARM_GCC_541\Debug\cymetadata.o
 .debug_aranges
                0x00001048       0x48 .\CortexM3\ARM_GCC_541\Debug\Cm3Start.o
 .debug_aranges
                0x00001090       0x20 .\CortexM3\ARM_GCC_541\Debug\cpu_a.o
 .debug_aranges
                0x000010b0       0x20 .\CortexM3\ARM_GCC_541\Debug\os_cpu_a.o
 .debug_aranges
                0x000010d0       0xf0 .\CortexM3\ARM_GCC_541\Debug\esw_uCOS3_cykit.a(UART_1.o)
 .debug_aranges
                0x000011c0       0x28 .\CortexM3\ARM_GCC_541\Debug\esw_uCOS3_cykit.a(UART_1_INT.o)
 .debug_aranges
                0x000011e8       0x38 .\CortexM3\ARM_GCC_541\Debug\esw_uCOS3_cykit.a(Pin_1.o)
 .debug_aranges
                0x00001220       0x70 .\CortexM3\ARM_GCC_541\Debug\esw_uCOS3_cykit.a(UART_1_IntClock.o)
 .debug_aranges
                0x00001290       0xd8 .\CortexM3\ARM_GCC_541\Debug\esw_uCOS3_cykit.a(CyDmac.o)
 .debug_aranges
                0x00001368      0x2a0 .\CortexM3\ARM_GCC_541\Debug\esw_uCOS3_cykit.a(CyLib.o)
 .debug_aranges
                0x00001608       0x98 .\CortexM3\ARM_GCC_541\Debug\esw_uCOS3_cykit.a(cyPm.o)
 .debug_aranges
                0x000016a0       0x38 .\CortexM3\ARM_GCC_541\Debug\esw_uCOS3_cykit.a(Pin_2.o)
 .debug_aranges
                0x000016d8       0x38 .\CortexM3\ARM_GCC_541\Debug\esw_uCOS3_cykit.a(push_button.o)
 .debug_aranges
                0x00001710       0x38 .\CortexM3\ARM_GCC_541\Debug\esw_uCOS3_cykit.a(I2C_1.o)
 .debug_aranges
                0x00001748       0x20 .\CortexM3\ARM_GCC_541\Debug\esw_uCOS3_cykit.a(I2C_1_INT.o)
 .debug_aranges
                0x00001768       0x38 .\CortexM3\ARM_GCC_541\Debug\esw_uCOS3_cykit.a(I2C_1_PM.o)
 .debug_aranges
                0x000017a0       0x80 .\CortexM3\ARM_GCC_541\Debug\esw_uCOS3_cykit.a(I2C_1_MASTER.o)
 .debug_aranges
                0x00001820       0x88 .\CortexM3\ARM_GCC_541\Debug\esw_uCOS3_cykit.a(Timer_1.o)
 .debug_aranges
                0x000018a8       0x80 .\CortexM3\ARM_GCC_541\Debug\esw_uCOS3_cykit.a(Timer_ISR.o)
 .debug_aranges
                0x00001928       0x80 .\CortexM3\ARM_GCC_541\Debug\esw_uCOS3_cykit.a(Counter_1.o)
 .debug_aranges
                0x000019a8       0x20 .\CortexM3\ARM_GCC_541\Debug\esw_uCOS3_cykit.a(CyBootAsmGnu.o)
 .debug_aranges
                0x000019c8       0x88 .\CortexM3\ARM_GCC_541\Debug\esw_uCOS3_cykit.a(CyFlash.o)
 .debug_aranges
                0x00001a50       0x80 .\CortexM3\ARM_GCC_541\Debug\esw_uCOS3_cykit.a(CySpc.o)

.debug_pubnames
 *(.debug_pubnames)

.debug_info     0x00000000    0x29981
 *(.debug_info .gnu.linkonce.wi.*)
 .debug_info    0x00000000      0xeaa .\CortexM3\ARM_GCC_541\Debug\app.o
 .debug_info    0x00000eaa      0x894 .\CortexM3\ARM_GCC_541\Debug\os_app_hooks.o
 .debug_info    0x0000173e     0x13ac .\CortexM3\ARM_GCC_541\Debug\log_task.o
 .debug_info    0x00002aea     0x12dd .\CortexM3\ARM_GCC_541\Debug\heartbeatSensor.o
 .debug_info    0x00003dc7     0x1462 .\CortexM3\ARM_GCC_541\Debug\environmentSensor.o
 .debug_info    0x00005229      0xe09 .\CortexM3\ARM_GCC_541\Debug\bsp_os.o
 .debug_info    0x00006032      0x392 .\CortexM3\ARM_GCC_541\Debug\bsp.o
 .debug_info    0x000063c4      0x178 .\CortexM3\ARM_GCC_541\Debug\cpu_bsp.o
 .debug_info    0x0000653c      0x12b .\CortexM3\ARM_GCC_541\Debug\bsp_uart.o
 .debug_info    0x00006667      0x28c .\CortexM3\ARM_GCC_541\Debug\bsp_gpio.o
 .debug_info    0x000068f3     0x10f2 .\CortexM3\ARM_GCC_541\Debug\bsp_i2c.o
 .debug_info    0x000079e5      0x1b1 .\CortexM3\ARM_GCC_541\Debug\bsp_counter.o
 .debug_info    0x00007b96      0x5f2 .\CortexM3\ARM_GCC_541\Debug\cpu_c.o
 .debug_info    0x00008188      0x71b .\CortexM3\ARM_GCC_541\Debug\cpu_core.o
 .debug_info    0x000088a3      0x1e9 .\CortexM3\ARM_GCC_541\Debug\lib_math.o
 .debug_info    0x00008a8c      0x4df .\CortexM3\ARM_GCC_541\Debug\lib_mem.o
 .debug_info    0x00008f6b     0x10d7 .\CortexM3\ARM_GCC_541\Debug\lib_str.o
 .debug_info    0x0000a042      0x43b .\CortexM3\ARM_GCC_541\Debug\lib_ascii.o
 .debug_info    0x0000a47d      0xa1f .\CortexM3\ARM_GCC_541\Debug\os_cpu_c.o
 .debug_info    0x0000ae9c     0x1032 .\CortexM3\ARM_GCC_541\Debug\os_pend_multi.o
 .debug_info    0x0000bece      0x1f0 .\CortexM3\ARM_GCC_541\Debug\os_prio.o
 .debug_info    0x0000c0be     0x14dd .\CortexM3\ARM_GCC_541\Debug\os_q.o
 .debug_info    0x0000d59b     0x13bd .\CortexM3\ARM_GCC_541\Debug\os_sem.o
 .debug_info    0x0000e958     0x1219 .\CortexM3\ARM_GCC_541\Debug\os_stat.o
 .debug_info    0x0000fb71     0x20a8 .\CortexM3\ARM_GCC_541\Debug\os_task.o
 .debug_info    0x00011c19      0xfe0 .\CortexM3\ARM_GCC_541\Debug\os_tick.o
 .debug_info    0x00012bf9     0x10d8 .\CortexM3\ARM_GCC_541\Debug\os_time.o
 .debug_info    0x00013cd1     0x16b7 .\CortexM3\ARM_GCC_541\Debug\os_tmr.o
 .debug_info    0x00015388      0xf4c .\CortexM3\ARM_GCC_541\Debug\os_var.o
 .debug_info    0x000162d4      0xbda .\CortexM3\ARM_GCC_541\Debug\os_cfg_app.o
 .debug_info    0x00016eae     0x1f24 .\CortexM3\ARM_GCC_541\Debug\os_core.o
 .debug_info    0x00018dd2     0x1379 .\CortexM3\ARM_GCC_541\Debug\os_dbg.o
 .debug_info    0x0001a14b     0x178f .\CortexM3\ARM_GCC_541\Debug\os_flag.o
 .debug_info    0x0001b8da       0x87 .\CortexM3\ARM_GCC_541\Debug\os_int.o
 .debug_info    0x0001b961      0x89b .\CortexM3\ARM_GCC_541\Debug\os_mem.o
 .debug_info    0x0001c1fc      0x87b .\CortexM3\ARM_GCC_541\Debug\os_msg.o
 .debug_info    0x0001ca77     0x13bd .\CortexM3\ARM_GCC_541\Debug\os_mutex.o
 .debug_info    0x0001de34     0x107e .\CortexM3\ARM_GCC_541\Debug\max30102_interface.o
 .debug_info    0x0001eeb2     0x2959 .\CortexM3\ARM_GCC_541\Debug\driver_max30102.o
 .debug_info    0x0002180b     0x20e0 .\CortexM3\ARM_GCC_541\Debug\bme68x.o
 .debug_info    0x000238eb      0x605 .\CortexM3\ARM_GCC_541\Debug\cyfitter_cfg.o
 .debug_info    0x00023ef0      0x136 .\CortexM3\ARM_GCC_541\Debug\cymetadata.o
 .debug_info    0x00024026      0x3cf .\CortexM3\ARM_GCC_541\Debug\Cm3Start.o
 .debug_info    0x000243f5       0x8d .\CortexM3\ARM_GCC_541\Debug\cpu_a.o
 .debug_info    0x00024482       0xa0 .\CortexM3\ARM_GCC_541\Debug\os_cpu_a.o
 .debug_info    0x00024522      0x7ae .\CortexM3\ARM_GCC_541\Debug\esw_uCOS3_cykit.a(UART_1.o)
 .debug_info    0x00024cd0      0x186 .\CortexM3\ARM_GCC_541\Debug\esw_uCOS3_cykit.a(UART_1_INT.o)
 .debug_info    0x00024e56      0x11f .\CortexM3\ARM_GCC_541\Debug\esw_uCOS3_cykit.a(Pin_1.o)
 .debug_info    0x00024f75      0x283 .\CortexM3\ARM_GCC_541\Debug\esw_uCOS3_cykit.a(UART_1_IntClock.o)
 .debug_info    0x000251f8      0x94e .\CortexM3\ARM_GCC_541\Debug\esw_uCOS3_cykit.a(CyDmac.o)
 .debug_info    0x00025b46     0x1374 .\CortexM3\ARM_GCC_541\Debug\esw_uCOS3_cykit.a(CyLib.o)
 .debug_info    0x00026eba      0xa2a .\CortexM3\ARM_GCC_541\Debug\esw_uCOS3_cykit.a(cyPm.o)
 .debug_info    0x000278e4      0x11f .\CortexM3\ARM_GCC_541\Debug\esw_uCOS3_cykit.a(Pin_2.o)
 .debug_info    0x00027a03      0x11f .\CortexM3\ARM_GCC_541\Debug\esw_uCOS3_cykit.a(push_button.o)
 .debug_info    0x00027b22      0x2ab .\CortexM3\ARM_GCC_541\Debug\esw_uCOS3_cykit.a(I2C_1.o)
 .debug_info    0x00027dcd      0x184 .\CortexM3\ARM_GCC_541\Debug\esw_uCOS3_cykit.a(I2C_1_INT.o)
 .debug_info    0x00027f51      0x207 .\CortexM3\ARM_GCC_541\Debug\esw_uCOS3_cykit.a(I2C_1_PM.o)
 .debug_info    0x00028158      0x407 .\CortexM3\ARM_GCC_541\Debug\esw_uCOS3_cykit.a(I2C_1_MASTER.o)
 .debug_info    0x0002855f      0x295 .\CortexM3\ARM_GCC_541\Debug\esw_uCOS3_cykit.a(Timer_1.o)
 .debug_info    0x000287f4      0x2d2 .\CortexM3\ARM_GCC_541\Debug\esw_uCOS3_cykit.a(Timer_ISR.o)
 .debug_info    0x00028ac6      0x28c .\CortexM3\ARM_GCC_541\Debug\esw_uCOS3_cykit.a(Counter_1.o)
 .debug_info    0x00028d52       0x92 .\CortexM3\ARM_GCC_541\Debug\esw_uCOS3_cykit.a(CyBootAsmGnu.o)
 .debug_info    0x00028de4      0x64d .\CortexM3\ARM_GCC_541\Debug\esw_uCOS3_cykit.a(CyFlash.o)
 .debug_info    0x00029431      0x550 .\CortexM3\ARM_GCC_541\Debug\esw_uCOS3_cykit.a(CySpc.o)

.debug_abbrev   0x00000000     0x5a71
 *(.debug_abbrev)
 .debug_abbrev  0x00000000      0x1a4 .\CortexM3\ARM_GCC_541\Debug\app.o
 .debug_abbrev  0x000001a4      0x127 .\CortexM3\ARM_GCC_541\Debug\os_app_hooks.o
 .debug_abbrev  0x000002cb      0x251 .\CortexM3\ARM_GCC_541\Debug\log_task.o
 .debug_abbrev  0x0000051c      0x258 .\CortexM3\ARM_GCC_541\Debug\heartbeatSensor.o
 .debug_abbrev  0x00000774      0x1e3 .\CortexM3\ARM_GCC_541\Debug\environmentSensor.o
 .debug_abbrev  0x00000957      0x187 .\CortexM3\ARM_GCC_541\Debug\bsp_os.o
 .debug_abbrev  0x00000ade      0x174 .\CortexM3\ARM_GCC_541\Debug\bsp.o
 .debug_abbrev  0x00000c52       0xce .\CortexM3\ARM_GCC_541\Debug\cpu_bsp.o
 .debug_abbrev  0x00000d20       0x98 .\CortexM3\ARM_GCC_541\Debug\bsp_uart.o
 .debug_abbrev  0x00000db8       0xe7 .\CortexM3\ARM_GCC_541\Debug\bsp_gpio.o
 .debug_abbrev  0x00000e9f      0x20d .\CortexM3\ARM_GCC_541\Debug\bsp_i2c.o
 .debug_abbrev  0x000010ac       0xc7 .\CortexM3\ARM_GCC_541\Debug\bsp_counter.o
 .debug_abbrev  0x00001173      0x155 .\CortexM3\ARM_GCC_541\Debug\cpu_c.o
 .debug_abbrev  0x000012c8      0x1fa .\CortexM3\ARM_GCC_541\Debug\cpu_core.o
 .debug_abbrev  0x000014c2      0x116 .\CortexM3\ARM_GCC_541\Debug\lib_math.o
 .debug_abbrev  0x000015d8      0x12a .\CortexM3\ARM_GCC_541\Debug\lib_mem.o
 .debug_abbrev  0x00001702      0x19d .\CortexM3\ARM_GCC_541\Debug\lib_str.o
 .debug_abbrev  0x0000189f      0x105 .\CortexM3\ARM_GCC_541\Debug\lib_ascii.o
 .debug_abbrev  0x000019a4      0x21d .\CortexM3\ARM_GCC_541\Debug\os_cpu_c.o
 .debug_abbrev  0x00001bc1      0x1f0 .\CortexM3\ARM_GCC_541\Debug\os_pend_multi.o
 .debug_abbrev  0x00001db1       0xf1 .\CortexM3\ARM_GCC_541\Debug\os_prio.o
 .debug_abbrev  0x00001ea2      0x228 .\CortexM3\ARM_GCC_541\Debug\os_q.o
 .debug_abbrev  0x000020ca      0x226 .\CortexM3\ARM_GCC_541\Debug\os_sem.o
 .debug_abbrev  0x000022f0      0x1f6 .\CortexM3\ARM_GCC_541\Debug\os_stat.o
 .debug_abbrev  0x000024e6      0x1f3 .\CortexM3\ARM_GCC_541\Debug\os_task.o
 .debug_abbrev  0x000026d9      0x224 .\CortexM3\ARM_GCC_541\Debug\os_tick.o
 .debug_abbrev  0x000028fd      0x1c8 .\CortexM3\ARM_GCC_541\Debug\os_time.o
 .debug_abbrev  0x00002ac5      0x269 .\CortexM3\ARM_GCC_541\Debug\os_tmr.o
 .debug_abbrev  0x00002d2e       0xb7 .\CortexM3\ARM_GCC_541\Debug\os_var.o
 .debug_abbrev  0x00002de5       0xdc .\CortexM3\ARM_GCC_541\Debug\os_cfg_app.o
 .debug_abbrev  0x00002ec1      0x265 .\CortexM3\ARM_GCC_541\Debug\os_core.o
 .debug_abbrev  0x00003126       0xfa .\CortexM3\ARM_GCC_541\Debug\os_dbg.o
 .debug_abbrev  0x00003220      0x226 .\CortexM3\ARM_GCC_541\Debug\os_flag.o
 .debug_abbrev  0x00003446       0x26 .\CortexM3\ARM_GCC_541\Debug\os_int.o
 .debug_abbrev  0x0000346c      0x190 .\CortexM3\ARM_GCC_541\Debug\os_mem.o
 .debug_abbrev  0x000035fc      0x184 .\CortexM3\ARM_GCC_541\Debug\os_msg.o
 .debug_abbrev  0x00003780      0x219 .\CortexM3\ARM_GCC_541\Debug\os_mutex.o
 .debug_abbrev  0x00003999      0x219 .\CortexM3\ARM_GCC_541\Debug\max30102_interface.o
 .debug_abbrev  0x00003bb2      0x20c .\CortexM3\ARM_GCC_541\Debug\driver_max30102.o
 .debug_abbrev  0x00003dbe      0x27c .\CortexM3\ARM_GCC_541\Debug\bme68x.o
 .debug_abbrev  0x0000403a      0x20d .\CortexM3\ARM_GCC_541\Debug\cyfitter_cfg.o
 .debug_abbrev  0x00004247       0x77 .\CortexM3\ARM_GCC_541\Debug\cymetadata.o
 .debug_abbrev  0x000042be      0x1e8 .\CortexM3\ARM_GCC_541\Debug\Cm3Start.o
 .debug_abbrev  0x000044a6       0x14 .\CortexM3\ARM_GCC_541\Debug\cpu_a.o
 .debug_abbrev  0x000044ba       0x14 .\CortexM3\ARM_GCC_541\Debug\os_cpu_a.o
 .debug_abbrev  0x000044ce      0x16f .\CortexM3\ARM_GCC_541\Debug\esw_uCOS3_cykit.a(UART_1.o)
 .debug_abbrev  0x0000463d       0xa2 .\CortexM3\ARM_GCC_541\Debug\esw_uCOS3_cykit.a(UART_1_INT.o)
 .debug_abbrev  0x000046df       0x90 .\CortexM3\ARM_GCC_541\Debug\esw_uCOS3_cykit.a(Pin_1.o)
 .debug_abbrev  0x0000476f      0x139 .\CortexM3\ARM_GCC_541\Debug\esw_uCOS3_cykit.a(UART_1_IntClock.o)
 .debug_abbrev  0x000048a8      0x1b2 .\CortexM3\ARM_GCC_541\Debug\esw_uCOS3_cykit.a(CyDmac.o)
 .debug_abbrev  0x00004a5a      0x254 .\CortexM3\ARM_GCC_541\Debug\esw_uCOS3_cykit.a(CyLib.o)
 .debug_abbrev  0x00004cae      0x1ab .\CortexM3\ARM_GCC_541\Debug\esw_uCOS3_cykit.a(cyPm.o)
 .debug_abbrev  0x00004e59       0x90 .\CortexM3\ARM_GCC_541\Debug\esw_uCOS3_cykit.a(Pin_2.o)
 .debug_abbrev  0x00004ee9       0x90 .\CortexM3\ARM_GCC_541\Debug\esw_uCOS3_cykit.a(push_button.o)
 .debug_abbrev  0x00004f79      0x10a .\CortexM3\ARM_GCC_541\Debug\esw_uCOS3_cykit.a(I2C_1.o)
 .debug_abbrev  0x00005083       0xb6 .\CortexM3\ARM_GCC_541\Debug\esw_uCOS3_cykit.a(I2C_1_INT.o)
 .debug_abbrev  0x00005139       0xfe .\CortexM3\ARM_GCC_541\Debug\esw_uCOS3_cykit.a(I2C_1_PM.o)
 .debug_abbrev  0x00005237      0x13c .\CortexM3\ARM_GCC_541\Debug\esw_uCOS3_cykit.a(I2C_1_MASTER.o)
 .debug_abbrev  0x00005373      0x11a .\CortexM3\ARM_GCC_541\Debug\esw_uCOS3_cykit.a(Timer_1.o)
 .debug_abbrev  0x0000548d      0x173 .\CortexM3\ARM_GCC_541\Debug\esw_uCOS3_cykit.a(Timer_ISR.o)
 .debug_abbrev  0x00005600      0x122 .\CortexM3\ARM_GCC_541\Debug\esw_uCOS3_cykit.a(Counter_1.o)
 .debug_abbrev  0x00005722       0x14 .\CortexM3\ARM_GCC_541\Debug\esw_uCOS3_cykit.a(CyBootAsmGnu.o)
 .debug_abbrev  0x00005736      0x1a7 .\CortexM3\ARM_GCC_541\Debug\esw_uCOS3_cykit.a(CyFlash.o)
 .debug_abbrev  0x000058dd      0x194 .\CortexM3\ARM_GCC_541\Debug\esw_uCOS3_cykit.a(CySpc.o)

.debug_line     0x00000000     0x86f0
 *(.debug_line)
 .debug_line    0x00000000      0x243 .\CortexM3\ARM_GCC_541\Debug\app.o
 .debug_line    0x00000243      0x147 .\CortexM3\ARM_GCC_541\Debug\os_app_hooks.o
 .debug_line    0x0000038a      0x38a .\CortexM3\ARM_GCC_541\Debug\log_task.o
 .debug_line    0x00000714      0x2ba .\CortexM3\ARM_GCC_541\Debug\heartbeatSensor.o
 .debug_line    0x000009ce      0x28a .\CortexM3\ARM_GCC_541\Debug\environmentSensor.o
 .debug_line    0x00000c58      0x112 .\CortexM3\ARM_GCC_541\Debug\bsp_os.o
 .debug_line    0x00000d6a      0x176 .\CortexM3\ARM_GCC_541\Debug\bsp.o
 .debug_line    0x00000ee0       0xaf .\CortexM3\ARM_GCC_541\Debug\cpu_bsp.o
 .debug_line    0x00000f8f       0xa4 .\CortexM3\ARM_GCC_541\Debug\bsp_uart.o
 .debug_line    0x00001033      0x114 .\CortexM3\ARM_GCC_541\Debug\bsp_gpio.o
 .debug_line    0x00001147      0x27d .\CortexM3\ARM_GCC_541\Debug\bsp_i2c.o
 .debug_line    0x000013c4      0x195 .\CortexM3\ARM_GCC_541\Debug\bsp_counter.o
 .debug_line    0x00001559      0x1a8 .\CortexM3\ARM_GCC_541\Debug\cpu_c.o
 .debug_line    0x00001701      0x260 .\CortexM3\ARM_GCC_541\Debug\cpu_core.o
 .debug_line    0x00001961       0xb9 .\CortexM3\ARM_GCC_541\Debug\lib_math.o
 .debug_line    0x00001a1a      0x197 .\CortexM3\ARM_GCC_541\Debug\lib_mem.o
 .debug_line    0x00001bb1      0x4f8 .\CortexM3\ARM_GCC_541\Debug\lib_str.o
 .debug_line    0x000020a9      0x20e .\CortexM3\ARM_GCC_541\Debug\lib_ascii.o
 .debug_line    0x000022b7      0x1e6 .\CortexM3\ARM_GCC_541\Debug\os_cpu_c.o
 .debug_line    0x0000249d      0x191 .\CortexM3\ARM_GCC_541\Debug\os_pend_multi.o
 .debug_line    0x0000262e       0xf6 .\CortexM3\ARM_GCC_541\Debug\os_prio.o
 .debug_line    0x00002724      0x264 .\CortexM3\ARM_GCC_541\Debug\os_q.o
 .debug_line    0x00002988      0x25e .\CortexM3\ARM_GCC_541\Debug\os_sem.o
 .debug_line    0x00002be6      0x1a7 .\CortexM3\ARM_GCC_541\Debug\os_stat.o
 .debug_line    0x00002d8d      0x53b .\CortexM3\ARM_GCC_541\Debug\os_task.o
 .debug_line    0x000032c8      0x1f2 .\CortexM3\ARM_GCC_541\Debug\os_tick.o
 .debug_line    0x000034ba      0x198 .\CortexM3\ARM_GCC_541\Debug\os_time.o
 .debug_line    0x00003652      0x317 .\CortexM3\ARM_GCC_541\Debug\os_tmr.o
 .debug_line    0x00003969       0x7f .\CortexM3\ARM_GCC_541\Debug\os_var.o
 .debug_line    0x000039e8       0xaf .\CortexM3\ARM_GCC_541\Debug\os_cfg_app.o
 .debug_line    0x00003a97      0x5c9 .\CortexM3\ARM_GCC_541\Debug\os_core.o
 .debug_line    0x00004060       0xab .\CortexM3\ARM_GCC_541\Debug\os_dbg.o
 .debug_line    0x0000410b      0x301 .\CortexM3\ARM_GCC_541\Debug\os_flag.o
 .debug_line    0x0000440c       0x1d .\CortexM3\ARM_GCC_541\Debug\os_int.o
 .debug_line    0x00004429      0x14a .\CortexM3\ARM_GCC_541\Debug\os_mem.o
 .debug_line    0x00004573      0x17a .\CortexM3\ARM_GCC_541\Debug\os_msg.o
 .debug_line    0x000046ed      0x25b .\CortexM3\ARM_GCC_541\Debug\os_mutex.o
 .debug_line    0x00004948      0x39f .\CortexM3\ARM_GCC_541\Debug\max30102_interface.o
 .debug_line    0x00004ce7      0x8d1 .\CortexM3\ARM_GCC_541\Debug\driver_max30102.o
 .debug_line    0x000055b8      0x7b2 .\CortexM3\ARM_GCC_541\Debug\bme68x.o
 .debug_line    0x00005d6a      0x1f8 .\CortexM3\ARM_GCC_541\Debug\cyfitter_cfg.o
 .debug_line    0x00005f62      0x141 .\CortexM3\ARM_GCC_541\Debug\cymetadata.o
 .debug_line    0x000060a3      0x241 .\CortexM3\ARM_GCC_541\Debug\Cm3Start.o
 .debug_line    0x000062e4       0x70 .\CortexM3\ARM_GCC_541\Debug\cpu_a.o
 .debug_line    0x00006354       0x9a .\CortexM3\ARM_GCC_541\Debug\os_cpu_a.o
 .debug_line    0x000063ee      0x33f .\CortexM3\ARM_GCC_541\Debug\esw_uCOS3_cykit.a(UART_1.o)