Archive member included to satisfy reference by file (symbol)

.\CortexM3\ARM_GCC_541\Debug\esw_uCOS3_cykit.a(UART_1.o)
                              .\CortexM3\ARM_GCC_541\Debug\bsp_uart.o (UART_1_Start)
.\CortexM3\ARM_GCC_541\Debug\esw_uCOS3_cykit.a(UART_1_INT.o)
                              .\CortexM3\ARM_GCC_541\Debug\esw_uCOS3_cykit.a(UART_1.o) (UART_1_RXISR)
.\CortexM3\ARM_GCC_541\Debug\esw_uCOS3_cykit.a(Pin_1.o)
                              .\CortexM3\ARM_GCC_541\Debug\bsp_gpio.o (Pin_1_Write)
.\CortexM3\ARM_GCC_541\Debug\esw_uCOS3_cykit.a(UART_1_IntClock.o)
                              .\CortexM3\ARM_GCC_541\Debug\esw_uCOS3_cykit.a(UART_1.o) (UART_1_IntClock_Start)
.\CortexM3\ARM_GCC_541\Debug\esw_uCOS3_cykit.a(CyDmac.o)
                              .\CortexM3\ARM_GCC_541\Debug\Cm3Start.o (CyDmacConfigure)
.\CortexM3\ARM_GCC_541\Debug\esw_uCOS3_cykit.a(CyLib.o)
                              .\CortexM3\ARM_GCC_541\Debug\Cm3Start.o (CyHalt)
.\CortexM3\ARM_GCC_541\Debug\esw_uCOS3_cykit.a(cyPm.o)
                              .\CortexM3\ARM_GCC_541\Debug\esw_uCOS3_cykit.a(CyLib.o) (CyPmReadStatus)
.\CortexM3\ARM_GCC_541\Debug\esw_uCOS3_cykit.a(Pin_2.o)
                              .\CortexM3\ARM_GCC_541\Debug\bsp_gpio.o (Pin_2_Write)
.\CortexM3\ARM_GCC_541\Debug\esw_uCOS3_cykit.a(push_button.o)
                              .\CortexM3\ARM_GCC_541\Debug\bsp_gpio.o (push_button_Write)
.\CortexM3\ARM_GCC_541\Debug\esw_uCOS3_cykit.a(I2C_1.o)
                              .\CortexM3\ARM_GCC_541\Debug\bsp_i2c.o (I2C_1_Start)
.\CortexM3\ARM_GCC_541\Debug\esw_uCOS3_cykit.a(I2C_1_INT.o)
                              .\CortexM3\ARM_GCC_541\Debug\esw_uCOS3_cykit.a(I2C_1.o) (I2C_1_ISR)
.\CortexM3\ARM_GCC_541\Debug\esw_uCOS3_cykit.a(I2C_1_PM.o)
                              .\CortexM3\ARM_GCC_541\Debug\esw_uCOS3_cykit.a(I2C_1.o) (I2C_1_backup)
.\CortexM3\ARM_GCC_541\Debug\esw_uCOS3_cykit.a(I2C_1_MASTER.o)
                              .\CortexM3\ARM_GCC_541\Debug\esw_uCOS3_cykit.a(I2C_1.o) (I2C_1_mstrStatus)
.\CortexM3\ARM_GCC_541\Debug\esw_uCOS3_cykit.a(Timer_1.o)
                              .\CortexM3\ARM_GCC_541\Debug\bsp_i2c.o (Timer_1_Start)
.\CortexM3\ARM_GCC_541\Debug\esw_uCOS3_cykit.a(Timer_ISR.o)
                              .\CortexM3\ARM_GCC_541\Debug\bsp_i2c.o (Timer_ISR_StartEx)
.\CortexM3\ARM_GCC_541\Debug\esw_uCOS3_cykit.a(CyBootAsmGnu.o)
                              .\CortexM3\ARM_GCC_541\Debug\cyfitter_cfg.o (CyDelayCycles)
.\CortexM3\ARM_GCC_541\Debug\esw_uCOS3_cykit.a(CyFlash.o)
                              .\CortexM3\ARM_GCC_541\Debug\esw_uCOS3_cykit.a(cyPm.o) (CyFlash_SetWaitCycles)
.\CortexM3\ARM_GCC_541\Debug\esw_uCOS3_cykit.a(CySpc.o)
                              .\CortexM3\ARM_GCC_541\Debug\esw_uCOS3_cykit.a(CyFlash.o) (CySpcStart)
c:/program files (x86)/cypress/psoc creator/4.4/psoc creator/import/gnu/arm/5.4.1/bin/../lib/gcc/arm-none-eabi/5.4.1/armv7-m\libgcc.a(_arm_addsubsf3.o)
                              .\CortexM3\ARM_GCC_541\Debug\driver_max30102.o (__aeabi_fadd)
c:/program files (x86)/cypress/psoc creator/4.4/psoc creator/import/gnu/arm/5.4.1/bin/../lib/gcc/arm-none-eabi/5.4.1/armv7-m\libgcc.a(_arm_muldivsf3.o)
                              .\CortexM3\ARM_GCC_541\Debug\driver_max30102.o (__aeabi_fmul)
c:/program files (x86)/cypress/psoc creator/4.4/psoc creator/import/gnu/arm/5.4.1/bin/../lib/gcc/arm-none-eabi/5.4.1/armv7-m\libgcc.a(_aeabi_ldivmod.o)
                              .\CortexM3\ARM_GCC_541\Debug\bme68x.o (__aeabi_ldivmod)
c:/program files (x86)/cypress/psoc creator/4.4/psoc creator/import/gnu/arm/5.4.1/bin/../lib/gcc/arm-none-eabi/5.4.1/armv7-m\libgcc.a(_udivmoddi4.o)
                              c:/program files (x86)/cypress/psoc creator/4.4/psoc creator/import/gnu/arm/5.4.1/bin/../lib/gcc/arm-none-eabi/5.4.1/armv7-m\libgcc.a(_aeabi_ldivmod.o) (__udivmoddi4)
c:/program files (x86)/cypress/psoc creator/4.4/psoc creator/import/gnu/arm/5.4.1/bin/../lib/gcc/arm-none-eabi/5.4.1/armv7-m\libgcc.a(_dvmd_tls.o)
                              c:/program files (x86)/cypress/psoc creator/4.4/psoc creator/import/gnu/arm/5.4.1/bin/../lib/gcc/arm-none-eabi/5.4.1/armv7-m\libgcc.a(_aeabi_ldivmod.o) (__aeabi_ldiv0)
c:/program files (x86)/cypress/psoc creator/4.4/psoc creator/import/gnu/arm/5.4.1/bin/../lib/gcc/arm-none-eabi/5.4.1/../../../../arm-none-eabi/lib/armv7-m\libg_nano.a(lib_a-errno.o)
                              .\CortexM3\ARM_GCC_541\Debug\Cm3Start.o (__errno)
c:/program files (x86)/cypress/psoc creator/4.4/psoc creator/import/gnu/arm/5.4.1/bin/../lib/gcc/arm-none-eabi/5.4.1/../../../../arm-none-eabi/lib/armv7-m\libg_nano.a(lib_a-exit.o)
                              c:/program files (x86)/cypress/psoc creator/4.4/psoc creator/import/gnu/arm/5.4.1/bin/../lib/gcc/arm-none-eabi/5.4.1/../../../../arm-none-eabi/lib/armv7-m/crt0.o (exit)
[...]
Memory Configuration

Name             Origin             Length             Attributes
rom              0x00000000         0x00040000         xr
ram              0x1fff8000         0x00010000         xrw
*default*        0x00000000         0xffffffff

Linker script and memory map

LOAD c:/program files (x86)/cypress/psoc creator/4.4/psoc creator/import/gnu/arm/5.4.1/bin/../lib/gcc/arm-none-eabi/5.4.1/armv7-m/crti.o
LOAD c:/program files (x86)/cypress/psoc creator/4.4/psoc creator/import/gnu/arm/5.4.1/bin/../lib/gcc/arm-none-eabi/5.4.1/armv7-m/crtbegin.o
LOAD c:/program files (x86)/cypress/psoc creator/4.4/psoc creator/import/gnu/arm/5.4.1/bin/../lib/gcc/arm-none-eabi/5.4.1/../../../../arm-none-eabi/lib/armv7-m/crt0.o
START GROUP
LOAD .\CortexM3\ARM_GCC_541\Debug\app.o
LOAD .\CortexM3\ARM_GCC_541\Debug\os_app_hooks.o
LOAD .\CortexM3\ARM_GCC_541\Debug\log_task.o
LOAD .\CortexM3\ARM_GCC_541\Debug\heartbeatSensor.o
LOAD .\CortexM3\ARM_GCC_541\Debug\environmentSensor.o
LOAD .\CortexM3\ARM_GCC_541\Debug\bsp_os.o
LOAD .\CortexM3\ARM_GCC_541\Debug\bsp.o
LOAD .\CortexM3\ARM_GCC_541\Debug\cpu_bsp.o
LOAD .\CortexM3\ARM_GCC_541\Debug\bsp_uart.o
LOAD .\CortexM3\ARM_GCC_541\Debug\bsp_gpio.o
LOAD .\CortexM3\ARM_GCC_541\Debug\bsp_i2c.o
LOAD .\CortexM3\ARM_GCC_541\Debug\cpu_c.o
LOAD .\CortexM3\ARM_GCC_541\Debug\cpu_core.o
LOAD .\CortexM3\ARM_GCC_541\Debug\lib_math.o
LOAD .\CortexM3\ARM_GCC_541\Debug\lib_mem.o
LOAD .\CortexM3\ARM_GCC_541\Debug\lib_str.o
LOAD .\CortexM3\ARM_GCC_541\Debug\lib_ascii.o
LOAD .\CortexM3\ARM_GCC_541\Debug\os_cpu_c.o
LOAD .\CortexM3\ARM_GCC_541\Debug\os_pend_multi.o
LOAD .\CortexM3\ARM_GCC_541\Debug\os_prio.o
LOAD .\CortexM3\ARM_GCC_541\Debug\os_q.o
LOAD .\CortexM3\ARM_GCC_541\Debug\os_sem.o
LOAD .\CortexM3\ARM_GCC_541\Debug\os_stat.o
LOAD .\CortexM3\ARM_GCC_541\Debug\os_task.o
LOAD .\CortexM3\ARM_GCC_541\Debug\os_tick.o
LOAD .\CortexM3\ARM_GCC_541\Debug\os_time.o
LOAD .\CortexM3\ARM_GCC_541\Debug\os_tmr.o
LOAD .\CortexM3\ARM_GCC_541\Debug\os_var.o
LOAD .\CortexM3\ARM_GCC_541\Debug\os_cfg_app.o
LOAD .\CortexM3\ARM_GCC_541\Debug\os_core.o
LOAD .\CortexM3\ARM_GCC_541\Debug\os_dbg.o
LOAD .\CortexM3\ARM_GCC_541\Debug\os_flag.o
LOAD .\CortexM3\ARM_GCC_541\Debug\os_int.o
LOAD .\CortexM3\ARM_GCC_541\Debug\os_mem.o
LOAD .\CortexM3\ARM_GCC_541\Debug\os_msg.o
LOAD .\CortexM3\ARM_GCC_541\Debug\os_mutex.o
LOAD .\CortexM3\ARM_GCC_541\Debug\max30102_interface.o
LOAD .\CortexM3\ARM_GCC_541\Debug\driver_max30102.o
LOAD .\CortexM3\ARM_GCC_541\Debug\bme68x.o
LOAD .\CortexM3\ARM_GCC_541\Debug\cyfitter_cfg.o
LOAD .\CortexM3\ARM_GCC_541\Debug\cymetadata.o
LOAD .\CortexM3\ARM_GCC_541\Debug\Cm3Start.o
LOAD .\CortexM3\ARM_GCC_541\Debug\cpu_a.o
LOAD .\CortexM3\ARM_GCC_541\Debug\os_cpu_a.o
LOAD .\CortexM3\ARM_GCC_541\Debug\esw_uCOS3_cykit.a
LOAD C:\Program Files (x86)\Cypress\PSoC Creator\4.4\PSoC Creator\psoc\content\cycomponentlibrary\CyComponentLibrary.cylib\CortexM3\ARM_GCC_541\Debug\CyComponentLibrary.a
END GROUP
START GROUP
LOAD c:/program files (x86)/cypress/psoc creator/4.4/psoc creator/import/gnu/arm/5.4.1/bin/../lib/gcc/arm-none-eabi/5.4.1/armv7-m\libgcc.a
LOAD c:/program files (x86)/cypress/psoc creator/4.4/psoc creator/import/gnu/arm/5.4.1/bin/../lib/gcc/arm-none-eabi/5.4.1/../../../../arm-none-eabi/lib/armv7-m\libg_nano.a
LOAD c:/program files (x86)/cypress/psoc creator/4.4/psoc creator/import/gnu/arm/5.4.1/bin/../lib/gcc/arm-none-eabi/5.4.1/../../../../arm-none-eabi/lib/armv7-m\libc_nano.a
END GROUP
START GROUP
LOAD c:/program files (x86)/cypress/psoc creator/4.4/psoc creator/import/gnu/arm/5.4.1/bin/../lib/gcc/arm-none-eabi/5.4.1/armv7-m\libgcc.a
LOAD c:/program files (x86)/cypress/psoc creator/4.4/psoc creator/import/gnu/arm/5.4.1/bin/../lib/gcc/arm-none-eabi/5.4.1/../../../../arm-none-eabi/lib/armv7-m\libc_nano.a
END GROUP
LOAD c:/program files (x86)/cypress/psoc creator/4.4/psoc creator/import/gnu/arm/5.4.1/bin/../lib/gcc/arm-none-eabi/5.4.1/armv7-m/crtend.o
LOAD c:/program files (x86)/cypress/psoc creator/4.4/psoc creator/import/gnu/arm/5.4.1/bin/../lib/gcc/arm-none-eabi/5.4.1/armv7-m/crtn.o
START GROUP
LOAD c:/program files (x86)/cypress/psoc creator/4.4/psoc creator/import/gnu/arm/5.4.1/bin/../lib/gcc/arm-none-eabi/5.4.1/armv7-m\libgcc.a
LOAD c:/program files (x86)/cypress/psoc creator/4.4/psoc creator/import/gnu/arm/5.4.1/bin/../lib/gcc/arm-none-eabi/5.4.1/../../../../arm-none-eabi/lib/armv7-m\libc.a
LOAD c:/program files (x86)/cypress/psoc creator/4.4/psoc creator/import/gnu/arm/5.4.1/bin/../lib/gcc/arm-none-eabi/5.4.1/../../../../arm-none-eabi/lib/armv7-m\libnosys.a
END GROUP
                0x00000000                CY_APPL_ORIGIN = 0x0
                0x00000100                CY_FLASH_ROW_SIZE = 0x100
                0x00000020                CY_ECC_ROW_SIZE = 0x20
                0x00000000                CY_EE_IN_BTLDR = 0x0
                0x00000000                CY_APPL_LOADABLE = 0x0
                0x00000800                CY_EE_SIZE = 0x800
                0x00000001                CY_APPL_NUM = 0x1
                0x00000001                CY_APPL_MAX = 0x1
                0x00000040                CY_METADATA_SIZE = 0x40
                0x00000000                CY_APPL_LOADABLE = 0x0
                0x00000000                CY_CHECKSUM_EXCLUDE_SIZE = ALIGN (0x0, CY_FLASH_ROW_SIZE)
                [!provide]                PROVIDE (__cy_heap_start, _end)
                0x00000001                PROVIDE (__cy_region_num, ((__cy_regions_end - __cy_regions) / 0x10))
                0x20008000                PROVIDE (__cy_stack, (ORIGIN (ram) + LENGTH (ram)))
                [!provide]                PROVIDE (__cy_heap_end, (__cy_stack - 0x800))

.cybootloader   0x00000000        0x0
 *(.cybootloader)
                0x00000000                appl1_start = CY_APPL_ORIGIN?CY_APPL_ORIGIN:ALIGN (CY_FLASH_ROW_SIZE)
                0x0001ff00                appl2_start = (appl1_start + ALIGN ((((LENGTH (rom) - appl1_start) - (0x2 * CY_FLASH_ROW_SIZE)) / 0x2), CY_FLASH_ROW_SIZE))
                0x00000000                appl_start = (CY_APPL_NUM == 0x1)?appl1_start:appl2_start
                0x00000000                ecc_offset = ((appl_start / CY_FLASH_ROW_SIZE) * CY_ECC_ROW_SIZE)
                0x00000000                ee_offset = (CY_APPL_LOADABLE && ! (CY_EE_IN_BTLDR))?((CY_EE_SIZE / CY_APPL_MAX) * (CY_APPL_NUM - 0x1)):0x0
                0x00000800                ee_size = (CY_APPL_LOADABLE && ! (CY_EE_IN_BTLDR))?(CY_EE_SIZE / CY_APPL_MAX):CY_EE_SIZE
                [!provide]                PROVIDE (CY_ECC_OFFSET, ecc_offset)

.text           0x00000000     0x7138
 CREATE_OBJECT_SYMBOLS
                0x00000000                PROVIDE (__cy_interrupt_vector, RomVectors)
 *(.romvectors)
 .romvectors    0x00000000       0x10 .\CortexM3\ARM_GCC_541\Debug\Cm3Start.o
                0x00000000                RomVectors
                0x00000001                ASSERT ((. != __cy_interrupt_vector), No interrupt vector)
                0x00000001                ASSERT (CY_APPL_ORIGIN?(SIZEOF (.cybootloader) <= CY_APPL_ORIGIN):0x1, Wrong image location)
                0x00000010                PROVIDE (__cy_reset, Reset)
 *(.text.Reset)
 .text.Reset    0x00000010       0x18 .\CortexM3\ARM_GCC_541\Debug\Cm3Start.o
                0x00000010                Reset
                0x00000001                ASSERT ((. != __cy_reset), No reset code)
 *(.dma_init)
                0x00000001                ASSERT ((((appl_start + .) <= 0x10000) || 0x1), DMA Init must be within the first 64k of flash)
 *(.text .text.* .gnu.linkonce.t.*)
 .text          0x00000028       0x5c c:/program files (x86)/cypress/psoc creator/4.4/psoc creator/import/gnu/arm/5.4.1/bin/../lib/gcc/arm-none-eabi/5.4.1/armv7-m/crtbegin.o
 .text.App_TaskStart
                0x00000084       0x78 .\CortexM3\ARM_GCC_541\Debug\app.o
 .text.main     0x000000fc       0x60 .\CortexM3\ARM_GCC_541\Debug\app.o
                0x000000fc                main
 .text.Log_LevelToString
                0x0000015c       0x88 .\CortexM3\ARM_GCC_541\Debug\log_task.o
 .text.Log_PrintErrorWithCode
                0x000001e4       0x2c .\CortexM3\ARM_GCC_541\Debug\log_task.o
 .text.Log_Task
                0x00000210       0xe4 .\CortexM3\ARM_GCC_541\Debug\log_task.o
 .text.Log_Init
                0x000002f4       0x58 .\CortexM3\ARM_GCC_541\Debug\log_task.o
                0x000002f4                Log_Init
 .text.Log_Write
                0x0000034c       0xb0 .\CortexM3\ARM_GCC_541\Debug\log_task.o
                0x0000034c                Log_Write
 .text.MAX30102_Init
                0x000003fc       0x78 .\CortexM3\ARM_GCC_541\Debug\heartbeatSensor.o
                0x000003fc                MAX30102_Init
 .text.enqueueHeartRate
                0x00000474       0x84 .\CortexM3\ARM_GCC_541\Debug\heartbeatSensor.o
                0x00000474                enqueueHeartRate
 .text.updateHeartRate
                0x000004f8       0xd0 .\CortexM3\ARM_GCC_541\Debug\heartbeatSensor.o
                0x000004f8                updateHeartRate
 .text.enqueueSpO2
                0x000005c8       0x84 .\CortexM3\ARM_GCC_541\Debug\heartbeatSensor.o
                0x000005c8                enqueueSpO2
 .text.calculateSpO2
                0x0000064c       0x58 .\CortexM3\ARM_GCC_541\Debug\heartbeatSensor.o
                0x0000064c                calculateSpO2
 .text.updateSpO2
                0x000006a4       0x28 .\CortexM3\ARM_GCC_541\Debug\heartbeatSensor.o
                0x000006a4                updateSpO2
 .text.averageDCEstimator
                0x000006cc       0x14 .\CortexM3\ARM_GCC_541\Debug\heartbeatSensor.o
                0x000006cc                averageDCEstimator
 .text.mul16    0x000006e0        0x8 .\CortexM3\ARM_GCC_541\Debug\heartbeatSensor.o
                0x000006e0                mul16
 .text.lowPassFIRFilter
                0x000006e8       0x80 .\CortexM3\ARM_GCC_541\Debug\heartbeatSensor.o
                0x000006e8                lowPassFIRFilter
 .text.processSignals
                0x00000768       0x48 .\CortexM3\ARM_GCC_541\Debug\heartbeatSensor.o
                0x00000768                processSignals
 .text.max30102_Task
                0x000007b0       0x7c .\CortexM3\ARM_GCC_541\Debug\heartbeatSensor.o
 .text.bsp_i2c_read_bme
                0x0000082c       0x20 .\CortexM3\ARM_GCC_541\Debug\environmentSensor.o
                0x0000082c                bsp_i2c_read_bme
 .text.bsp_i2c_write_bme
                0x0000084c       0x20 .\CortexM3\ARM_GCC_541\Debug\environmentSensor.o
                0x0000084c                bsp_i2c_write_bme
 .text.us_Delay
                0x0000086c        0xc .\CortexM3\ARM_GCC_541\Debug\environmentSensor.o
                0x0000086c                us_Delay
 .text.BME688_Init_Task
                0x00000878       0x78 .\CortexM3\ARM_GCC_541\Debug\environmentSensor.o
                0x00000878                BME688_Init_Task
 .text.Init_BME688_Sensor
                0x000008f0       0xf0 .\CortexM3\ARM_GCC_541\Debug\environmentSensor.o
                0x000008f0                Init_BME688_Sensor
 .text.bme688_Task
                0x000009e0       0xd8 .\CortexM3\ARM_GCC_541\Debug\environmentSensor.o
 .text.BSP_PreInit
                0x00000ab8       0x20 .\CortexM3\ARM_GCC_541\Debug\bsp.o
                0x00000ab8                BSP_PreInit
 .text.BSP_PostInit
                0x00000ad8        0xc .\CortexM3\ARM_GCC_541\Debug\bsp.o
                0x00000ad8                BSP_PostInit
 .text.BSP_CPU_ClkFreq
                0x00000ae4        0x8 .\CortexM3\ARM_GCC_541\Debug\bsp.o
                0x00000ae4                BSP_CPU_ClkFreq
 .text.BSP_CPU_TickInit
                0x00000aec       0x18 .\CortexM3\ARM_GCC_541\Debug\bsp.o
                0x00000aec                BSP_CPU_TickInit
 .text.CPU_TS_TmrInit
                0x00000b04       0x28 .\CortexM3\ARM_GCC_541\Debug\cpu_bsp.o
                0x00000b04                CPU_TS_TmrInit
 .text.CPU_TS_TmrRd
                0x00000b2c        0xc .\CortexM3\ARM_GCC_541\Debug\cpu_bsp.o
                0x00000b2c                CPU_TS_TmrRd
 .text.init_uart
                0x00000b38        0x8 .\CortexM3\ARM_GCC_541\Debug\bsp_uart.o
                0x00000b38                init_uart
 .text.init_gpio
                0x00000b40       0x1c .\CortexM3\ARM_GCC_541\Debug\bsp_gpio.o
                0x00000b40                init_gpio
 .text.Timer_ISR
                0x00000b5c       0x10 .\CortexM3\ARM_GCC_541\Debug\bsp_i2c.o
                0x00000b5c                Timer_ISR
 .text.I2C_Init
                0x00000b6c       0x50 .\CortexM3\ARM_GCC_541\Debug\bsp_i2c.o
                0x00000b6c                I2C_Init
 .text.bsp_i2c_read
                0x00000bbc       0xd0 .\CortexM3\ARM_GCC_541\Debug\bsp_i2c.o
                0x00000bbc                bsp_i2c_read
 .text.bsp_i2c_write
                0x00000c8c       0xa0 .\CortexM3\ARM_GCC_541\Debug\bsp_i2c.o
                0x00000c8c                bsp_i2c_write
 .text.CPU_TS_Init
                0x00000d2c       0x14 .\CortexM3\ARM_GCC_541\Debug\cpu_core.o
 .text.CPU_NameClr
                0x00000d40       0x1c .\CortexM3\ARM_GCC_541\Debug\cpu_core.o
                0x00000d40                CPU_NameClr
 .text.CPU_NameInit
                0x00000d5c        0x8 .\CortexM3\ARM_GCC_541\Debug\cpu_core.o
 .text.CPU_Init
                0x00000d64        0xc .\CortexM3\ARM_GCC_541\Debug\cpu_core.o
                0x00000d64                CPU_Init
 .text.CPU_TS_TmrFreqSet
                0x00000d70        0xc .\CortexM3\ARM_GCC_541\Debug\cpu_core.o
                0x00000d70                CPU_TS_TmrFreqSet
 .text.Mem_Set  0x00000d7c       0x44 .\CortexM3\ARM_GCC_541\Debug\lib_mem.o
                0x00000d7c                Mem_Set
 .text.Mem_Clr  0x00000dc0        0xc .\CortexM3\ARM_GCC_541\Debug\lib_mem.o
                0x00000dc0                Mem_Clr
 .text.OSIdleTaskHook
                0x00000dcc       0x10 .\CortexM3\ARM_GCC_541\Debug\os_cpu_c.o
                0x00000dcc                OSIdleTaskHook
 .text.OSInitHook
                0x00000ddc       0x3c .\CortexM3\ARM_GCC_541\Debug\os_cpu_c.o
                0x00000ddc                OSInitHook
 .text.OSStatTaskHook
                0x00000e18       0x10 .\CortexM3\ARM_GCC_541\Debug\os_cpu_c.o
                0x00000e18                OSStatTaskHook
 .text.OSTaskCreateHook
                0x00000e28       0x10 .\CortexM3\ARM_GCC_541\Debug\os_cpu_c.o
                0x00000e28                OSTaskCreateHook
 .text.OSTaskDelHook
                0x00000e38       0x10 .\CortexM3\ARM_GCC_541\Debug\os_cpu_c.o
                0x00000e38                OSTaskDelHook
 .text.OSTaskReturnHook
                0x00000e48       0x10 .\CortexM3\ARM_GCC_541\Debug\os_cpu_c.o
                0x00000e48                OSTaskReturnHook
 .text.OSTaskStkInit
                0x00000e58       0x88 .\CortexM3\ARM_GCC_541\Debug\os_cpu_c.o
                0x00000e58                OSTaskStkInit
 .text.OSTaskSwHook
                0x00000ee0       0x40 .\CortexM3\ARM_GCC_541\Debug\os_cpu_c.o
                0x00000ee0                OSTaskSwHook
 .text.OSTimeTickHook
                0x00000f20       0x10 .\CortexM3\ARM_GCC_541\Debug\os_cpu_c.o
                0x00000f20                OSTimeTickHook
 .text.OS_CPU_SysTickHandler
                0x00000f30       0x20 .\CortexM3\ARM_GCC_541\Debug\os_cpu_c.o
                0x00000f30                OS_CPU_SysTickHandler
 .text.OS_CPU_SysTickInit
                0x00000f50       0x30 .\CortexM3\ARM_GCC_541\Debug\os_cpu_c.o
                0x00000f50                OS_CPU_SysTickInit
 .text.OS_PrioInit
                0x00000f80       0x18 .\CortexM3\ARM_GCC_541\Debug\os_prio.o
                0x00000f80                OS_PrioInit
 .text.OS_PrioGetHighest
                0x00000f98       0x24 .\CortexM3\ARM_GCC_541\Debug\os_prio.o
                0x00000f98                OS_PrioGetHighest
 .text.OS_PrioInsert
                0x00000fbc       0x24 .\CortexM3\ARM_GCC_541\Debug\os_prio.o
                0x00000fbc                OS_PrioInsert
 .text.OS_PrioRemove
                0x00000fe0       0x24 .\CortexM3\ARM_GCC_541\Debug\os_prio.o
                0x00000fe0                OS_PrioRemove
 .text.OSQPend  0x00001004      0x164 .\CortexM3\ARM_GCC_541\Debug\os_q.o
                0x00001004                OSQPend
 .text.OS_QDbgListAdd
                0x00001168       0x24 .\CortexM3\ARM_GCC_541\Debug\os_q.o
                0x00001168                OS_QDbgListAdd
 .text.OSQCreate
                0x0000118c       0x7c .\CortexM3\ARM_GCC_541\Debug\os_q.o
                0x0000118c                OSQCreate
 .text.OS_QInit
                0x00001208       0x18 .\CortexM3\ARM_GCC_541\Debug\os_q.o
                0x00001208                OS_QInit
 .text.OS_QPost
                0x00001220       0x84 .\CortexM3\ARM_GCC_541\Debug\os_q.o
                0x00001220                OS_QPost
 .text.OSQPost  0x000012a4       0x74 .\CortexM3\ARM_GCC_541\Debug\os_q.o
                0x000012a4                OSQPost
 .text.OSSemPend
                0x00001318      0x128 .\CortexM3\ARM_GCC_541\Debug\os_sem.o
                0x00001318                OSSemPend
 .text.OS_SemDbgListAdd
                0x00001440       0x24 .\CortexM3\ARM_GCC_541\Debug\os_sem.o
                0x00001440                OS_SemDbgListAdd
 .text.OSSemCreate
                0x00001464       0x68 .\CortexM3\ARM_GCC_541\Debug\os_sem.o
                0x00001464                OSSemCreate
 .text.OS_SemInit
                0x000014cc       0x18 .\CortexM3\ARM_GCC_541\Debug\os_sem.o
                0x000014cc                OS_SemInit
 .text.OS_SemPost
                0x000014e4       0x88 .\CortexM3\ARM_GCC_541\Debug\os_sem.o
                0x000014e4                OS_SemPost
 .text.OSSemPost
                0x0000156c       0x48 .\CortexM3\ARM_GCC_541\Debug\os_sem.o
                0x0000156c                OSSemPost
 .text.OSStatReset
                0x000015b4       0xb8 .\CortexM3\ARM_GCC_541\Debug\os_stat.o
                0x000015b4                OSStatReset
 .text.OS_StatTask
                0x0000166c      0x230 .\CortexM3\ARM_GCC_541\Debug\os_stat.o
                0x0000166c                OS_StatTask
 .text.OS_StatTaskInit
                0x0000189c       0xa8 .\CortexM3\ARM_GCC_541\Debug\os_stat.o
                0x0000189c                OS_StatTaskInit
 .text.OSTaskSemPend
                0x00001944      0x130 .\CortexM3\ARM_GCC_541\Debug\os_task.o
                0x00001944                OSTaskSemPend
 .text.OSTaskStkChk
                0x00001a74       0x90 .\CortexM3\ARM_GCC_541\Debug\os_task.o
                0x00001a74                OSTaskStkChk
 .text.OS_TaskDbgListAdd
                0x00001b04       0x24 .\CortexM3\ARM_GCC_541\Debug\os_task.o
                0x00001b04                OS_TaskDbgListAdd
 .text.OS_TaskDbgListRemove
                0x00001b28       0x44 .\CortexM3\ARM_GCC_541\Debug\os_task.o
                0x00001b28                OS_TaskDbgListRemove
 .text.OS_TaskInit
                0x00001b6c       0x20 .\CortexM3\ARM_GCC_541\Debug\os_task.o
                0x00001b6c                OS_TaskInit
 .text.OS_TaskInitTCB
                0x00001b8c       0xcc .\CortexM3\ARM_GCC_541\Debug\os_task.o
                0x00001b8c                OS_TaskInitTCB
 .text.OSTaskCreate
                0x00001c58      0x1a8 .\CortexM3\ARM_GCC_541\Debug\os_task.o
                0x00001c58                OSTaskCreate
 .text.OSTaskDel
                0x00001e00       0xcc .\CortexM3\ARM_GCC_541\Debug\os_task.o
                0x00001e00                OSTaskDel
 .text.OS_TaskReturn
                0x00001ecc       0x20 .\CortexM3\ARM_GCC_541\Debug\os_task.o
                0x00001ecc                OS_TaskReturn
 .text.OS_TaskSemPost
                0x00001eec       0xc0 .\CortexM3\ARM_GCC_541\Debug\os_task.o
                0x00001eec                OS_TaskSemPost
 .text.OSTaskSemPost
                0x00001fac       0x2c .\CortexM3\ARM_GCC_541\Debug\os_task.o
                0x00001fac                OSTaskSemPost
 .text.OS_TickListInit
                0x00001fd8       0x2c .\CortexM3\ARM_GCC_541\Debug\os_tick.o
                0x00001fd8                OS_TickListInit
 .text.OS_TickTaskInit
                0x00002004       0x98 .\CortexM3\ARM_GCC_541\Debug\os_tick.o
                0x00002004                OS_TickTaskInit
 .text.OS_TickListInsert
                0x0000209c      0x120 .\CortexM3\ARM_GCC_541\Debug\os_tick.o
                0x0000209c                OS_TickListInsert
 .text.OS_TickListRemove
                0x000021bc       0x38 .\CortexM3\ARM_GCC_541\Debug\os_tick.o
                0x000021bc                OS_TickListRemove
 .text.OS_TickListResetPeak
                0x000021f4       0x24 .\CortexM3\ARM_GCC_541\Debug\os_tick.o
                0x000021f4                OS_TickListResetPeak
 .text.OS_TickListUpdate
                0x00002218      0x144 .\CortexM3\ARM_GCC_541\Debug\os_tick.o
                0x00002218                OS_TickListUpdate
 .text.OS_TickTask
                0x0000235c       0x2c .\CortexM3\ARM_GCC_541\Debug\os_tick.o
                0x0000235c                OS_TickTask
 .text.OSTimeDly
                0x00002388       0x94 .\CortexM3\ARM_GCC_541\Debug\os_time.o
                0x00002388                OSTimeDly
 .text.OSTimeDlyHMSM
                0x0000241c      0x164 .\CortexM3\ARM_GCC_541\Debug\os_time.o
                0x0000241c                OSTimeDlyHMSM
 .text.OSTimeTick
                0x00002580       0x64 .\CortexM3\ARM_GCC_541\Debug\os_time.o
                0x00002580                OSTimeTick
 .text.OS_TmrInit
                0x000025e4      0x100 .\CortexM3\ARM_GCC_541\Debug\os_tmr.o
                0x000025e4                OS_TmrInit
 .text.OS_TmrLink
                0x000026e4       0xe8 .\CortexM3\ARM_GCC_541\Debug\os_tmr.o
                0x000026e4                OS_TmrLink
 .text.OS_TmrResetPeak
                0x000027cc       0x24 .\CortexM3\ARM_GCC_541\Debug\os_tmr.o
                0x000027cc                OS_TmrResetPeak
 .text.OS_TmrUnlink
                0x000027f0       0x58 .\CortexM3\ARM_GCC_541\Debug\os_tmr.o
                0x000027f0                OS_TmrUnlink
 .text.OS_TmrTask
                0x00002848       0xb0 .\CortexM3\ARM_GCC_541\Debug\os_tmr.o
                0x00002848                OS_TmrTask
 .text.OSCfg_Init
                0x000028f8        0x4 .\CortexM3\ARM_GCC_541\Debug\os_cfg_app.o
                0x000028f8                OSCfg_Init
 .text.OS_IdleTask
                0x000028fc       0x28 .\CortexM3\ARM_GCC_541\Debug\os_core.o
                0x000028fc                OS_IdleTask
 .text.OSIntExit
                0x00002924       0xa8 .\CortexM3\ARM_GCC_541\Debug\os_core.o
                0x00002924                OSIntExit
 .text.OSSched  0x000029cc       0x80 .\CortexM3\ARM_GCC_541\Debug\os_core.o
                0x000029cc                OSSched
 .text.OSSchedLock
                0x00002a4c       0x54 .\CortexM3\ARM_GCC_541\Debug\os_core.o
                0x00002a4c                OSSchedLock
 .text.OSSchedUnlock
                0x00002aa0       0x68 .\CortexM3\ARM_GCC_541\Debug\os_core.o
                0x00002aa0                OSSchedUnlock
 .text.OSStart  0x00002b08       0x5c .\CortexM3\ARM_GCC_541\Debug\os_core.o
                0x00002b08                OSStart
 .text.OS_IdleTaskInit
                0x00002b64       0x58 .\CortexM3\ARM_GCC_541\Debug\os_core.o
                0x00002b64                OS_IdleTaskInit
 .text.OS_PendDataInit
                0x00002bbc       0x28 .\CortexM3\ARM_GCC_541\Debug\os_core.o
                0x00002bbc                OS_PendDataInit
 .text.OS_PendDbgNameAdd
                0x00002be4       0x44 .\CortexM3\ARM_GCC_541\Debug\os_core.o
                0x00002be4                OS_PendDbgNameAdd
 .text.OS_PendDbgNameRemove
                0x00002c28       0x1c .\CortexM3\ARM_GCC_541\Debug\os_core.o
                0x00002c28                OS_PendDbgNameRemove
 .text.OS_PendListInit
                0x00002c44        0xc .\CortexM3\ARM_GCC_541\Debug\os_core.o
                0x00002c44                OS_PendListInit
 .text.OS_PendListInsertPrio
                0x00002c50       0x5c .\CortexM3\ARM_GCC_541\Debug\os_core.o
                0x00002c50                OS_PendListInsertPrio
 .text.OS_PendListRemove1
                0x00002cac       0x38 .\CortexM3\ARM_GCC_541\Debug\os_core.o
                0x00002cac                OS_PendListRemove1
 .text.OS_PendListRemove
                0x00002ce4       0x28 .\CortexM3\ARM_GCC_541\Debug\os_core.o
                0x00002ce4                OS_PendListRemove
 .text.OS_Post1
                0x00002d0c       0x28 .\CortexM3\ARM_GCC_541\Debug\os_core.o
                0x00002d0c                OS_Post1
 .text.OS_RdyListInit
                0x00002d34       0x28 .\CortexM3\ARM_GCC_541\Debug\os_core.o
                0x00002d34                OS_RdyListInit
 .text.OSInit   0x00002d5c      0x154 .\CortexM3\ARM_GCC_541\Debug\os_core.o
                0x00002d5c                OSInit
 .text.OS_RdyListInsertHead
                0x00002eb0       0x54 .\CortexM3\ARM_GCC_541\Debug\os_core.o
                0x00002eb0                OS_RdyListInsertHead
 .text.OS_RdyListInsertTail
                0x00002f04       0x54 .\CortexM3\ARM_GCC_541\Debug\os_core.o
                0x00002f04                OS_RdyListInsertTail
 .text.OS_RdyListInsert
                0x00002f58       0x2c .\CortexM3\ARM_GCC_541\Debug\os_core.o
                0x00002f58                OS_RdyListInsert
 .text.OS_RdyListMoveHeadToTail
                0x00002f84       0x38 .\CortexM3\ARM_GCC_541\Debug\os_core.o
                0x00002f84                OS_RdyListMoveHeadToTail
 .text.OS_RdyListRemove
                0x00002fbc       0x78 .\CortexM3\ARM_GCC_541\Debug\os_core.o
                0x00002fbc                OS_RdyListRemove
 .text.OS_SchedRoundRobin
                0x00003034       0x88 .\CortexM3\ARM_GCC_541\Debug\os_core.o
                0x00003034                OS_SchedRoundRobin
 .text.OS_TaskBlock
                0x000030bc       0x3c .\CortexM3\ARM_GCC_541\Debug\os_core.o
                0x000030bc                OS_TaskBlock
 .text.OS_Pend  0x000030f8       0x54 .\CortexM3\ARM_GCC_541\Debug\os_core.o
                0x000030f8                OS_Pend
 .text.OS_TaskRdy
                0x0000314c       0x1c .\CortexM3\ARM_GCC_541\Debug\os_core.o
                0x0000314c                OS_TaskRdy
 .text.OS_Post  0x00003168       0xac .\CortexM3\ARM_GCC_541\Debug\os_core.o
                0x00003168                OS_Post
 .text.OS_Dbg_Init
                0x00003214        0x4 .\CortexM3\ARM_GCC_541\Debug\os_dbg.o
                0x00003214                OS_Dbg_Init
 .text.OS_FlagInit
                0x00003218       0x18 .\CortexM3\ARM_GCC_541\Debug\os_flag.o
                0x00003218                OS_FlagInit
 .text.OSMemGet
                0x00003230       0x3c .\CortexM3\ARM_GCC_541\Debug\os_mem.o
                0x00003230                OSMemGet
 .text.OSMemPut
                0x0000326c       0x4c .\CortexM3\ARM_GCC_541\Debug\os_mem.o
                0x0000326c                OSMemPut
 .text.OS_MemDbgListAdd
                0x000032b8       0x1c .\CortexM3\ARM_GCC_541\Debug\os_mem.o
                0x000032b8                OS_MemDbgListAdd
 .text.OSMemCreate
                0x000032d4       0xe0 .\CortexM3\ARM_GCC_541\Debug\os_mem.o
                0x000032d4                OSMemCreate
 .text.OS_MemInit
                0x000033b4       0x18 .\CortexM3\ARM_GCC_541\Debug\os_mem.o
                0x000033b4                OS_MemInit
 .text.OS_MsgPoolInit
                0x000033cc       0x68 .\CortexM3\ARM_GCC_541\Debug\os_msg.o
                0x000033cc                OS_MsgPoolInit
 .text.OS_MsgQFreeAll
                0x00003434       0x34 .\CortexM3\ARM_GCC_541\Debug\os_msg.o
                0x00003434                OS_MsgQFreeAll
 .text.OS_MsgQInit
                0x00003468       0x10 .\CortexM3\ARM_GCC_541\Debug\os_msg.o
                0x00003468                OS_MsgQInit
 .text.OS_MsgQGet
                0x00003478       0x5c .\CortexM3\ARM_GCC_541\Debug\os_msg.o
                0x00003478                OS_MsgQGet
 .text.OS_MsgQPut
                0x000034d4       0x94 .\CortexM3\ARM_GCC_541\Debug\os_msg.o
                0x000034d4                OS_MsgQPut
 .text.OS_MutexInit
                0x00003568       0x18 .\CortexM3\ARM_GCC_541\Debug\os_mutex.o
                0x00003568                OS_MutexInit
 .text.bsp_delay_ms
                0x00003580       0x6c .\CortexM3\ARM_GCC_541\Debug\max30102_interface.o
                0x00003580                bsp_delay_ms
 .text.bsp_i2c_deinit
                0x000035ec       0x14 .\CortexM3\ARM_GCC_541\Debug\max30102_interface.o
 .text.bsp_i2c_init
                0x00003600       0x14 .\CortexM3\ARM_GCC_541\Debug\max30102_interface.o
 .text.bsp_debug_print
                0x00003614       0x28 .\CortexM3\ARM_GCC_541\Debug\max30102_interface.o
                0x00003614                bsp_debug_print
 .text.max30102_receive_callback
                0x0000363c       0x40 .\CortexM3\ARM_GCC_541\Debug\max30102_interface.o
                0x0000363c                max30102_receive_callback
 .text.max30102_sensor_init
                0x0000367c      0x1d8 .\CortexM3\ARM_GCC_541\Debug\max30102_interface.o
                0x0000367c                max30102_sensor_init
 .text.max30102_init
                0x00003854      0x1ec .\CortexM3\ARM_GCC_541\Debug\driver_max30102.o
                0x00003854                max30102_init
 .text.max30102_read
                0x00003a40      0x1f8 .\CortexM3\ARM_GCC_541\Debug\driver_max30102.o
                0x00003a40                max30102_read
 .text.max30102_set_interrupt
                0x00003c38       0xcc .\CortexM3\ARM_GCC_541\Debug\driver_max30102.o
                0x00003c38                max30102_set_interrupt
 .text.max30102_set_fifo_sample_averaging
                0x00003d04       0x68 .\CortexM3\ARM_GCC_541\Debug\driver_max30102.o
                0x00003d04                max30102_set_fifo_sample_averaging
 .text.max30102_set_fifo_roll
                0x00003d6c       0x68 .\CortexM3\ARM_GCC_541\Debug\driver_max30102.o
                0x00003d6c                max30102_set_fifo_roll
 .text.max30102_set_mode
                0x00003dd4       0x64 .\CortexM3\ARM_GCC_541\Debug\driver_max30102.o
                0x00003dd4                max30102_set_mode
 .text.max30102_set_spo2_adc_range
                0x00003e38       0x68 .\CortexM3\ARM_GCC_541\Debug\driver_max30102.o
                0x00003e38                max30102_set_spo2_adc_range
 .text.max30102_set_spo2_sample_rate
                0x00003ea0       0x68 .\CortexM3\ARM_GCC_541\Debug\driver_max30102.o
                0x00003ea0                max30102_set_spo2_sample_rate
 .text.max30102_set_adc_resolution
                0x00003f08       0x64 .\CortexM3\ARM_GCC_541\Debug\driver_max30102.o
                0x00003f08                max30102_set_adc_resolution
 .text.max30102_set_led_red_pulse_amplitude
                0x00003f6c       0x40 .\CortexM3\ARM_GCC_541\Debug\driver_max30102.o
                0x00003f6c                max30102_set_led_red_pulse_amplitude
 .text.max30102_set_led_ir_pulse_amplitude
                0x00003fac       0x40 .\CortexM3\ARM_GCC_541\Debug\driver_max30102.o
                0x00003fac                max30102_set_led_ir_pulse_amplitude
 .text.max30102_set_slot
                0x00003fec      0x150 .\CortexM3\ARM_GCC_541\Debug\driver_max30102.o
                0x00003fec                max30102_set_slot
 .text.calc_temperature
                0x0000413c       0x70 .\CortexM3\ARM_GCC_541\Debug\bme68x.o
 .text.calc_pressure
                0x000041ac       0xc4 .\CortexM3\ARM_GCC_541\Debug\bme68x.o
 .text.calc_humidity
                0x00004270       0xc4 .\CortexM3\ARM_GCC_541\Debug\bme68x.o
 .text.calc_gas_resistance_low
                0x00004334       0xac .\CortexM3\ARM_GCC_541\Debug\bme68x.o
 .text.calc_gas_resistance_high
                0x000043e0       0x28 .\CortexM3\ARM_GCC_541\Debug\bme68x.o
 .text.calc_res_heat
                0x00004408       0xb0 .\CortexM3\ARM_GCC_541\Debug\bme68x.o
 .text.calc_gas_wait
                0x000044b8       0x24 .\CortexM3\ARM_GCC_541\Debug\bme68x.o
 .text.null_ptr_check
                0x000044dc       0x2c .\CortexM3\ARM_GCC_541\Debug\bme68x.o
 .text.set_mem_page
                0x00004508       0x70 .\CortexM3\ARM_GCC_541\Debug\bme68x.o
 .text.get_mem_page
                0x00004578       0x38 .\CortexM3\ARM_GCC_541\Debug\bme68x.o
 .text.boundary_check
                0x000045b0       0x34 .\CortexM3\ARM_GCC_541\Debug\bme68x.o
 .text.calc_heatr_dur_shared
                0x000045e4       0x44 .\CortexM3\ARM_GCC_541\Debug\bme68x.o
 .text.swap_fields
                0x00004628       0x18 .\CortexM3\ARM_GCC_541\Debug\bme68x.o
 .text.sort_sensor_data
                0x00004640       0x44 .\CortexM3\ARM_GCC_541\Debug\bme68x.o
 .text.analyze_sensor_data
                0x00004684       0x8c .\CortexM3\ARM_GCC_541\Debug\bme68x.o
 .text.bme68x_set_regs
                0x00004710       0xcc .\CortexM3\ARM_GCC_541\Debug\bme68x.o
                0x00004710                bme68x_set_regs
 .text.set_conf
                0x000047dc      0x1a4 .\CortexM3\ARM_GCC_541\Debug\bme68x.o
 .text.bme68x_get_regs
                0x00004980       0x58 .\CortexM3\ARM_GCC_541\Debug\bme68x.o
                0x00004980                bme68x_get_regs
 .text.read_variant_id
                0x000049d8       0x28 .\CortexM3\ARM_GCC_541\Debug\bme68x.o
 .text.get_calib_data
                0x00004a00      0x154 .\CortexM3\ARM_GCC_541\Debug\bme68x.o
 .text.read_field_data
                0x00004b54      0x198 .\CortexM3\ARM_GCC_541\Debug\bme68x.o
 .text.read_all_field_data
                0x00004cec      0x244 .\CortexM3\ARM_GCC_541\Debug\bme68x.o
 .text.bme68x_soft_reset
                0x00004f30       0x58 .\CortexM3\ARM_GCC_541\Debug\bme68x.o
                0x00004f30                bme68x_soft_reset
 .text.bme68x_init
                0x00004f88       0x3c .\CortexM3\ARM_GCC_541\Debug\bme68x.o
                0x00004f88                bme68x_init
 .text.bme68x_get_conf
                0x00004fc4       0x58 .\CortexM3\ARM_GCC_541\Debug\bme68x.o
                0x00004fc4                bme68x_get_conf
 .text.bme68x_set_op_mode
                0x0000501c       0x80 .\CortexM3\ARM_GCC_541\Debug\bme68x.o
                0x0000501c                bme68x_set_op_mode
 .text.bme68x_get_op_mode
                0x0000509c       0x2c .\CortexM3\ARM_GCC_541\Debug\bme68x.o
                0x0000509c                bme68x_get_op_mode
 .text.bme68x_set_conf
                0x000050c8      0x140 .\CortexM3\ARM_GCC_541\Debug\bme68x.o
                0x000050c8                bme68x_set_conf
 .text.bme68x_get_meas_dur
                0x00005208       0x8c .\CortexM3\ARM_GCC_541\Debug\bme68x.o
                0x00005208                bme68x_get_meas_dur
 .text.bme68x_get_data
                0x00005294      0x14c .\CortexM3\ARM_GCC_541\Debug\bme68x.o
                0x00005294                bme68x_get_data
 .text.bme68x_set_heatr_conf
                0x000053e0       0xb4 .\CortexM3\ARM_GCC_541\Debug\bme68x.o
                0x000053e0                bme68x_set_heatr_conf
 .text.bme68x_selftest_check
                0x00005494      0x154 .\CortexM3\ARM_GCC_541\Debug\bme68x.o
                0x00005494                bme68x_selftest_check
 .text.CyClockStartupError
                0x000055e8        0x4 .\CortexM3\ARM_GCC_541\Debug\cyfitter_cfg.o
 .text.cfg_write_bytes32
                0x000055ec       0x34 .\CortexM3\ARM_GCC_541\Debug\cyfitter_cfg.o
 .text.AnalogSetDefault
                0x00005620       0x28 .\CortexM3\ARM_GCC_541\Debug\cyfitter_cfg.o
 .text.CYMEMZERO
                0x00005648        0xc .\CortexM3\ARM_GCC_541\Debug\cyfitter_cfg.o
 .text.ClockSetup
                0x00005654       0xb4 .\CortexM3\ARM_GCC_541\Debug\cyfitter_cfg.o
 .text.CYCONFIGCPY
                0x00005708        0x8 .\CortexM3\ARM_GCC_541\Debug\cyfitter_cfg.o
 .text.cyfitter_cfg
                0x00005710      0x13c .\CortexM3\ARM_GCC_541\Debug\cyfitter_cfg.o
                0x00005710                cyfitter_cfg
 .text.IntDefaultHandler
                0x0000584c       0x10 .\CortexM3\ARM_GCC_541\Debug\Cm3Start.o
                0x0000584c                IntDefaultHandler
 .text._sbrk    0x0000585c       0x30 .\CortexM3\ARM_GCC_541\Debug\Cm3Start.o
                0x0000585c                _sbrk
 .text.Start_c  0x0000588c       0x4c .\CortexM3\ARM_GCC_541\Debug\Cm3Start.o
                0x0000588c                Start_c
 .text.initialize_psoc
                0x000058d8       0x6c .\CortexM3\ARM_GCC_541\Debug\Cm3Start.o
                0x000058d8                initialize_psoc
 .text          0x00005944       0x34 .\CortexM3\ARM_GCC_541\Debug\cpu_a.o
                0x00005944                CPU_IntDis
                0x00005948                CPU_IntEn
                0x0000594c                CPU_SR_Save
                0x00005954                CPU_SR_Restore
                0x0000595a                CPU_WaitForInt
                0x0000595e                CPU_WaitForExcept
                0x00005962                CPU_CntLeadZeros
                0x00005968                CPU_CntTrailZeros
                0x00005972                CPU_RevBits
 .text          0x00005978       0x84 .\CortexM3\ARM_GCC_541\Debug\os_cpu_a.o
                0x00005978                OSStartHighRdy
                0x00005998                OS_CPU_PendSVHandler
 .text.UART_1_Init
                0x000059fc       0x5c .\CortexM3\ARM_GCC_541\Debug\esw_uCOS3_cykit.a(UART_1.o)
                0x000059fc                UART_1_Init
 .text.UART_1_Enable
                0x00005a58       0x50 .\CortexM3\ARM_GCC_541\Debug\esw_uCOS3_cykit.a(UART_1.o)
                0x00005a58                UART_1_Enable
 .text.UART_1_Start
                0x00005aa8       0x1c .\CortexM3\ARM_GCC_541\Debug\esw_uCOS3_cykit.a(UART_1.o)
                0x00005aa8                UART_1_Start
 .text.UART_1_PutChar
                0x00005ac4       0x70 .\CortexM3\ARM_GCC_541\Debug\esw_uCOS3_cykit.a(UART_1.o)
                0x00005ac4                UART_1_PutChar
 .text.UART_1_PutString
                0x00005b34       0x24 .\CortexM3\ARM_GCC_541\Debug\esw_uCOS3_cykit.a(UART_1.o)
                0x00005b34                UART_1_PutString
 .text.UART_1_RXISR
                0x00005b58       0x98 .\CortexM3\ARM_GCC_541\Debug\esw_uCOS3_cykit.a(UART_1_INT.o)
                0x00005b58                UART_1_RXISR
 .text.UART_1_TXISR
                0x00005bf0       0x58 .\CortexM3\ARM_GCC_541\Debug\esw_uCOS3_cykit.a(UART_1_INT.o)
                0x00005bf0                UART_1_TXISR
 .text.Pin_1_SetDriveMode
                0x00005c48       0x18 .\CortexM3\ARM_GCC_541\Debug\esw_uCOS3_cykit.a(Pin_1.o)
                0x00005c48                Pin_1_SetDriveMode
 .text.UART_1_IntClock_Start
                0x00005c60       0x1c .\CortexM3\ARM_GCC_541\Debug\esw_uCOS3_cykit.a(UART_1_IntClock.o)
                0x00005c60                UART_1_IntClock_Start
 .text.CyDmacConfigure
                0x00005c7c       0x34 .\CortexM3\ARM_GCC_541\Debug\esw_uCOS3_cykit.a(CyDmac.o)
                0x00005c7c                CyDmacConfigure
 .text.CyHalt   0x00005cb0        0x4 .\CortexM3\ARM_GCC_541\Debug\esw_uCOS3_cykit.a(CyLib.o)
                0x00005cb0                CyHalt
 .text.CyDelayUs
                0x00005cb4       0x14 .\CortexM3\ARM_GCC_541\Debug\esw_uCOS3_cykit.a(CyLib.o)
                0x00005cb4                CyDelayUs
 .text.CyIntSetVector
                0x00005cc8       0x28 .\CortexM3\ARM_GCC_541\Debug\esw_uCOS3_cykit.a(CyLib.o)
                0x00005cc8                CyIntSetVector
 .text.CyIntSetPriority
                0x00005cf0       0x30 .\CortexM3\ARM_GCC_541\Debug\esw_uCOS3_cykit.a(CyLib.o)
                0x00005cf0                CyIntSetPriority
 .text.Pin_2_SetDriveMode
                0x00005d20       0x24 .\CortexM3\ARM_GCC_541\Debug\esw_uCOS3_cykit.a(Pin_2.o)
                0x00005d20                Pin_2_SetDriveMode
 .text.push_button_Write
                0x00005d44       0x18 .\CortexM3\ARM_GCC_541\Debug\esw_uCOS3_cykit.a(push_button.o)
                0x00005d44                push_button_Write
 .text.push_button_SetDriveMode
                0x00005d5c       0x18 .\CortexM3\ARM_GCC_541\Debug\esw_uCOS3_cykit.a(push_button.o)
                0x00005d5c                push_button_SetDriveMode
 .text.I2C_1_Init
                0x00005d74       0x68 .\CortexM3\ARM_GCC_541\Debug\esw_uCOS3_cykit.a(I2C_1.o)
                0x00005d74                I2C_1_Init
 .text.I2C_1_Enable
                0x00005ddc       0x24 .\CortexM3\ARM_GCC_541\Debug\esw_uCOS3_cykit.a(I2C_1.o)
                0x00005ddc                I2C_1_Enable
 .text.I2C_1_Start
                0x00005e00       0x28 .\CortexM3\ARM_GCC_541\Debug\esw_uCOS3_cykit.a(I2C_1.o)
                0x00005e00                I2C_1_Start
 .text.I2C_1_ISR
                0x00005e28      0x2d0 .\CortexM3\ARM_GCC_541\Debug\esw_uCOS3_cykit.a(I2C_1_INT.o)
                0x00005e28                I2C_1_ISR
 .text.I2C_1_MasterSendStart
                0x000060f8       0x80 .\CortexM3\ARM_GCC_541\Debug\esw_uCOS3_cykit.a(I2C_1_MASTER.o)
                0x000060f8                I2C_1_MasterSendStart
 .text.I2C_1_MasterSendRestart
                0x00006178       0x6c .\CortexM3\ARM_GCC_541\Debug\esw_uCOS3_cykit.a(I2C_1_MASTER.o)
                0x00006178                I2C_1_MasterSendRestart
 .text.I2C_1_MasterSendStop
                0x000061e4       0x38 .\CortexM3\ARM_GCC_541\Debug\esw_uCOS3_cykit.a(I2C_1_MASTER.o)
                0x000061e4                I2C_1_MasterSendStop
 .text.I2C_1_MasterWriteByte
                0x0000621c       0x58 .\CortexM3\ARM_GCC_541\Debug\esw_uCOS3_cykit.a(I2C_1_MASTER.o)
                0x0000621c                I2C_1_MasterWriteByte
 .text.I2C_1_MasterReadByte
                0x00006274       0x58 .\CortexM3\ARM_GCC_541\Debug\esw_uCOS3_cykit.a(I2C_1_MASTER.o)
                0x00006274                I2C_1_MasterReadByte
 .text.Timer_1_Enable
                0x000062cc       0x28 .\CortexM3\ARM_GCC_541\Debug\esw_uCOS3_cykit.a(Timer_1.o)
                0x000062cc                Timer_1_Enable
 .text.Timer_1_SetInterruptMode
                0x000062f4        0xc .\CortexM3\ARM_GCC_541\Debug\esw_uCOS3_cykit.a(Timer_1.o)
                0x000062f4                Timer_1_SetInterruptMode
 .text.Timer_1_WritePeriod
                0x00006300        0xc .\CortexM3\ARM_GCC_541\Debug\esw_uCOS3_cykit.a(Timer_1.o)
                0x00006300                Timer_1_WritePeriod
 .text.Timer_1_WriteCounter
                0x0000630c        0xc .\CortexM3\ARM_GCC_541\Debug\esw_uCOS3_cykit.a(Timer_1.o)
                0x0000630c                Timer_1_WriteCounter
 .text.Timer_1_Init
                0x00006318       0x68 .\CortexM3\ARM_GCC_541\Debug\esw_uCOS3_cykit.a(Timer_1.o)
                0x00006318                Timer_1_Init
 .text.Timer_1_Start
                0x00006380       0x1c .\CortexM3\ARM_GCC_541\Debug\esw_uCOS3_cykit.a(Timer_1.o)
                0x00006380                Timer_1_Start
 .text.Timer_ISR_SetVector
                0x0000639c        0xc .\CortexM3\ARM_GCC_541\Debug\esw_uCOS3_cykit.a(Timer_ISR.o)
                0x0000639c                Timer_ISR_SetVector
 .text.Timer_ISR_SetPriority
                0x000063a8       0x10 .\CortexM3\ARM_GCC_541\Debug\esw_uCOS3_cykit.a(Timer_ISR.o)
                0x000063a8                Timer_ISR_SetPriority
 .text.Timer_ISR_Enable
                0x000063b8        0xc .\CortexM3\ARM_GCC_541\Debug\esw_uCOS3_cykit.a(Timer_ISR.o)
                0x000063b8                Timer_ISR_Enable
 .text.Timer_ISR_Disable
                0x000063c4        0xc .\CortexM3\ARM_GCC_541\Debug\esw_uCOS3_cykit.a(Timer_ISR.o)
                0x000063c4                Timer_ISR_Disable
 .text.Timer_ISR_StartEx
                0x000063d0       0x1c .\CortexM3\ARM_GCC_541\Debug\esw_uCOS3_cykit.a(Timer_ISR.o)
                0x000063d0                Timer_ISR_StartEx
 *fill*         0x000063ec        0x4 
 .text          0x000063f0       0x20 .\CortexM3\ARM_GCC_541\Debug\esw_uCOS3_cykit.a(CyBootAsmGnu.o)
                0x000063f0                CyDelayCycles
                0x00006400                CyEnterCriticalSection
                0x00006408                CyExitCriticalSection
 .text          0x00006410       0xa0 c:/program files (x86)/cypress/psoc creator/4.4/psoc creator/import/gnu/arm/5.4.1/bin/../lib/gcc/arm-none-eabi/5.4.1/armv7-m\libgcc.a(_aeabi_ldivmod.o)
                0x00006410                __aeabi_ldivmod
 .text          0x000064b0      0x2ec c:/program files (x86)/cypress/psoc creator/4.4/psoc creator/import/gnu/arm/5.4.1/bin/../lib/gcc/arm-none-eabi/5.4.1/armv7-m\libgcc.a(_udivmoddi4.o)
                0x000064b0                __udivmoddi4
 .text          0x0000679c        0x4 c:/program files (x86)/cypress/psoc creator/4.4/psoc creator/import/gnu/arm/5.4.1/bin/../lib/gcc/arm-none-eabi/5.4.1/armv7-m\libgcc.a(_dvmd_tls.o)
                0x0000679c                __aeabi_idiv0
                0x0000679c                __aeabi_ldiv0
 .text.__errno  0x000067a0        0xc c:/program files (x86)/cypress/psoc creator/4.4/psoc creator/import/gnu/arm/5.4.1/bin/../lib/gcc/arm-none-eabi/5.4.1/../../../../arm-none-eabi/lib/armv7-m\libg_nano.a(lib_a-errno.o)
                0x000067a0                __errno
 .text.__libc_init_array
                0x000067ac       0x4c c:/program files (x86)/cypress/psoc creator/4.4/psoc creator/import/gnu/arm/5.4.1/bin/../lib/gcc/arm-none-eabi/5.4.1/../../../../arm-none-eabi/lib/armv7-m\libg_nano.a(lib_a-init.o)
                0x000067ac                __libc_init_array
 .text.memcmp   0x000067f8       0x1e c:/program files (x86)/cypress/psoc creator/4.4/psoc creator/import/gnu/arm/5.4.1/bin/../lib/gcc/arm-none-eabi/5.4.1/../../../../arm-none-eabi/lib/armv7-m\libg_nano.a(lib_a-memcmp.o)
                0x000067f8                memcmp
 .text.memcpy   0x00006816       0x16 c:/program files (x86)/cypress/psoc creator/4.4/psoc creator/import/gnu/arm/5.4.1/bin/../lib/gcc/arm-none-eabi/5.4.1/../../../../arm-none-eabi/lib/armv7-m\libg_nano.a(lib_a-memcpy-stub.o)
                0x00006816                memcpy
 .text.memset   0x0000682c       0x10 c:/program files (x86)/cypress/psoc creator/4.4/psoc creator/import/gnu/arm/5.4.1/bin/../lib/gcc/arm-none-eabi/5.4.1/../../../../arm-none-eabi/lib/armv7-m\libg_nano.a(lib_a-memset.o)
                0x0000682c                memset
 .text.snprintf
                0x0000683c       0x64 c:/program files (x86)/cypress/psoc creator/4.4/psoc creator/import/gnu/arm/5.4.1/bin/../lib/gcc/arm-none-eabi/5.4.1/../../../../arm-none-eabi/lib/armv7-m\libg_nano.a(lib_a-snprintf.o)
                0x0000683c                sniprintf
                0x0000683c                snprintf
 .text.strncpy  0x000068a0       0x26 c:/program files (x86)/cypress/psoc creator/4.4/psoc creator/import/gnu/arm/5.4.1/bin/../lib/gcc/arm-none-eabi/5.4.1/../../../../arm-none-eabi/lib/armv7-m\libg_nano.a(lib_a-strncpy.o)
                0x000068a0                strncpy
 .text._vsnprintf_r
                0x000068c6       0x56 c:/program files (x86)/cypress/psoc creator/4.4/psoc creator/import/gnu/arm/5.4.1/bin/../lib/gcc/arm-none-eabi/5.4.1/../../../../arm-none-eabi/lib/armv7-m\libg_nano.a(lib_a-vsnprintf.o)
                0x000068c6                _vsniprintf_r
                0x000068c6                _vsnprintf_r
 .text.vsnprintf
                0x0000691c       0x1c c:/program files (x86)/cypress/psoc creator/4.4/psoc creator/import/gnu/arm/5.4.1/bin/../lib/gcc/arm-none-eabi/5.4.1/../../../../arm-none-eabi/lib/armv7-m\libg_nano.a(lib_a-vsnprintf.o)
                0x0000691c                vsniprintf
                0x0000691c                vsnprintf
 .text.__ssputs_r
                0x00006938       0xb2 c:/program files (x86)/cypress/psoc creator/4.4/psoc creator/import/gnu/arm/5.4.1/bin/../lib/gcc/arm-none-eabi/5.4.1/../../../../arm-none-eabi/lib/armv7-m\libg_nano.a(lib_a-nano-svfprintf.o)
                0x00006938                __ssputs_r
 *fill*         0x000069ea        0x2 
 .text._svfprintf_r
                0x000069ec      0x1e8 c:/program files (x86)/cypress/psoc creator/4.4/psoc creator/import/gnu/arm/5.4.1/bin/../lib/gcc/arm-none-eabi/5.4.1/../../../../arm-none-eabi/lib/armv7-m\libg_nano.a(lib_a-nano-svfprintf.o)
                0x000069ec                _svfiprintf_r
                0x000069ec                _svfprintf_r
 .text._printf_common
                0x00006bd4       0xec c:/program files (x86)/cypress/psoc creator/4.4/psoc creator/import/gnu/arm/5.4.1/bin/../lib/gcc/arm-none-eabi/5.4.1/../../../../arm-none-eabi/lib/armv7-m\libg_nano.a(lib_a-nano-vfprintf_i.o)
                0x00006bd4                _printf_common
 .text._printf_i
                0x00006cc0      0x24c c:/program files (x86)/cypress/psoc creator/4.4/psoc creator/import/gnu/arm/5.4.1/bin/../lib/gcc/arm-none-eabi/5.4.1/../../../../arm-none-eabi/lib/armv7-m\libg_nano.a(lib_a-nano-vfprintf_i.o)
                0x00006cc0                _printf_i
 .text.memchr   0x00006f0c       0x1c c:/program files (x86)/cypress/psoc creator/4.4/psoc creator/import/gnu/arm/5.4.1/bin/../lib/gcc/arm-none-eabi/5.4.1/../../../../arm-none-eabi/lib/armv7-m\libg_nano.a(lib_a-memchr-stub.o)
                0x00006f0c                memchr
 .text.memmove  0x00006f28       0x36 c:/program files (x86)/cypress/psoc creator/4.4/psoc creator/import/gnu/arm/5.4.1/bin/../lib/gcc/arm-none-eabi/5.4.1/../../../../arm-none-eabi/lib/armv7-m\libg_nano.a(lib_a-memmove.o)
                0x00006f28                memmove
 *fill*         0x00006f5e        0x2 
 .text._free_r  0x00006f60       0x98 c:/program files (x86)/cypress/psoc creator/4.4/psoc creator/import/gnu/arm/5.4.1/bin/../lib/gcc/arm-none-eabi/5.4.1/../../../../arm-none-eabi/lib/armv7-m\libg_nano.a(lib_a-nano-freer.o)
                0x00006f60                _free_r
 .text._malloc_r
                0x00006ff8       0xbc c:/program files (x86)/cypress/psoc creator/4.4/psoc creator/import/gnu/arm/5.4.1/bin/../lib/gcc/arm-none-eabi/5.4.1/../../../../arm-none-eabi/lib/armv7-m\libg_nano.a(lib_a-nano-mallocr.o)
                0x00006ff8                _malloc_r
 .text._realloc_r
                0x000070b4       0x4c c:/program files (x86)/cypress/psoc creator/4.4/psoc creator/import/gnu/arm/5.4.1/bin/../lib/gcc/arm-none-eabi/5.4.1/../../../../arm-none-eabi/lib/armv7-m\libg_nano.a(lib_a-nano-reallocr.o)
                0x000070b4                _realloc_r
 .text._sbrk_r  0x00007100       0x20 c:/program files (x86)/cypress/psoc creator/4.4/psoc creator/import/gnu/arm/5.4.1/bin/../lib/gcc/arm-none-eabi/5.4.1/../../../../arm-none-eabi/lib/armv7-m\libg_nano.a(lib_a-sbrkr.o)
                0x00007100                _sbrk_r
 .text.__malloc_lock
                0x00007120        0x2 c:/program files (x86)/cypress/psoc creator/4.4/psoc creator/import/gnu/arm/5.4.1/bin/../lib/gcc/arm-none-eabi/5.4.1/../../../../arm-none-eabi/lib/armv7-m\libg_nano.a(lib_a-mlock.o)
                0x00007120                __malloc_lock
 .text.__malloc_unlock
                0x00007122        0x2 c:/program files (x86)/cypress/psoc creator/4.4/psoc creator/import/gnu/arm/5.4.1/bin/../lib/gcc/arm-none-eabi/5.4.1/../../../../arm-none-eabi/lib/armv7-m\libg_nano.a(lib_a-mlock.o)
                0x00007122                __malloc_unlock
 .text._malloc_usable_size_r
                0x00007124       0x14 c:/program files (x86)/cypress/psoc creator/4.4/psoc creator/import/gnu/arm/5.4.1/bin/../lib/gcc/arm-none-eabi/5.4.1/../../../../arm-none-eabi/lib/armv7-m\libg_nano.a(lib_a-nano-msizer.o)
                0x00007124                _malloc_usable_size_r
 *(.plt)
 *(.gnu.warning)
 *(.glue_7t)
 .glue_7t       0x00007138        0x0 linker stubs
 *(.glue_7)
 .glue_7        0x00007138        0x0 linker stubs
 *(.vfp11_veneer)
 .vfp11_veneer  0x00007138        0x0 linker stubs
 *(.bootloader)
 *(.ARM.extab* .gnu.linkonce.armextab.*)
 *(.gcc_except_table)

.v4_bx          0x00007138        0x0
 .v4_bx         0x00007138        0x0 linker stubs

.iplt           0x00007138        0x0
 .iplt          0x00007138        0x0 c:/program files (x86)/cypress/psoc creator/4.4/psoc creator/import/gnu/arm/5.4.1/bin/../lib/gcc/arm-none-eabi/5.4.1/armv7-m/crtbegin.o

.eh_frame_hdr
 *(.eh_frame_hdr)

.eh_frame       0x00007138        0x4
 *(.eh_frame)
 .eh_frame      0x00007138        0x0 c:/program files (x86)/cypress/psoc creator/4.4/psoc creator/import/gnu/arm/5.4.1/bin/../lib/gcc/arm-none-eabi/5.4.1/armv7-m/crtbegin.o
 .eh_frame      0x00007138        0x4 c:/program files (x86)/cypress/psoc creator/4.4/psoc creator/import/gnu/arm/5.4.1/bin/../lib/gcc/arm-none-eabi/5.4.1/armv7-m/crtend.o
                [!provide]                PROVIDE (__exidx_start, .)

.ARM.exidx      0x0000713c        0x8
 *(.ARM.exidx* .gnu.linkonce.armexidx.*)
 .ARM.exidx     0x0000713c        0x8 c:/program files (x86)/cypress/psoc creator/4.4/psoc creator/import/gnu/arm/5.4.1/bin/../lib/gcc/arm-none-eabi/5.4.1/armv7-m\libgcc.a(_udivmoddi4.o)
                0x00007144                __exidx_end = .

.rodata         0x00007144     0x18ac
 *(.rodata .rodata.* .gnu.linkonce.r.*)
 .rodata.str1.4
                0x00007144       0x8e .\CortexM3\ARM_GCC_541\Debug\app.o
 *fill*         0x000071d2        0x2 
 .rodata.str1.4
                0x000071d4      0x21b .\CortexM3\ARM_GCC_541\Debug\log_task.o
                                0x21f (size before relaxing)
 *fill*         0x000073ef        0x1 
 .rodata        0x000073f0       0x64 .\CortexM3\ARM_GCC_541\Debug\heartbeatSensor.o
 .rodata.str1.4
                0x00007454      0x259 .\CortexM3\ARM_GCC_541\Debug\heartbeatSensor.o
 *fill*         0x000076ad        0x3 
 .rodata.str1.4
                0x000076b0      0x23c .\CortexM3\ARM_GCC_541\Debug\environmentSensor.o
 .rodata.str1.4
                0x000078ec      0x116 .\CortexM3\ARM_GCC_541\Debug\bsp_i2c.o
 *fill*         0x00007a02        0x2 
 .rodata.str1.4
                0x00007a04        0x6 .\CortexM3\ARM_GCC_541\Debug\os_q.o
 *fill*         0x00007a0a        0x2 
 .rodata.str1.4
                0x00007a0c        0x5 .\CortexM3\ARM_GCC_541\Debug\os_sem.o
                                  0xa (size before relaxing)
 *fill*         0x00007a11        0x3 
 .rodata.str1.4
                0x00007a14       0x14 .\CortexM3\ARM_GCC_541\Debug\os_stat.o
 .rodata.str1.4
                0x00007a28        0x6 .\CortexM3\ARM_GCC_541\Debug\os_task.o
                                  0xa (size before relaxing)
 *fill*         0x00007a2e        0x2 
 .rodata.str1.4
                0x00007a30       0x14 .\CortexM3\ARM_GCC_541\Debug\os_tick.o
 .rodata.str1.4
                0x00007a44       0x1d .\CortexM3\ARM_GCC_541\Debug\os_tmr.o
 *fill*         0x00007a61        0x3 
 .rodata        0x00007a64       0xa4 .\CortexM3\ARM_GCC_541\Debug\os_cfg_app.o
                0x00007a64                OSCfg_DataSizeRAM
                0x00007a68                OSCfg_TmrWheelSizeRAM
                0x00007a6c                OSCfg_TmrWheelSize
                0x00007a70                OSCfg_TmrTaskStkSizeRAM
                0x00007a74                OSCfg_TmrTaskStkSize
                0x00007a78                OSCfg_TmrTaskStkLimit
                0x00007a7c                OSCfg_TmrTaskStkBasePtr
                0x00007a80                OSCfg_TmrTaskRate_Hz
                0x00007a84                OSCfg_TmrTaskPrio
                0x00007a88                OSCfg_TickWheelSizeRAM
                0x00007a8c                OSCfg_TickWheelSize
                0x00007a90                OSCfg_TickTaskStkSizeRAM
                0x00007a94                OSCfg_TickTaskStkSize
                0x00007a98                OSCfg_TickTaskStkLimit
                0x00007a9c                OSCfg_TickTaskStkBasePtr
                0x00007aa0                OSCfg_TickTaskPrio
                0x00007aa4                OSCfg_TickRate_Hz
                0x00007aa8                OSCfg_StkSizeMin
                0x00007aac                OSCfg_StatTaskStkSizeRAM
                0x00007ab0                OSCfg_StatTaskStkSize
                0x00007ab4                OSCfg_StatTaskStkLimit
                0x00007ab8                OSCfg_StatTaskStkBasePtr
                0x00007abc                OSCfg_StatTaskRate_Hz
                0x00007ac0                OSCfg_StatTaskPrio
                0x00007ac4                OSCfg_MsgPoolBasePtr
                0x00007ac8                OSCfg_MsgPoolSizeRAM
                0x00007acc                OSCfg_MsgPoolSize
                0x00007ad0                OSCfg_ISRStkSizeRAM
                0x00007ad4                OSCfg_ISRStkSize
                0x00007ad8                OSCfg_ISRStkBasePtr
                0x00007adc                OSCfg_IntQTaskStkSizeRAM
                0x00007ae0                OSCfg_IntQTaskStkSize
                0x00007ae4                OSCfg_IntQTaskStkLimit
                0x00007ae8                OSCfg_IntQTaskStkBasePtr
                0x00007aec                OSCfg_IntQSizeRAM
                0x00007af0                OSCfg_IntQSize
                0x00007af4                OSCfg_IntQBasePtr
                0x00007af8                OSCfg_IdleTaskStkSizeRAM
                0x00007afc                OSCfg_IdleTaskStkSize
                0x00007b00                OSCfg_IdleTaskStkLimit
                0x00007b04                OSCfg_IdleTaskStkBasePtr
 .rodata.str1.4
                0x00007b08       0x25 .\CortexM3\ARM_GCC_541\Debug\os_core.o
                                 0x2a (size before relaxing)
 *fill*         0x00007b2d        0x3 
 .rodata.str1.4
                0x00007b30      0x394 .\CortexM3\ARM_GCC_541\Debug\max30102_interface.o
 .rodata.str1.4
                0x00007ec4      0x9d8 .\CortexM3\ARM_GCC_541\Debug\driver_max30102.o
 .rodata        0x0000889c       0x92 .\CortexM3\ARM_GCC_541\Debug\bme68x.o
 *fill*         0x0000892e        0x2 
 .rodata        0x00008930       0x50 .\CortexM3\ARM_GCC_541\Debug\cyfitter_cfg.o
 .rodata.str1.1
                0x00008980        0x2 c:/program files (x86)/cypress/psoc creator/4.4/psoc creator/import/gnu/arm/5.4.1/bin/../lib/gcc/arm-none-eabi/5.4.1/../../../../arm-none-eabi/lib/armv7-m\libg_nano.a(lib_a-impure.o)
 .rodata.str1.1
                0x00008982       0x11 c:/program files (x86)/cypress/psoc creator/4.4/psoc creator/import/gnu/arm/5.4.1/bin/../lib/gcc/arm-none-eabi/5.4.1/../../../../arm-none-eabi/lib/armv7-m\libg_nano.a(lib_a-nano-svfprintf.o)
 .rodata.str1.1
                0x00008993       0x22 c:/program files (x86)/cypress/psoc creator/4.4/psoc creator/import/gnu/arm/5.4.1/bin/../lib/gcc/arm-none-eabi/5.4.1/../../../../arm-none-eabi/lib/armv7-m\libg_nano.a(lib_a-nano-vfprintf_i.o)
                0x000089b8                . = ALIGN (0x4)
 *fill*         0x000089b5        0x3 
 *(.init)
 .init          0x000089b8        0x4 c:/program files (x86)/cypress/psoc creator/4.4/psoc creator/import/gnu/arm/5.4.1/bin/../lib/gcc/arm-none-eabi/5.4.1/armv7-m/crti.o
                0x000089b8                _init
 .init          0x000089bc        0x8 c:/program files (x86)/cypress/psoc creator/4.4/psoc creator/import/gnu/arm/5.4.1/bin/../lib/gcc/arm-none-eabi/5.4.1/armv7-m/crtn.o
                0x000089c4                . = ALIGN (0x4)
                0x000089c4                __preinit_array_start = .
 *(.preinit_array)
                0x000089c4                __preinit_array_end = .
                0x000089c4                . = ALIGN (0x4)
                0x000089c4                __init_array_start = .
 *(SORT(.init_array.*))
 *(.init_array)
 .init_array    0x000089c4        0x4 c:/program files (x86)/cypress/psoc creator/4.4/psoc creator/import/gnu/arm/5.4.1/bin/../lib/gcc/arm-none-eabi/5.4.1/armv7-m/crtbegin.o
 .init_array    0x000089c8        0x4 .\CortexM3\ARM_GCC_541\Debug\Cm3Start.o
                0x000089cc                __init_array_end = .
                0x000089cc                . = ALIGN (0x4)
 *(.fini)
 .fini          0x000089cc        0x4 c:/program files (x86)/cypress/psoc creator/4.4/psoc creator/import/gnu/arm/5.4.1/bin/../lib/gcc/arm-none-eabi/5.4.1/armv7-m/crti.o
                0x000089cc                _fini
 .fini          0x000089d0        0x8 c:/program files (x86)/cypress/psoc creator/4.4/psoc creator/import/gnu/arm/5.4.1/bin/../lib/gcc/arm-none-eabi/5.4.1/armv7-m/crtn.o
                0x000089d8                . = ALIGN (0x4)
                0x000089d8                __fini_array_start = .
 *(.fini_array)
 .fini_array    0x000089d8        0x4 c:/program files (x86)/cypress/psoc creator/4.4/psoc creator/import/gnu/arm/5.4.1/bin/../lib/gcc/arm-none-eabi/5.4.1/armv7-m/crtbegin.o
 *(SORT(.fini_array.*))
                0x000089dc                __fini_array_end = .
                0x000089dc                . = ALIGN (0x4)
 *crtbegin.o(.ctors)
 *(EXCLUDE_FILE(*crtend.o) .ctors)
 *(SORT(.ctors.*))
 *crtend.o(.ctors)
                0x000089dc                . = ALIGN (0x4)
 *crtbegin.o(.dtors)
 *(EXCLUDE_FILE(*crtend.o) .dtors)
 *(SORT(.dtors.*))
 *crtend.o(.dtors)
                0x000089dc                . = ALIGN (0x4)
                0x000089dc                __cy_regions = .
                0x000089dc        0x4 LONG 0x89f0 __cy_region_init_ram
                0x000089e0        0x4 LONG 0x1fff80c8 __cy_region_start_data
                0x000089e4        0x4 LONG 0x90 __cy_region_init_size_ram
                0x000089e8        0x4 LONG 0x54b0 __cy_region_zero_size_ram
                0x000089ec                __cy_regions_end = .
                0x000089f0                . = ALIGN (0x8)
 *fill*         0x000089ec        0x4 
                0x000089f0                _etext = .

.cy_checksum_exclude
                0x000089f0        0x0
 *(.cy_checksum_exclude)

.ramvectors     0x1fff8000       0xc0
                0x1fff8000                __cy_region_start_ram = .
 *(.ramvectors)
 .ramvectors    0x1fff8000       0xc0 .\CortexM3\ARM_GCC_541\Debug\Cm3Start.o
                0x1fff8000                CyRamVectors

.noinit         0x1fff80c0        0x1
 *(.noinit)
 .noinit        0x1fff80c0        0x1 .\CortexM3\ARM_GCC_541\Debug\esw_uCOS3_cykit.a(CyLib.o)
                0x1fff80c0                CyResetStatus

.data           0x1fff80c8       0x90 load address 0x000089f0
                0x1fff80c8                __cy_region_start_data = .
 *(.jcr)
 .jcr           0x1fff80c8        0x0 c:/program files (x86)/cypress/psoc creator/4.4/psoc creator/import/gnu/arm/5.4.1/bin/../lib/gcc/arm-none-eabi/5.4.1/armv7-m/crtbegin.o
 .jcr           0x1fff80c8        0x4 c:/program files (x86)/cypress/psoc creator/4.4/psoc creator/import/gnu/arm/5.4.1/bin/../lib/gcc/arm-none-eabi/5.4.1/armv7-m/crtend.o
 *(.got.plt)
 *(.got)
 *(.shdata)
 *(.data .data.* .gnu.linkonce.d.*)
 .data          0x1fff80cc        0x8 .\CortexM3\ARM_GCC_541\Debug\heartbeatSensor.o
                0x1fff80d0                spO2
 .data          0x1fff80d4        0x4 .\CortexM3\ARM_GCC_541\Debug\Cm3Start.o
 .data          0x1fff80d8        0x8 .\CortexM3\ARM_GCC_541\Debug\esw_uCOS3_cykit.a(CyDmac.o)
 .data          0x1fff80e0       0x10 .\CortexM3\ARM_GCC_541\Debug\esw_uCOS3_cykit.a(CyLib.o)
                0x1fff80e0                cydelay_32k_ms
                0x1fff80e4                cydelay_freq_khz
                0x1fff80e8                cydelay_freq_mhz
                0x1fff80ec                cydelay_freq_hz
 .data.impure_data
                0x1fff80f0       0x60 c:/program files (x86)/cypress/psoc creator/4.4/psoc creator/import/gnu/arm/5.4.1/bin/../lib/gcc/arm-none-eabi/5.4.1/../../../../arm-none-eabi/lib/armv7-m\libg_nano.a(lib_a-impure.o)
 .data._impure_ptr
                0x1fff8150        0x4 c:/program files (x86)/cypress/psoc creator/4.4/psoc creator/import/gnu/arm/5.4.1/bin/../lib/gcc/arm-none-eabi/5.4.1/../../../../arm-none-eabi/lib/armv7-m\libg_nano.a(lib_a-impure.o)
                0x1fff8150                _impure_ptr
                0x1fff8158                . = ALIGN (0x8)
 *fill*         0x1fff8154        0x4 
 *(.ram)
                0x1fff8158                _edata = .

.igot.plt       0x1fff8158        0x0 load address 0x00008a80
 .igot.plt      0x1fff8158        0x0 c:/program files (x86)/cypress/psoc creator/4.4/psoc creator/import/gnu/arm/5.4.1/bin/../lib/gcc/arm-none-eabi/5.4.1/armv7-m/crtbegin.o

.bss            0x1fff8158     0x54b0 load address 0x00008a80
                0x1fff8158                PROVIDE (__bss_start__, .)
 *(.shbss)
 *(.bss .bss.* .gnu.linkonce.b.*)
 .bss           0x1fff8158       0x1c c:/program files (x86)/cypress/psoc creator/4.4/psoc creator/import/gnu/arm/5.4.1/bin/../lib/gcc/arm-none-eabi/5.4.1/armv7-m/crtbegin.o
 .bss           0x1fff8174      0x4c0 .\CortexM3\ARM_GCC_541\Debug\app.o
 .bss           0x1fff8634       0xdc .\CortexM3\ARM_GCC_541\Debug\heartbeatSensor.o
                0x1fff8638                IR_AC_Signal_Current
                0x1fff863c                IR_AC_Signal_Previous
                0x1fff8640                last_peak_timestamp
                0x1fff8644                cycle_started
                0x1fff8648                IR_AC_Min
                0x1fff864c                heart_rate_index
                0x1fff8650                heart_rate_history
                0x1fff868c                heart_rate_sum
                0x1fff8690                IR_DC_Signal_Current
                0x1fff8694                RED_DC_Signal_Current
                0x1fff8698                RED_AC_Signal_Current
                0x1fff8704                ir_avg_reg
                0x1fff8708                red_avg_reg
                0x1fff870c                IR_AC_Max
 .bss           0x1fff8710        0x4 .\CortexM3\ARM_GCC_541\Debug\bsp_i2c.o
                0x1fff8710                current_timestamp
 .bss           0x1fff8714        0x9 .\CortexM3\ARM_GCC_541\Debug\esw_uCOS3_cykit.a(UART_1.o)
                0x1fff8714                UART_1_errorStatus
                0x1fff8715                UART_1_initVar
                0x1fff8716                UART_1_rxBufferRead
                0x1fff8717                UART_1_rxBufferWrite
                0x1fff8718                UART_1_rxBufferLoopDetect
                0x1fff8719                UART_1_rxBufferOverflow
                0x1fff871a                UART_1_txBufferRead
                0x1fff871b                UART_1_txBufferWrite
 .bss           0x1fff871d        0x1 .\CortexM3\ARM_GCC_541\Debug\esw_uCOS3_cykit.a(I2C_1.o)
                0x1fff871d                I2C_1_initVar
 .bss           0x1fff871e        0x1 .\CortexM3\ARM_GCC_541\Debug\esw_uCOS3_cykit.a(Timer_1.o)
                0x1fff871e                Timer_1_initVar
 *fill*         0x1fff871f        0x1 
 .bss.__malloc_sbrk_start
                0x1fff8720        0x4 c:/program files (x86)/cypress/psoc creator/4.4/psoc creator/import/gnu/arm/5.4.1/bin/../lib/gcc/arm-none-eabi/5.4.1/../../../../arm-none-eabi/lib/armv7-m\libg_nano.a(lib_a-nano-mallocr.o)
                0x1fff8720                __malloc_sbrk_start
 .bss.__malloc_free_list
                0x1fff8724        0x4 c:/program files (x86)/cypress/psoc creator/4.4/psoc creator/import/gnu/arm/5.4.1/bin/../lib/gcc/arm-none-eabi/5.4.1/../../../../arm-none-eabi/lib/armv7-m\libg_nano.a(lib_a-nano-mallocr.o)
                0x1fff8724                __malloc_free_list
 *(COMMON)
 COMMON         0x1fff8728       0xf0 .\CortexM3\ARM_GCC_541\Debug\app.o
                0x1fff8728                CommQI2CSPO2
                0x1fff8758                CommQProcessedEnvironmentData
                0x1fff8788                CommQI2CHeartRate
                0x1fff87b8                CommQSPIData
                0x1fff87e8                CommQProcessedOximeterData
 COMMON         0x1fff8818     0x24c8 .\CortexM3\ARM_GCC_541\Debug\log_task.o
                0x1fff8818                Log_TaskStk
                0x1fff9018                LogTaskSem
                0x1fff9040                Log_Task_TCB
                0x1fff9100                MsgMemPoolStorage
                0x1fffac90                MsgMemPool
                0x1fffacb0                Log_Queue
 COMMON         0x1ffface0      0x900 .\CortexM3\ARM_GCC_541\Debug\heartbeatSensor.o
                0x1ffface0                MAX30102_Task_TCB
                0x1fffada0                i2c_rx_buffer
                0x1fffade0                MAX30102_TaskStk
 COMMON         0x1fffb5e0      0x8c0 .\CortexM3\ARM_GCC_541\Debug\environmentSensor.o
                0x1fffb5e0                BME688_Task_TCB
                0x1fffb6a0                BME688_TaskStk
 COMMON         0x1fffbea0       0x28 .\CortexM3\ARM_GCC_541\Debug\bsp_i2c.o
                0x1fffbea0                I2C_Sem
 COMMON         0x1fffbec8       0x14 .\CortexM3\ARM_GCC_541\Debug\cpu_core.o
                0x1fffbec8                CPU_TS_TmrFreq_Hz
                0x1fffbecc                CPU_Name
 COMMON         0x1fffbedc        0x4 .\CortexM3\ARM_GCC_541\Debug\os_cpu_c.o
                0x1fffbedc                OS_CPU_ExceptStkBase
 COMMON         0x1fffbee0        0x4 .\CortexM3\ARM_GCC_541\Debug\os_prio.o
                0x1fffbee0                OSPrioTbl
 COMMON         0x1fffbee4      0x538 .\CortexM3\ARM_GCC_541\Debug\os_var.o
                0x1fffbee4                OSSchedLockNestingCtr
                0x1fffbee8                OS_AppTaskReturnHookPtr
                0x1fffbeec                OSStatTaskTimeMax
                0x1fffbef0                OSStatTaskCtr
                0x1fffbef4                OSTaskRegNextAvailID
                0x1fffbef5                OSRunning
                0x1fffbef8                OSRdyList
                0x1fffc078                OSPrioHighRdy
                0x1fffc079                OSStatTaskRdy
                0x1fffc07c                OSSemDbgListPtr
                0x1fffc080                OS_AppTaskCreateHookPtr
                0x1fffc084                OSPrioCur
                0x1fffc088                OSTickTaskTCB
                0x1fffc148                OSTmrTickCtr
                0x1fffc14c                OSTCBCurPtr
                0x1fffc150                OSQQty
                0x1fffc152                OSStatTaskCPUUsageMax
                0x1fffc154                OSPrioSaved
                0x1fffc158                OSTCBHighRdyPtr
                0x1fffc15c                OSTaskDbgListPtr
                0x1fffc160                OSTmrTaskTimeMax
                0x1fffc164                OS_AppTaskDelHookPtr
                0x1fffc168                OS_AppTimeTickHookPtr
                0x1fffc16c                OSTaskCtxSwCtr
                0x1fffc170                OSStatTaskCPUUsage
                0x1fffc172                OSIntNestingCtr
                0x1fffc174                OSTaskQty
                0x1fffc178                OSTmrTaskTCB
                0x1fffc238                OSMsgPool
                0x1fffc244                OSIdleTaskTCB
                0x1fffc304                OSQDbgListPtr
                0x1fffc308                OSSemQty
                0x1fffc30c                OSMemDbgListPtr
                0x1fffc310                OSSchedRoundRobinDfltTimeQuanta
                0x1fffc314                OS_AppIdleTaskHookPtr
                0x1fffc318                OSStatTaskCtrMax
                0x1fffc31c                OSTickCtr
                0x1fffc320                OS_AppTaskSwHookPtr
                0x1fffc324                OSTmrQty
                0x1fffc328                OSIdleTaskCtr
                0x1fffc32c                OSStatTaskCtrRun
                0x1fffc330                OS_AppStatTaskHookPtr
                0x1fffc334                OSFlagQty
                0x1fffc338                OSFlagDbgListPtr
                0x1fffc33c                OSStatResetFlag
                0x1fffc33e                OSMemQty
                0x1fffc340                OSMutexQty
                0x1fffc344                OSStatTaskTCB
                0x1fffc404                OSTmrDbgListPtr
                0x1fffc408                OSTickTaskTimeMax
                0x1fffc40c                OSTmrUpdateCnt
                0x1fffc410                OSSchedRoundRobinEn
                0x1fffc414                OSMutexDbgListPtr
                0x1fffc418                OSTmrUpdateCtr
 COMMON         0x1fffc41c     0x1150 .\CortexM3\ARM_GCC_541\Debug\os_cfg_app.o
                0x1fffc41c                OSCfg_StatTaskStk
                0x1fffc61c                OSCfg_TickWheel
                0x1fffc6a4                OSCfg_MsgPool
                0x1fffcce4                OSCfg_TmrTaskStk
                0x1fffcee4                OSCfg_TmrWheel
                0x1fffcf6c                OSCfg_ISRStk
                0x1fffd16c                OSCfg_TickTaskStk
                0x1fffd36c                OSCfg_IdleTaskStk
 COMMON         0x1fffd56c       0x80 .\CortexM3\ARM_GCC_541\Debug\esw_uCOS3_cykit.a(UART_1.o)
                0x1fffd56c                UART_1_txBuffer
                0x1fffd5ac                UART_1_rxBuffer
 COMMON         0x1fffd5ec        0x1 .\CortexM3\ARM_GCC_541\Debug\esw_uCOS3_cykit.a(I2C_1.o)
                0x1fffd5ec                I2C_1_state
 *fill*         0x1fffd5ed        0x3 
 COMMON         0x1fffd5f0       0x11 .\CortexM3\ARM_GCC_541\Debug\esw_uCOS3_cykit.a(I2C_1_MASTER.o)
                0x1fffd5f0                I2C_1_mstrWrBufIndex
                0x1fffd5f1                I2C_1_mstrControl
                0x1fffd5f2                I2C_1_mstrStatus
                0x1fffd5f3                I2C_1_mstrWrBufSize
                0x1fffd5f4                I2C_1_mstrRdBufIndex
                0x1fffd5f8                I2C_1_mstrWrBufPtr
                0x1fffd5fc                I2C_1_mstrRdBufPtr
                0x1fffd600                I2C_1_mstrRdBufSize
 *fill*         0x1fffd601        0x3 
 COMMON         0x1fffd604        0x4 c:/program files (x86)/cypress/psoc creator/4.4/psoc creator/import/gnu/arm/5.4.1/bin/../lib/gcc/arm-none-eabi/5.4.1/../../../../arm-none-eabi/lib/armv7-m\libg_nano.a(lib_a-reent.o)
                0x1fffd604                errno
                0x1fffd608                . = ALIGN (0x8)
 *(.ram.b)
                0x1fffd608                _end = .
                0x1fffd608                __end = .
                0x1fffd608                PROVIDE (end, .)
                0x1fffd608                PROVIDE (__bss_end__, .)
                0x000089f0                __cy_region_init_ram = LOADADDR (.data)
                0x00000090                __cy_region_init_size_ram = (_edata - ADDR (.data))
                0x000054b0                __cy_region_zero_size_ram = (_end - _edata)

.heap           0x1fffd608       0x80 load address 0x00008a80
                0x1fffd608                . = _end
                0x1fffd688                . = (. + 0x80)
 *fill*         0x1fffd608       0x80 
                0x1fffd688                __cy_heap_limit = .

.stack          0x20007800      0x800
                0x20007800                __cy_stack_limit = .
                0x20008000                . = (. + 0x800)
 *fill*         0x20007800      0x800 
                0x00000001                ASSERT ((__cy_stack_limit >= __cy_heap_limit), region RAM overflowed with stack)
                0x00000000                cy_checksum_exclude_size = (CY_APPL_LOADABLE == 0x1)?SIZEOF (.cy_checksum_exclude):0x0
                0x00000001                ASSERT ((cy_checksum_exclude_size <= CY_CHECKSUM_EXCLUDE_SIZE), CY_BOOT: Section .cy_checksum_exclude size exceedes specified limit.)

.cyloadermeta
 *(.cyloadermeta)

.cyloadablemeta
 *(.cyloadablemeta)

.cyconfigecc    0x80000000      0x3b0
 *(.cyconfigecc)
 .cyconfigecc   0x80000000      0x3b0 .\CortexM3\ARM_GCC_541\Debug\cymetadata.o
                0x80000000                cy_meta_configecc

.cycustnvl      0x90000000        0x4
 *(.cycustnvl)
 .cycustnvl     0x90000000        0x4 .\CortexM3\ARM_GCC_541\Debug\cymetadata.o
                0x90000000                cy_meta_custnvl

.cywolatch      0x90100000        0x4
 *(.cywolatch)
 .cywolatch     0x90100000        0x4 .\CortexM3\ARM_GCC_541\Debug\cymetadata.o
                0x90100000                cy_meta_wonvl

.cyeeprom       0x90200000        0x0
 *(.cyeeprom)
                0x00000001                ASSERT ((. <= ((0x90200000 + ee_offset) + ee_size)), .cyeeprom data will not fit in EEPROM)

.cyflashprotect
                0x90400000      0x100
 *(.cyflashprotect)
 .cyflashprotect
                0x90400000      0x100 .\CortexM3\ARM_GCC_541\Debug\cymetadata.o
                0x90400000                cy_meta_flashprotect

.cymeta         0x90500000        0xc
 *(.cymeta)
 .cymeta        0x90500000        0xc .\CortexM3\ARM_GCC_541\Debug\cymetadata.o
                0x90500000                cy_metadata

.rel.dyn        0x00008a80        0x0 load address 0x9050000c
 .rel.iplt      0x00008a80        0x0 c:/program files (x86)/cypress/psoc creator/4.4/psoc creator/import/gnu/arm/5.4.1/bin/../lib/gcc/arm-none-eabi/5.4.1/armv7-m/crtbegin.o

.stab
 *(.stab)

.stabstr
 *(.stabstr)

.debug
 *(.debug)

.line
 *(.line)

.debug_srcinfo
 *(.debug_srcinfo)

.debug_sfnames
 *(.debug_sfnames)

.debug_aranges  0x00000000     0x1a60
 *(.debug_aranges)
 .debug_aranges
                0x00000000       0x28 .\CortexM3\ARM_GCC_541\Debug\app.o
 .debug_aranges
                0x00000028       0x68 .\CortexM3\ARM_GCC_541\Debug\os_app_hooks.o
 .debug_aranges
                0x00000090       0x40 .\CortexM3\ARM_GCC_541\Debug\log_task.o
 .debug_aranges
                0x000000d0       0x70 .\CortexM3\ARM_GCC_541\Debug\heartbeatSensor.o
 .debug_aranges
                0x00000140       0x58 .\CortexM3\ARM_GCC_541\Debug\environmentSensor.o
 .debug_aranges
                0x00000198       0x38 .\CortexM3\ARM_GCC_541\Debug\bsp_os.o
 .debug_aranges
                0x000001d0       0x58 .\CortexM3\ARM_GCC_541\Debug\bsp.o
 .debug_aranges
                0x00000228       0x30 .\CortexM3\ARM_GCC_541\Debug\cpu_bsp.o
 .debug_aranges
                0x00000258       0x30 .\CortexM3\ARM_GCC_541\Debug\bsp_uart.o
 .debug_aranges
                0x00000288       0x38 .\CortexM3\ARM_GCC_541\Debug\bsp_gpio.o
 .debug_aranges
                0x000002c0       0x38 .\CortexM3\ARM_GCC_541\Debug\bsp_i2c.o
 .debug_aranges
                0x000002f8       0x50 .\CortexM3\ARM_GCC_541\Debug\cpu_c.o
 .debug_aranges
                0x00000348       0xb0 .\CortexM3\ARM_GCC_541\Debug\cpu_core.o
 .debug_aranges
                0x000003f8       0x38 .\CortexM3\ARM_GCC_541\Debug\lib_math.o
 .debug_aranges
                0x00000430       0x48 .\CortexM3\ARM_GCC_541\Debug\lib_mem.o
 .debug_aranges
                0x00000478       0xd8 .\CortexM3\ARM_GCC_541\Debug\lib_str.o
 .debug_aranges
                0x00000550       0x98 .\CortexM3\ARM_GCC_541\Debug\lib_ascii.o
 .debug_aranges
                0x000005e8       0x70 .\CortexM3\ARM_GCC_541\Debug\os_cpu_c.o
 .debug_aranges
                0x00000658       0x38 .\CortexM3\ARM_GCC_541\Debug\os_pend_multi.o
 .debug_aranges
                0x00000690       0x38 .\CortexM3\ARM_GCC_541\Debug\os_prio.o
 .debug_aranges
                0x000006c8       0x70 .\CortexM3\ARM_GCC_541\Debug\os_q.o
 .debug_aranges
                0x00000738       0x70 .\CortexM3\ARM_GCC_541\Debug\os_sem.o
 .debug_aranges
                0x000007a8       0x38 .\CortexM3\ARM_GCC_541\Debug\os_stat.o
 .debug_aranges
                0x000007e0       0xf0 .\CortexM3\ARM_GCC_541\Debug\os_task.o
 .debug_aranges
                0x000008d0       0x50 .\CortexM3\ARM_GCC_541\Debug\os_tick.o
 .debug_aranges
                0x00000920       0x48 .\CortexM3\ARM_GCC_541\Debug\os_time.o
 .debug_aranges
                0x00000968       0x88 .\CortexM3\ARM_GCC_541\Debug\os_tmr.o
 .debug_aranges
                0x000009f0       0x18 .\CortexM3\ARM_GCC_541\Debug\os_var.o
 .debug_aranges
                0x00000a08       0x20 .\CortexM3\ARM_GCC_541\Debug\os_cfg_app.o
 .debug_aranges
                0x00000a28      0x140 .\CortexM3\ARM_GCC_541\Debug\os_core.o
 .debug_aranges
                0x00000b68       0x20 .\CortexM3\ARM_GCC_541\Debug\os_dbg.o
 .debug_aranges
                0x00000b88       0x80 .\CortexM3\ARM_GCC_541\Debug\os_flag.o
 .debug_aranges
                0x00000c08       0x18 .\CortexM3\ARM_GCC_541\Debug\os_int.o
 .debug_aranges
                0x00000c20       0x40 .\CortexM3\ARM_GCC_541\Debug\os_mem.o
 .debug_aranges
                0x00000c60       0x40 .\CortexM3\ARM_GCC_541\Debug\os_msg.o
 .debug_aranges
                0x00000ca0       0x60 .\CortexM3\ARM_GCC_541\Debug\os_mutex.o
 .debug_aranges
                0x00000d00       0x48 .\CortexM3\ARM_GCC_541\Debug\max30102_interface.o
 .debug_aranges
                0x00000d48      0x180 .\CortexM3\ARM_GCC_541\Debug\driver_max30102.o
 .debug_aranges
                0x00000ec8      0x120 .\CortexM3\ARM_GCC_541\Debug\bme68x.o
 .debug_aranges
                0x00000fe8       0x58 .\CortexM3\ARM_GCC_541\Debug\cyfitter_cfg.o
 .debug_aranges
                0x00001040       0x18 .\CortexM3\ARM_GCC_541\Debug\cymetadata.o
 .debug_aranges
                0x00001058       0x48 .\CortexM3\ARM_GCC_541\Debug\Cm3Start.o
 .debug_aranges
                0x000010a0       0x20 .\CortexM3\ARM_GCC_541\Debug\cpu_a.o
 .debug_aranges
                0x000010c0       0x20 .\CortexM3\ARM_GCC_541\Debug\os_cpu_a.o
 .debug_aranges
                0x000010e0       0xf0 .\CortexM3\ARM_GCC_541\Debug\esw_uCOS3_cykit.a(UART_1.o)
 .debug_aranges
                0x000011d0       0x28 .\CortexM3\ARM_GCC_541\Debug\esw_uCOS3_cykit.a(UART_1_INT.o)
 .debug_aranges
                0x000011f8       0x38 .\CortexM3\ARM_GCC_541\Debug\esw_uCOS3_cykit.a(Pin_1.o)
 .debug_aranges
                0x00001230       0x70 .\CortexM3\ARM_GCC_541\Debug\esw_uCOS3_cykit.a(UART_1_IntClock.o)
 .debug_aranges
                0x000012a0       0xd8 .\CortexM3\ARM_GCC_541\Debug\esw_uCOS3_cykit.a(CyDmac.o)
 .debug_aranges
                0x00001378      0x2a0 .\CortexM3\ARM_GCC_541\Debug\esw_uCOS3_cykit.a(CyLib.o)
 .debug_aranges
                0x00001618       0x98 .\CortexM3\ARM_GCC_541\Debug\esw_uCOS3_cykit.a(cyPm.o)
 .debug_aranges
                0x000016b0       0x38 .\CortexM3\ARM_GCC_541\Debug\esw_uCOS3_cykit.a(Pin_2.o)
 .debug_aranges
                0x000016e8       0x38 .\CortexM3\ARM_GCC_541\Debug\esw_uCOS3_cykit.a(push_button.o)
 .debug_aranges
                0x00001720       0x38 .\CortexM3\ARM_GCC_541\Debug\esw_uCOS3_cykit.a(I2C_1.o)
 .debug_aranges
                0x00001758       0x20 .\CortexM3\ARM_GCC_541\Debug\esw_uCOS3_cykit.a(I2C_1_INT.o)
 .debug_aranges
                0x00001778       0x38 .\CortexM3\ARM_GCC_541\Debug\esw_uCOS3_cykit.a(I2C_1_PM.o)
 .debug_aranges
                0x000017b0       0x80 .\CortexM3\ARM_GCC_541\Debug\esw_uCOS3_cykit.a(I2C_1_MASTER.o)
 .debug_aranges
                0x00001830       0x88 .\CortexM3\ARM_GCC_541\Debug\esw_uCOS3_cykit.a(Timer_1.o)
 .debug_aranges
                0x000018b8       0x80 .\CortexM3\ARM_GCC_541\Debug\esw_uCOS3_cykit.a(Timer_ISR.o)
 .debug_aranges
                0x00001938       0x20 .\CortexM3\ARM_GCC_541\Debug\esw_uCOS3_cykit.a(CyBootAsmGnu.o)
 .debug_aranges
                0x00001958       0x88 .\CortexM3\ARM_GCC_541\Debug\esw_uCOS3_cykit.a(CyFlash.o)
 .debug_aranges
                0x000019e0       0x80 .\CortexM3\ARM_GCC_541\Debug\esw_uCOS3_cykit.a(CySpc.o)

.debug_pubnames
 *(.debug_pubnames)

.debug_info     0x00000000    0x29f32
 *(.debug_info .gnu.linkonce.wi.*)
 .debug_info    0x00000000     0x1034 .\CortexM3\ARM_GCC_541\Debug\app.o
 .debug_info    0x00001034      0x894 .\CortexM3\ARM_GCC_541\Debug\os_app_hooks.o
 .debug_info    0x000018c8     0x13ab .\CortexM3\ARM_GCC_541\Debug\log_task.o
 .debug_info    0x00002c73     0x171e .\CortexM3\ARM_GCC_541\Debug\heartbeatSensor.o
 .debug_info    0x00004391     0x18a7 .\CortexM3\ARM_GCC_541\Debug\environmentSensor.o
 .debug_info    0x00005c38      0xe09 .\CortexM3\ARM_GCC_541\Debug\bsp_os.o
 .debug_info    0x00006a41      0x392 .\CortexM3\ARM_GCC_541\Debug\bsp.o
 .debug_info    0x00006dd3      0x178 .\CortexM3\ARM_GCC_541\Debug\cpu_bsp.o
 .debug_info    0x00006f4b      0x12b .\CortexM3\ARM_GCC_541\Debug\bsp_uart.o
 .debug_info    0x00007076      0x28c .\CortexM3\ARM_GCC_541\Debug\bsp_gpio.o
 .debug_info    0x00007302     0x10f8 .\CortexM3\ARM_GCC_541\Debug\bsp_i2c.o
 .debug_info    0x000083fa      0x5f2 .\CortexM3\ARM_GCC_541\Debug\cpu_c.o
 .debug_info    0x000089ec      0x71b .\CortexM3\ARM_GCC_541\Debug\cpu_core.o
 .debug_info    0x00009107      0x1e9 .\CortexM3\ARM_GCC_541\Debug\lib_math.o
 .debug_info    0x000092f0      0x4df .\CortexM3\ARM_GCC_541\Debug\lib_mem.o
 .debug_info    0x000097cf     0x10d7 .\CortexM3\ARM_GCC_541\Debug\lib_str.o
 .debug_info    0x0000a8a6      0x43b .\CortexM3\ARM_GCC_541\Debug\lib_ascii.o
 .debug_info    0x0000ace1      0xa1f .\CortexM3\ARM_GCC_541\Debug\os_cpu_c.o
 .debug_info    0x0000b700     0x1032 .\CortexM3\ARM_GCC_541\Debug\os_pend_multi.o
 .debug_info    0x0000c732      0x1f0 .\CortexM3\ARM_GCC_541\Debug\os_prio.o
 .debug_info    0x0000c922     0x14dd .\CortexM3\ARM_GCC_541\Debug\os_q.o
 .debug_info    0x0000ddff     0x13bd .\CortexM3\ARM_GCC_541\Debug\os_sem.o
 .debug_info    0x0000f1bc     0x1219 .\CortexM3\ARM_GCC_541\Debug\os_stat.o
 .debug_info    0x000103d5     0x20a8 .\CortexM3\ARM_GCC_541\Debug\os_task.o
 .debug_info    0x0001247d      0xfe0 .\CortexM3\ARM_GCC_541\Debug\os_tick.o
 .debug_info    0x0001345d     0x10d8 .\CortexM3\ARM_GCC_541\Debug\os_time.o
 .debug_info    0x00014535     0x16b7 .\CortexM3\ARM_GCC_541\Debug\os_tmr.o
 .debug_info    0x00015bec      0xf4c .\CortexM3\ARM_GCC_541\Debug\os_var.o
 .debug_info    0x00016b38      0xbda .\CortexM3\ARM_GCC_541\Debug\os_cfg_app.o
 .debug_info    0x00017712     0x1f24 .\CortexM3\ARM_GCC_541\Debug\os_core.o
 .debug_info    0x00019636     0x1379 .\CortexM3\ARM_GCC_541\Debug\os_dbg.o
 .debug_info    0x0001a9af     0x178f .\CortexM3\ARM_GCC_541\Debug\os_flag.o
 .debug_info    0x0001c13e       0x87 .\CortexM3\ARM_GCC_541\Debug\os_int.o
 .debug_info    0x0001c1c5      0x89b .\CortexM3\ARM_GCC_541\Debug\os_mem.o
 .debug_info    0x0001ca60      0x87b .\CortexM3\ARM_GCC_541\Debug\os_msg.o
 .debug_info    0x0001d2db     0x13bd .\CortexM3\ARM_GCC_541\Debug\os_mutex.o
 .debug_info    0x0001e698     0x103e .\CortexM3\ARM_GCC_541\Debug\max30102_interface.o
 .debug_info    0x0001f6d6     0x2959 .\CortexM3\ARM_GCC_541\Debug\driver_max30102.o
 .debug_info    0x0002202f     0x2123 .\CortexM3\ARM_GCC_541\Debug\bme68x.o
 .debug_info    0x00024152      0x605 .\CortexM3\ARM_GCC_541\Debug\cyfitter_cfg.o
 .debug_info    0x00024757      0x135 .\CortexM3\ARM_GCC_541\Debug\cymetadata.o
 .debug_info    0x0002488c      0x3cf .\CortexM3\ARM_GCC_541\Debug\Cm3Start.o
 .debug_info    0x00024c5b       0x77 .\CortexM3\ARM_GCC_541\Debug\cpu_a.o
 .debug_info    0x00024cd2       0x8a .\CortexM3\ARM_GCC_541\Debug\os_cpu_a.o
 .debug_info    0x00024d5c      0x7ae .\CortexM3\ARM_GCC_541\Debug\esw_uCOS3_cykit.a(UART_1.o)
 .debug_info    0x0002550a      0x186 .\CortexM3\ARM_GCC_541\Debug\esw_uCOS3_cykit.a(UART_1_INT.o)
 .debug_info    0x00025690      0x11f .\CortexM3\ARM_GCC_541\Debug\esw_uCOS3_cykit.a(Pin_1.o)
 .debug_info    0x000257af      0x283 .\CortexM3\ARM_GCC_541\Debug\esw_uCOS3_cykit.a(UART_1_IntClock.o)
 .debug_info    0x00025a32      0x94e .\CortexM3\ARM_GCC_541\Debug\esw_uCOS3_cykit.a(CyDmac.o)
 .debug_info    0x00026380     0x1374 .\CortexM3\ARM_GCC_541\Debug\esw_uCOS3_cykit.a(CyLib.o)
 .debug_info    0x000276f4      0xa2a .\CortexM3\ARM_GCC_541\Debug\esw_uCOS3_cykit.a(cyPm.o)
 .debug_info    0x0002811e      0x11f .\CortexM3\ARM_GCC_541\Debug\esw_uCOS3_cykit.a(Pin_2.o)
 .debug_info    0x0002823d      0x11f .\CortexM3\ARM_GCC_541\Debug\esw_uCOS3_cykit.a(push_button.o)
 .debug_info    0x0002835c      0x2ab .\CortexM3\ARM_GCC_541\Debug\esw_uCOS3_cykit.a(I2C_1.o)
 .debug_info    0x00028607      0x184 .\CortexM3\ARM_GCC_541\Debug\esw_uCOS3_cykit.a(I2C_1_INT.o)
 .debug_info    0x0002878b      0x207 .\CortexM3\ARM_GCC_541\Debug\esw_uCOS3_cykit.a(I2C_1_PM.o)
 .debug_info    0x00028992      0x407 .\CortexM3\ARM_GCC_541\Debug\esw_uCOS3_cykit.a(I2C_1_MASTER.o)
 .debug_info    0x00028d99      0x295 .\CortexM3\ARM_GCC_541\Debug\esw_uCOS3_cykit.a(Timer_1.o)
 .debug_info    0x0002902e      0x2d2 .\CortexM3\ARM_GCC_541\Debug\esw_uCOS3_cykit.a(Timer_ISR.o)
 .debug_info    0x00029300       0x95 .\CortexM3\ARM_GCC_541\Debug\esw_uCOS3_cykit.a(CyBootAsmGnu.o)
 .debug_info    0x00029395      0x64d .\CortexM3\ARM_GCC_541\Debug\esw_uCOS3_cykit.a(CyFlash.o)
 .debug_info    0x000299e2      0x550 .\CortexM3\ARM_GCC_541\Debug\esw_uCOS3_cykit.a(CySpc.o)

.debug_abbrev   0x00000000     0x5967
 *(.debug_abbrev)
 .debug_abbrev  0x00000000      0x1cb .\CortexM3\ARM_GCC_541\Debug\app.o
 .debug_abbrev  0x000001cb      0x127 .\CortexM3\ARM_GCC_541\Debug\os_app_hooks.o
 .debug_abbrev  0x000002f2      0x251 .\CortexM3\ARM_GCC_541\Debug\log_task.o
 .debug_abbrev  0x00000543      0x2b9 .\CortexM3\ARM_GCC_541\Debug\heartbeatSensor.o
 .debug_abbrev  0x000007fc      0x231 .\CortexM3\ARM_GCC_541\Debug\environmentSensor.o
 .debug_abbrev  0x00000a2d      0x187 .\CortexM3\ARM_GCC_541\Debug\bsp_os.o
 .debug_abbrev  0x00000bb4      0x174 .\CortexM3\ARM_GCC_541\Debug\bsp.o
 .debug_abbrev  0x00000d28       0xce .\CortexM3\ARM_GCC_541\Debug\cpu_bsp.o
 .debug_abbrev  0x00000df6       0x98 .\CortexM3\ARM_GCC_541\Debug\bsp_uart.o
 .debug_abbrev  0x00000e8e       0xe7 .\CortexM3\ARM_GCC_541\Debug\bsp_gpio.o
 .debug_abbrev  0x00000f75      0x1fc .\CortexM3\ARM_GCC_541\Debug\bsp_i2c.o
 .debug_abbrev  0x00001171      0x155 .\CortexM3\ARM_GCC_541\Debug\cpu_c.o
 .debug_abbrev  0x000012c6      0x1fa .\CortexM3\ARM_GCC_541\Debug\cpu_core.o
 .debug_abbrev  0x000014c0      0x116 .\CortexM3\ARM_GCC_541\Debug\lib_math.o
 .debug_abbrev  0x000015d6      0x12a .\CortexM3\ARM_GCC_541\Debug\lib_mem.o
 .debug_abbrev  0x00001700      0x19d .\CortexM3\ARM_GCC_541\Debug\lib_str.o
 .debug_abbrev  0x0000189d      0x105 .\CortexM3\ARM_GCC_541\Debug\lib_ascii.o
 .debug_abbrev  0x000019a2      0x21d .\CortexM3\ARM_GCC_541\Debug\os_cpu_c.o
 .debug_abbrev  0x00001bbf      0x1f0 .\CortexM3\ARM_GCC_541\Debug\os_pend_multi.o
 .debug_abbrev  0x00001daf       0xf1 .\CortexM3\ARM_GCC_541\Debug\os_prio.o
 .debug_abbrev  0x00001ea0      0x228 .\CortexM3\ARM_GCC_541\Debug\os_q.o
 .debug_abbrev  0x000020c8      0x226 .\CortexM3\ARM_GCC_541\Debug\os_sem.o
 .debug_abbrev  0x000022ee      0x1f6 .\CortexM3\ARM_GCC_541\Debug\os_stat.o
 .debug_abbrev  0x000024e4      0x1f3 .\CortexM3\ARM_GCC_541\Debug\os_task.o
 .debug_abbrev  0x000026d7      0x224 .\CortexM3\ARM_GCC_541\Debug\os_tick.o
 .debug_abbrev  0x000028fb      0x1c8 .\CortexM3\ARM_GCC_541\Debug\os_time.o
 .debug_abbrev  0x00002ac3      0x269 .\CortexM3\ARM_GCC_541\Debug\os_tmr.o
 .debug_abbrev  0x00002d2c       0xb7 .\CortexM3\ARM_GCC_541\Debug\os_var.o
 .debug_abbrev  0x00002de3       0xdc .\CortexM3\ARM_GCC_541\Debug\os_cfg_app.o
 .debug_abbrev  0x00002ebf      0x265 .\CortexM3\ARM_GCC_541\Debug\os_core.o
 .debug_abbrev  0x00003124       0xfa .\CortexM3\ARM_GCC_541\Debug\os_dbg.o
 .debug_abbrev  0x0000321e      0x226 .\CortexM3\ARM_GCC_541\Debug\os_flag.o
 .debug_abbrev  0x00003444       0x26 .\CortexM3\ARM_GCC_541\Debug\os_int.o
 .debug_abbrev  0x0000346a      0x190 .\CortexM3\ARM_GCC_541\Debug\os_mem.o
 .debug_abbrev  0x000035fa      0x184 .\CortexM3\ARM_GCC_541\Debug\os_msg.o
 .debug_abbrev  0x0000377e      0x219 .\CortexM3\ARM_GCC_541\Debug\os_mutex.o
 .debug_abbrev  0x00003997      0x219 .\CortexM3\ARM_GCC_541\Debug\max30102_interface.o
 .debug_abbrev  0x00003bb0      0x20c .\CortexM3\ARM_GCC_541\Debug\driver_max30102.o
 .debug_abbrev  0x00003dbc      0x2a7 .\CortexM3\ARM_GCC_541\Debug\bme68x.o
 .debug_abbrev  0x00004063      0x20d .\CortexM3\ARM_GCC_541\Debug\cyfitter_cfg.o
 .debug_abbrev  0x00004270       0x66 .\CortexM3\ARM_GCC_541\Debug\cymetadata.o
 .debug_abbrev  0x000042d6      0x1e8 .\CortexM3\ARM_GCC_541\Debug\Cm3Start.o
 .debug_abbrev  0x000044be       0x14 .\CortexM3\ARM_GCC_541\Debug\cpu_a.o
 .debug_abbrev  0x000044d2       0x14 .\CortexM3\ARM_GCC_541\Debug\os_cpu_a.o
 .debug_abbrev  0x000044e6      0x16f .\CortexM3\ARM_GCC_541\Debug\esw_uCOS3_cykit.a(UART_1.o)
 .debug_abbrev  0x00004655       0xa2 .\CortexM3\ARM_GCC_541\Debug\esw_uCOS3_cykit.a(UART_1_INT.o)
 .debug_abbrev  0x000046f7       0x90 .\CortexM3\ARM_GCC_541\Debug\esw_uCOS3_cykit.a(Pin_1.o)
 .debug_abbrev  0x00004787      0x139 .\CortexM3\ARM_GCC_541\Debug\esw_uCOS3_cykit.a(UART_1_IntClock.o)
 .debug_abbrev  0x000048c0      0x1b2 .\CortexM3\ARM_GCC_541\Debug\esw_uCOS3_cykit.a(CyDmac.o)
 .debug_abbrev  0x00004a72      0x254 .\CortexM3\ARM_GCC_541\Debug\esw_uCOS3_cykit.a(CyLib.o)
 .debug_abbrev  0x00004cc6      0x1ab .\CortexM3\ARM_GCC_541\Debug\esw_uCOS3_cykit.a(cyPm.o)
 .debug_abbrev  0x00004e71       0x90 .\CortexM3\ARM_GCC_541\Debug\esw_uCOS3_cykit.a(Pin_2.o)
 .debug_abbrev  0x00004f01       0x90 .\CortexM3\ARM_GCC_541\Debug\esw_uCOS3_cykit.a(push_button.o)
 .debug_abbrev  0x00004f91      0x10a .\CortexM3\ARM_GCC_541\Debug\esw_uCOS3_cykit.a(I2C_1.o)
 .debug_abbrev  0x0000509b       0xb6 .\CortexM3\ARM_GCC_541\Debug\esw_uCOS3_cykit.a(I2C_1_INT.o)
 .debug_abbrev  0x00005151       0xfe .\CortexM3\ARM_GCC_541\Debug\esw_uCOS3_cykit.a(I2C_1_PM.o)
 .debug_abbrev  0x0000524f      0x13c .\CortexM3\ARM_GCC_541\Debug\esw_uCOS3_cykit.a(I2C_1_MASTER.o)
 .debug_abbrev  0x0000538b      0x11a .\CortexM3\ARM_GCC_541\Debug\esw_uCOS3_cykit.a(Timer_1.o)
 .debug_abbrev  0x000054a5      0x173 .\CortexM3\ARM_GCC_541\Debug\esw_uCOS3_cykit.a(Timer_ISR.o)
 .debug_abbrev  0x00005618       0x14 .\CortexM3\ARM_GCC_541\Debug\esw_uCOS3_cykit.a(CyBootAsmGnu.o)
 .debug_abbrev  0x0000562c      0x1a7 .\CortexM3\ARM_GCC_541\Debug\esw_uCOS3_cykit.a(CyFlash.o)
 .debug_abbrev  0x000057d3      0x194 .\CortexM3\ARM_GCC_541\Debug\esw_uCOS3_cykit.a(CySpc.o)

.debug_line     0x00000000     0x86ac
 *(.debug_line)
 .debug_line    0x00000000      0x261 .\CortexM3\ARM_GCC_541\Debug\app.o