Archive member included to satisfy reference by file (symbol)

.\CortexM3\ARM_GCC_541\Debug\esw_uCOS3_cykit.a(UART_1.o)
                              .\CortexM3\ARM_GCC_541\Debug\bsp_uart.o (UART_1_Start)
.\CortexM3\ARM_GCC_541\Debug\esw_uCOS3_cykit.a(UART_1_INT.o)
                              .\CortexM3\ARM_GCC_541\Debug\esw_uCOS3_cykit.a(UART_1.o) (UART_1_RXISR)
.\CortexM3\ARM_GCC_541\Debug\esw_uCOS3_cykit.a(Pin_1.o)
                              .\CortexM3\ARM_GCC_541\Debug\bsp_gpio.o (Pin_1_Write)
.\CortexM3\ARM_GCC_541\Debug\esw_uCOS3_cykit.a(UART_1_IntClock.o)
                              .\CortexM3\ARM_GCC_541\Debug\esw_uCOS3_cykit.a(UART_1.o) (UART_1_IntClock_Start)
.\CortexM3\ARM_GCC_541\Debug\esw_uCOS3_cykit.a(CyDmac.o)
                              .\CortexM3\ARM_GCC_541\Debug\Cm3Start.o (CyDmacConfigure)
.\CortexM3\ARM_GCC_541\Debug\esw_uCOS3_cykit.a(CyLib.o)
                              .\CortexM3\ARM_GCC_541\Debug\Cm3Start.o (CyHalt)
.\CortexM3\ARM_GCC_541\Debug\esw_uCOS3_cykit.a(cyPm.o)
                              .\CortexM3\ARM_GCC_541\Debug\esw_uCOS3_cykit.a(CyLib.o) (CyPmReadStatus)
.\CortexM3\ARM_GCC_541\Debug\esw_uCOS3_cykit.a(Pin_2.o)
                              .\CortexM3\ARM_GCC_541\Debug\bsp_gpio.o (Pin_2_Write)
.\CortexM3\ARM_GCC_541\Debug\esw_uCOS3_cykit.a(push_button.o)
                              .\CortexM3\ARM_GCC_541\Debug\bsp_gpio.o (push_button_Write)
.\CortexM3\ARM_GCC_541\Debug\esw_uCOS3_cykit.a(I2C_1.o)
                              .\CortexM3\ARM_GCC_541\Debug\bsp_i2c.o (I2C_1_Start)
.\CortexM3\ARM_GCC_541\Debug\esw_uCOS3_cykit.a(I2C_1_INT.o)
                              .\CortexM3\ARM_GCC_541\Debug\esw_uCOS3_cykit.a(I2C_1.o) (I2C_1_ISR)
.\CortexM3\ARM_GCC_541\Debug\esw_uCOS3_cykit.a(I2C_1_PM.o)
                              .\CortexM3\ARM_GCC_541\Debug\esw_uCOS3_cykit.a(I2C_1.o) (I2C_1_backup)
.\CortexM3\ARM_GCC_541\Debug\esw_uCOS3_cykit.a(I2C_1_MASTER.o)
                              .\CortexM3\ARM_GCC_541\Debug\esw_uCOS3_cykit.a(I2C_1.o) (I2C_1_mstrStatus)
.\CortexM3\ARM_GCC_541\Debug\esw_uCOS3_cykit.a(Timer_1.o)
                              .\CortexM3\ARM_GCC_541\Debug\bsp_i2c.o (Timer_1_Start)
.\CortexM3\ARM_GCC_541\Debug\esw_uCOS3_cykit.a(Timer_ISR.o)
                              .\CortexM3\ARM_GCC_541\Debug\bsp_i2c.o (Timer_ISR_StartEx)
.\CortexM3\ARM_GCC_541\Debug\esw_uCOS3_cykit.a(CyBootAsmGnu.o)
                              .\CortexM3\ARM_GCC_541\Debug\cyfitter_cfg.o (CyDelayCycles)
.\CortexM3\ARM_GCC_541\Debug\esw_uCOS3_cykit.a(CyFlash.o)
                              .\CortexM3\ARM_GCC_541\Debug\esw_uCOS3_cykit.a(cyPm.o) (CyFlash_SetWaitCycles)
.\CortexM3\ARM_GCC_541\Debug\esw_uCOS3_cykit.a(CySpc.o)
                              .\CortexM3\ARM_GCC_541\Debug\esw_uCOS3_cykit.a(CyFlash.o) (CySpcStart)
c:/program files (x86)/cypress/psoc creator/4.4/psoc creator/import/gnu/arm/5.4.1/bin/../lib/gcc/arm-none-eabi/5.4.1/armv7-m\libgcc.a(_arm_addsubsf3.o)
                              .\CortexM3\ARM_GCC_541\Debug\driver_max30102.o (__aeabi_fadd)
c:/program files (x86)/cypress/psoc creator/4.4/psoc creator/import/gnu/arm/5.4.1/bin/../lib/gcc/arm-none-eabi/5.4.1/armv7-m\libgcc.a(_arm_muldivsf3.o)
                              .\CortexM3\ARM_GCC_541\Debug\driver_max30102.o (__aeabi_fmul)
c:/program files (x86)/cypress/psoc creator/4.4/psoc creator/import/gnu/arm/5.4.1/bin/../lib/gcc/arm-none-eabi/5.4.1/../../../../arm-none-eabi/lib/armv7-m\libg_nano.a(lib_a-errno.o)
                              .\CortexM3\ARM_GCC_541\Debug\Cm3Start.o (__errno)
c:/program files (x86)/cypress/psoc creator/4.4/psoc creator/import/gnu/arm/5.4.1/bin/../lib/gcc/arm-none-eabi/5.4.1/../../../../arm-none-eabi/lib/armv7-m\libg_nano.a(lib_a-exit.o)
                              c:/program files (x86)/cypress/psoc creator/4.4/psoc creator/import/gnu/arm/5.4.1/bin/../lib/gcc/arm-none-eabi/5.4.1/../../../../arm-none-eabi/lib/armv7-m/crt0.o (exit)
c:/program files (x86)/cypress/psoc creator/4.4/psoc creator/import/gnu/arm/5.4.1/bin/../lib/gcc/arm-none-eabi/5.4.1/../../../../arm-none-eabi/lib/armv7-m\libg_nano.a(lib_a-impure.o)
                              c:/program files (x86)/cypress/psoc creator/4.4/psoc creator/import/gnu/arm/5.4.1/bin/../lib/gcc/arm-none-eabi/5.4.1/../../../../arm-none-eabi/lib/armv7-m\libg_nano.a(lib_a-exit.o) (_global_impure_ptr)
c:/program files (x86)/cypress/psoc creator/4.4/psoc creator/import/gnu/arm/5.4.1/bin/../lib/gcc/arm-none-eabi/5.4.1/../../../../arm-none-eabi/lib/armv7-m\libg_nano.a(lib_a-init.o)
                              c:/program files (x86)/cypress/psoc creator/4.4/psoc creator/import/gnu/arm/5.4.1/bin/../lib/gcc/arm-none-eabi/5.4.1/../../../../arm-none-eabi/lib/armv7-m/crt0.o (__libc_init_array)
c:/program files (x86)/cypress/psoc creator/4.4/psoc creator/import/gnu/arm/5.4.1/bin/../lib/gcc/arm-none-eabi/5.4.1/../../../../arm-none-eabi/lib/armv7-m\libg_nano.a(lib_a-memcpy-stub.o)
[...]
Memory Configuration

Name             Origin             Length             Attributes
rom              0x00000000         0x00040000         xr
ram              0x1fff8000         0x00010000         xrw
*default*        0x00000000         0xffffffff

Linker script and memory map

LOAD c:/program files (x86)/cypress/psoc creator/4.4/psoc creator/import/gnu/arm/5.4.1/bin/../lib/gcc/arm-none-eabi/5.4.1/armv7-m/crti.o
LOAD c:/program files (x86)/cypress/psoc creator/4.4/psoc creator/import/gnu/arm/5.4.1/bin/../lib/gcc/arm-none-eabi/5.4.1/armv7-m/crtbegin.o
LOAD c:/program files (x86)/cypress/psoc creator/4.4/psoc creator/import/gnu/arm/5.4.1/bin/../lib/gcc/arm-none-eabi/5.4.1/../../../../arm-none-eabi/lib/armv7-m/crt0.o
START GROUP
LOAD .\CortexM3\ARM_GCC_541\Debug\app.o
LOAD .\CortexM3\ARM_GCC_541\Debug\os_app_hooks.o
LOAD .\CortexM3\ARM_GCC_541\Debug\log_task.o
LOAD .\CortexM3\ARM_GCC_541\Debug\heartbeatSensor.o
LOAD .\CortexM3\ARM_GCC_541\Debug\bsp_os.o
LOAD .\CortexM3\ARM_GCC_541\Debug\bsp.o
LOAD .\CortexM3\ARM_GCC_541\Debug\cpu_bsp.o
LOAD .\CortexM3\ARM_GCC_541\Debug\bsp_uart.o
LOAD .\CortexM3\ARM_GCC_541\Debug\bsp_gpio.o
LOAD .\CortexM3\ARM_GCC_541\Debug\bsp_i2c.o
LOAD .\CortexM3\ARM_GCC_541\Debug\cpu_c.o
LOAD .\CortexM3\ARM_GCC_541\Debug\cpu_core.o
LOAD .\CortexM3\ARM_GCC_541\Debug\lib_math.o
LOAD .\CortexM3\ARM_GCC_541\Debug\lib_mem.o
LOAD .\CortexM3\ARM_GCC_541\Debug\lib_str.o
LOAD .\CortexM3\ARM_GCC_541\Debug\lib_ascii.o
LOAD .\CortexM3\ARM_GCC_541\Debug\os_cpu_c.o
LOAD .\CortexM3\ARM_GCC_541\Debug\os_pend_multi.o
LOAD .\CortexM3\ARM_GCC_541\Debug\os_prio.o
LOAD .\CortexM3\ARM_GCC_541\Debug\os_q.o
LOAD .\CortexM3\ARM_GCC_541\Debug\os_sem.o
LOAD .\CortexM3\ARM_GCC_541\Debug\os_stat.o
LOAD .\CortexM3\ARM_GCC_541\Debug\os_task.o
LOAD .\CortexM3\ARM_GCC_541\Debug\os_tick.o
LOAD .\CortexM3\ARM_GCC_541\Debug\os_time.o
LOAD .\CortexM3\ARM_GCC_541\Debug\os_tmr.o
LOAD .\CortexM3\ARM_GCC_541\Debug\os_var.o
LOAD .\CortexM3\ARM_GCC_541\Debug\os_cfg_app.o
LOAD .\CortexM3\ARM_GCC_541\Debug\os_core.o
LOAD .\CortexM3\ARM_GCC_541\Debug\os_dbg.o
LOAD .\CortexM3\ARM_GCC_541\Debug\os_flag.o
LOAD .\CortexM3\ARM_GCC_541\Debug\os_int.o
LOAD .\CortexM3\ARM_GCC_541\Debug\os_mem.o
LOAD .\CortexM3\ARM_GCC_541\Debug\os_msg.o
LOAD .\CortexM3\ARM_GCC_541\Debug\os_mutex.o
LOAD .\CortexM3\ARM_GCC_541\Debug\max30102_interface.o
LOAD .\CortexM3\ARM_GCC_541\Debug\driver_max30102.o
LOAD .\CortexM3\ARM_GCC_541\Debug\cyfitter_cfg.o
LOAD .\CortexM3\ARM_GCC_541\Debug\cymetadata.o
LOAD .\CortexM3\ARM_GCC_541\Debug\Cm3Start.o
LOAD .\CortexM3\ARM_GCC_541\Debug\cpu_a.o
LOAD .\CortexM3\ARM_GCC_541\Debug\os_cpu_a.o
LOAD .\CortexM3\ARM_GCC_541\Debug\esw_uCOS3_cykit.a
LOAD C:\Program Files (x86)\Cypress\PSoC Creator\4.4\PSoC Creator\psoc\content\cycomponentlibrary\CyComponentLibrary.cylib\CortexM3\ARM_GCC_541\Debug\CyComponentLibrary.a
END GROUP
START GROUP
LOAD c:/program files (x86)/cypress/psoc creator/4.4/psoc creator/import/gnu/arm/5.4.1/bin/../lib/gcc/arm-none-eabi/5.4.1/armv7-m\libgcc.a
LOAD c:/program files (x86)/cypress/psoc creator/4.4/psoc creator/import/gnu/arm/5.4.1/bin/../lib/gcc/arm-none-eabi/5.4.1/../../../../arm-none-eabi/lib/armv7-m\libg_nano.a
LOAD c:/program files (x86)/cypress/psoc creator/4.4/psoc creator/import/gnu/arm/5.4.1/bin/../lib/gcc/arm-none-eabi/5.4.1/../../../../arm-none-eabi/lib/armv7-m\libc_nano.a
END GROUP
START GROUP
LOAD c:/program files (x86)/cypress/psoc creator/4.4/psoc creator/import/gnu/arm/5.4.1/bin/../lib/gcc/arm-none-eabi/5.4.1/armv7-m\libgcc.a
LOAD c:/program files (x86)/cypress/psoc creator/4.4/psoc creator/import/gnu/arm/5.4.1/bin/../lib/gcc/arm-none-eabi/5.4.1/../../../../arm-none-eabi/lib/armv7-m\libc_nano.a
END GROUP
LOAD c:/program files (x86)/cypress/psoc creator/4.4/psoc creator/import/gnu/arm/5.4.1/bin/../lib/gcc/arm-none-eabi/5.4.1/armv7-m/crtend.o
LOAD c:/program files (x86)/cypress/psoc creator/4.4/psoc creator/import/gnu/arm/5.4.1/bin/../lib/gcc/arm-none-eabi/5.4.1/armv7-m/crtn.o
START GROUP
LOAD c:/program files (x86)/cypress/psoc creator/4.4/psoc creator/import/gnu/arm/5.4.1/bin/../lib/gcc/arm-none-eabi/5.4.1/armv7-m\libgcc.a
LOAD c:/program files (x86)/cypress/psoc creator/4.4/psoc creator/import/gnu/arm/5.4.1/bin/../lib/gcc/arm-none-eabi/5.4.1/../../../../arm-none-eabi/lib/armv7-m\libc.a
LOAD c:/program files (x86)/cypress/psoc creator/4.4/psoc creator/import/gnu/arm/5.4.1/bin/../lib/gcc/arm-none-eabi/5.4.1/../../../../arm-none-eabi/lib/armv7-m\libnosys.a
END GROUP
                0x00000000                CY_APPL_ORIGIN = 0x0
                0x00000100                CY_FLASH_ROW_SIZE = 0x100
                0x00000020                CY_ECC_ROW_SIZE = 0x20
                0x00000000                CY_EE_IN_BTLDR = 0x0
                0x00000000                CY_APPL_LOADABLE = 0x0
                0x00000800                CY_EE_SIZE = 0x800
                0x00000001                CY_APPL_NUM = 0x1
                0x00000001                CY_APPL_MAX = 0x1
                0x00000040                CY_METADATA_SIZE = 0x40
                0x00000000                CY_APPL_LOADABLE = 0x0
                0x00000000                CY_CHECKSUM_EXCLUDE_SIZE = ALIGN (0x0, CY_FLASH_ROW_SIZE)
                [!provide]                PROVIDE (__cy_heap_start, _end)
                0x00000001                PROVIDE (__cy_region_num, ((__cy_regions_end - __cy_regions) / 0x10))
                0x20008000                PROVIDE (__cy_stack, (ORIGIN (ram) + LENGTH (ram)))
                [!provide]                PROVIDE (__cy_heap_end, (__cy_stack - 0x800))

.cybootloader   0x00000000        0x0
 *(.cybootloader)
                0x00000000                appl1_start = CY_APPL_ORIGIN?CY_APPL_ORIGIN:ALIGN (CY_FLASH_ROW_SIZE)
                0x0001ff00                appl2_start = (appl1_start + ALIGN ((((LENGTH (rom) - appl1_start) - (0x2 * CY_FLASH_ROW_SIZE)) / 0x2), CY_FLASH_ROW_SIZE))
                0x00000000                appl_start = (CY_APPL_NUM == 0x1)?appl1_start:appl2_start
                0x00000000                ecc_offset = ((appl_start / CY_FLASH_ROW_SIZE) * CY_ECC_ROW_SIZE)
                0x00000000                ee_offset = (CY_APPL_LOADABLE && ! (CY_EE_IN_BTLDR))?((CY_EE_SIZE / CY_APPL_MAX) * (CY_APPL_NUM - 0x1)):0x0
                0x00000800                ee_size = (CY_APPL_LOADABLE && ! (CY_EE_IN_BTLDR))?(CY_EE_SIZE / CY_APPL_MAX):CY_EE_SIZE
                [!provide]                PROVIDE (CY_ECC_OFFSET, ecc_offset)

.text           0x00000000     0x547c
 CREATE_OBJECT_SYMBOLS
                0x00000000                PROVIDE (__cy_interrupt_vector, RomVectors)
 *(.romvectors)
 .romvectors    0x00000000       0x10 .\CortexM3\ARM_GCC_541\Debug\Cm3Start.o
                0x00000000                RomVectors
                0x00000001                ASSERT ((. != __cy_interrupt_vector), No interrupt vector)
                0x00000001                ASSERT (CY_APPL_ORIGIN?(SIZEOF (.cybootloader) <= CY_APPL_ORIGIN):0x1, Wrong image location)
                0x00000010                PROVIDE (__cy_reset, Reset)
 *(.text.Reset)
 .text.Reset    0x00000010       0x18 .\CortexM3\ARM_GCC_541\Debug\Cm3Start.o
                0x00000010                Reset
                0x00000001                ASSERT ((. != __cy_reset), No reset code)
 *(.dma_init)
                0x00000001                ASSERT ((((appl_start + .) <= 0x10000) || 0x1), DMA Init must be within the first 64k of flash)
 *(.text .text.* .gnu.linkonce.t.*)
 .text          0x00000028       0x5c c:/program files (x86)/cypress/psoc creator/4.4/psoc creator/import/gnu/arm/5.4.1/bin/../lib/gcc/arm-none-eabi/5.4.1/armv7-m/crtbegin.o
 .text.App_TaskStart
                0x00000084       0x64 .\CortexM3\ARM_GCC_541\Debug\app.o
 .text.main     0x000000e8       0x60 .\CortexM3\ARM_GCC_541\Debug\app.o
                0x000000e8                main
 .text.Log_LevelToString
                0x00000148       0xac .\CortexM3\ARM_GCC_541\Debug\log_task.o
 .text.Log_PrintErrorWithCode
                0x000001f4       0x2c .\CortexM3\ARM_GCC_541\Debug\log_task.o
 .text.Log_Task
                0x00000220       0xe8 .\CortexM3\ARM_GCC_541\Debug\log_task.o
 .text.Log_Init
                0x00000308       0x58 .\CortexM3\ARM_GCC_541\Debug\log_task.o
                0x00000308                Log_Init
 .text.Log_Write
                0x00000360       0xbc .\CortexM3\ARM_GCC_541\Debug\log_task.o
                0x00000360                Log_Write
 .text.MAX30102_Init
                0x0000041c       0x78 .\CortexM3\ARM_GCC_541\Debug\heartbeatSensor.o
                0x0000041c                MAX30102_Init
 .text.averageDCEstimator
                0x00000494       0x14 .\CortexM3\ARM_GCC_541\Debug\heartbeatSensor.o
                0x00000494                averageDCEstimator
 .text.mul16    0x000004a8        0x8 .\CortexM3\ARM_GCC_541\Debug\heartbeatSensor.o
                0x000004a8                mul16
 .text.lowPassFIRFilter
                0x000004b0       0x74 .\CortexM3\ARM_GCC_541\Debug\heartbeatSensor.o
                0x000004b0                lowPassFIRFilter
 .text.max30102_Task
                0x00000524      0x170 .\CortexM3\ARM_GCC_541\Debug\heartbeatSensor.o
 .text.BSP_PreInit
                0x00000694       0x20 .\CortexM3\ARM_GCC_541\Debug\bsp.o
                0x00000694                BSP_PreInit
 .text.BSP_PostInit
                0x000006b4        0xc .\CortexM3\ARM_GCC_541\Debug\bsp.o
                0x000006b4                BSP_PostInit
 .text.BSP_CPU_ClkFreq
                0x000006c0        0x8 .\CortexM3\ARM_GCC_541\Debug\bsp.o
                0x000006c0                BSP_CPU_ClkFreq
 .text.BSP_CPU_TickInit
                0x000006c8       0x18 .\CortexM3\ARM_GCC_541\Debug\bsp.o
                0x000006c8                BSP_CPU_TickInit
 .text.CPU_TS_TmrInit
                0x000006e0       0x28 .\CortexM3\ARM_GCC_541\Debug\cpu_bsp.o
                0x000006e0                CPU_TS_TmrInit
 .text.CPU_TS_TmrRd
                0x00000708        0xc .\CortexM3\ARM_GCC_541\Debug\cpu_bsp.o
                0x00000708                CPU_TS_TmrRd
 .text.init_uart
                0x00000714        0x8 .\CortexM3\ARM_GCC_541\Debug\bsp_uart.o
                0x00000714                init_uart
 .text.init_gpio
                0x0000071c       0x1c .\CortexM3\ARM_GCC_541\Debug\bsp_gpio.o
                0x0000071c                init_gpio
 .text.Timer_ISR
                0x00000738       0x10 .\CortexM3\ARM_GCC_541\Debug\bsp_i2c.o
                0x00000738                Timer_ISR
 .text.I2C_Init
                0x00000748       0x34 .\CortexM3\ARM_GCC_541\Debug\bsp_i2c.o
                0x00000748                I2C_Init
 .text.bsp_i2c_read
                0x0000077c       0x68 .\CortexM3\ARM_GCC_541\Debug\bsp_i2c.o
                0x0000077c                bsp_i2c_read
 .text.bsp_i2c_write
                0x000007e4       0x44 .\CortexM3\ARM_GCC_541\Debug\bsp_i2c.o
                0x000007e4                bsp_i2c_write
 .text.CPU_TS_Init
                0x00000828       0x14 .\CortexM3\ARM_GCC_541\Debug\cpu_core.o
 .text.CPU_NameClr
                0x0000083c       0x1c .\CortexM3\ARM_GCC_541\Debug\cpu_core.o
                0x0000083c                CPU_NameClr
 .text.CPU_NameInit
                0x00000858        0x8 .\CortexM3\ARM_GCC_541\Debug\cpu_core.o
 .text.CPU_Init
                0x00000860        0xc .\CortexM3\ARM_GCC_541\Debug\cpu_core.o
                0x00000860                CPU_Init
 .text.CPU_TS_TmrFreqSet
                0x0000086c        0xc .\CortexM3\ARM_GCC_541\Debug\cpu_core.o
                0x0000086c                CPU_TS_TmrFreqSet
 .text.Mem_Set  0x00000878       0x44 .\CortexM3\ARM_GCC_541\Debug\lib_mem.o
                0x00000878                Mem_Set
 .text.Mem_Clr  0x000008bc        0xc .\CortexM3\ARM_GCC_541\Debug\lib_mem.o
                0x000008bc                Mem_Clr
 .text.OSIdleTaskHook
                0x000008c8       0x10 .\CortexM3\ARM_GCC_541\Debug\os_cpu_c.o
                0x000008c8                OSIdleTaskHook
 .text.OSInitHook
                0x000008d8       0x3c .\CortexM3\ARM_GCC_541\Debug\os_cpu_c.o
                0x000008d8                OSInitHook
 .text.OSStatTaskHook
                0x00000914       0x10 .\CortexM3\ARM_GCC_541\Debug\os_cpu_c.o
                0x00000914                OSStatTaskHook
 .text.OSTaskCreateHook
                0x00000924       0x10 .\CortexM3\ARM_GCC_541\Debug\os_cpu_c.o
                0x00000924                OSTaskCreateHook
 .text.OSTaskDelHook
                0x00000934       0x10 .\CortexM3\ARM_GCC_541\Debug\os_cpu_c.o
                0x00000934                OSTaskDelHook
 .text.OSTaskReturnHook
                0x00000944       0x10 .\CortexM3\ARM_GCC_541\Debug\os_cpu_c.o
                0x00000944                OSTaskReturnHook
 .text.OSTaskStkInit
                0x00000954       0x88 .\CortexM3\ARM_GCC_541\Debug\os_cpu_c.o
                0x00000954                OSTaskStkInit
 .text.OSTaskSwHook
                0x000009dc       0x40 .\CortexM3\ARM_GCC_541\Debug\os_cpu_c.o
                0x000009dc                OSTaskSwHook
 .text.OSTimeTickHook
                0x00000a1c       0x10 .\CortexM3\ARM_GCC_541\Debug\os_cpu_c.o
                0x00000a1c                OSTimeTickHook
 .text.OS_CPU_SysTickHandler
                0x00000a2c       0x20 .\CortexM3\ARM_GCC_541\Debug\os_cpu_c.o
                0x00000a2c                OS_CPU_SysTickHandler
 .text.OS_CPU_SysTickInit
                0x00000a4c       0x30 .\CortexM3\ARM_GCC_541\Debug\os_cpu_c.o
                0x00000a4c                OS_CPU_SysTickInit
 .text.OS_PrioInit
                0x00000a7c       0x18 .\CortexM3\ARM_GCC_541\Debug\os_prio.o
                0x00000a7c                OS_PrioInit
 .text.OS_PrioGetHighest
                0x00000a94       0x24 .\CortexM3\ARM_GCC_541\Debug\os_prio.o
                0x00000a94                OS_PrioGetHighest
 .text.OS_PrioInsert
                0x00000ab8       0x24 .\CortexM3\ARM_GCC_541\Debug\os_prio.o
                0x00000ab8                OS_PrioInsert
 .text.OS_PrioRemove
                0x00000adc       0x24 .\CortexM3\ARM_GCC_541\Debug\os_prio.o
                0x00000adc                OS_PrioRemove
 .text.OSQPend  0x00000b00      0x164 .\CortexM3\ARM_GCC_541\Debug\os_q.o
                0x00000b00                OSQPend
 .text.OS_QDbgListAdd
                0x00000c64       0x24 .\CortexM3\ARM_GCC_541\Debug\os_q.o
                0x00000c64                OS_QDbgListAdd
 .text.OSQCreate
                0x00000c88       0x7c .\CortexM3\ARM_GCC_541\Debug\os_q.o
                0x00000c88                OSQCreate
 .text.OS_QInit
                0x00000d04       0x18 .\CortexM3\ARM_GCC_541\Debug\os_q.o
                0x00000d04                OS_QInit
 .text.OS_QPost
                0x00000d1c       0x84 .\CortexM3\ARM_GCC_541\Debug\os_q.o
                0x00000d1c                OS_QPost
 .text.OSQPost  0x00000da0       0x74 .\CortexM3\ARM_GCC_541\Debug\os_q.o
                0x00000da0                OSQPost
 .text.OSSemPend
                0x00000e14      0x128 .\CortexM3\ARM_GCC_541\Debug\os_sem.o
                0x00000e14                OSSemPend
 .text.OS_SemDbgListAdd
                0x00000f3c       0x24 .\CortexM3\ARM_GCC_541\Debug\os_sem.o
                0x00000f3c                OS_SemDbgListAdd
 .text.OSSemCreate
                0x00000f60       0x68 .\CortexM3\ARM_GCC_541\Debug\os_sem.o
                0x00000f60                OSSemCreate
 .text.OS_SemInit
                0x00000fc8       0x18 .\CortexM3\ARM_GCC_541\Debug\os_sem.o
                0x00000fc8                OS_SemInit
 .text.OS_SemPost
                0x00000fe0       0x88 .\CortexM3\ARM_GCC_541\Debug\os_sem.o
                0x00000fe0                OS_SemPost
 .text.OSSemPost
                0x00001068       0x48 .\CortexM3\ARM_GCC_541\Debug\os_sem.o
                0x00001068                OSSemPost
 .text.OSStatReset
                0x000010b0       0xb8 .\CortexM3\ARM_GCC_541\Debug\os_stat.o
                0x000010b0                OSStatReset
 .text.OS_StatTask
                0x00001168      0x230 .\CortexM3\ARM_GCC_541\Debug\os_stat.o
                0x00001168                OS_StatTask
 .text.OS_StatTaskInit
                0x00001398       0xa8 .\CortexM3\ARM_GCC_541\Debug\os_stat.o
                0x00001398                OS_StatTaskInit
 .text.OSTaskSemPend
                0x00001440      0x130 .\CortexM3\ARM_GCC_541\Debug\os_task.o
                0x00001440                OSTaskSemPend
 .text.OSTaskStkChk
                0x00001570       0x90 .\CortexM3\ARM_GCC_541\Debug\os_task.o
                0x00001570                OSTaskStkChk
 .text.OS_TaskDbgListAdd
                0x00001600       0x24 .\CortexM3\ARM_GCC_541\Debug\os_task.o
                0x00001600                OS_TaskDbgListAdd
 .text.OS_TaskDbgListRemove
                0x00001624       0x44 .\CortexM3\ARM_GCC_541\Debug\os_task.o
                0x00001624                OS_TaskDbgListRemove
 .text.OS_TaskInit
                0x00001668       0x20 .\CortexM3\ARM_GCC_541\Debug\os_task.o
                0x00001668                OS_TaskInit
 .text.OS_TaskInitTCB
                0x00001688       0xcc .\CortexM3\ARM_GCC_541\Debug\os_task.o
                0x00001688                OS_TaskInitTCB
 .text.OSTaskCreate
                0x00001754      0x1a8 .\CortexM3\ARM_GCC_541\Debug\os_task.o
                0x00001754                OSTaskCreate
 .text.OSTaskDel
                0x000018fc       0xcc .\CortexM3\ARM_GCC_541\Debug\os_task.o
                0x000018fc                OSTaskDel
 .text.OS_TaskReturn
                0x000019c8       0x20 .\CortexM3\ARM_GCC_541\Debug\os_task.o
                0x000019c8                OS_TaskReturn
 .text.OS_TaskSemPost
                0x000019e8       0xc0 .\CortexM3\ARM_GCC_541\Debug\os_task.o
                0x000019e8                OS_TaskSemPost
 .text.OSTaskSemPost
                0x00001aa8       0x2c .\CortexM3\ARM_GCC_541\Debug\os_task.o
                0x00001aa8                OSTaskSemPost
 .text.OS_TickListInit
                0x00001ad4       0x2c .\CortexM3\ARM_GCC_541\Debug\os_tick.o
                0x00001ad4                OS_TickListInit
 .text.OS_TickTaskInit
                0x00001b00       0x98 .\CortexM3\ARM_GCC_541\Debug\os_tick.o
                0x00001b00                OS_TickTaskInit
 .text.OS_TickListInsert
                0x00001b98      0x120 .\CortexM3\ARM_GCC_541\Debug\os_tick.o
                0x00001b98                OS_TickListInsert
 .text.OS_TickListRemove
                0x00001cb8       0x38 .\CortexM3\ARM_GCC_541\Debug\os_tick.o
                0x00001cb8                OS_TickListRemove
 .text.OS_TickListResetPeak
                0x00001cf0       0x24 .\CortexM3\ARM_GCC_541\Debug\os_tick.o
                0x00001cf0                OS_TickListResetPeak
 .text.OS_TickListUpdate
                0x00001d14      0x144 .\CortexM3\ARM_GCC_541\Debug\os_tick.o
                0x00001d14                OS_TickListUpdate
 .text.OS_TickTask
                0x00001e58       0x2c .\CortexM3\ARM_GCC_541\Debug\os_tick.o
                0x00001e58                OS_TickTask
 .text.OSTimeDly
                0x00001e84       0x94 .\CortexM3\ARM_GCC_541\Debug\os_time.o
                0x00001e84                OSTimeDly
 .text.OSTimeDlyHMSM
                0x00001f18      0x164 .\CortexM3\ARM_GCC_541\Debug\os_time.o
                0x00001f18                OSTimeDlyHMSM
 .text.OSTimeTick
                0x0000207c       0x64 .\CortexM3\ARM_GCC_541\Debug\os_time.o
                0x0000207c                OSTimeTick
 .text.OS_TmrInit
                0x000020e0      0x100 .\CortexM3\ARM_GCC_541\Debug\os_tmr.o
                0x000020e0                OS_TmrInit
 .text.OS_TmrLink
                0x000021e0       0xe8 .\CortexM3\ARM_GCC_541\Debug\os_tmr.o
                0x000021e0                OS_TmrLink
 .text.OS_TmrResetPeak
                0x000022c8       0x24 .\CortexM3\ARM_GCC_541\Debug\os_tmr.o
                0x000022c8                OS_TmrResetPeak
 .text.OS_TmrUnlink
                0x000022ec       0x58 .\CortexM3\ARM_GCC_541\Debug\os_tmr.o
                0x000022ec                OS_TmrUnlink
 .text.OS_TmrTask
                0x00002344       0xb0 .\CortexM3\ARM_GCC_541\Debug\os_tmr.o
                0x00002344                OS_TmrTask
 .text.OSCfg_Init
                0x000023f4        0x4 .\CortexM3\ARM_GCC_541\Debug\os_cfg_app.o
                0x000023f4                OSCfg_Init
 .text.OS_IdleTask
                0x000023f8       0x28 .\CortexM3\ARM_GCC_541\Debug\os_core.o
                0x000023f8                OS_IdleTask
 .text.OSIntExit
                0x00002420       0xa8 .\CortexM3\ARM_GCC_541\Debug\os_core.o
                0x00002420                OSIntExit
 .text.OSSched  0x000024c8       0x80 .\CortexM3\ARM_GCC_541\Debug\os_core.o
                0x000024c8                OSSched
 .text.OSSchedLock
                0x00002548       0x54 .\CortexM3\ARM_GCC_541\Debug\os_core.o
                0x00002548                OSSchedLock
 .text.OSSchedUnlock
                0x0000259c       0x68 .\CortexM3\ARM_GCC_541\Debug\os_core.o
                0x0000259c                OSSchedUnlock
 .text.OSStart  0x00002604       0x5c .\CortexM3\ARM_GCC_541\Debug\os_core.o
                0x00002604                OSStart
 .text.OS_IdleTaskInit
                0x00002660       0x58 .\CortexM3\ARM_GCC_541\Debug\os_core.o
                0x00002660                OS_IdleTaskInit
 .text.OS_PendDataInit
                0x000026b8       0x28 .\CortexM3\ARM_GCC_541\Debug\os_core.o
                0x000026b8                OS_PendDataInit
 .text.OS_PendDbgNameAdd
                0x000026e0       0x44 .\CortexM3\ARM_GCC_541\Debug\os_core.o
                0x000026e0                OS_PendDbgNameAdd
 .text.OS_PendDbgNameRemove
                0x00002724       0x1c .\CortexM3\ARM_GCC_541\Debug\os_core.o
                0x00002724                OS_PendDbgNameRemove
 .text.OS_PendListInit
                0x00002740        0xc .\CortexM3\ARM_GCC_541\Debug\os_core.o
                0x00002740                OS_PendListInit
 .text.OS_PendListInsertPrio
                0x0000274c       0x5c .\CortexM3\ARM_GCC_541\Debug\os_core.o
                0x0000274c                OS_PendListInsertPrio
 .text.OS_PendListRemove1
                0x000027a8       0x38 .\CortexM3\ARM_GCC_541\Debug\os_core.o
                0x000027a8                OS_PendListRemove1
 .text.OS_PendListRemove
                0x000027e0       0x28 .\CortexM3\ARM_GCC_541\Debug\os_core.o
                0x000027e0                OS_PendListRemove
 .text.OS_Post1
                0x00002808       0x28 .\CortexM3\ARM_GCC_541\Debug\os_core.o
                0x00002808                OS_Post1
 .text.OS_RdyListInit
                0x00002830       0x28 .\CortexM3\ARM_GCC_541\Debug\os_core.o
                0x00002830                OS_RdyListInit
 .text.OSInit   0x00002858      0x154 .\CortexM3\ARM_GCC_541\Debug\os_core.o
                0x00002858                OSInit
 .text.OS_RdyListInsertHead
                0x000029ac       0x54 .\CortexM3\ARM_GCC_541\Debug\os_core.o
                0x000029ac                OS_RdyListInsertHead
 .text.OS_RdyListInsertTail
                0x00002a00       0x54 .\CortexM3\ARM_GCC_541\Debug\os_core.o
                0x00002a00                OS_RdyListInsertTail
 .text.OS_RdyListInsert
                0x00002a54       0x2c .\CortexM3\ARM_GCC_541\Debug\os_core.o
                0x00002a54                OS_RdyListInsert
 .text.OS_RdyListMoveHeadToTail
                0x00002a80       0x38 .\CortexM3\ARM_GCC_541\Debug\os_core.o
                0x00002a80                OS_RdyListMoveHeadToTail
 .text.OS_RdyListRemove
                0x00002ab8       0x78 .\CortexM3\ARM_GCC_541\Debug\os_core.o
                0x00002ab8                OS_RdyListRemove
 .text.OS_SchedRoundRobin
                0x00002b30       0x88 .\CortexM3\ARM_GCC_541\Debug\os_core.o
                0x00002b30                OS_SchedRoundRobin
 .text.OS_TaskBlock
                0x00002bb8       0x3c .\CortexM3\ARM_GCC_541\Debug\os_core.o
                0x00002bb8                OS_TaskBlock
 .text.OS_Pend  0x00002bf4       0x54 .\CortexM3\ARM_GCC_541\Debug\os_core.o
                0x00002bf4                OS_Pend
 .text.OS_TaskRdy
                0x00002c48       0x1c .\CortexM3\ARM_GCC_541\Debug\os_core.o
                0x00002c48                OS_TaskRdy
 .text.OS_Post  0x00002c64       0xac .\CortexM3\ARM_GCC_541\Debug\os_core.o
                0x00002c64                OS_Post
 .text.OS_Dbg_Init
                0x00002d10        0x4 .\CortexM3\ARM_GCC_541\Debug\os_dbg.o
                0x00002d10                OS_Dbg_Init
 .text.OS_FlagInit
                0x00002d14       0x18 .\CortexM3\ARM_GCC_541\Debug\os_flag.o
                0x00002d14                OS_FlagInit
 .text.OSMemGet
                0x00002d2c       0x3c .\CortexM3\ARM_GCC_541\Debug\os_mem.o
                0x00002d2c                OSMemGet
 .text.OSMemPut
                0x00002d68       0x4c .\CortexM3\ARM_GCC_541\Debug\os_mem.o
                0x00002d68                OSMemPut
 .text.OS_MemDbgListAdd
                0x00002db4       0x1c .\CortexM3\ARM_GCC_541\Debug\os_mem.o
                0x00002db4                OS_MemDbgListAdd
 .text.OSMemCreate
                0x00002dd0       0xe0 .\CortexM3\ARM_GCC_541\Debug\os_mem.o
                0x00002dd0                OSMemCreate
 .text.OS_MemInit
                0x00002eb0       0x18 .\CortexM3\ARM_GCC_541\Debug\os_mem.o
                0x00002eb0                OS_MemInit
 .text.OS_MsgPoolInit
                0x00002ec8       0x68 .\CortexM3\ARM_GCC_541\Debug\os_msg.o
                0x00002ec8                OS_MsgPoolInit
 .text.OS_MsgQFreeAll
                0x00002f30       0x34 .\CortexM3\ARM_GCC_541\Debug\os_msg.o
                0x00002f30                OS_MsgQFreeAll
 .text.OS_MsgQInit
                0x00002f64       0x10 .\CortexM3\ARM_GCC_541\Debug\os_msg.o
                0x00002f64                OS_MsgQInit
 .text.OS_MsgQGet
                0x00002f74       0x5c .\CortexM3\ARM_GCC_541\Debug\os_msg.o
                0x00002f74                OS_MsgQGet
 .text.OS_MsgQPut
                0x00002fd0       0x94 .\CortexM3\ARM_GCC_541\Debug\os_msg.o
                0x00002fd0                OS_MsgQPut
 .text.OS_MutexInit
                0x00003064       0x18 .\CortexM3\ARM_GCC_541\Debug\os_mutex.o
                0x00003064                OS_MutexInit
 .text.bsp_delay_ms
                0x0000307c       0x6c .\CortexM3\ARM_GCC_541\Debug\max30102_interface.o
                0x0000307c                bsp_delay_ms
 .text.bsp_i2c_deinit
                0x000030e8       0x14 .\CortexM3\ARM_GCC_541\Debug\max30102_interface.o
 .text.bsp_i2c_init
                0x000030fc       0x14 .\CortexM3\ARM_GCC_541\Debug\max30102_interface.o
 .text.bsp_debug_print
                0x00003110       0x28 .\CortexM3\ARM_GCC_541\Debug\max30102_interface.o
                0x00003110                bsp_debug_print
 .text.max30102_receive_callback
                0x00003138       0x40 .\CortexM3\ARM_GCC_541\Debug\max30102_interface.o
                0x00003138                max30102_receive_callback
 .text.max30102_sensor_init
                0x00003178      0x1f8 .\CortexM3\ARM_GCC_541\Debug\max30102_interface.o
                0x00003178                max30102_sensor_init
 .text.max30102_init
                0x00003370      0x1ec .\CortexM3\ARM_GCC_541\Debug\driver_max30102.o
                0x00003370                max30102_init
 .text.max30102_read
                0x0000355c      0x1f8 .\CortexM3\ARM_GCC_541\Debug\driver_max30102.o
                0x0000355c                max30102_read
 .text.max30102_set_interrupt
                0x00003754       0xcc .\CortexM3\ARM_GCC_541\Debug\driver_max30102.o
                0x00003754                max30102_set_interrupt
 .text.max30102_get_interrupt
                0x00003820       0x84 .\CortexM3\ARM_GCC_541\Debug\driver_max30102.o
                0x00003820                max30102_get_interrupt
 .text.max30102_set_fifo_sample_averaging
                0x000038a4       0x68 .\CortexM3\ARM_GCC_541\Debug\driver_max30102.o
                0x000038a4                max30102_set_fifo_sample_averaging
 .text.max30102_set_fifo_roll
                0x0000390c       0x68 .\CortexM3\ARM_GCC_541\Debug\driver_max30102.o
                0x0000390c                max30102_set_fifo_roll
 .text.max30102_set_mode
                0x00003974       0x64 .\CortexM3\ARM_GCC_541\Debug\driver_max30102.o
                0x00003974                max30102_set_mode
 .text.max30102_set_spo2_adc_range
                0x000039d8       0x68 .\CortexM3\ARM_GCC_541\Debug\driver_max30102.o
                0x000039d8                max30102_set_spo2_adc_range
 .text.max30102_set_spo2_sample_rate
                0x00003a40       0x68 .\CortexM3\ARM_GCC_541\Debug\driver_max30102.o
                0x00003a40                max30102_set_spo2_sample_rate
 .text.max30102_set_adc_resolution
                0x00003aa8       0x64 .\CortexM3\ARM_GCC_541\Debug\driver_max30102.o
                0x00003aa8                max30102_set_adc_resolution
 .text.max30102_set_led_red_pulse_amplitude
                0x00003b0c       0x40 .\CortexM3\ARM_GCC_541\Debug\driver_max30102.o
                0x00003b0c                max30102_set_led_red_pulse_amplitude
 .text.max30102_set_led_ir_pulse_amplitude
                0x00003b4c       0x40 .\CortexM3\ARM_GCC_541\Debug\driver_max30102.o
                0x00003b4c                max30102_set_led_ir_pulse_amplitude
 .text.max30102_set_slot
                0x00003b8c      0x150 .\CortexM3\ARM_GCC_541\Debug\driver_max30102.o
                0x00003b8c                max30102_set_slot
 .text.CyClockStartupError
                0x00003cdc        0x4 .\CortexM3\ARM_GCC_541\Debug\cyfitter_cfg.o
 .text.cfg_write_bytes32
                0x00003ce0       0x34 .\CortexM3\ARM_GCC_541\Debug\cyfitter_cfg.o
 .text.AnalogSetDefault
                0x00003d14       0x28 .\CortexM3\ARM_GCC_541\Debug\cyfitter_cfg.o
 .text.CYMEMZERO
                0x00003d3c        0xc .\CortexM3\ARM_GCC_541\Debug\cyfitter_cfg.o
 .text.ClockSetup
                0x00003d48       0xc4 .\CortexM3\ARM_GCC_541\Debug\cyfitter_cfg.o
 .text.CYCONFIGCPY
                0x00003e0c        0x8 .\CortexM3\ARM_GCC_541\Debug\cyfitter_cfg.o
 .text.cyfitter_cfg
                0x00003e14      0x13c .\CortexM3\ARM_GCC_541\Debug\cyfitter_cfg.o
                0x00003e14                cyfitter_cfg
 .text.IntDefaultHandler
                0x00003f50       0x10 .\CortexM3\ARM_GCC_541\Debug\Cm3Start.o
                0x00003f50                IntDefaultHandler
 .text._sbrk    0x00003f60       0x30 .\CortexM3\ARM_GCC_541\Debug\Cm3Start.o
                0x00003f60                _sbrk
 .text.Start_c  0x00003f90       0x4c .\CortexM3\ARM_GCC_541\Debug\Cm3Start.o
                0x00003f90                Start_c
 .text.initialize_psoc
                0x00003fdc       0x6c .\CortexM3\ARM_GCC_541\Debug\Cm3Start.o
                0x00003fdc                initialize_psoc
 .text          0x00004048       0x34 .\CortexM3\ARM_GCC_541\Debug\cpu_a.o
                0x00004048                CPU_IntDis
                0x0000404c                CPU_IntEn
                0x00004050                CPU_SR_Save
                0x00004058                CPU_SR_Restore
                0x0000405e                CPU_WaitForInt
                0x00004062                CPU_WaitForExcept
                0x00004066                CPU_CntLeadZeros
                0x0000406c                CPU_CntTrailZeros
                0x00004076                CPU_RevBits
 .text          0x0000407c       0x84 .\CortexM3\ARM_GCC_541\Debug\os_cpu_a.o
                0x0000407c                OSStartHighRdy
                0x0000409c                OS_CPU_PendSVHandler
 .text.UART_1_Init
                0x00004100       0x5c .\CortexM3\ARM_GCC_541\Debug\esw_uCOS3_cykit.a(UART_1.o)
                0x00004100                UART_1_Init
 .text.UART_1_Enable
                0x0000415c       0x50 .\CortexM3\ARM_GCC_541\Debug\esw_uCOS3_cykit.a(UART_1.o)
                0x0000415c                UART_1_Enable
 .text.UART_1_Start
                0x000041ac       0x1c .\CortexM3\ARM_GCC_541\Debug\esw_uCOS3_cykit.a(UART_1.o)
                0x000041ac                UART_1_Start
 .text.UART_1_PutChar
                0x000041c8       0x70 .\CortexM3\ARM_GCC_541\Debug\esw_uCOS3_cykit.a(UART_1.o)
                0x000041c8                UART_1_PutChar
 .text.UART_1_PutString
                0x00004238       0x24 .\CortexM3\ARM_GCC_541\Debug\esw_uCOS3_cykit.a(UART_1.o)
                0x00004238                UART_1_PutString
 .text.UART_1_RXISR
                0x0000425c       0x98 .\CortexM3\ARM_GCC_541\Debug\esw_uCOS3_cykit.a(UART_1_INT.o)
                0x0000425c                UART_1_RXISR
 .text.UART_1_TXISR
                0x000042f4       0x58 .\CortexM3\ARM_GCC_541\Debug\esw_uCOS3_cykit.a(UART_1_INT.o)
                0x000042f4                UART_1_TXISR
 .text.Pin_1_SetDriveMode
                0x0000434c       0x18 .\CortexM3\ARM_GCC_541\Debug\esw_uCOS3_cykit.a(Pin_1.o)
                0x0000434c                Pin_1_SetDriveMode
 .text.UART_1_IntClock_Start
                0x00004364       0x1c .\CortexM3\ARM_GCC_541\Debug\esw_uCOS3_cykit.a(UART_1_IntClock.o)
                0x00004364                UART_1_IntClock_Start
 .text.CyDmacConfigure
                0x00004380       0x34 .\CortexM3\ARM_GCC_541\Debug\esw_uCOS3_cykit.a(CyDmac.o)
                0x00004380                CyDmacConfigure
 .text.CyHalt   0x000043b4        0x4 .\CortexM3\ARM_GCC_541\Debug\esw_uCOS3_cykit.a(CyLib.o)
                0x000043b4                CyHalt
 .text.CyIntSetVector
                0x000043b8       0x28 .\CortexM3\ARM_GCC_541\Debug\esw_uCOS3_cykit.a(CyLib.o)
                0x000043b8                CyIntSetVector
 .text.CyIntSetPriority
                0x000043e0       0x30 .\CortexM3\ARM_GCC_541\Debug\esw_uCOS3_cykit.a(CyLib.o)
                0x000043e0                CyIntSetPriority
 .text.Pin_2_SetDriveMode
                0x00004410       0x24 .\CortexM3\ARM_GCC_541\Debug\esw_uCOS3_cykit.a(Pin_2.o)
                0x00004410                Pin_2_SetDriveMode
 .text.push_button_Write
                0x00004434       0x18 .\CortexM3\ARM_GCC_541\Debug\esw_uCOS3_cykit.a(push_button.o)
                0x00004434                push_button_Write
 .text.push_button_SetDriveMode
                0x0000444c       0x18 .\CortexM3\ARM_GCC_541\Debug\esw_uCOS3_cykit.a(push_button.o)
                0x0000444c                push_button_SetDriveMode
 .text.I2C_1_Init
                0x00004464       0x68 .\CortexM3\ARM_GCC_541\Debug\esw_uCOS3_cykit.a(I2C_1.o)
                0x00004464                I2C_1_Init
 .text.I2C_1_Enable
                0x000044cc       0x24 .\CortexM3\ARM_GCC_541\Debug\esw_uCOS3_cykit.a(I2C_1.o)
                0x000044cc                I2C_1_Enable
 .text.I2C_1_Start
                0x000044f0       0x28 .\CortexM3\ARM_GCC_541\Debug\esw_uCOS3_cykit.a(I2C_1.o)
                0x000044f0                I2C_1_Start
 .text.I2C_1_ISR
                0x00004518      0x2d0 .\CortexM3\ARM_GCC_541\Debug\esw_uCOS3_cykit.a(I2C_1_INT.o)
                0x00004518                I2C_1_ISR
 .text.I2C_1_MasterSendStart
                0x000047e8       0x80 .\CortexM3\ARM_GCC_541\Debug\esw_uCOS3_cykit.a(I2C_1_MASTER.o)
                0x000047e8                I2C_1_MasterSendStart
 .text.I2C_1_MasterSendRestart
                0x00004868       0x6c .\CortexM3\ARM_GCC_541\Debug\esw_uCOS3_cykit.a(I2C_1_MASTER.o)
                0x00004868                I2C_1_MasterSendRestart
 .text.I2C_1_MasterSendStop
                0x000048d4       0x38 .\CortexM3\ARM_GCC_541\Debug\esw_uCOS3_cykit.a(I2C_1_MASTER.o)
                0x000048d4                I2C_1_MasterSendStop
 .text.I2C_1_MasterWriteByte
                0x0000490c       0x58 .\CortexM3\ARM_GCC_541\Debug\esw_uCOS3_cykit.a(I2C_1_MASTER.o)
                0x0000490c                I2C_1_MasterWriteByte
 .text.I2C_1_MasterReadByte
                0x00004964       0x58 .\CortexM3\ARM_GCC_541\Debug\esw_uCOS3_cykit.a(I2C_1_MASTER.o)
                0x00004964                I2C_1_MasterReadByte
 .text.Timer_1_Enable
                0x000049bc       0x28 .\CortexM3\ARM_GCC_541\Debug\esw_uCOS3_cykit.a(Timer_1.o)
                0x000049bc                Timer_1_Enable
 .text.Timer_1_SetInterruptMode
                0x000049e4        0xc .\CortexM3\ARM_GCC_541\Debug\esw_uCOS3_cykit.a(Timer_1.o)
                0x000049e4                Timer_1_SetInterruptMode
 .text.Timer_1_WritePeriod
                0x000049f0        0xc .\CortexM3\ARM_GCC_541\Debug\esw_uCOS3_cykit.a(Timer_1.o)
                0x000049f0                Timer_1_WritePeriod
 .text.Timer_1_WriteCounter
                0x000049fc        0xc .\CortexM3\ARM_GCC_541\Debug\esw_uCOS3_cykit.a(Timer_1.o)
                0x000049fc                Timer_1_WriteCounter
 .text.Timer_1_Init
                0x00004a08       0x68 .\CortexM3\ARM_GCC_541\Debug\esw_uCOS3_cykit.a(Timer_1.o)
                0x00004a08                Timer_1_Init
 .text.Timer_1_Start
                0x00004a70       0x1c .\CortexM3\ARM_GCC_541\Debug\esw_uCOS3_cykit.a(Timer_1.o)
                0x00004a70                Timer_1_Start
 .text.Timer_ISR_SetVector
                0x00004a8c        0xc .\CortexM3\ARM_GCC_541\Debug\esw_uCOS3_cykit.a(Timer_ISR.o)
                0x00004a8c                Timer_ISR_SetVector
 .text.Timer_ISR_SetPriority
                0x00004a98       0x10 .\CortexM3\ARM_GCC_541\Debug\esw_uCOS3_cykit.a(Timer_ISR.o)
                0x00004a98                Timer_ISR_SetPriority
 .text.Timer_ISR_Enable
                0x00004aa8        0xc .\CortexM3\ARM_GCC_541\Debug\esw_uCOS3_cykit.a(Timer_ISR.o)
                0x00004aa8                Timer_ISR_Enable
 .text.Timer_ISR_Disable
                0x00004ab4        0xc .\CortexM3\ARM_GCC_541\Debug\esw_uCOS3_cykit.a(Timer_ISR.o)
                0x00004ab4                Timer_ISR_Disable
 .text.Timer_ISR_StartEx
                0x00004ac0       0x1c .\CortexM3\ARM_GCC_541\Debug\esw_uCOS3_cykit.a(Timer_ISR.o)
                0x00004ac0                Timer_ISR_StartEx
 *fill*         0x00004adc        0x4 
 .text          0x00004ae0       0x20 .\CortexM3\ARM_GCC_541\Debug\esw_uCOS3_cykit.a(CyBootAsmGnu.o)
                0x00004ae0                CyDelayCycles
                0x00004af0                CyEnterCriticalSection
                0x00004af8                CyExitCriticalSection
 .text.__errno  0x00004b00        0xc c:/program files (x86)/cypress/psoc creator/4.4/psoc creator/import/gnu/arm/5.4.1/bin/../lib/gcc/arm-none-eabi/5.4.1/../../../../arm-none-eabi/lib/armv7-m\libg_nano.a(lib_a-errno.o)
                0x00004b00                __errno
 .text.__libc_init_array
                0x00004b0c       0x4c c:/program files (x86)/cypress/psoc creator/4.4/psoc creator/import/gnu/arm/5.4.1/bin/../lib/gcc/arm-none-eabi/5.4.1/../../../../arm-none-eabi/lib/armv7-m\libg_nano.a(lib_a-init.o)
                0x00004b0c                __libc_init_array
 .text.memcpy   0x00004b58       0x16 c:/program files (x86)/cypress/psoc creator/4.4/psoc creator/import/gnu/arm/5.4.1/bin/../lib/gcc/arm-none-eabi/5.4.1/../../../../arm-none-eabi/lib/armv7-m\libg_nano.a(lib_a-memcpy-stub.o)
                0x00004b58                memcpy
 .text.memset   0x00004b6e       0x10 c:/program files (x86)/cypress/psoc creator/4.4/psoc creator/import/gnu/arm/5.4.1/bin/../lib/gcc/arm-none-eabi/5.4.1/../../../../arm-none-eabi/lib/armv7-m\libg_nano.a(lib_a-memset.o)
                0x00004b6e                memset
 *fill*         0x00004b7e        0x2 
 .text.snprintf
                0x00004b80       0x64 c:/program files (x86)/cypress/psoc creator/4.4/psoc creator/import/gnu/arm/5.4.1/bin/../lib/gcc/arm-none-eabi/5.4.1/../../../../arm-none-eabi/lib/armv7-m\libg_nano.a(lib_a-snprintf.o)
                0x00004b80                sniprintf
                0x00004b80                snprintf
 .text.strncpy  0x00004be4       0x26 c:/program files (x86)/cypress/psoc creator/4.4/psoc creator/import/gnu/arm/5.4.1/bin/../lib/gcc/arm-none-eabi/5.4.1/../../../../arm-none-eabi/lib/armv7-m\libg_nano.a(lib_a-strncpy.o)
                0x00004be4                strncpy
 .text._vsnprintf_r
                0x00004c0a       0x56 c:/program files (x86)/cypress/psoc creator/4.4/psoc creator/import/gnu/arm/5.4.1/bin/../lib/gcc/arm-none-eabi/5.4.1/../../../../arm-none-eabi/lib/armv7-m\libg_nano.a(lib_a-vsnprintf.o)
                0x00004c0a                _vsniprintf_r
                0x00004c0a                _vsnprintf_r
 .text.vsnprintf
                0x00004c60       0x1c c:/program files (x86)/cypress/psoc creator/4.4/psoc creator/import/gnu/arm/5.4.1/bin/../lib/gcc/arm-none-eabi/5.4.1/../../../../arm-none-eabi/lib/armv7-m\libg_nano.a(lib_a-vsnprintf.o)
                0x00004c60                vsniprintf
                0x00004c60                vsnprintf
 .text.__ssputs_r
                0x00004c7c       0xb2 c:/program files (x86)/cypress/psoc creator/4.4/psoc creator/import/gnu/arm/5.4.1/bin/../lib/gcc/arm-none-eabi/5.4.1/../../../../arm-none-eabi/lib/armv7-m\libg_nano.a(lib_a-nano-svfprintf.o)
                0x00004c7c                __ssputs_r
 *fill*         0x00004d2e        0x2 
 .text._svfprintf_r
                0x00004d30      0x1e8 c:/program files (x86)/cypress/psoc creator/4.4/psoc creator/import/gnu/arm/5.4.1/bin/../lib/gcc/arm-none-eabi/5.4.1/../../../../arm-none-eabi/lib/armv7-m\libg_nano.a(lib_a-nano-svfprintf.o)
                0x00004d30                _svfiprintf_r
                0x00004d30                _svfprintf_r
 .text._printf_common
                0x00004f18       0xec c:/program files (x86)/cypress/psoc creator/4.4/psoc creator/import/gnu/arm/5.4.1/bin/../lib/gcc/arm-none-eabi/5.4.1/../../../../arm-none-eabi/lib/armv7-m\libg_nano.a(lib_a-nano-vfprintf_i.o)
                0x00004f18                _printf_common
 .text._printf_i
                0x00005004      0x24c c:/program files (x86)/cypress/psoc creator/4.4/psoc creator/import/gnu/arm/5.4.1/bin/../lib/gcc/arm-none-eabi/5.4.1/../../../../arm-none-eabi/lib/armv7-m\libg_nano.a(lib_a-nano-vfprintf_i.o)
                0x00005004                _printf_i
 .text.memchr   0x00005250       0x1c c:/program files (x86)/cypress/psoc creator/4.4/psoc creator/import/gnu/arm/5.4.1/bin/../lib/gcc/arm-none-eabi/5.4.1/../../../../arm-none-eabi/lib/armv7-m\libg_nano.a(lib_a-memchr-stub.o)
                0x00005250                memchr
 .text.memmove  0x0000526c       0x36 c:/program files (x86)/cypress/psoc creator/4.4/psoc creator/import/gnu/arm/5.4.1/bin/../lib/gcc/arm-none-eabi/5.4.1/../../../../arm-none-eabi/lib/armv7-m\libg_nano.a(lib_a-memmove.o)
                0x0000526c                memmove
 *fill*         0x000052a2        0x2 
 .text._free_r  0x000052a4       0x98 c:/program files (x86)/cypress/psoc creator/4.4/psoc creator/import/gnu/arm/5.4.1/bin/../lib/gcc/arm-none-eabi/5.4.1/../../../../arm-none-eabi/lib/armv7-m\libg_nano.a(lib_a-nano-freer.o)
                0x000052a4                _free_r
 .text._malloc_r
                0x0000533c       0xbc c:/program files (x86)/cypress/psoc creator/4.4/psoc creator/import/gnu/arm/5.4.1/bin/../lib/gcc/arm-none-eabi/5.4.1/../../../../arm-none-eabi/lib/armv7-m\libg_nano.a(lib_a-nano-mallocr.o)
                0x0000533c                _malloc_r
 .text._realloc_r
                0x000053f8       0x4c c:/program files (x86)/cypress/psoc creator/4.4/psoc creator/import/gnu/arm/5.4.1/bin/../lib/gcc/arm-none-eabi/5.4.1/../../../../arm-none-eabi/lib/armv7-m\libg_nano.a(lib_a-nano-reallocr.o)
                0x000053f8                _realloc_r
 .text._sbrk_r  0x00005444       0x20 c:/program files (x86)/cypress/psoc creator/4.4/psoc creator/import/gnu/arm/5.4.1/bin/../lib/gcc/arm-none-eabi/5.4.1/../../../../arm-none-eabi/lib/armv7-m\libg_nano.a(lib_a-sbrkr.o)
                0x00005444                _sbrk_r
 .text.__malloc_lock
                0x00005464        0x2 c:/program files (x86)/cypress/psoc creator/4.4/psoc creator/import/gnu/arm/5.4.1/bin/../lib/gcc/arm-none-eabi/5.4.1/../../../../arm-none-eabi/lib/armv7-m\libg_nano.a(lib_a-mlock.o)
                0x00005464                __malloc_lock
 .text.__malloc_unlock
                0x00005466        0x2 c:/program files (x86)/cypress/psoc creator/4.4/psoc creator/import/gnu/arm/5.4.1/bin/../lib/gcc/arm-none-eabi/5.4.1/../../../../arm-none-eabi/lib/armv7-m\libg_nano.a(lib_a-mlock.o)
                0x00005466                __malloc_unlock
 .text._malloc_usable_size_r
                0x00005468       0x14 c:/program files (x86)/cypress/psoc creator/4.4/psoc creator/import/gnu/arm/5.4.1/bin/../lib/gcc/arm-none-eabi/5.4.1/../../../../arm-none-eabi/lib/armv7-m\libg_nano.a(lib_a-nano-msizer.o)
                0x00005468                _malloc_usable_size_r
 *(.plt)
 *(.gnu.warning)
 *(.glue_7t)
 .glue_7t       0x0000547c        0x0 linker stubs
 *(.glue_7)
 .glue_7        0x0000547c        0x0 linker stubs
 *(.vfp11_veneer)
 .vfp11_veneer  0x0000547c        0x0 linker stubs
 *(.bootloader)
 *(.ARM.extab* .gnu.linkonce.armextab.*)
 *(.gcc_except_table)

.v4_bx          0x0000547c        0x0
 .v4_bx         0x0000547c        0x0 linker stubs

.iplt           0x0000547c        0x0
 .iplt          0x0000547c        0x0 c:/program files (x86)/cypress/psoc creator/4.4/psoc creator/import/gnu/arm/5.4.1/bin/../lib/gcc/arm-none-eabi/5.4.1/armv7-m/crtbegin.o

.eh_frame_hdr
 *(.eh_frame_hdr)

.eh_frame       0x0000547c        0x4
 *(.eh_frame)
 .eh_frame      0x0000547c        0x0 c:/program files (x86)/cypress/psoc creator/4.4/psoc creator/import/gnu/arm/5.4.1/bin/../lib/gcc/arm-none-eabi/5.4.1/armv7-m/crtbegin.o
 .eh_frame      0x0000547c        0x4 c:/program files (x86)/cypress/psoc creator/4.4/psoc creator/import/gnu/arm/5.4.1/bin/../lib/gcc/arm-none-eabi/5.4.1/armv7-m/crtend.o
                [!provide]                PROVIDE (__exidx_start, .)

.ARM.exidx
 *(.ARM.exidx* .gnu.linkonce.armexidx.*)
                0x00005480                __exidx_end = .

.rodata         0x00005480     0x13a8
 *(.rodata .rodata.* .gnu.linkonce.r.*)
 .rodata.str1.4
                0x00005480       0x4e .\CortexM3\ARM_GCC_541\Debug\app.o
 *fill*         0x000054ce        0x2 
 .rodata.str1.4
                0x000054d0      0x203 .\CortexM3\ARM_GCC_541\Debug\log_task.o
                                0x207 (size before relaxing)
 *fill*         0x000056d3        0x1 
 .rodata        0x000056d4       0x18 .\CortexM3\ARM_GCC_541\Debug\heartbeatSensor.o
 .rodata.str1.4
                0x000056ec      0x10b .\CortexM3\ARM_GCC_541\Debug\heartbeatSensor.o
 *fill*         0x000057f7        0x1 
 .rodata.str1.4
                0x000057f8       0x86 .\CortexM3\ARM_GCC_541\Debug\bsp_i2c.o
 *fill*         0x0000587e        0x2 
 .rodata.str1.4
                0x00005880        0x6 .\CortexM3\ARM_GCC_541\Debug\os_q.o
 *fill*         0x00005886        0x2 
 .rodata.str1.4
                0x00005888        0x5 .\CortexM3\ARM_GCC_541\Debug\os_sem.o
                                  0xa (size before relaxing)
 *fill*         0x0000588d        0x3 
 .rodata.str1.4
                0x00005890       0x14 .\CortexM3\ARM_GCC_541\Debug\os_stat.o
 .rodata.str1.4
                0x000058a4        0x6 .\CortexM3\ARM_GCC_541\Debug\os_task.o
                                  0xa (size before relaxing)
 *fill*         0x000058aa        0x2 
 .rodata.str1.4
                0x000058ac       0x14 .\CortexM3\ARM_GCC_541\Debug\os_tick.o
 .rodata.str1.4
                0x000058c0       0x1d .\CortexM3\ARM_GCC_541\Debug\os_tmr.o
 *fill*         0x000058dd        0x3 
 .rodata        0x000058e0       0xa4 .\CortexM3\ARM_GCC_541\Debug\os_cfg_app.o
                0x000058e0                OSCfg_DataSizeRAM
                0x000058e4                OSCfg_TmrWheelSizeRAM
                0x000058e8                OSCfg_TmrWheelSize
                0x000058ec                OSCfg_TmrTaskStkSizeRAM
                0x000058f0                OSCfg_TmrTaskStkSize
                0x000058f4                OSCfg_TmrTaskStkLimit
                0x000058f8                OSCfg_TmrTaskStkBasePtr
                0x000058fc                OSCfg_TmrTaskRate_Hz
                0x00005900                OSCfg_TmrTaskPrio
                0x00005904                OSCfg_TickWheelSizeRAM
                0x00005908                OSCfg_TickWheelSize
                0x0000590c                OSCfg_TickTaskStkSizeRAM
                0x00005910                OSCfg_TickTaskStkSize
                0x00005914                OSCfg_TickTaskStkLimit
                0x00005918                OSCfg_TickTaskStkBasePtr
                0x0000591c                OSCfg_TickTaskPrio
                0x00005920                OSCfg_TickRate_Hz
                0x00005924                OSCfg_StkSizeMin
                0x00005928                OSCfg_StatTaskStkSizeRAM
                0x0000592c                OSCfg_StatTaskStkSize
                0x00005930                OSCfg_StatTaskStkLimit
                0x00005934                OSCfg_StatTaskStkBasePtr
                0x00005938                OSCfg_StatTaskRate_Hz
                0x0000593c                OSCfg_StatTaskPrio
                0x00005940                OSCfg_MsgPoolBasePtr
                0x00005944                OSCfg_MsgPoolSizeRAM
                0x00005948                OSCfg_MsgPoolSize
                0x0000594c                OSCfg_ISRStkSizeRAM
                0x00005950                OSCfg_ISRStkSize
                0x00005954                OSCfg_ISRStkBasePtr
                0x00005958                OSCfg_IntQTaskStkSizeRAM
                0x0000595c                OSCfg_IntQTaskStkSize
                0x00005960                OSCfg_IntQTaskStkLimit
                0x00005964                OSCfg_IntQTaskStkBasePtr
                0x00005968                OSCfg_IntQSizeRAM
                0x0000596c                OSCfg_IntQSize
                0x00005970                OSCfg_IntQBasePtr
                0x00005974                OSCfg_IdleTaskStkSizeRAM
                0x00005978                OSCfg_IdleTaskStkSize
                0x0000597c                OSCfg_IdleTaskStkLimit
                0x00005980                OSCfg_IdleTaskStkBasePtr
 .rodata.str1.4
                0x00005984       0x25 .\CortexM3\ARM_GCC_541\Debug\os_core.o
                                 0x2a (size before relaxing)
 *fill*         0x000059a9        0x3 
 .rodata.str1.4
                0x000059ac      0x3d4 .\CortexM3\ARM_GCC_541\Debug\max30102_interface.o
 .rodata.str1.4
                0x00005d80      0x9d8 .\CortexM3\ARM_GCC_541\Debug\driver_max30102.o
 .rodata        0x00006758       0x62 .\CortexM3\ARM_GCC_541\Debug\cyfitter_cfg.o
 .rodata.str1.1
                0x000067ba        0x2 c:/program files (x86)/cypress/psoc creator/4.4/psoc creator/import/gnu/arm/5.4.1/bin/../lib/gcc/arm-none-eabi/5.4.1/../../../../arm-none-eabi/lib/armv7-m\libg_nano.a(lib_a-impure.o)
 .rodata.str1.1
                0x000067bc       0x11 c:/program files (x86)/cypress/psoc creator/4.4/psoc creator/import/gnu/arm/5.4.1/bin/../lib/gcc/arm-none-eabi/5.4.1/../../../../arm-none-eabi/lib/armv7-m\libg_nano.a(lib_a-nano-svfprintf.o)
 .rodata.str1.1
                0x000067cd       0x22 c:/program files (x86)/cypress/psoc creator/4.4/psoc creator/import/gnu/arm/5.4.1/bin/../lib/gcc/arm-none-eabi/5.4.1/../../../../arm-none-eabi/lib/armv7-m\libg_nano.a(lib_a-nano-vfprintf_i.o)
                0x000067f0                . = ALIGN (0x4)
 *fill*         0x000067ef        0x1 
 *(.init)
 .init          0x000067f0        0x4 c:/program files (x86)/cypress/psoc creator/4.4/psoc creator/import/gnu/arm/5.4.1/bin/../lib/gcc/arm-none-eabi/5.4.1/armv7-m/crti.o
                0x000067f0                _init
 .init          0x000067f4        0x8 c:/program files (x86)/cypress/psoc creator/4.4/psoc creator/import/gnu/arm/5.4.1/bin/../lib/gcc/arm-none-eabi/5.4.1/armv7-m/crtn.o
                0x000067fc                . = ALIGN (0x4)
                0x000067fc                __preinit_array_start = .
 *(.preinit_array)
                0x000067fc                __preinit_array_end = .
                0x000067fc                . = ALIGN (0x4)
                0x000067fc                __init_array_start = .
 *(SORT(.init_array.*))
 *(.init_array)
 .init_array    0x000067fc        0x4 c:/program files (x86)/cypress/psoc creator/4.4/psoc creator/import/gnu/arm/5.4.1/bin/../lib/gcc/arm-none-eabi/5.4.1/armv7-m/crtbegin.o
 .init_array    0x00006800        0x4 .\CortexM3\ARM_GCC_541\Debug\Cm3Start.o
                0x00006804                __init_array_end = .
                0x00006804                . = ALIGN (0x4)
 *(.fini)
 .fini          0x00006804        0x4 c:/program files (x86)/cypress/psoc creator/4.4/psoc creator/import/gnu/arm/5.4.1/bin/../lib/gcc/arm-none-eabi/5.4.1/armv7-m/crti.o
                0x00006804                _fini
 .fini          0x00006808        0x8 c:/program files (x86)/cypress/psoc creator/4.4/psoc creator/import/gnu/arm/5.4.1/bin/../lib/gcc/arm-none-eabi/5.4.1/armv7-m/crtn.o
                0x00006810                . = ALIGN (0x4)
                0x00006810                __fini_array_start = .
 *(.fini_array)
 .fini_array    0x00006810        0x4 c:/program files (x86)/cypress/psoc creator/4.4/psoc creator/import/gnu/arm/5.4.1/bin/../lib/gcc/arm-none-eabi/5.4.1/armv7-m/crtbegin.o
 *(SORT(.fini_array.*))
                0x00006814                __fini_array_end = .
                0x00006814                . = ALIGN (0x4)
 *crtbegin.o(.ctors)
 *(EXCLUDE_FILE(*crtend.o) .ctors)
 *(SORT(.ctors.*))
 *crtend.o(.ctors)
                0x00006814                . = ALIGN (0x4)
 *crtbegin.o(.dtors)
 *(EXCLUDE_FILE(*crtend.o) .dtors)
 *(SORT(.dtors.*))
 *crtend.o(.dtors)
                0x00006814                . = ALIGN (0x4)
                0x00006814                __cy_regions = .
                0x00006814        0x4 LONG 0x6828 __cy_region_init_ram
                0x00006818        0x4 LONG 0x1fff80c8 __cy_region_start_data
                0x0000681c        0x4 LONG 0x80 __cy_region_init_size_ram
                0x00006820        0x4 LONG 0x4aa8 __cy_region_zero_size_ram
                0x00006824                __cy_regions_end = .
                0x00006828                . = ALIGN (0x8)
 *fill*         0x00006824        0x4 
                0x00006828                _etext = .

.cy_checksum_exclude
                0x00006828        0x0
 *(.cy_checksum_exclude)

.ramvectors     0x1fff8000       0xc0
                0x1fff8000                __cy_region_start_ram = .
 *(.ramvectors)
 .ramvectors    0x1fff8000       0xc0 .\CortexM3\ARM_GCC_541\Debug\Cm3Start.o
                0x1fff8000                CyRamVectors

.noinit         0x1fff80c0        0x1
 *(.noinit)
 .noinit        0x1fff80c0        0x1 .\CortexM3\ARM_GCC_541\Debug\esw_uCOS3_cykit.a(CyLib.o)
                0x1fff80c0                CyResetStatus

.data           0x1fff80c8       0x80 load address 0x00006828
                0x1fff80c8                __cy_region_start_data = .
 *(.jcr)
 .jcr           0x1fff80c8        0x0 c:/program files (x86)/cypress/psoc creator/4.4/psoc creator/import/gnu/arm/5.4.1/bin/../lib/gcc/arm-none-eabi/5.4.1/armv7-m/crtbegin.o
 .jcr           0x1fff80c8        0x4 c:/program files (x86)/cypress/psoc creator/4.4/psoc creator/import/gnu/arm/5.4.1/bin/../lib/gcc/arm-none-eabi/5.4.1/armv7-m/crtend.o
 *(.got.plt)
 *(.got)
 *(.shdata)
 *(.data .data.* .gnu.linkonce.d.*)
 .data          0x1fff80cc        0xc .\CortexM3\ARM_GCC_541\Debug\heartbeatSensor.o
                0x1fff80cc                adaptive_threshold
                0x1fff80d0                IR_AC_Max
                0x1fff80d4                IR_AC_Min
 .data          0x1fff80d8        0x4 .\CortexM3\ARM_GCC_541\Debug\Cm3Start.o
 .data          0x1fff80dc        0x8 .\CortexM3\ARM_GCC_541\Debug\esw_uCOS3_cykit.a(CyDmac.o)
 .data.impure_data
                0x1fff80e4       0x60 c:/program files (x86)/cypress/psoc creator/4.4/psoc creator/import/gnu/arm/5.4.1/bin/../lib/gcc/arm-none-eabi/5.4.1/../../../../arm-none-eabi/lib/armv7-m\libg_nano.a(lib_a-impure.o)
 .data._impure_ptr
                0x1fff8144        0x4 c:/program files (x86)/cypress/psoc creator/4.4/psoc creator/import/gnu/arm/5.4.1/bin/../lib/gcc/arm-none-eabi/5.4.1/../../../../arm-none-eabi/lib/armv7-m\libg_nano.a(lib_a-impure.o)
                0x1fff8144                _impure_ptr
                0x1fff8148                . = ALIGN (0x8)
 *(.ram)
                0x1fff8148                _edata = .

.igot.plt       0x1fff8148        0x0 load address 0x000068a8
 .igot.plt      0x1fff8148        0x0 c:/program files (x86)/cypress/psoc creator/4.4/psoc creator/import/gnu/arm/5.4.1/bin/../lib/gcc/arm-none-eabi/5.4.1/armv7-m/crtbegin.o

.bss            0x1fff8148     0x4aa8 load address 0x000068a8
                0x1fff8148                PROVIDE (__bss_start__, .)
 *(.shbss)
 *(.bss .bss.* .gnu.linkonce.b.*)
 .bss           0x1fff8148       0x1c c:/program files (x86)/cypress/psoc creator/4.4/psoc creator/import/gnu/arm/5.4.1/bin/../lib/gcc/arm-none-eabi/5.4.1/armv7-m/crtbegin.o
 .bss           0x1fff8164      0x4c0 .\CortexM3\ARM_GCC_541\Debug\app.o
 .bss           0x1fff8624       0xb0 .\CortexM3\ARM_GCC_541\Debug\heartbeatSensor.o
                0x1fff8668                IR_AC_Signal_Previous
                0x1fff866c                ir_avg_reg
                0x1fff8670                IR_AC_Signal_Current
                0x1fff8674                current_timestamp
                0x1fff8678                last_peak_timestamp
                0x1fff867c                heart_rate_index
                0x1fff8680                heart_rate_history
                0x1fff86d0                heart_rate_sum
 .bss           0x1fff86d4        0x9 .\CortexM3\ARM_GCC_541\Debug\esw_uCOS3_cykit.a(UART_1.o)
                0x1fff86d4                UART_1_errorStatus
                0x1fff86d5                UART_1_initVar
                0x1fff86d6                UART_1_rxBufferRead
                0x1fff86d7                UART_1_rxBufferWrite
                0x1fff86d8                UART_1_rxBufferLoopDetect
                0x1fff86d9                UART_1_rxBufferOverflow
                0x1fff86da                UART_1_txBufferRead
                0x1fff86db                UART_1_txBufferWrite
 .bss           0x1fff86dd        0x1 .\CortexM3\ARM_GCC_541\Debug\esw_uCOS3_cykit.a(I2C_1.o)
                0x1fff86dd                I2C_1_initVar
 .bss           0x1fff86de        0x1 .\CortexM3\ARM_GCC_541\Debug\esw_uCOS3_cykit.a(Timer_1.o)
                0x1fff86de                Timer_1_initVar
 *fill*         0x1fff86df        0x1 
 .bss.__malloc_sbrk_start
                0x1fff86e0        0x4 c:/program files (x86)/cypress/psoc creator/4.4/psoc creator/import/gnu/arm/5.4.1/bin/../lib/gcc/arm-none-eabi/5.4.1/../../../../arm-none-eabi/lib/armv7-m\libg_nano.a(lib_a-nano-mallocr.o)
                0x1fff86e0                __malloc_sbrk_start
 .bss.__malloc_free_list
                0x1fff86e4        0x4 c:/program files (x86)/cypress/psoc creator/4.4/psoc creator/import/gnu/arm/5.4.1/bin/../lib/gcc/arm-none-eabi/5.4.1/../../../../arm-none-eabi/lib/armv7-m\libg_nano.a(lib_a-nano-mallocr.o)
                0x1fff86e4                __malloc_free_list
 *(COMMON)
 COMMON         0x1fff86e8     0x24c8 .\CortexM3\ARM_GCC_541\Debug\log_task.o
                0x1fff86e8                Log_TaskStk
                0x1fff8ee8                LogTaskSem
                0x1fff8f10                Log_Task_TCB
                0x1fff8fd0                MsgMemPoolStorage
                0x1fffab60                MsgMemPool
                0x1fffab80                Log_Queue
 COMMON         0x1fffabb0      0x900 .\CortexM3\ARM_GCC_541\Debug\heartbeatSensor.o
                0x1fffabb0                MAX30102_Task_TCB
                0x1fffac70                i2c_rx_buffer
                0x1fffacb0                MAX30102_TaskStk
 COMMON         0x1fffb4b0       0x14 .\CortexM3\ARM_GCC_541\Debug\cpu_core.o
                0x1fffb4b0                CPU_TS_TmrFreq_Hz
                0x1fffb4b4                CPU_Name
 COMMON         0x1fffb4c4        0x4 .\CortexM3\ARM_GCC_541\Debug\os_cpu_c.o
                0x1fffb4c4                OS_CPU_ExceptStkBase
 COMMON         0x1fffb4c8        0x4 .\CortexM3\ARM_GCC_541\Debug\os_prio.o
                0x1fffb4c8                OSPrioTbl
 COMMON         0x1fffb4cc      0x538 .\CortexM3\ARM_GCC_541\Debug\os_var.o
                0x1fffb4cc                OSSchedLockNestingCtr
                0x1fffb4d0                OS_AppTaskReturnHookPtr
                0x1fffb4d4                OSStatTaskTimeMax
                0x1fffb4d8                OSStatTaskCtr
                0x1fffb4dc                OSTaskRegNextAvailID
                0x1fffb4dd                OSRunning
                0x1fffb4e0                OSRdyList
                0x1fffb660                OSPrioHighRdy
                0x1fffb661                OSStatTaskRdy
                0x1fffb664                OSSemDbgListPtr
                0x1fffb668                OS_AppTaskCreateHookPtr
                0x1fffb66c                OSPrioCur
                0x1fffb670                OSTickTaskTCB
                0x1fffb730                OSTmrTickCtr
                0x1fffb734                OSTCBCurPtr
                0x1fffb738                OSQQty
                0x1fffb73a                OSStatTaskCPUUsageMax
                0x1fffb73c                OSPrioSaved
                0x1fffb740                OSTCBHighRdyPtr
                0x1fffb744                OSTaskDbgListPtr
                0x1fffb748                OSTmrTaskTimeMax
                0x1fffb74c                OS_AppTaskDelHookPtr
                0x1fffb750                OS_AppTimeTickHookPtr
                0x1fffb754                OSTaskCtxSwCtr
                0x1fffb758                OSStatTaskCPUUsage
                0x1fffb75a                OSIntNestingCtr
                0x1fffb75c                OSTaskQty
                0x1fffb760                OSTmrTaskTCB
                0x1fffb820                OSMsgPool
                0x1fffb82c                OSIdleTaskTCB
                0x1fffb8ec                OSQDbgListPtr
                0x1fffb8f0                OSSemQty
                0x1fffb8f4                OSMemDbgListPtr
                0x1fffb8f8                OSSchedRoundRobinDfltTimeQuanta
                0x1fffb8fc                OS_AppIdleTaskHookPtr
                0x1fffb900                OSStatTaskCtrMax
                0x1fffb904                OSTickCtr
                0x1fffb908                OS_AppTaskSwHookPtr
                0x1fffb90c                OSTmrQty
                0x1fffb910                OSIdleTaskCtr
                0x1fffb914                OSStatTaskCtrRun
                0x1fffb918                OS_AppStatTaskHookPtr
                0x1fffb91c                OSFlagQty
                0x1fffb920                OSFlagDbgListPtr
                0x1fffb924                OSStatResetFlag
                0x1fffb926                OSMemQty
                0x1fffb928                OSMutexQty
                0x1fffb92c                OSStatTaskTCB
                0x1fffb9ec                OSTmrDbgListPtr
                0x1fffb9f0                OSTickTaskTimeMax
                0x1fffb9f4                OSTmrUpdateCnt
                0x1fffb9f8                OSSchedRoundRobinEn
                0x1fffb9fc                OSMutexDbgListPtr
                0x1fffba00                OSTmrUpdateCtr
 COMMON         0x1fffba04     0x1150 .\CortexM3\ARM_GCC_541\Debug\os_cfg_app.o
                0x1fffba04                OSCfg_StatTaskStk
                0x1fffbc04                OSCfg_TickWheel
                0x1fffbc8c                OSCfg_MsgPool
                0x1fffc2cc                OSCfg_TmrTaskStk
                0x1fffc4cc                OSCfg_TmrWheel
                0x1fffc554                OSCfg_ISRStk
                0x1fffc754                OSCfg_TickTaskStk
                0x1fffc954                OSCfg_IdleTaskStk
 COMMON         0x1fffcb54       0x80 .\CortexM3\ARM_GCC_541\Debug\esw_uCOS3_cykit.a(UART_1.o)
                0x1fffcb54                UART_1_txBuffer
                0x1fffcb94                UART_1_rxBuffer
 COMMON         0x1fffcbd4        0x1 .\CortexM3\ARM_GCC_541\Debug\esw_uCOS3_cykit.a(I2C_1.o)
                0x1fffcbd4                I2C_1_state
 *fill*         0x1fffcbd5        0x3 
 COMMON         0x1fffcbd8       0x11 .\CortexM3\ARM_GCC_541\Debug\esw_uCOS3_cykit.a(I2C_1_MASTER.o)
                0x1fffcbd8                I2C_1_mstrWrBufIndex
                0x1fffcbd9                I2C_1_mstrControl
                0x1fffcbda                I2C_1_mstrStatus
                0x1fffcbdb                I2C_1_mstrWrBufSize
                0x1fffcbdc                I2C_1_mstrRdBufIndex
                0x1fffcbe0                I2C_1_mstrWrBufPtr
                0x1fffcbe4                I2C_1_mstrRdBufPtr
                0x1fffcbe8                I2C_1_mstrRdBufSize
 *fill*         0x1fffcbe9        0x3 
 COMMON         0x1fffcbec        0x4 c:/program files (x86)/cypress/psoc creator/4.4/psoc creator/import/gnu/arm/5.4.1/bin/../lib/gcc/arm-none-eabi/5.4.1/../../../../arm-none-eabi/lib/armv7-m\libg_nano.a(lib_a-reent.o)
                0x1fffcbec                errno
                0x1fffcbf0                . = ALIGN (0x8)
 *(.ram.b)
                0x1fffcbf0                _end = .
                0x1fffcbf0                __end = .
                0x1fffcbf0                PROVIDE (end, .)
                0x1fffcbf0                PROVIDE (__bss_end__, .)
                0x00006828                __cy_region_init_ram = LOADADDR (.data)
                0x00000080                __cy_region_init_size_ram = (_edata - ADDR (.data))
                0x00004aa8                __cy_region_zero_size_ram = (_end - _edata)

.heap           0x1fffcbf0       0x80 load address 0x000068a8
                0x1fffcbf0                . = _end
                0x1fffcc70                . = (. + 0x80)
 *fill*         0x1fffcbf0       0x80 
                0x1fffcc70                __cy_heap_limit = .

.stack          0x20007800      0x800
                0x20007800                __cy_stack_limit = .
                0x20008000                . = (. + 0x800)
 *fill*         0x20007800      0x800 
                0x00000001                ASSERT ((__cy_stack_limit >= __cy_heap_limit), region RAM overflowed with stack)
                0x00000000                cy_checksum_exclude_size = (CY_APPL_LOADABLE == 0x1)?SIZEOF (.cy_checksum_exclude):0x0
                0x00000001                ASSERT ((cy_checksum_exclude_size <= CY_CHECKSUM_EXCLUDE_SIZE), CY_BOOT: Section .cy_checksum_exclude size exceedes specified limit.)

.cyloadermeta
 *(.cyloadermeta)

.cyloadablemeta
 *(.cyloadablemeta)

.cyconfigecc    0x80000000      0x698
 *(.cyconfigecc)
 .cyconfigecc   0x80000000      0x698 .\CortexM3\ARM_GCC_541\Debug\cymetadata.o
                0x80000000                cy_meta_configecc

.cycustnvl      0x90000000        0x4
 *(.cycustnvl)
 .cycustnvl     0x90000000        0x4 .\CortexM3\ARM_GCC_541\Debug\cymetadata.o
                0x90000000                cy_meta_custnvl

.cywolatch      0x90100000        0x4
 *(.cywolatch)
 .cywolatch     0x90100000        0x4 .\CortexM3\ARM_GCC_541\Debug\cymetadata.o
                0x90100000                cy_meta_wonvl

.cyeeprom       0x90200000        0x0
 *(.cyeeprom)
                0x00000001                ASSERT ((. <= ((0x90200000 + ee_offset) + ee_size)), .cyeeprom data will not fit in EEPROM)

.cyflashprotect
                0x90400000      0x100
 *(.cyflashprotect)
 .cyflashprotect
                0x90400000      0x100 .\CortexM3\ARM_GCC_541\Debug\cymetadata.o
                0x90400000                cy_meta_flashprotect

.cymeta         0x90500000        0xc
 *(.cymeta)
 .cymeta        0x90500000        0xc .\CortexM3\ARM_GCC_541\Debug\cymetadata.o
                0x90500000                cy_metadata

.rel.dyn        0x000068a8        0x0 load address 0x9050000c
 .rel.iplt      0x000068a8        0x0 c:/program files (x86)/cypress/psoc creator/4.4/psoc creator/import/gnu/arm/5.4.1/bin/../lib/gcc/arm-none-eabi/5.4.1/armv7-m/crtbegin.o

.stab
 *(.stab)

.stabstr
 *(.stabstr)

.debug
 *(.debug)

.line
 *(.line)

.debug_srcinfo
 *(.debug_srcinfo)

.debug_sfnames
 *(.debug_sfnames)

.debug_aranges  0x00000000     0x18b8
 *(.debug_aranges)
 .debug_aranges
                0x00000000       0x28 .\CortexM3\ARM_GCC_541\Debug\app.o
 .debug_aranges
                0x00000028       0x68 .\CortexM3\ARM_GCC_541\Debug\os_app_hooks.o
 .debug_aranges
                0x00000090       0x40 .\CortexM3\ARM_GCC_541\Debug\log_task.o
 .debug_aranges
                0x000000d0       0x40 .\CortexM3\ARM_GCC_541\Debug\heartbeatSensor.o
 .debug_aranges
                0x00000110       0x38 .\CortexM3\ARM_GCC_541\Debug\bsp_os.o
 .debug_aranges
                0x00000148       0x58 .\CortexM3\ARM_GCC_541\Debug\bsp.o
 .debug_aranges
                0x000001a0       0x30 .\CortexM3\ARM_GCC_541\Debug\cpu_bsp.o
 .debug_aranges
                0x000001d0       0x30 .\CortexM3\ARM_GCC_541\Debug\bsp_uart.o
 .debug_aranges
                0x00000200       0x38 .\CortexM3\ARM_GCC_541\Debug\bsp_gpio.o
 .debug_aranges
                0x00000238       0x38 .\CortexM3\ARM_GCC_541\Debug\bsp_i2c.o
 .debug_aranges
                0x00000270       0x50 .\CortexM3\ARM_GCC_541\Debug\cpu_c.o
 .debug_aranges
                0x000002c0       0xb0 .\CortexM3\ARM_GCC_541\Debug\cpu_core.o
 .debug_aranges
                0x00000370       0x38 .\CortexM3\ARM_GCC_541\Debug\lib_math.o
 .debug_aranges
                0x000003a8       0x48 .\CortexM3\ARM_GCC_541\Debug\lib_mem.o
 .debug_aranges
                0x000003f0       0xd8 .\CortexM3\ARM_GCC_541\Debug\lib_str.o
 .debug_aranges
                0x000004c8       0x98 .\CortexM3\ARM_GCC_541\Debug\lib_ascii.o
 .debug_aranges
                0x00000560       0x70 .\CortexM3\ARM_GCC_541\Debug\os_cpu_c.o
 .debug_aranges
                0x000005d0       0x38 .\CortexM3\ARM_GCC_541\Debug\os_pend_multi.o
 .debug_aranges
                0x00000608       0x38 .\CortexM3\ARM_GCC_541\Debug\os_prio.o
 .debug_aranges
                0x00000640       0x70 .\CortexM3\ARM_GCC_541\Debug\os_q.o
 .debug_aranges
                0x000006b0       0x70 .\CortexM3\ARM_GCC_541\Debug\os_sem.o
 .debug_aranges
                0x00000720       0x38 .\CortexM3\ARM_GCC_541\Debug\os_stat.o
 .debug_aranges
                0x00000758       0xf0 .\CortexM3\ARM_GCC_541\Debug\os_task.o
 .debug_aranges
                0x00000848       0x50 .\CortexM3\ARM_GCC_541\Debug\os_tick.o
 .debug_aranges
                0x00000898       0x48 .\CortexM3\ARM_GCC_541\Debug\os_time.o
 .debug_aranges
                0x000008e0       0x88 .\CortexM3\ARM_GCC_541\Debug\os_tmr.o
 .debug_aranges
                0x00000968       0x18 .\CortexM3\ARM_GCC_541\Debug\os_var.o
 .debug_aranges
                0x00000980       0x20 .\CortexM3\ARM_GCC_541\Debug\os_cfg_app.o
 .debug_aranges
                0x000009a0      0x140 .\CortexM3\ARM_GCC_541\Debug\os_core.o
 .debug_aranges
                0x00000ae0       0x20 .\CortexM3\ARM_GCC_541\Debug\os_dbg.o
 .debug_aranges
                0x00000b00       0x80 .\CortexM3\ARM_GCC_541\Debug\os_flag.o
 .debug_aranges
                0x00000b80       0x18 .\CortexM3\ARM_GCC_541\Debug\os_int.o
 .debug_aranges
                0x00000b98       0x40 .\CortexM3\ARM_GCC_541\Debug\os_mem.o
 .debug_aranges
                0x00000bd8       0x40 .\CortexM3\ARM_GCC_541\Debug\os_msg.o
 .debug_aranges
                0x00000c18       0x60 .\CortexM3\ARM_GCC_541\Debug\os_mutex.o
 .debug_aranges
                0x00000c78       0x48 .\CortexM3\ARM_GCC_541\Debug\max30102_interface.o
 .debug_aranges
                0x00000cc0      0x180 .\CortexM3\ARM_GCC_541\Debug\driver_max30102.o
 .debug_aranges
                0x00000e40       0x58 .\CortexM3\ARM_GCC_541\Debug\cyfitter_cfg.o
 .debug_aranges
                0x00000e98       0x18 .\CortexM3\ARM_GCC_541\Debug\cymetadata.o
 .debug_aranges
                0x00000eb0       0x48 .\CortexM3\ARM_GCC_541\Debug\Cm3Start.o
 .debug_aranges
                0x00000ef8       0x20 .\CortexM3\ARM_GCC_541\Debug\cpu_a.o
 .debug_aranges
                0x00000f18       0x20 .\CortexM3\ARM_GCC_541\Debug\os_cpu_a.o
 .debug_aranges
                0x00000f38       0xf0 .\CortexM3\ARM_GCC_541\Debug\esw_uCOS3_cykit.a(UART_1.o)
 .debug_aranges
                0x00001028       0x28 .\CortexM3\ARM_GCC_541\Debug\esw_uCOS3_cykit.a(UART_1_INT.o)
 .debug_aranges
                0x00001050       0x38 .\CortexM3\ARM_GCC_541\Debug\esw_uCOS3_cykit.a(Pin_1.o)
 .debug_aranges
                0x00001088       0x70 .\CortexM3\ARM_GCC_541\Debug\esw_uCOS3_cykit.a(UART_1_IntClock.o)
 .debug_aranges
                0x000010f8       0xd8 .\CortexM3\ARM_GCC_541\Debug\esw_uCOS3_cykit.a(CyDmac.o)
 .debug_aranges
                0x000011d0      0x2a0 .\CortexM3\ARM_GCC_541\Debug\esw_uCOS3_cykit.a(CyLib.o)
 .debug_aranges
                0x00001470       0x98 .\CortexM3\ARM_GCC_541\Debug\esw_uCOS3_cykit.a(cyPm.o)
 .debug_aranges
                0x00001508       0x38 .\CortexM3\ARM_GCC_541\Debug\esw_uCOS3_cykit.a(Pin_2.o)
 .debug_aranges
                0x00001540       0x38 .\CortexM3\ARM_GCC_541\Debug\esw_uCOS3_cykit.a(push_button.o)
 .debug_aranges
                0x00001578       0x38 .\CortexM3\ARM_GCC_541\Debug\esw_uCOS3_cykit.a(I2C_1.o)
 .debug_aranges
                0x000015b0       0x20 .\CortexM3\ARM_GCC_541\Debug\esw_uCOS3_cykit.a(I2C_1_INT.o)
 .debug_aranges
                0x000015d0       0x38 .\CortexM3\ARM_GCC_541\Debug\esw_uCOS3_cykit.a(I2C_1_PM.o)
 .debug_aranges
                0x00001608       0x80 .\CortexM3\ARM_GCC_541\Debug\esw_uCOS3_cykit.a(I2C_1_MASTER.o)
 .debug_aranges
                0x00001688       0x88 .\CortexM3\ARM_GCC_541\Debug\esw_uCOS3_cykit.a(Timer_1.o)
 .debug_aranges
                0x00001710       0x80 .\CortexM3\ARM_GCC_541\Debug\esw_uCOS3_cykit.a(Timer_ISR.o)
 .debug_aranges
                0x00001790       0x20 .\CortexM3\ARM_GCC_541\Debug\esw_uCOS3_cykit.a(CyBootAsmGnu.o)
 .debug_aranges
                0x000017b0       0x88 .\CortexM3\ARM_GCC_541\Debug\esw_uCOS3_cykit.a(CyFlash.o)
 .debug_aranges
                0x00001838       0x80 .\CortexM3\ARM_GCC_541\Debug\esw_uCOS3_cykit.a(CySpc.o)

.debug_pubnames
 *(.debug_pubnames)

.debug_info     0x00000000    0x25770
 *(.debug_info .gnu.linkonce.wi.*)
 .debug_info    0x00000000      0xe96 .\CortexM3\ARM_GCC_541\Debug\app.o
 .debug_info    0x00000e96      0x894 .\CortexM3\ARM_GCC_541\Debug\os_app_hooks.o
 .debug_info    0x0000172a     0x13ab .\CortexM3\ARM_GCC_541\Debug\log_task.o
 .debug_info    0x00002ad5     0x12dd .\CortexM3\ARM_GCC_541\Debug\heartbeatSensor.o
 .debug_info    0x00003db2      0xe09 .\CortexM3\ARM_GCC_541\Debug\bsp_os.o
 .debug_info    0x00004bbb      0x392 .\CortexM3\ARM_GCC_541\Debug\bsp.o
 .debug_info    0x00004f4d      0x178 .\CortexM3\ARM_GCC_541\Debug\cpu_bsp.o
 .debug_info    0x000050c5      0x12b .\CortexM3\ARM_GCC_541\Debug\bsp_uart.o
 .debug_info    0x000051f0      0x28c .\CortexM3\ARM_GCC_541\Debug\bsp_gpio.o
 .debug_info    0x0000547c      0x86a .\CortexM3\ARM_GCC_541\Debug\bsp_i2c.o
 .debug_info    0x00005ce6      0x5f2 .\CortexM3\ARM_GCC_541\Debug\cpu_c.o
 .debug_info    0x000062d8      0x71b .\CortexM3\ARM_GCC_541\Debug\cpu_core.o
 .debug_info    0x000069f3      0x1e9 .\CortexM3\ARM_GCC_541\Debug\lib_math.o
 .debug_info    0x00006bdc      0x4df .\CortexM3\ARM_GCC_541\Debug\lib_mem.o
 .debug_info    0x000070bb     0x10d7 .\CortexM3\ARM_GCC_541\Debug\lib_str.o
 .debug_info    0x00008192      0x43b .\CortexM3\ARM_GCC_541\Debug\lib_ascii.o
 .debug_info    0x000085cd      0xa1f .\CortexM3\ARM_GCC_541\Debug\os_cpu_c.o
 .debug_info    0x00008fec     0x1032 .\CortexM3\ARM_GCC_541\Debug\os_pend_multi.o
 .debug_info    0x0000a01e      0x1f0 .\CortexM3\ARM_GCC_541\Debug\os_prio.o
 .debug_info    0x0000a20e     0x14dd .\CortexM3\ARM_GCC_541\Debug\os_q.o
 .debug_info    0x0000b6eb     0x13bd .\CortexM3\ARM_GCC_541\Debug\os_sem.o
 .debug_info    0x0000caa8     0x1219 .\CortexM3\ARM_GCC_541\Debug\os_stat.o
 .debug_info    0x0000dcc1     0x20a8 .\CortexM3\ARM_GCC_541\Debug\os_task.o
 .debug_info    0x0000fd69      0xfe0 .\CortexM3\ARM_GCC_541\Debug\os_tick.o
 .debug_info    0x00010d49     0x10d8 .\CortexM3\ARM_GCC_541\Debug\os_time.o
 .debug_info    0x00011e21     0x16b7 .\CortexM3\ARM_GCC_541\Debug\os_tmr.o
 .debug_info    0x000134d8      0xf4c .\CortexM3\ARM_GCC_541\Debug\os_var.o
 .debug_info    0x00014424      0xbda .\CortexM3\ARM_GCC_541\Debug\os_cfg_app.o
 .debug_info    0x00014ffe     0x1f24 .\CortexM3\ARM_GCC_541\Debug\os_core.o
 .debug_info    0x00016f22     0x1379 .\CortexM3\ARM_GCC_541\Debug\os_dbg.o
 .debug_info    0x0001829b     0x178f .\CortexM3\ARM_GCC_541\Debug\os_flag.o
 .debug_info    0x00019a2a       0x87 .\CortexM3\ARM_GCC_541\Debug\os_int.o
 .debug_info    0x00019ab1      0x89b .\CortexM3\ARM_GCC_541\Debug\os_mem.o
 .debug_info    0x0001a34c      0x87b .\CortexM3\ARM_GCC_541\Debug\os_msg.o
 .debug_info    0x0001abc7     0x13bd .\CortexM3\ARM_GCC_541\Debug\os_mutex.o
 .debug_info    0x0001bf84     0x107e .\CortexM3\ARM_GCC_541\Debug\max30102_interface.o
 .debug_info    0x0001d002     0x2959 .\CortexM3\ARM_GCC_541\Debug\driver_max30102.o
 .debug_info    0x0001f95b      0x605 .\CortexM3\ARM_GCC_541\Debug\cyfitter_cfg.o
 .debug_info    0x0001ff60      0x138 .\CortexM3\ARM_GCC_541\Debug\cymetadata.o
 .debug_info    0x00020098      0x3cf .\CortexM3\ARM_GCC_541\Debug\Cm3Start.o
 .debug_info    0x00020467       0x90 .\CortexM3\ARM_GCC_541\Debug\cpu_a.o
 .debug_info    0x000204f7       0xa3 .\CortexM3\ARM_GCC_541\Debug\os_cpu_a.o
 .debug_info    0x0002059a      0x7ae .\CortexM3\ARM_GCC_541\Debug\esw_uCOS3_cykit.a(UART_1.o)
 .debug_info    0x00020d48      0x186 .\CortexM3\ARM_GCC_541\Debug\esw_uCOS3_cykit.a(UART_1_INT.o)
 .debug_info    0x00020ece      0x11f .\CortexM3\ARM_GCC_541\Debug\esw_uCOS3_cykit.a(Pin_1.o)
 .debug_info    0x00020fed      0x283 .\CortexM3\ARM_GCC_541\Debug\esw_uCOS3_cykit.a(UART_1_IntClock.o)
 .debug_info    0x00021270      0x94e .\CortexM3\ARM_GCC_541\Debug\esw_uCOS3_cykit.a(CyDmac.o)
 .debug_info    0x00021bbe     0x1374 .\CortexM3\ARM_GCC_541\Debug\esw_uCOS3_cykit.a(CyLib.o)
 .debug_info    0x00022f32      0xa2a .\CortexM3\ARM_GCC_541\Debug\esw_uCOS3_cykit.a(cyPm.o)
 .debug_info    0x0002395c      0x11f .\CortexM3\ARM_GCC_541\Debug\esw_uCOS3_cykit.a(Pin_2.o)
 .debug_info    0x00023a7b      0x11f .\CortexM3\ARM_GCC_541\Debug\esw_uCOS3_cykit.a(push_button.o)
 .debug_info    0x00023b9a      0x2ab .\CortexM3\ARM_GCC_541\Debug\esw_uCOS3_cykit.a(I2C_1.o)
 .debug_info    0x00023e45      0x184 .\CortexM3\ARM_GCC_541\Debug\esw_uCOS3_cykit.a(I2C_1_INT.o)
 .debug_info    0x00023fc9      0x207 .\CortexM3\ARM_GCC_541\Debug\esw_uCOS3_cykit.a(I2C_1_PM.o)
 .debug_info    0x000241d0      0x407 .\CortexM3\ARM_GCC_541\Debug\esw_uCOS3_cykit.a(I2C_1_MASTER.o)
 .debug_info    0x000245d7      0x295 .\CortexM3\ARM_GCC_541\Debug\esw_uCOS3_cykit.a(Timer_1.o)
 .debug_info    0x0002486c      0x2d2 .\CortexM3\ARM_GCC_541\Debug\esw_uCOS3_cykit.a(Timer_ISR.o)
 .debug_info    0x00024b3e       0x95 .\CortexM3\ARM_GCC_541\Debug\esw_uCOS3_cykit.a(CyBootAsmGnu.o)
 .debug_info    0x00024bd3      0x64d .\CortexM3\ARM_GCC_541\Debug\esw_uCOS3_cykit.a(CyFlash.o)
 .debug_info    0x00025220      0x550 .\CortexM3\ARM_GCC_541\Debug\esw_uCOS3_cykit.a(CySpc.o)

.debug_abbrev   0x00000000     0x53a0
 *(.debug_abbrev)
 .debug_abbrev  0x00000000      0x1a4 .\CortexM3\ARM_GCC_541\Debug\app.o
 .debug_abbrev  0x000001a4      0x127 .\CortexM3\ARM_GCC_541\Debug\os_app_hooks.o
 .debug_abbrev  0x000002cb      0x251 .\CortexM3\ARM_GCC_541\Debug\log_task.o
 .debug_abbrev  0x0000051c      0x258 .\CortexM3\ARM_GCC_541\Debug\heartbeatSensor.o
 .debug_abbrev  0x00000774      0x187 .\CortexM3\ARM_GCC_541\Debug\bsp_os.o
 .debug_abbrev  0x000008fb      0x174 .\CortexM3\ARM_GCC_541\Debug\bsp.o
 .debug_abbrev  0x00000a6f       0xce .\CortexM3\ARM_GCC_541\Debug\cpu_bsp.o
 .debug_abbrev  0x00000b3d       0x98 .\CortexM3\ARM_GCC_541\Debug\bsp_uart.o
 .debug_abbrev  0x00000bd5       0xe7 .\CortexM3\ARM_GCC_541\Debug\bsp_gpio.o
 .debug_abbrev  0x00000cbc      0x184 .\CortexM3\ARM_GCC_541\Debug\bsp_i2c.o
 .debug_abbrev  0x00000e40      0x155 .\CortexM3\ARM_GCC_541\Debug\cpu_c.o
 .debug_abbrev  0x00000f95      0x1fa .\CortexM3\ARM_GCC_541\Debug\cpu_core.o
 .debug_abbrev  0x0000118f      0x116 .\CortexM3\ARM_GCC_541\Debug\lib_math.o
 .debug_abbrev  0x000012a5      0x12a .\CortexM3\ARM_GCC_541\Debug\lib_mem.o
 .debug_abbrev  0x000013cf      0x19d .\CortexM3\ARM_GCC_541\Debug\lib_str.o
 .debug_abbrev  0x0000156c      0x105 .\CortexM3\ARM_GCC_541\Debug\lib_ascii.o
 .debug_abbrev  0x00001671      0x21d .\CortexM3\ARM_GCC_541\Debug\os_cpu_c.o
 .debug_abbrev  0x0000188e      0x1f0 .\CortexM3\ARM_GCC_541\Debug\os_pend_multi.o
 .debug_abbrev  0x00001a7e       0xf1 .\CortexM3\ARM_GCC_541\Debug\os_prio.o
 .debug_abbrev  0x00001b6f      0x228 .\CortexM3\ARM_GCC_541\Debug\os_q.o
 .debug_abbrev  0x00001d97      0x226 .\CortexM3\ARM_GCC_541\Debug\os_sem.o
 .debug_abbrev  0x00001fbd      0x1f6 .\CortexM3\ARM_GCC_541\Debug\os_stat.o
 .debug_abbrev  0x000021b3      0x1f3 .\CortexM3\ARM_GCC_541\Debug\os_task.o
 .debug_abbrev  0x000023a6      0x224 .\CortexM3\ARM_GCC_541\Debug\os_tick.o
 .debug_abbrev  0x000025ca      0x1c8 .\CortexM3\ARM_GCC_541\Debug\os_time.o
 .debug_abbrev  0x00002792      0x269 .\CortexM3\ARM_GCC_541\Debug\os_tmr.o
 .debug_abbrev  0x000029fb       0xb7 .\CortexM3\ARM_GCC_541\Debug\os_var.o
 .debug_abbrev  0x00002ab2       0xdc .\CortexM3\ARM_GCC_541\Debug\os_cfg_app.o
 .debug_abbrev  0x00002b8e      0x265 .\CortexM3\ARM_GCC_541\Debug\os_core.o
 .debug_abbrev  0x00002df3       0xfa .\CortexM3\ARM_GCC_541\Debug\os_dbg.o
 .debug_abbrev  0x00002eed      0x226 .\CortexM3\ARM_GCC_541\Debug\os_flag.o
 .debug_abbrev  0x00003113       0x26 .\CortexM3\ARM_GCC_541\Debug\os_int.o
 .debug_abbrev  0x00003139      0x190 .\CortexM3\ARM_GCC_541\Debug\os_mem.o
 .debug_abbrev  0x000032c9      0x184 .\CortexM3\ARM_GCC_541\Debug\os_msg.o
 .debug_abbrev  0x0000344d      0x219 .\CortexM3\ARM_GCC_541\Debug\os_mutex.o
 .debug_abbrev  0x00003666      0x219 .\CortexM3\ARM_GCC_541\Debug\max30102_interface.o
 .debug_abbrev  0x0000387f      0x20c .\CortexM3\ARM_GCC_541\Debug\driver_max30102.o
 .debug_abbrev  0x00003a8b      0x20d .\CortexM3\ARM_GCC_541\Debug\cyfitter_cfg.o
 .debug_abbrev  0x00003c98       0x77 .\CortexM3\ARM_GCC_541\Debug\cymetadata.o
 .debug_abbrev  0x00003d0f      0x1e8 .\CortexM3\ARM_GCC_541\Debug\Cm3Start.o
 .debug_abbrev  0x00003ef7       0x14 .\CortexM3\ARM_GCC_541\Debug\cpu_a.o
 .debug_abbrev  0x00003f0b       0x14 .\CortexM3\ARM_GCC_541\Debug\os_cpu_a.o
 .debug_abbrev  0x00003f1f      0x16f .\CortexM3\ARM_GCC_541\Debug\esw_uCOS3_cykit.a(UART_1.o)
 .debug_abbrev  0x0000408e       0xa2 .\CortexM3\ARM_GCC_541\Debug\esw_uCOS3_cykit.a(UART_1_INT.o)
 .debug_abbrev  0x00004130       0x90 .\CortexM3\ARM_GCC_541\Debug\esw_uCOS3_cykit.a(Pin_1.o)
 .debug_abbrev  0x000041c0      0x139 .\CortexM3\ARM_GCC_541\Debug\esw_uCOS3_cykit.a(UART_1_IntClock.o)
 .debug_abbrev  0x000042f9      0x1b2 .\CortexM3\ARM_GCC_541\Debug\esw_uCOS3_cykit.a(CyDmac.o)
 .debug_abbrev  0x000044ab      0x254 .\CortexM3\ARM_GCC_541\Debug\esw_uCOS3_cykit.a(CyLib.o)
 .debug_abbrev  0x000046ff      0x1ab .\CortexM3\ARM_GCC_541\Debug\esw_uCOS3_cykit.a(cyPm.o)
 .debug_abbrev  0x000048aa       0x90 .\CortexM3\ARM_GCC_541\Debug\esw_uCOS3_cykit.a(Pin_2.o)
 .debug_abbrev  0x0000493a       0x90 .\CortexM3\ARM_GCC_541\Debug\esw_uCOS3_cykit.a(push_button.o)
 .debug_abbrev  0x000049ca      0x10a .\CortexM3\ARM_GCC_541\Debug\esw_uCOS3_cykit.a(I2C_1.o)
 .debug_abbrev  0x00004ad4       0xb6 .\CortexM3\ARM_GCC_541\Debug\esw_uCOS3_cykit.a(I2C_1_INT.o)
 .debug_abbrev  0x00004b8a       0xfe .\CortexM3\ARM_GCC_541\Debug\esw_uCOS3_cykit.a(I2C_1_PM.o)
 .debug_abbrev  0x00004c88      0x13c .\CortexM3\ARM_GCC_541\Debug\esw_uCOS3_cykit.a(I2C_1_MASTER.o)
 .debug_abbrev  0x00004dc4      0x11a .\CortexM3\ARM_GCC_541\Debug\esw_uCOS3_cykit.a(Timer_1.o)
 .debug_abbrev  0x00004ede      0x173 .\CortexM3\ARM_GCC_541\Debug\esw_uCOS3_cykit.a(Timer_ISR.o)
 .debug_abbrev  0x00005051       0x14 .\CortexM3\ARM_GCC_541\Debug\esw_uCOS3_cykit.a(CyBootAsmGnu.o)
 .debug_abbrev  0x00005065      0x1a7 .\CortexM3\ARM_GCC_541\Debug\esw_uCOS3_cykit.a(CyFlash.o)
 .debug_abbrev  0x0000520c      0x194 .\CortexM3\ARM_GCC_541\Debug\esw_uCOS3_cykit.a(CySpc.o)

.debug_line     0x00000000     0x7973
 *(.debug_line)
 .debug_line    0x00000000      0x229 .\CortexM3\ARM_GCC_541\Debug\app.o
 .debug_line    0x00000229      0x147 .\CortexM3\ARM_GCC_541\Debug\os_app_hooks.o
 .debug_line    0x00000370      0x38b .\CortexM3\ARM_GCC_541\Debug\log_task.o
 .debug_line    0x000006fb      0x2ba .\CortexM3\ARM_GCC_541\Debug\heartbeatSensor.o
 .debug_line    0x000009b5      0x112 .\CortexM3\ARM_GCC_541\Debug\bsp_os.o
 .debug_line    0x00000ac7      0x176 .\CortexM3\ARM_GCC_541\Debug\bsp.o
 .debug_line    0x00000c3d       0xaf .\CortexM3\ARM_GCC_541\Debug\cpu_bsp.o
 .debug_line    0x00000cec       0xa4 .\CortexM3\ARM_GCC_541\Debug\bsp_uart.o
 .debug_line    0x00000d90      0x114 .\CortexM3\ARM_GCC_541\Debug\bsp_gpio.o
 .debug_line    0x00000ea4      0x246 .\CortexM3\ARM_GCC_541\Debug\bsp_i2c.o
 .debug_line    0x000010ea      0x1a8 .\CortexM3\ARM_GCC_541\Debug\cpu_c.o
 .debug_line    0x00001292      0x260 .\CortexM3\ARM_GCC_541\Debug\cpu_core.o
 .debug_line    0x000014f2       0xb9 .\CortexM3\ARM_GCC_541\Debug\lib_math.o
 .debug_line    0x000015ab      0x197 .\CortexM3\ARM_GCC_541\Debug\lib_mem.o
 .debug_line    0x00001742      0x4f8 .\CortexM3\ARM_GCC_541\Debug\lib_str.o
 .debug_line    0x00001c3a      0x20e .\CortexM3\ARM_GCC_541\Debug\lib_ascii.o
 .debug_line    0x00001e48      0x1e6 .\CortexM3\ARM_GCC_541\Debug\os_cpu_c.o
 .debug_line    0x0000202e      0x191 .\CortexM3\ARM_GCC_541\Debug\os_pend_multi.o
 .debug_line    0x000021bf       0xf6 .\CortexM3\ARM_GCC_541\Debug\os_prio.o
 .debug_line    0x000022b5      0x264 .\CortexM3\ARM_GCC_541\Debug\os_q.o
 .debug_line    0x00002519      0x25e .\CortexM3\ARM_GCC_541\Debug\os_sem.o
 .debug_line    0x00002777      0x1a7 .\CortexM3\ARM_GCC_541\Debug\os_stat.o
 .debug_line    0x0000291e      0x53b .\CortexM3\ARM_GCC_541\Debug\os_task.o
 .debug_line    0x00002e59      0x1f2 .\CortexM3\ARM_GCC_541\Debug\os_tick.o
 .debug_line    0x0000304b      0x198 .\CortexM3\ARM_GCC_541\Debug\os_time.o
 .debug_line    0x000031e3      0x317 .\CortexM3\ARM_GCC_541\Debug\os_tmr.o
 .debug_line    0x000034fa       0x7f .\CortexM3\ARM_GCC_541\Debug\os_var.o
 .debug_line    0x00003579       0xaf .\CortexM3\ARM_GCC_541\Debug\os_cfg_app.o
 .debug_line    0x00003628      0x5c9 .\CortexM3\ARM_GCC_541\Debug\os_core.o
 .debug_line    0x00003bf1       0xab .\CortexM3\ARM_GCC_541\Debug\os_dbg.o
 .debug_line    0x00003c9c      0x301 .\CortexM3\ARM_GCC_541\Debug\os_flag.o
 .debug_line    0x00003f9d       0x1d .\CortexM3\ARM_GCC_541\Debug\os_int.o
 .debug_line    0x00003fba      0x14a .\CortexM3\ARM_GCC_541\Debug\os_mem.o
 .debug_line    0x00004104      0x17a .\CortexM3\ARM_GCC_541\Debug\os_msg.o
 .debug_line    0x0000427e      0x25b .\CortexM3\ARM_GCC_541\Debug\os_mutex.o
 .debug_line    0x000044d9      0x39f .\CortexM3\ARM_GCC_541\Debug\max30102_interface.o
 .debug_line    0x00004878      0x8d1 .\CortexM3\ARM_GCC_541\Debug\driver_max30102.o
 .debug_line    0x00005149      0x1f8 .\CortexM3\ARM_GCC_541\Debug\cyfitter_cfg.o
 .debug_line    0x00005341      0x141 .\CortexM3\ARM_GCC_541\Debug\cymetadata.o
 .debug_line    0x00005482      0x241 .\CortexM3\ARM_GCC_541\Debug\Cm3Start.o
 .debug_line    0x000056c3       0x70 .\CortexM3\ARM_GCC_541\Debug\cpu_a.o
 .debug_line    0x00005733       0x9a .\CortexM3\ARM_GCC_541\Debug\os_cpu_a.o
 .debug_line    0x000057cd      0x33f .\CortexM3\ARM_GCC_541\Debug\esw_uCOS3_cykit.a(UART_1.o)
 .debug_line    0x00005b0c       0xa9 .\CortexM3\ARM_GCC_541\Debug\esw_uCOS3_cykit.a(UART_1_INT.o)
 .debug_line    0x00005bb5       0x92 .\CortexM3\ARM_GCC_541\Debug\esw_uCOS3_cykit.a(Pin_1.o)
 .debug_line    0x00005c47      0x17e .\CortexM3\ARM_GCC_541\Debug\esw_uCOS3_cykit.a(UART_1_IntClock.o)
 .debug_line    0x00005dc5      0x2e4 .\CortexM3\ARM_GCC_541\Debug\esw_uCOS3_cykit.a(CyDmac.o)
 .debug_line    0x000060a9      0x816 .\CortexM3\ARM_GCC_541\Debug\esw_uCOS3_cykit.a(CyLib.o)
 .debug_line    0x000068bf      0x367 .\CortexM3\ARM_GCC_541\Debug\esw_uCOS3_cykit.a(cyPm.o)
 .debug_line    0x00006c26       0x93 .\CortexM3\ARM_GCC_541\Debug\esw_uCOS3_cykit.a(Pin_2.o)
 .debug_line    0x00006cb9       0x98 .\CortexM3\ARM_GCC_541\Debug\esw_uCOS3_cykit.a(push_button.o)
 .debug_line    0x00006d51       0xdf .\CortexM3\ARM_GCC_541\Debug\esw_uCOS3_cykit.a(I2C_1.o)
 .debug_line    0x00006e30      0x118 .\CortexM3\ARM_GCC_541\Debug\esw_uCOS3_cykit.a(I2C_1_INT.o)
 .debug_line    0x00006f48       0xbf .\CortexM3\ARM_GCC_541\Debug\esw_uCOS3_cykit.a(I2C_1_PM.o)
 .debug_line    0x00007007      0x201 .\CortexM3\ARM_GCC_541\Debug\esw_uCOS3_cykit.a(I2C_1_MASTER.o)
 .debug_line    0x00007208      0x155 .\CortexM3\ARM_GCC_541\Debug\esw_uCOS3_cykit.a(Timer_1.o)
 .debug_line    0x0000735d      0x136 .\CortexM3\ARM_GCC_541\Debug\esw_uCOS3_cykit.a(Timer_ISR.o)
 .debug_line    0x00007493       0x66 .\CortexM3\ARM_GCC_541\Debug\esw_uCOS3_cykit.a(CyBootAsmGnu.o)
 .debug_line    0x000074f9      0x21a .\CortexM3\ARM_GCC_541\Debug\esw_uCOS3_cykit.a(CyFlash.o)
 .debug_line    0x00007713      0x260 .\CortexM3\ARM_GCC_541\Debug\esw_uCOS3_cykit.a(CySpc.o)

.debug_frame    0x00000000     0x49d4
 *(.debug_frame)
 .debug_frame   0x00000000       0x54 .\CortexM3\ARM_GCC_541\Debug\app.o
 .debug_frame   0x00000054       0xc8 .\CortexM3\ARM_GCC_541\Debug\os_app_hooks.o
 .debug_frame   0x0000011c       0xc0 .\CortexM3\ARM_GCC_541\Debug\log_task.o
 .debug_frame   0x000001dc       0x90 .\CortexM3\ARM_GCC_541\Debug\heartbeatSensor.o
 .debug_frame   0x0000026c       0x88 .\CortexM3\ARM_GCC_541\Debug\bsp_os.o
 .debug_frame   0x000002f4       0xdc .\CortexM3\ARM_GCC_541\Debug\bsp.o
 .debug_frame   0x000003d0       0x4c .\CortexM3\ARM_GCC_541\Debug\cpu_bsp.o
 .debug_frame   0x0000041c       0x64 .\CortexM3\ARM_GCC_541\Debug\bsp_uart.o
 .debug_frame   0x00000480       0x84 .\CortexM3\ARM_GCC_541\Debug\bsp_gpio.o
 .debug_frame   0x00000504       0x84 .\CortexM3\ARM_GCC_541\Debug\bsp_i2c.o
 .debug_frame   0x00000588       0xdc .\CortexM3\ARM_GCC_541\Debug\cpu_c.o
 .debug_frame   0x00000664      0x208 .\CortexM3\ARM_GCC_541\Debug\cpu_core.o
 .debug_frame   0x0000086c       0x78 .\CortexM3\ARM_GCC_541\Debug\lib_math.o
 .debug_frame   0x000008e4       0xcc .\CortexM3\ARM_GCC_541\Debug\lib_mem.o
 .debug_frame   0x000009b0      0x41c .\CortexM3\ARM_GCC_541\Debug\lib_str.o
 .debug_frame   0x00000dcc      0x120 .\CortexM3\ARM_GCC_541\Debug\lib_ascii.o
 .debug_frame   0x00000eec      0x138 .\CortexM3\ARM_GCC_541\Debug\os_cpu_c.o
 .debug_frame   0x00001024       0xa4 .\CortexM3\ARM_GCC_541\Debug\os_pend_multi.o
 .debug_frame   0x000010c8       0x5c .\CortexM3\ARM_GCC_541\Debug\os_prio.o
 .debug_frame   0x00001124      0x194 .\CortexM3\ARM_GCC_541\Debug\os_q.o
 .debug_frame   0x000012b8      0x180 .\CortexM3\ARM_GCC_541\Debug\os_sem.o
 .debug_frame   0x00001438       0xa4 .\CortexM3\ARM_GCC_541\Debug\os_stat.o
 .debug_frame   0x000014dc      0x3b8 .\CortexM3\ARM_GCC_541\Debug\os_task.o
 .debug_frame   0x00001894       0xd0 .\CortexM3\ARM_GCC_541\Debug\os_tick.o
 .debug_frame   0x00001964       0xdc .\CortexM3\ARM_GCC_541\Debug\os_time.o
 .debug_frame   0x00001a40      0x1c0 .\CortexM3\ARM_GCC_541\Debug\os_tmr.o
 .debug_frame   0x00001c00       0x20 .\CortexM3\ARM_GCC_541\Debug\os_cfg_app.o
 .debug_frame   0x00001c20      0x424 .\CortexM3\ARM_GCC_541\Debug\os_core.o
 .debug_frame   0x00002044       0x20 .\CortexM3\ARM_GCC_541\Debug\os_dbg.o
 .debug_frame   0x00002064      0x1bc .\CortexM3\ARM_GCC_541\Debug\os_flag.o
 .debug_frame   0x00002220       0x9c .\CortexM3\ARM_GCC_541\Debug\os_mem.o
 .debug_frame   0x000022bc       0xb8 .\CortexM3\ARM_GCC_541\Debug\os_msg.o
 .debug_frame   0x00002374      0x13c .\CortexM3\ARM_GCC_541\Debug\os_mutex.o
 .debug_frame   0x000024b0       0xe0 .\CortexM3\ARM_GCC_541\Debug\max30102_interface.o
 .debug_frame   0x00002590      0x740 .\CortexM3\ARM_GCC_541\Debug\driver_max30102.o
 .debug_frame   0x00002cd0       0xe4 .\CortexM3\ARM_GCC_541\Debug\cyfitter_cfg.o
 .debug_frame   0x00002db4       0xb8 .\CortexM3\ARM_GCC_541\Debug\Cm3Start.o
 .debug_frame   0x00002e6c      0x25c .\CortexM3\ARM_GCC_541\Debug\esw_uCOS3_cykit.a(UART_1.o)
 .debug_frame   0x000030c8       0x30 .\CortexM3\ARM_GCC_541\Debug\esw_uCOS3_cykit.a(UART_1_INT.o)
 .debug_frame   0x000030f8       0x50 .\CortexM3\ARM_GCC_541\Debug\esw_uCOS3_cykit.a(Pin_1.o)
 .debug_frame   0x00003148       0xe0 .\CortexM3\ARM_GCC_541\Debug\esw_uCOS3_cykit.a(UART_1_IntClock.o)
 .debug_frame   0x00003228      0x1f8 .\CortexM3\ARM_GCC_541\Debug\esw_uCOS3_cykit.a(CyDmac.o)
 .debug_frame   0x00003420      0x738 .\CortexM3\ARM_GCC_541\Debug\esw_uCOS3_cykit.a(CyLib.o)
 .debug_frame   0x00003b58      0x1f8 .\CortexM3\ARM_GCC_541\Debug\esw_uCOS3_cykit.a(cyPm.o)
 .debug_frame   0x00003d50       0x50 .\CortexM3\ARM_GCC_541\Debug\esw_uCOS3_cykit.a(Pin_2.o)
 .debug_frame   0x00003da0       0x50 .\CortexM3\ARM_GCC_541\Debug\esw_uCOS3_cykit.a(push_button.o)
 .debug_frame   0x00003df0       0x90 .\CortexM3\ARM_GCC_541\Debug\esw_uCOS3_cykit.a(I2C_1.o)
 .debug_frame   0x00003e80       0x30 .\CortexM3\ARM_GCC_541\Debug\esw_uCOS3_cykit.a(I2C_1_INT.o)
 .debug_frame   0x00003eb0       0x74 .\CortexM3\ARM_GCC_541\Debug\esw_uCOS3_cykit.a(I2C_1_PM.o)
 .debug_frame   0x00003f24      0x138 .\CortexM3\ARM_GCC_541\Debug\esw_uCOS3_cykit.a(I2C_1_MASTER.o)
 .debug_frame   0x0000405c      0x108 .\CortexM3\ARM_GCC_541\Debug\esw_uCOS3_cykit.a(Timer_1.o)
 .debug_frame   0x00004164      0x104 .\CortexM3\ARM_GCC_541\Debug\esw_uCOS3_cykit.a(Timer_ISR.o)