Archive member included to satisfy reference by file (symbol)

.\CortexM3\ARM_GCC_541\Debug\esw_uCOS3_cykit.a(UART_1.o)
                              .\CortexM3\ARM_GCC_541\Debug\bsp_uart.o (UART_1_Start)
.\CortexM3\ARM_GCC_541\Debug\esw_uCOS3_cykit.a(UART_1_INT.o)
                              .\CortexM3\ARM_GCC_541\Debug\esw_uCOS3_cykit.a(UART_1.o) (UART_1_RXISR)
.\CortexM3\ARM_GCC_541\Debug\esw_uCOS3_cykit.a(Pin_1.o)
                              .\CortexM3\ARM_GCC_541\Debug\bsp_gpio.o (Pin_1_Write)
.\CortexM3\ARM_GCC_541\Debug\esw_uCOS3_cykit.a(UART_1_IntClock.o)
                              .\CortexM3\ARM_GCC_541\Debug\esw_uCOS3_cykit.a(UART_1.o) (UART_1_IntClock_Start)
.\CortexM3\ARM_GCC_541\Debug\esw_uCOS3_cykit.a(CyLib.o)
                              .\CortexM3\ARM_GCC_541\Debug\Cm3Start.o (CyHalt)
.\CortexM3\ARM_GCC_541\Debug\esw_uCOS3_cykit.a(cyPm.o)
                              .\CortexM3\ARM_GCC_541\Debug\esw_uCOS3_cykit.a(CyLib.o) (CyPmReadStatus)
.\CortexM3\ARM_GCC_541\Debug\esw_uCOS3_cykit.a(Pin_2.o)
                              .\CortexM3\ARM_GCC_541\Debug\bsp_gpio.o (Pin_2_Write)
.\CortexM3\ARM_GCC_541\Debug\esw_uCOS3_cykit.a(push_button.o)
                              .\CortexM3\ARM_GCC_541\Debug\gpio_tasks.o (push_button_Write)
.\CortexM3\ARM_GCC_541\Debug\esw_uCOS3_cykit.a(I2C_1.o)
                              .\CortexM3\ARM_GCC_541\Debug\bsp_i2c.o (I2C_1_Start)
.\CortexM3\ARM_GCC_541\Debug\esw_uCOS3_cykit.a(I2C_1_INT.o)
                              .\CortexM3\ARM_GCC_541\Debug\esw_uCOS3_cykit.a(I2C_1.o) (I2C_1_ISR)
.\CortexM3\ARM_GCC_541\Debug\esw_uCOS3_cykit.a(I2C_1_PM.o)
                              .\CortexM3\ARM_GCC_541\Debug\esw_uCOS3_cykit.a(I2C_1.o) (I2C_1_backup)
.\CortexM3\ARM_GCC_541\Debug\esw_uCOS3_cykit.a(I2C_1_MASTER.o)
                              .\CortexM3\ARM_GCC_541\Debug\esw_uCOS3_cykit.a(I2C_1.o) (I2C_1_mstrStatus)
.\CortexM3\ARM_GCC_541\Debug\esw_uCOS3_cykit.a(Timer_1.o)
                              .\CortexM3\ARM_GCC_541\Debug\bsp_i2c.o (Timer_1_Start)
.\CortexM3\ARM_GCC_541\Debug\esw_uCOS3_cykit.a(Timer_ISR.o)
                              .\CortexM3\ARM_GCC_541\Debug\bsp_i2c.o (Timer_ISR_StartEx)
.\CortexM3\ARM_GCC_541\Debug\esw_uCOS3_cykit.a(PWM_Heartbeat.o)
                              .\CortexM3\ARM_GCC_541\Debug\gpio_tasks.o (PWM_Heartbeat_Start)
.\CortexM3\ARM_GCC_541\Debug\esw_uCOS3_cykit.a(PWM_Environment.o)
                              .\CortexM3\ARM_GCC_541\Debug\gpio_tasks.o (PWM_Environment_Start)
.\CortexM3\ARM_GCC_541\Debug\esw_uCOS3_cykit.a(CyBootAsmGnu.o)
                              .\CortexM3\ARM_GCC_541\Debug\cyfitter_cfg.o (CyDelayCycles)
.\CortexM3\ARM_GCC_541\Debug\esw_uCOS3_cykit.a(CyFlash.o)
                              .\CortexM3\ARM_GCC_541\Debug\esw_uCOS3_cykit.a(cyPm.o) (CyFlash_SetWaitCycles)
.\CortexM3\ARM_GCC_541\Debug\esw_uCOS3_cykit.a(CySpc.o)
                              .\CortexM3\ARM_GCC_541\Debug\esw_uCOS3_cykit.a(CyFlash.o) (CySpcStart)
c:/program files (x86)/cypress/psoc creator/4.4/psoc creator/import/gnu/arm/5.4.1/bin/../lib/gcc/arm-none-eabi/5.4.1/armv7-m\libgcc.a(_arm_addsubsf3.o)
                              .\CortexM3\ARM_GCC_541\Debug\driver_max30102.o (__aeabi_fadd)
c:/program files (x86)/cypress/psoc creator/4.4/psoc creator/import/gnu/arm/5.4.1/bin/../lib/gcc/arm-none-eabi/5.4.1/armv7-m\libgcc.a(_arm_muldivsf3.o)
                              .\CortexM3\ARM_GCC_541\Debug\driver_max30102.o (__aeabi_fmul)
c:/program files (x86)/cypress/psoc creator/4.4/psoc creator/import/gnu/arm/5.4.1/bin/../lib/gcc/arm-none-eabi/5.4.1/armv7-m\libgcc.a(_aeabi_ldivmod.o)
                              .\CortexM3\ARM_GCC_541\Debug\bme68x.o (__aeabi_ldivmod)
c:/program files (x86)/cypress/psoc creator/4.4/psoc creator/import/gnu/arm/5.4.1/bin/../lib/gcc/arm-none-eabi/5.4.1/armv7-m\libgcc.a(_udivmoddi4.o)
                              c:/program files (x86)/cypress/psoc creator/4.4/psoc creator/import/gnu/arm/5.4.1/bin/../lib/gcc/arm-none-eabi/5.4.1/armv7-m\libgcc.a(_aeabi_ldivmod.o) (__udivmoddi4)
c:/program files (x86)/cypress/psoc creator/4.4/psoc creator/import/gnu/arm/5.4.1/bin/../lib/gcc/arm-none-eabi/5.4.1/armv7-m\libgcc.a(_dvmd_tls.o)
                              c:/program files (x86)/cypress/psoc creator/4.4/psoc creator/import/gnu/arm/5.4.1/bin/../lib/gcc/arm-none-eabi/5.4.1/armv7-m\libgcc.a(_aeabi_ldivmod.o) (__aeabi_ldiv0)
c:/program files (x86)/cypress/psoc creator/4.4/psoc creator/import/gnu/arm/5.4.1/bin/../lib/gcc/arm-none-eabi/5.4.1/../../../../arm-none-eabi/lib/armv7-m\libg_nano.a(lib_a-errno.o)
                              .\CortexM3\ARM_GCC_541\Debug\Cm3Start.o (__errno)
c:/program files (x86)/cypress/psoc creator/4.4/psoc creator/import/gnu/arm/5.4.1/bin/../lib/gcc/arm-none-eabi/5.4.1/../../../../arm-none-eabi/lib/armv7-m\libg_nano.a(lib_a-exit.o)
[...]
Memory Configuration

Name             Origin             Length             Attributes
rom              0x00000000         0x00040000         xr
ram              0x1fff8000         0x00010000         xrw
*default*        0x00000000         0xffffffff

Linker script and memory map

LOAD c:/program files (x86)/cypress/psoc creator/4.4/psoc creator/import/gnu/arm/5.4.1/bin/../lib/gcc/arm-none-eabi/5.4.1/armv7-m/crti.o
LOAD c:/program files (x86)/cypress/psoc creator/4.4/psoc creator/import/gnu/arm/5.4.1/bin/../lib/gcc/arm-none-eabi/5.4.1/armv7-m/crtbegin.o
LOAD c:/program files (x86)/cypress/psoc creator/4.4/psoc creator/import/gnu/arm/5.4.1/bin/../lib/gcc/arm-none-eabi/5.4.1/../../../../arm-none-eabi/lib/armv7-m/crt0.o
START GROUP
LOAD .\CortexM3\ARM_GCC_541\Debug\app.o
LOAD .\CortexM3\ARM_GCC_541\Debug\os_app_hooks.o
LOAD .\CortexM3\ARM_GCC_541\Debug\log_task.o
LOAD .\CortexM3\ARM_GCC_541\Debug\heartbeatSensor.o
LOAD .\CortexM3\ARM_GCC_541\Debug\environmentSensor.o
LOAD .\CortexM3\ARM_GCC_541\Debug\data_processing_task.o
LOAD .\CortexM3\ARM_GCC_541\Debug\gpio_tasks.o
LOAD .\CortexM3\ARM_GCC_541\Debug\bsp_os.o
LOAD .\CortexM3\ARM_GCC_541\Debug\bsp.o
LOAD .\CortexM3\ARM_GCC_541\Debug\cpu_bsp.o
LOAD .\CortexM3\ARM_GCC_541\Debug\bsp_uart.o
LOAD .\CortexM3\ARM_GCC_541\Debug\bsp_gpio.o
LOAD .\CortexM3\ARM_GCC_541\Debug\bsp_i2c.o
LOAD .\CortexM3\ARM_GCC_541\Debug\bsp_pwm.o
LOAD .\CortexM3\ARM_GCC_541\Debug\cpu_c.o
LOAD .\CortexM3\ARM_GCC_541\Debug\cpu_core.o
LOAD .\CortexM3\ARM_GCC_541\Debug\lib_math.o
LOAD .\CortexM3\ARM_GCC_541\Debug\lib_mem.o
LOAD .\CortexM3\ARM_GCC_541\Debug\lib_str.o
LOAD .\CortexM3\ARM_GCC_541\Debug\lib_ascii.o
LOAD .\CortexM3\ARM_GCC_541\Debug\os_cpu_c.o
LOAD .\CortexM3\ARM_GCC_541\Debug\os_pend_multi.o
LOAD .\CortexM3\ARM_GCC_541\Debug\os_prio.o
LOAD .\CortexM3\ARM_GCC_541\Debug\os_q.o
LOAD .\CortexM3\ARM_GCC_541\Debug\os_sem.o
LOAD .\CortexM3\ARM_GCC_541\Debug\os_stat.o
LOAD .\CortexM3\ARM_GCC_541\Debug\os_task.o
LOAD .\CortexM3\ARM_GCC_541\Debug\os_tick.o
LOAD .\CortexM3\ARM_GCC_541\Debug\os_time.o
LOAD .\CortexM3\ARM_GCC_541\Debug\os_tmr.o
LOAD .\CortexM3\ARM_GCC_541\Debug\os_var.o
LOAD .\CortexM3\ARM_GCC_541\Debug\os_cfg_app.o
LOAD .\CortexM3\ARM_GCC_541\Debug\os_core.o
LOAD .\CortexM3\ARM_GCC_541\Debug\os_dbg.o
LOAD .\CortexM3\ARM_GCC_541\Debug\os_flag.o
LOAD .\CortexM3\ARM_GCC_541\Debug\os_int.o
LOAD .\CortexM3\ARM_GCC_541\Debug\os_mem.o
LOAD .\CortexM3\ARM_GCC_541\Debug\os_msg.o
LOAD .\CortexM3\ARM_GCC_541\Debug\os_mutex.o
LOAD .\CortexM3\ARM_GCC_541\Debug\max30102_interface.o
LOAD .\CortexM3\ARM_GCC_541\Debug\driver_max30102.o
LOAD .\CortexM3\ARM_GCC_541\Debug\bme68x.o
LOAD .\CortexM3\ARM_GCC_541\Debug\cyfitter_cfg.o
LOAD .\CortexM3\ARM_GCC_541\Debug\cymetadata.o
LOAD .\CortexM3\ARM_GCC_541\Debug\Cm3Start.o
LOAD .\CortexM3\ARM_GCC_541\Debug\cpu_a.o
LOAD .\CortexM3\ARM_GCC_541\Debug\os_cpu_a.o
LOAD .\CortexM3\ARM_GCC_541\Debug\esw_uCOS3_cykit.a
LOAD C:\Program Files (x86)\Cypress\PSoC Creator\4.4\PSoC Creator\psoc\content\cycomponentlibrary\CyComponentLibrary.cylib\CortexM3\ARM_GCC_541\Debug\CyComponentLibrary.a
END GROUP
START GROUP
LOAD c:/program files (x86)/cypress/psoc creator/4.4/psoc creator/import/gnu/arm/5.4.1/bin/../lib/gcc/arm-none-eabi/5.4.1/armv7-m\libgcc.a
LOAD c:/program files (x86)/cypress/psoc creator/4.4/psoc creator/import/gnu/arm/5.4.1/bin/../lib/gcc/arm-none-eabi/5.4.1/../../../../arm-none-eabi/lib/armv7-m\libg_nano.a
LOAD c:/program files (x86)/cypress/psoc creator/4.4/psoc creator/import/gnu/arm/5.4.1/bin/../lib/gcc/arm-none-eabi/5.4.1/../../../../arm-none-eabi/lib/armv7-m\libc_nano.a
END GROUP
START GROUP
LOAD c:/program files (x86)/cypress/psoc creator/4.4/psoc creator/import/gnu/arm/5.4.1/bin/../lib/gcc/arm-none-eabi/5.4.1/armv7-m\libgcc.a
LOAD c:/program files (x86)/cypress/psoc creator/4.4/psoc creator/import/gnu/arm/5.4.1/bin/../lib/gcc/arm-none-eabi/5.4.1/../../../../arm-none-eabi/lib/armv7-m\libc_nano.a
END GROUP
LOAD c:/program files (x86)/cypress/psoc creator/4.4/psoc creator/import/gnu/arm/5.4.1/bin/../lib/gcc/arm-none-eabi/5.4.1/armv7-m/crtend.o
LOAD c:/program files (x86)/cypress/psoc creator/4.4/psoc creator/import/gnu/arm/5.4.1/bin/../lib/gcc/arm-none-eabi/5.4.1/armv7-m/crtn.o
START GROUP
LOAD c:/program files (x86)/cypress/psoc creator/4.4/psoc creator/import/gnu/arm/5.4.1/bin/../lib/gcc/arm-none-eabi/5.4.1/armv7-m\libgcc.a
LOAD c:/program files (x86)/cypress/psoc creator/4.4/psoc creator/import/gnu/arm/5.4.1/bin/../lib/gcc/arm-none-eabi/5.4.1/../../../../arm-none-eabi/lib/armv7-m\libc.a
LOAD c:/program files (x86)/cypress/psoc creator/4.4/psoc creator/import/gnu/arm/5.4.1/bin/../lib/gcc/arm-none-eabi/5.4.1/../../../../arm-none-eabi/lib/armv7-m\libnosys.a
END GROUP
                0x00000000                CY_APPL_ORIGIN = 0x0
                0x00000100                CY_FLASH_ROW_SIZE = 0x100
                0x00000020                CY_ECC_ROW_SIZE = 0x20
                0x00000000                CY_EE_IN_BTLDR = 0x0
                0x00000000                CY_APPL_LOADABLE = 0x0
                0x00000800                CY_EE_SIZE = 0x800
                0x00000001                CY_APPL_NUM = 0x1
                0x00000001                CY_APPL_MAX = 0x1
                0x00000040                CY_METADATA_SIZE = 0x40
                0x00000000                CY_APPL_LOADABLE = 0x0
                0x00000000                CY_CHECKSUM_EXCLUDE_SIZE = ALIGN (0x0, CY_FLASH_ROW_SIZE)
                [!provide]                PROVIDE (__cy_heap_start, _end)
                0x00000001                PROVIDE (__cy_region_num, ((__cy_regions_end - __cy_regions) / 0x10))
                0x20008000                PROVIDE (__cy_stack, (ORIGIN (ram) + LENGTH (ram)))
                [!provide]                PROVIDE (__cy_heap_end, (__cy_stack - 0x800))

.cybootloader   0x00000000        0x0
 *(.cybootloader)
                0x00000000                appl1_start = CY_APPL_ORIGIN?CY_APPL_ORIGIN:ALIGN (CY_FLASH_ROW_SIZE)
                0x0001ff00                appl2_start = (appl1_start + ALIGN ((((LENGTH (rom) - appl1_start) - (0x2 * CY_FLASH_ROW_SIZE)) / 0x2), CY_FLASH_ROW_SIZE))
                0x00000000                appl_start = (CY_APPL_NUM == 0x1)?appl1_start:appl2_start
                0x00000000                ecc_offset = ((appl_start / CY_FLASH_ROW_SIZE) * CY_ECC_ROW_SIZE)
                0x00000000                ee_offset = (CY_APPL_LOADABLE && ! (CY_EE_IN_BTLDR))?((CY_EE_SIZE / CY_APPL_MAX) * (CY_APPL_NUM - 0x1)):0x0
                0x00000800                ee_size = (CY_APPL_LOADABLE && ! (CY_EE_IN_BTLDR))?(CY_EE_SIZE / CY_APPL_MAX):CY_EE_SIZE
                [!provide]                PROVIDE (CY_ECC_OFFSET, ecc_offset)

.text           0x00000000     0x75d0
 CREATE_OBJECT_SYMBOLS
                0x00000000                PROVIDE (__cy_interrupt_vector, RomVectors)
 *(.romvectors)
 .romvectors    0x00000000       0x10 .\CortexM3\ARM_GCC_541\Debug\Cm3Start.o
                0x00000000                RomVectors
                0x00000001                ASSERT ((. != __cy_interrupt_vector), No interrupt vector)
                0x00000001                ASSERT (CY_APPL_ORIGIN?(SIZEOF (.cybootloader) <= CY_APPL_ORIGIN):0x1, Wrong image location)
                0x00000010                PROVIDE (__cy_reset, Reset)
 *(.text.Reset)
 .text.Reset    0x00000010       0x18 .\CortexM3\ARM_GCC_541\Debug\Cm3Start.o
                0x00000010                Reset
                0x00000001                ASSERT ((. != __cy_reset), No reset code)
 *(.dma_init)
                0x00000001                ASSERT ((((appl_start + .) <= 0x10000) || 0x1), DMA Init must be within the first 64k of flash)
 *(.text .text.* .gnu.linkonce.t.*)
 .text          0x00000028       0x5c c:/program files (x86)/cypress/psoc creator/4.4/psoc creator/import/gnu/arm/5.4.1/bin/../lib/gcc/arm-none-eabi/5.4.1/armv7-m/crtbegin.o
 .text.App_TaskStart
                0x00000084       0x78 .\CortexM3\ARM_GCC_541\Debug\app.o
 .text.main     0x000000fc       0x60 .\CortexM3\ARM_GCC_541\Debug\app.o
                0x000000fc                main
 .text.Log_LevelToString
                0x0000015c       0x88 .\CortexM3\ARM_GCC_541\Debug\log_task.o
 .text.Log_PrintErrorWithCode
                0x000001e4       0x2c .\CortexM3\ARM_GCC_541\Debug\log_task.o
 .text.Log_Task
                0x00000210       0xe8 .\CortexM3\ARM_GCC_541\Debug\log_task.o
 .text.Log_Init
                0x000002f8       0x58 .\CortexM3\ARM_GCC_541\Debug\log_task.o
                0x000002f8                Log_Init
 .text.Log_Write
                0x00000350       0xc0 .\CortexM3\ARM_GCC_541\Debug\log_task.o
                0x00000350                Log_Write
 .text.initializeMessageQueueOximiter
                0x00000410       0x70 .\CortexM3\ARM_GCC_541\Debug\heartbeatSensor.o
                0x00000410                initializeMessageQueueOximiter
 .text.MAX30102_Init
                0x00000480       0x78 .\CortexM3\ARM_GCC_541\Debug\heartbeatSensor.o
                0x00000480                MAX30102_Init
 .text.enqueueHeartRate
                0x000004f8       0x90 .\CortexM3\ARM_GCC_541\Debug\heartbeatSensor.o
                0x000004f8                enqueueHeartRate
 .text.updateHeartRate
                0x00000588       0xd0 .\CortexM3\ARM_GCC_541\Debug\heartbeatSensor.o
                0x00000588                updateHeartRate
 .text.enqueueSpO2
                0x00000658       0x80 .\CortexM3\ARM_GCC_541\Debug\heartbeatSensor.o
                0x00000658                enqueueSpO2
 .text.calculateSpO2
                0x000006d8       0x58 .\CortexM3\ARM_GCC_541\Debug\heartbeatSensor.o
                0x000006d8                calculateSpO2
 .text.updateSpO2
                0x00000730       0x28 .\CortexM3\ARM_GCC_541\Debug\heartbeatSensor.o
                0x00000730                updateSpO2
 .text.averageDCEstimator
                0x00000758       0x14 .\CortexM3\ARM_GCC_541\Debug\heartbeatSensor.o
                0x00000758                averageDCEstimator
 .text.mul16    0x0000076c        0x8 .\CortexM3\ARM_GCC_541\Debug\heartbeatSensor.o
                0x0000076c                mul16
 .text.lowPassFIRFilter
                0x00000774       0x80 .\CortexM3\ARM_GCC_541\Debug\heartbeatSensor.o
                0x00000774                lowPassFIRFilter
 .text.processSignals
                0x000007f4       0x48 .\CortexM3\ARM_GCC_541\Debug\heartbeatSensor.o
                0x000007f4                processSignals
 .text.max30102_Task
                0x0000083c       0x98 .\CortexM3\ARM_GCC_541\Debug\heartbeatSensor.o
 .text.bsp_i2c_read_bme
                0x000008d4       0x28 .\CortexM3\ARM_GCC_541\Debug\environmentSensor.o
                0x000008d4                bsp_i2c_read_bme
 .text.bsp_i2c_write_bme
                0x000008fc       0x28 .\CortexM3\ARM_GCC_541\Debug\environmentSensor.o
                0x000008fc                bsp_i2c_write_bme
 .text.us_Delay
                0x00000924        0xc .\CortexM3\ARM_GCC_541\Debug\environmentSensor.o
                0x00000924                us_Delay
 .text.initializeMessageQueueEnvironment
                0x00000930       0x40 .\CortexM3\ARM_GCC_541\Debug\environmentSensor.o
                0x00000930                initializeMessageQueueEnvironment
 .text.BME688_Init_Task
                0x00000970       0x78 .\CortexM3\ARM_GCC_541\Debug\environmentSensor.o
                0x00000970                BME688_Init_Task
 .text.enqueueEnvironmentData
                0x000009e8       0x70 .\CortexM3\ARM_GCC_541\Debug\environmentSensor.o
                0x000009e8                enqueueEnvironmentData
 .text.Init_BME688_Sensor
                0x00000a58       0xf0 .\CortexM3\ARM_GCC_541\Debug\environmentSensor.o
                0x00000a58                Init_BME688_Sensor
 .text.bme688_Task
                0x00000b48      0x118 .\CortexM3\ARM_GCC_541\Debug\environmentSensor.o
 .text.BUT_Task
                0x00000c60       0x7c .\CortexM3\ARM_GCC_541\Debug\gpio_tasks.o
 .text.init_gpio
                0x00000cdc       0x94 .\CortexM3\ARM_GCC_541\Debug\gpio_tasks.o
                0x00000cdc                init_gpio
 .text.BSP_PreInit
                0x00000d70       0x20 .\CortexM3\ARM_GCC_541\Debug\bsp.o
                0x00000d70                BSP_PreInit
 .text.BSP_PostInit
                0x00000d90        0x8 .\CortexM3\ARM_GCC_541\Debug\bsp.o
                0x00000d90                BSP_PostInit
 .text.BSP_CPU_ClkFreq
                0x00000d98        0x8 .\CortexM3\ARM_GCC_541\Debug\bsp.o
                0x00000d98                BSP_CPU_ClkFreq
 .text.BSP_CPU_TickInit
                0x00000da0       0x18 .\CortexM3\ARM_GCC_541\Debug\bsp.o
                0x00000da0                BSP_CPU_TickInit
 .text.BSP_PB_StatusGet
                0x00000db8       0x18 .\CortexM3\ARM_GCC_541\Debug\bsp.o
                0x00000db8                BSP_PB_StatusGet
 .text.CPU_TS_TmrInit
                0x00000dd0       0x28 .\CortexM3\ARM_GCC_541\Debug\cpu_bsp.o
                0x00000dd0                CPU_TS_TmrInit
 .text.CPU_TS_TmrRd
                0x00000df8        0xc .\CortexM3\ARM_GCC_541\Debug\cpu_bsp.o
                0x00000df8                CPU_TS_TmrRd
 .text.init_uart
                0x00000e04        0x8 .\CortexM3\ARM_GCC_541\Debug\bsp_uart.o
                0x00000e04                init_uart
 .text.gpio_read
                0x00000e0c       0x20 .\CortexM3\ARM_GCC_541\Debug\bsp_gpio.o
                0x00000e0c                gpio_read
 .text.Timer_ISR
                0x00000e2c       0x10 .\CortexM3\ARM_GCC_541\Debug\bsp_i2c.o
                0x00000e2c                Timer_ISR
 .text.I2C_Init
                0x00000e3c       0x50 .\CortexM3\ARM_GCC_541\Debug\bsp_i2c.o
                0x00000e3c                I2C_Init
 .text.bsp_i2c_read
                0x00000e8c       0xd0 .\CortexM3\ARM_GCC_541\Debug\bsp_i2c.o
                0x00000e8c                bsp_i2c_read
 .text.bsp_i2c_write
                0x00000f5c       0xa0 .\CortexM3\ARM_GCC_541\Debug\bsp_i2c.o
                0x00000f5c                bsp_i2c_write
 .text.CPU_TS_Init
                0x00000ffc       0x14 .\CortexM3\ARM_GCC_541\Debug\cpu_core.o
 .text.CPU_NameClr
                0x00001010       0x1c .\CortexM3\ARM_GCC_541\Debug\cpu_core.o
                0x00001010                CPU_NameClr
 .text.CPU_NameInit
                0x0000102c        0x8 .\CortexM3\ARM_GCC_541\Debug\cpu_core.o
 .text.CPU_Init
                0x00001034        0xc .\CortexM3\ARM_GCC_541\Debug\cpu_core.o
                0x00001034                CPU_Init
 .text.CPU_TS_TmrFreqSet
                0x00001040        0xc .\CortexM3\ARM_GCC_541\Debug\cpu_core.o
                0x00001040                CPU_TS_TmrFreqSet
 .text.Mem_Set  0x0000104c       0x44 .\CortexM3\ARM_GCC_541\Debug\lib_mem.o
                0x0000104c                Mem_Set
 .text.Mem_Clr  0x00001090        0xc .\CortexM3\ARM_GCC_541\Debug\lib_mem.o
                0x00001090                Mem_Clr
 .text.OSIdleTaskHook
                0x0000109c       0x10 .\CortexM3\ARM_GCC_541\Debug\os_cpu_c.o
                0x0000109c                OSIdleTaskHook
 .text.OSInitHook
                0x000010ac       0x3c .\CortexM3\ARM_GCC_541\Debug\os_cpu_c.o
                0x000010ac                OSInitHook
 .text.OSStatTaskHook
                0x000010e8       0x10 .\CortexM3\ARM_GCC_541\Debug\os_cpu_c.o
                0x000010e8                OSStatTaskHook
 .text.OSTaskCreateHook
                0x000010f8       0x10 .\CortexM3\ARM_GCC_541\Debug\os_cpu_c.o
                0x000010f8                OSTaskCreateHook
 .text.OSTaskDelHook
                0x00001108       0x10 .\CortexM3\ARM_GCC_541\Debug\os_cpu_c.o
                0x00001108                OSTaskDelHook
 .text.OSTaskReturnHook
                0x00001118       0x10 .\CortexM3\ARM_GCC_541\Debug\os_cpu_c.o
                0x00001118                OSTaskReturnHook
 .text.OSTaskStkInit
                0x00001128       0x88 .\CortexM3\ARM_GCC_541\Debug\os_cpu_c.o
                0x00001128                OSTaskStkInit
 .text.OSTaskSwHook
                0x000011b0       0x40 .\CortexM3\ARM_GCC_541\Debug\os_cpu_c.o
                0x000011b0                OSTaskSwHook
 .text.OSTimeTickHook
                0x000011f0       0x10 .\CortexM3\ARM_GCC_541\Debug\os_cpu_c.o
                0x000011f0                OSTimeTickHook
 .text.OS_CPU_SysTickHandler
                0x00001200       0x20 .\CortexM3\ARM_GCC_541\Debug\os_cpu_c.o
                0x00001200                OS_CPU_SysTickHandler
 .text.OS_CPU_SysTickInit
                0x00001220       0x30 .\CortexM3\ARM_GCC_541\Debug\os_cpu_c.o
                0x00001220                OS_CPU_SysTickInit
 .text.OS_PrioInit
                0x00001250       0x18 .\CortexM3\ARM_GCC_541\Debug\os_prio.o
                0x00001250                OS_PrioInit
 .text.OS_PrioGetHighest
                0x00001268       0x24 .\CortexM3\ARM_GCC_541\Debug\os_prio.o
                0x00001268                OS_PrioGetHighest
 .text.OS_PrioInsert
                0x0000128c       0x24 .\CortexM3\ARM_GCC_541\Debug\os_prio.o
                0x0000128c                OS_PrioInsert
 .text.OS_PrioRemove
                0x000012b0       0x24 .\CortexM3\ARM_GCC_541\Debug\os_prio.o
                0x000012b0                OS_PrioRemove
 .text.OSQFlush
                0x000012d4       0x44 .\CortexM3\ARM_GCC_541\Debug\os_q.o
                0x000012d4                OSQFlush
 .text.OSQPend  0x00001318      0x164 .\CortexM3\ARM_GCC_541\Debug\os_q.o
                0x00001318                OSQPend
 .text.OS_QDbgListAdd
                0x0000147c       0x24 .\CortexM3\ARM_GCC_541\Debug\os_q.o
                0x0000147c                OS_QDbgListAdd
 .text.OSQCreate
                0x000014a0       0x7c .\CortexM3\ARM_GCC_541\Debug\os_q.o
                0x000014a0                OSQCreate
 .text.OS_QInit
                0x0000151c       0x18 .\CortexM3\ARM_GCC_541\Debug\os_q.o
                0x0000151c                OS_QInit
 .text.OS_QPost
                0x00001534       0x84 .\CortexM3\ARM_GCC_541\Debug\os_q.o
                0x00001534                OS_QPost
 .text.OSQPost  0x000015b8       0x74 .\CortexM3\ARM_GCC_541\Debug\os_q.o
                0x000015b8                OSQPost
 .text.OSSemPend
                0x0000162c      0x128 .\CortexM3\ARM_GCC_541\Debug\os_sem.o
                0x0000162c                OSSemPend
 .text.OS_SemDbgListAdd
                0x00001754       0x24 .\CortexM3\ARM_GCC_541\Debug\os_sem.o
                0x00001754                OS_SemDbgListAdd
 .text.OSSemCreate
                0x00001778       0x68 .\CortexM3\ARM_GCC_541\Debug\os_sem.o
                0x00001778                OSSemCreate
 .text.OS_SemInit
                0x000017e0       0x18 .\CortexM3\ARM_GCC_541\Debug\os_sem.o
                0x000017e0                OS_SemInit
 .text.OS_SemPost
                0x000017f8       0x88 .\CortexM3\ARM_GCC_541\Debug\os_sem.o
                0x000017f8                OS_SemPost
 .text.OSSemPost
                0x00001880       0x48 .\CortexM3\ARM_GCC_541\Debug\os_sem.o
                0x00001880                OSSemPost
 .text.OSStatReset
                0x000018c8       0xb8 .\CortexM3\ARM_GCC_541\Debug\os_stat.o
                0x000018c8                OSStatReset
 .text.OS_StatTask
                0x00001980      0x230 .\CortexM3\ARM_GCC_541\Debug\os_stat.o
                0x00001980                OS_StatTask
 .text.OS_StatTaskInit
                0x00001bb0       0xa8 .\CortexM3\ARM_GCC_541\Debug\os_stat.o
                0x00001bb0                OS_StatTaskInit
 .text.OSTaskSemPend
                0x00001c58      0x130 .\CortexM3\ARM_GCC_541\Debug\os_task.o
                0x00001c58                OSTaskSemPend
 .text.OSTaskStkChk
                0x00001d88       0x90 .\CortexM3\ARM_GCC_541\Debug\os_task.o
                0x00001d88                OSTaskStkChk
 .text.OS_TaskDbgListAdd
                0x00001e18       0x24 .\CortexM3\ARM_GCC_541\Debug\os_task.o
                0x00001e18                OS_TaskDbgListAdd
 .text.OS_TaskDbgListRemove
                0x00001e3c       0x44 .\CortexM3\ARM_GCC_541\Debug\os_task.o
                0x00001e3c                OS_TaskDbgListRemove
 .text.OS_TaskInit
                0x00001e80       0x20 .\CortexM3\ARM_GCC_541\Debug\os_task.o
                0x00001e80                OS_TaskInit
 .text.OS_TaskInitTCB
                0x00001ea0       0xcc .\CortexM3\ARM_GCC_541\Debug\os_task.o
                0x00001ea0                OS_TaskInitTCB
 .text.OSTaskCreate
                0x00001f6c      0x1a8 .\CortexM3\ARM_GCC_541\Debug\os_task.o
                0x00001f6c                OSTaskCreate
 .text.OSTaskDel
                0x00002114       0xcc .\CortexM3\ARM_GCC_541\Debug\os_task.o
                0x00002114                OSTaskDel
 .text.OS_TaskReturn
                0x000021e0       0x20 .\CortexM3\ARM_GCC_541\Debug\os_task.o
                0x000021e0                OS_TaskReturn
 .text.OS_TaskSemPost
                0x00002200       0xc0 .\CortexM3\ARM_GCC_541\Debug\os_task.o
                0x00002200                OS_TaskSemPost
 .text.OSTaskSemPost
                0x000022c0       0x2c .\CortexM3\ARM_GCC_541\Debug\os_task.o
                0x000022c0                OSTaskSemPost
 .text.OS_TickListInit
                0x000022ec       0x2c .\CortexM3\ARM_GCC_541\Debug\os_tick.o
                0x000022ec                OS_TickListInit
 .text.OS_TickTaskInit
                0x00002318       0x98 .\CortexM3\ARM_GCC_541\Debug\os_tick.o
                0x00002318                OS_TickTaskInit
 .text.OS_TickListInsert
                0x000023b0      0x120 .\CortexM3\ARM_GCC_541\Debug\os_tick.o
                0x000023b0                OS_TickListInsert
 .text.OS_TickListRemove
                0x000024d0       0x38 .\CortexM3\ARM_GCC_541\Debug\os_tick.o
                0x000024d0                OS_TickListRemove
 .text.OS_TickListResetPeak
                0x00002508       0x24 .\CortexM3\ARM_GCC_541\Debug\os_tick.o
                0x00002508                OS_TickListResetPeak
 .text.OS_TickListUpdate
                0x0000252c      0x144 .\CortexM3\ARM_GCC_541\Debug\os_tick.o
                0x0000252c                OS_TickListUpdate
 .text.OS_TickTask
                0x00002670       0x2c .\CortexM3\ARM_GCC_541\Debug\os_tick.o
                0x00002670                OS_TickTask
 .text.OSTimeDly
                0x0000269c       0x94 .\CortexM3\ARM_GCC_541\Debug\os_time.o
                0x0000269c                OSTimeDly
 .text.OSTimeDlyHMSM
                0x00002730      0x164 .\CortexM3\ARM_GCC_541\Debug\os_time.o
                0x00002730                OSTimeDlyHMSM
 .text.OSTimeTick
                0x00002894       0x64 .\CortexM3\ARM_GCC_541\Debug\os_time.o
                0x00002894                OSTimeTick
 .text.OS_TmrInit
                0x000028f8      0x100 .\CortexM3\ARM_GCC_541\Debug\os_tmr.o
                0x000028f8                OS_TmrInit
 .text.OS_TmrLink
                0x000029f8       0xe8 .\CortexM3\ARM_GCC_541\Debug\os_tmr.o
                0x000029f8                OS_TmrLink
 .text.OS_TmrResetPeak
                0x00002ae0       0x24 .\CortexM3\ARM_GCC_541\Debug\os_tmr.o
                0x00002ae0                OS_TmrResetPeak
 .text.OS_TmrUnlink
                0x00002b04       0x58 .\CortexM3\ARM_GCC_541\Debug\os_tmr.o
                0x00002b04                OS_TmrUnlink
 .text.OS_TmrTask
                0x00002b5c       0xb0 .\CortexM3\ARM_GCC_541\Debug\os_tmr.o
                0x00002b5c                OS_TmrTask
 .text.OSCfg_Init
                0x00002c0c        0x4 .\CortexM3\ARM_GCC_541\Debug\os_cfg_app.o
                0x00002c0c                OSCfg_Init
 .text.OS_IdleTask
                0x00002c10       0x28 .\CortexM3\ARM_GCC_541\Debug\os_core.o
                0x00002c10                OS_IdleTask
 .text.OSIntExit
                0x00002c38       0xa8 .\CortexM3\ARM_GCC_541\Debug\os_core.o
                0x00002c38                OSIntExit
 .text.OSSched  0x00002ce0       0x80 .\CortexM3\ARM_GCC_541\Debug\os_core.o
                0x00002ce0                OSSched
 .text.OSSchedLock
                0x00002d60       0x54 .\CortexM3\ARM_GCC_541\Debug\os_core.o
                0x00002d60                OSSchedLock
 .text.OSSchedUnlock
                0x00002db4       0x68 .\CortexM3\ARM_GCC_541\Debug\os_core.o
                0x00002db4                OSSchedUnlock
 .text.OSStart  0x00002e1c       0x5c .\CortexM3\ARM_GCC_541\Debug\os_core.o
                0x00002e1c                OSStart
 .text.OS_IdleTaskInit
                0x00002e78       0x58 .\CortexM3\ARM_GCC_541\Debug\os_core.o
                0x00002e78                OS_IdleTaskInit
 .text.OS_PendDataInit
                0x00002ed0       0x28 .\CortexM3\ARM_GCC_541\Debug\os_core.o
                0x00002ed0                OS_PendDataInit
 .text.OS_PendDbgNameAdd
                0x00002ef8       0x44 .\CortexM3\ARM_GCC_541\Debug\os_core.o
                0x00002ef8                OS_PendDbgNameAdd
 .text.OS_PendDbgNameRemove
                0x00002f3c       0x1c .\CortexM3\ARM_GCC_541\Debug\os_core.o
                0x00002f3c                OS_PendDbgNameRemove
 .text.OS_PendListInit
                0x00002f58        0xc .\CortexM3\ARM_GCC_541\Debug\os_core.o
                0x00002f58                OS_PendListInit
 .text.OS_PendListInsertPrio
                0x00002f64       0x5c .\CortexM3\ARM_GCC_541\Debug\os_core.o
                0x00002f64                OS_PendListInsertPrio
 .text.OS_PendListRemove1
                0x00002fc0       0x38 .\CortexM3\ARM_GCC_541\Debug\os_core.o
                0x00002fc0                OS_PendListRemove1
 .text.OS_PendListRemove
                0x00002ff8       0x28 .\CortexM3\ARM_GCC_541\Debug\os_core.o
                0x00002ff8                OS_PendListRemove
 .text.OS_Post1
                0x00003020       0x28 .\CortexM3\ARM_GCC_541\Debug\os_core.o
                0x00003020                OS_Post1
 .text.OS_RdyListInit
                0x00003048       0x28 .\CortexM3\ARM_GCC_541\Debug\os_core.o
                0x00003048                OS_RdyListInit
 .text.OSInit   0x00003070      0x154 .\CortexM3\ARM_GCC_541\Debug\os_core.o
                0x00003070                OSInit
 .text.OS_RdyListInsertHead
                0x000031c4       0x54 .\CortexM3\ARM_GCC_541\Debug\os_core.o
                0x000031c4                OS_RdyListInsertHead
 .text.OS_RdyListInsertTail
                0x00003218       0x54 .\CortexM3\ARM_GCC_541\Debug\os_core.o
                0x00003218                OS_RdyListInsertTail
 .text.OS_RdyListInsert
                0x0000326c       0x2c .\CortexM3\ARM_GCC_541\Debug\os_core.o
                0x0000326c                OS_RdyListInsert
 .text.OS_RdyListMoveHeadToTail
                0x00003298       0x38 .\CortexM3\ARM_GCC_541\Debug\os_core.o
                0x00003298                OS_RdyListMoveHeadToTail
 .text.OS_RdyListRemove
                0x000032d0       0x78 .\CortexM3\ARM_GCC_541\Debug\os_core.o
                0x000032d0                OS_RdyListRemove
 .text.OS_SchedRoundRobin
                0x00003348       0x88 .\CortexM3\ARM_GCC_541\Debug\os_core.o
                0x00003348                OS_SchedRoundRobin
 .text.OS_TaskBlock
                0x000033d0       0x3c .\CortexM3\ARM_GCC_541\Debug\os_core.o
                0x000033d0                OS_TaskBlock
 .text.OS_Pend  0x0000340c       0x54 .\CortexM3\ARM_GCC_541\Debug\os_core.o
                0x0000340c                OS_Pend
 .text.OS_TaskRdy
                0x00003460       0x1c .\CortexM3\ARM_GCC_541\Debug\os_core.o
                0x00003460                OS_TaskRdy
 .text.OS_Post  0x0000347c       0xac .\CortexM3\ARM_GCC_541\Debug\os_core.o
                0x0000347c                OS_Post
 .text.OS_Dbg_Init
                0x00003528        0x4 .\CortexM3\ARM_GCC_541\Debug\os_dbg.o
                0x00003528                OS_Dbg_Init
 .text.OS_FlagInit
                0x0000352c       0x18 .\CortexM3\ARM_GCC_541\Debug\os_flag.o
                0x0000352c                OS_FlagInit
 .text.OSMemGet
                0x00003544       0x3c .\CortexM3\ARM_GCC_541\Debug\os_mem.o
                0x00003544                OSMemGet
 .text.OSMemPut
                0x00003580       0x4c .\CortexM3\ARM_GCC_541\Debug\os_mem.o
                0x00003580                OSMemPut
 .text.OS_MemDbgListAdd
                0x000035cc       0x1c .\CortexM3\ARM_GCC_541\Debug\os_mem.o
                0x000035cc                OS_MemDbgListAdd
 .text.OSMemCreate
                0x000035e8       0xe0 .\CortexM3\ARM_GCC_541\Debug\os_mem.o
                0x000035e8                OSMemCreate
 .text.OS_MemInit
                0x000036c8       0x18 .\CortexM3\ARM_GCC_541\Debug\os_mem.o
                0x000036c8                OS_MemInit
 .text.OS_MsgPoolInit
                0x000036e0       0x68 .\CortexM3\ARM_GCC_541\Debug\os_msg.o
                0x000036e0                OS_MsgPoolInit
 .text.OS_MsgQFreeAll
                0x00003748       0x34 .\CortexM3\ARM_GCC_541\Debug\os_msg.o
                0x00003748                OS_MsgQFreeAll
 .text.OS_MsgQInit
                0x0000377c       0x10 .\CortexM3\ARM_GCC_541\Debug\os_msg.o
                0x0000377c                OS_MsgQInit
 .text.OS_MsgQGet
                0x0000378c       0x5c .\CortexM3\ARM_GCC_541\Debug\os_msg.o
                0x0000378c                OS_MsgQGet
 .text.OS_MsgQPut
                0x000037e8       0x94 .\CortexM3\ARM_GCC_541\Debug\os_msg.o
                0x000037e8                OS_MsgQPut
 .text.OS_MutexInit
                0x0000387c       0x18 .\CortexM3\ARM_GCC_541\Debug\os_mutex.o
                0x0000387c                OS_MutexInit
 .text.bsp_delay_ms
                0x00003894       0x6c .\CortexM3\ARM_GCC_541\Debug\max30102_interface.o
                0x00003894                bsp_delay_ms
 .text.bsp_i2c_deinit
                0x00003900       0x14 .\CortexM3\ARM_GCC_541\Debug\max30102_interface.o
 .text.bsp_i2c_init
                0x00003914       0x14 .\CortexM3\ARM_GCC_541\Debug\max30102_interface.o
 .text.bsp_debug_print
                0x00003928       0x28 .\CortexM3\ARM_GCC_541\Debug\max30102_interface.o
                0x00003928                bsp_debug_print
 .text.max30102_receive_callback
                0x00003950       0x40 .\CortexM3\ARM_GCC_541\Debug\max30102_interface.o
                0x00003950                max30102_receive_callback
 .text.max30102_sensor_init
                0x00003990      0x1d8 .\CortexM3\ARM_GCC_541\Debug\max30102_interface.o
                0x00003990                max30102_sensor_init
 .text.max30102_init
                0x00003b68      0x1ec .\CortexM3\ARM_GCC_541\Debug\driver_max30102.o
                0x00003b68                max30102_init
 .text.max30102_read
                0x00003d54      0x1f8 .\CortexM3\ARM_GCC_541\Debug\driver_max30102.o
                0x00003d54                max30102_read
 .text.max30102_set_interrupt
                0x00003f4c       0xcc .\CortexM3\ARM_GCC_541\Debug\driver_max30102.o
                0x00003f4c                max30102_set_interrupt
 .text.max30102_set_fifo_sample_averaging
                0x00004018       0x68 .\CortexM3\ARM_GCC_541\Debug\driver_max30102.o
                0x00004018                max30102_set_fifo_sample_averaging
 .text.max30102_set_fifo_roll
                0x00004080       0x68 .\CortexM3\ARM_GCC_541\Debug\driver_max30102.o
                0x00004080                max30102_set_fifo_roll
 .text.max30102_set_mode
                0x000040e8       0x64 .\CortexM3\ARM_GCC_541\Debug\driver_max30102.o
                0x000040e8                max30102_set_mode
 .text.max30102_set_spo2_adc_range
                0x0000414c       0x68 .\CortexM3\ARM_GCC_541\Debug\driver_max30102.o
                0x0000414c                max30102_set_spo2_adc_range
 .text.max30102_set_spo2_sample_rate
                0x000041b4       0x68 .\CortexM3\ARM_GCC_541\Debug\driver_max30102.o
                0x000041b4                max30102_set_spo2_sample_rate
 .text.max30102_set_adc_resolution
                0x0000421c       0x64 .\CortexM3\ARM_GCC_541\Debug\driver_max30102.o
                0x0000421c                max30102_set_adc_resolution
 .text.max30102_set_led_red_pulse_amplitude
                0x00004280       0x40 .\CortexM3\ARM_GCC_541\Debug\driver_max30102.o
                0x00004280                max30102_set_led_red_pulse_amplitude
 .text.max30102_set_led_ir_pulse_amplitude
                0x000042c0       0x40 .\CortexM3\ARM_GCC_541\Debug\driver_max30102.o
                0x000042c0                max30102_set_led_ir_pulse_amplitude
 .text.max30102_set_slot
                0x00004300      0x150 .\CortexM3\ARM_GCC_541\Debug\driver_max30102.o
                0x00004300                max30102_set_slot
 .text.calc_temperature
                0x00004450       0x70 .\CortexM3\ARM_GCC_541\Debug\bme68x.o
 .text.calc_pressure
                0x000044c0       0xc4 .\CortexM3\ARM_GCC_541\Debug\bme68x.o
 .text.calc_humidity
                0x00004584       0xc4 .\CortexM3\ARM_GCC_541\Debug\bme68x.o
 .text.calc_gas_resistance_low
                0x00004648       0xac .\CortexM3\ARM_GCC_541\Debug\bme68x.o
 .text.calc_gas_resistance_high
                0x000046f4       0x28 .\CortexM3\ARM_GCC_541\Debug\bme68x.o
 .text.calc_res_heat
                0x0000471c       0xb0 .\CortexM3\ARM_GCC_541\Debug\bme68x.o
 .text.calc_gas_wait
                0x000047cc       0x24 .\CortexM3\ARM_GCC_541\Debug\bme68x.o
 .text.null_ptr_check
                0x000047f0       0x2c .\CortexM3\ARM_GCC_541\Debug\bme68x.o
 .text.set_mem_page
                0x0000481c       0x70 .\CortexM3\ARM_GCC_541\Debug\bme68x.o
 .text.get_mem_page
                0x0000488c       0x38 .\CortexM3\ARM_GCC_541\Debug\bme68x.o
 .text.boundary_check
                0x000048c4       0x34 .\CortexM3\ARM_GCC_541\Debug\bme68x.o
 .text.calc_heatr_dur_shared
                0x000048f8       0x44 .\CortexM3\ARM_GCC_541\Debug\bme68x.o
 .text.swap_fields
                0x0000493c       0x18 .\CortexM3\ARM_GCC_541\Debug\bme68x.o
 .text.sort_sensor_data
                0x00004954       0x44 .\CortexM3\ARM_GCC_541\Debug\bme68x.o
 .text.analyze_sensor_data
                0x00004998       0x8c .\CortexM3\ARM_GCC_541\Debug\bme68x.o
 .text.bme68x_set_regs
                0x00004a24       0xcc .\CortexM3\ARM_GCC_541\Debug\bme68x.o
                0x00004a24                bme68x_set_regs
 .text.set_conf
                0x00004af0      0x1a4 .\CortexM3\ARM_GCC_541\Debug\bme68x.o
 .text.bme68x_get_regs
                0x00004c94       0x58 .\CortexM3\ARM_GCC_541\Debug\bme68x.o
                0x00004c94                bme68x_get_regs
 .text.read_variant_id
                0x00004cec       0x28 .\CortexM3\ARM_GCC_541\Debug\bme68x.o
 .text.get_calib_data
                0x00004d14      0x154 .\CortexM3\ARM_GCC_541\Debug\bme68x.o
 .text.read_field_data
                0x00004e68      0x198 .\CortexM3\ARM_GCC_541\Debug\bme68x.o
 .text.read_all_field_data
                0x00005000      0x244 .\CortexM3\ARM_GCC_541\Debug\bme68x.o
 .text.bme68x_soft_reset
                0x00005244       0x58 .\CortexM3\ARM_GCC_541\Debug\bme68x.o
                0x00005244                bme68x_soft_reset
 .text.bme68x_init
                0x0000529c       0x3c .\CortexM3\ARM_GCC_541\Debug\bme68x.o
                0x0000529c                bme68x_init
 .text.bme68x_get_conf
                0x000052d8       0x58 .\CortexM3\ARM_GCC_541\Debug\bme68x.o
                0x000052d8                bme68x_get_conf
 .text.bme68x_set_op_mode
                0x00005330       0x80 .\CortexM3\ARM_GCC_541\Debug\bme68x.o
                0x00005330                bme68x_set_op_mode
 .text.bme68x_get_op_mode
                0x000053b0       0x2c .\CortexM3\ARM_GCC_541\Debug\bme68x.o
                0x000053b0                bme68x_get_op_mode
 .text.bme68x_set_conf
                0x000053dc      0x140 .\CortexM3\ARM_GCC_541\Debug\bme68x.o
                0x000053dc                bme68x_set_conf
 .text.bme68x_get_meas_dur
                0x0000551c       0x8c .\CortexM3\ARM_GCC_541\Debug\bme68x.o
                0x0000551c                bme68x_get_meas_dur
 .text.bme68x_get_data
                0x000055a8      0x14c .\CortexM3\ARM_GCC_541\Debug\bme68x.o
                0x000055a8                bme68x_get_data
 .text.bme68x_set_heatr_conf
                0x000056f4       0xb4 .\CortexM3\ARM_GCC_541\Debug\bme68x.o
                0x000056f4                bme68x_set_heatr_conf
 .text.bme68x_selftest_check
                0x000057a8      0x154 .\CortexM3\ARM_GCC_541\Debug\bme68x.o
                0x000057a8                bme68x_selftest_check
 .text.CyClockStartupError
                0x000058fc        0x4 .\CortexM3\ARM_GCC_541\Debug\cyfitter_cfg.o
 .text.cfg_write_bytes32
                0x00005900       0x34 .\CortexM3\ARM_GCC_541\Debug\cyfitter_cfg.o
 .text.AnalogSetDefault
                0x00005934       0x28 .\CortexM3\ARM_GCC_541\Debug\cyfitter_cfg.o
 .text.CYMEMZERO
                0x0000595c        0xc .\CortexM3\ARM_GCC_541\Debug\cyfitter_cfg.o
 .text.ClockSetup
                0x00005968       0xc4 .\CortexM3\ARM_GCC_541\Debug\cyfitter_cfg.o
 .text.CYCONFIGCPY
                0x00005a2c        0x8 .\CortexM3\ARM_GCC_541\Debug\cyfitter_cfg.o
 .text.cyfitter_cfg
                0x00005a34      0x124 .\CortexM3\ARM_GCC_541\Debug\cyfitter_cfg.o
                0x00005a34                cyfitter_cfg
 .text.IntDefaultHandler
                0x00005b58       0x10 .\CortexM3\ARM_GCC_541\Debug\Cm3Start.o
                0x00005b58                IntDefaultHandler
 .text._sbrk    0x00005b68       0x30 .\CortexM3\ARM_GCC_541\Debug\Cm3Start.o
                0x00005b68                _sbrk
 .text.Start_c  0x00005b98       0x4c .\CortexM3\ARM_GCC_541\Debug\Cm3Start.o
                0x00005b98                Start_c
 .text.initialize_psoc
                0x00005be4       0x68 .\CortexM3\ARM_GCC_541\Debug\Cm3Start.o
                0x00005be4                initialize_psoc
 .text          0x00005c4c       0x34 .\CortexM3\ARM_GCC_541\Debug\cpu_a.o
                0x00005c4c                CPU_IntDis
                0x00005c50                CPU_IntEn
                0x00005c54                CPU_SR_Save
                0x00005c5c                CPU_SR_Restore
                0x00005c62                CPU_WaitForInt
                0x00005c66                CPU_WaitForExcept
                0x00005c6a                CPU_CntLeadZeros
                0x00005c70                CPU_CntTrailZeros
                0x00005c7a                CPU_RevBits
 .text          0x00005c80       0x84 .\CortexM3\ARM_GCC_541\Debug\os_cpu_a.o
                0x00005c80                OSStartHighRdy
                0x00005ca0                OS_CPU_PendSVHandler
 .text.UART_1_Init
                0x00005d04       0x60 .\CortexM3\ARM_GCC_541\Debug\esw_uCOS3_cykit.a(UART_1.o)
                0x00005d04                UART_1_Init
 .text.UART_1_Enable
                0x00005d64       0x50 .\CortexM3\ARM_GCC_541\Debug\esw_uCOS3_cykit.a(UART_1.o)
                0x00005d64                UART_1_Enable
 .text.UART_1_Start
                0x00005db4       0x1c .\CortexM3\ARM_GCC_541\Debug\esw_uCOS3_cykit.a(UART_1.o)
                0x00005db4                UART_1_Start
 .text.UART_1_PutChar
                0x00005dd0       0x70 .\CortexM3\ARM_GCC_541\Debug\esw_uCOS3_cykit.a(UART_1.o)
                0x00005dd0                UART_1_PutChar
 .text.UART_1_PutString
                0x00005e40       0x24 .\CortexM3\ARM_GCC_541\Debug\esw_uCOS3_cykit.a(UART_1.o)
                0x00005e40                UART_1_PutString
 .text.UART_1_RXISR
                0x00005e64       0x98 .\CortexM3\ARM_GCC_541\Debug\esw_uCOS3_cykit.a(UART_1_INT.o)
                0x00005e64                UART_1_RXISR
 .text.UART_1_TXISR
                0x00005efc       0x58 .\CortexM3\ARM_GCC_541\Debug\esw_uCOS3_cykit.a(UART_1_INT.o)
                0x00005efc                UART_1_TXISR
 .text.Pin_1_SetDriveMode
                0x00005f54       0x18 .\CortexM3\ARM_GCC_541\Debug\esw_uCOS3_cykit.a(Pin_1.o)
                0x00005f54                Pin_1_SetDriveMode
 .text.UART_1_IntClock_Start
                0x00005f6c       0x1c .\CortexM3\ARM_GCC_541\Debug\esw_uCOS3_cykit.a(UART_1_IntClock.o)
                0x00005f6c                UART_1_IntClock_Start
 .text.CyHalt   0x00005f88        0x4 .\CortexM3\ARM_GCC_541\Debug\esw_uCOS3_cykit.a(CyLib.o)
                0x00005f88                CyHalt
 .text.CyDelayUs
                0x00005f8c       0x14 .\CortexM3\ARM_GCC_541\Debug\esw_uCOS3_cykit.a(CyLib.o)
                0x00005f8c                CyDelayUs
 .text.CyIntSetVector
                0x00005fa0       0x28 .\CortexM3\ARM_GCC_541\Debug\esw_uCOS3_cykit.a(CyLib.o)
                0x00005fa0                CyIntSetVector
 .text.CyIntSetPriority
                0x00005fc8       0x30 .\CortexM3\ARM_GCC_541\Debug\esw_uCOS3_cykit.a(CyLib.o)
                0x00005fc8                CyIntSetPriority
 .text.Pin_2_SetDriveMode
                0x00005ff8       0x24 .\CortexM3\ARM_GCC_541\Debug\esw_uCOS3_cykit.a(Pin_2.o)
                0x00005ff8                Pin_2_SetDriveMode
 .text.push_button_Write
                0x0000601c       0x18 .\CortexM3\ARM_GCC_541\Debug\esw_uCOS3_cykit.a(push_button.o)
                0x0000601c                push_button_Write
 .text.push_button_SetDriveMode
                0x00006034       0x18 .\CortexM3\ARM_GCC_541\Debug\esw_uCOS3_cykit.a(push_button.o)
                0x00006034                push_button_SetDriveMode
 .text.push_button_Read
                0x0000604c       0x10 .\CortexM3\ARM_GCC_541\Debug\esw_uCOS3_cykit.a(push_button.o)
                0x0000604c                push_button_Read
 .text.I2C_1_Init
                0x0000605c       0x68 .\CortexM3\ARM_GCC_541\Debug\esw_uCOS3_cykit.a(I2C_1.o)
                0x0000605c                I2C_1_Init
 .text.I2C_1_Enable
                0x000060c4       0x24 .\CortexM3\ARM_GCC_541\Debug\esw_uCOS3_cykit.a(I2C_1.o)
                0x000060c4                I2C_1_Enable
 .text.I2C_1_Start
                0x000060e8       0x28 .\CortexM3\ARM_GCC_541\Debug\esw_uCOS3_cykit.a(I2C_1.o)
                0x000060e8                I2C_1_Start
 .text.I2C_1_ISR
                0x00006110      0x2d0 .\CortexM3\ARM_GCC_541\Debug\esw_uCOS3_cykit.a(I2C_1_INT.o)
                0x00006110                I2C_1_ISR
 .text.I2C_1_MasterSendStart
                0x000063e0       0x80 .\CortexM3\ARM_GCC_541\Debug\esw_uCOS3_cykit.a(I2C_1_MASTER.o)
                0x000063e0                I2C_1_MasterSendStart
 .text.I2C_1_MasterSendRestart
                0x00006460       0x6c .\CortexM3\ARM_GCC_541\Debug\esw_uCOS3_cykit.a(I2C_1_MASTER.o)
                0x00006460                I2C_1_MasterSendRestart
 .text.I2C_1_MasterSendStop
                0x000064cc       0x38 .\CortexM3\ARM_GCC_541\Debug\esw_uCOS3_cykit.a(I2C_1_MASTER.o)
                0x000064cc                I2C_1_MasterSendStop
 .text.I2C_1_MasterWriteByte
                0x00006504       0x58 .\CortexM3\ARM_GCC_541\Debug\esw_uCOS3_cykit.a(I2C_1_MASTER.o)
                0x00006504                I2C_1_MasterWriteByte
 .text.I2C_1_MasterReadByte
                0x0000655c       0x58 .\CortexM3\ARM_GCC_541\Debug\esw_uCOS3_cykit.a(I2C_1_MASTER.o)
                0x0000655c                I2C_1_MasterReadByte
 .text.Timer_1_Enable
                0x000065b4       0x28 .\CortexM3\ARM_GCC_541\Debug\esw_uCOS3_cykit.a(Timer_1.o)
                0x000065b4                Timer_1_Enable
 .text.Timer_1_SetInterruptMode
                0x000065dc        0xc .\CortexM3\ARM_GCC_541\Debug\esw_uCOS3_cykit.a(Timer_1.o)
                0x000065dc                Timer_1_SetInterruptMode
 .text.Timer_1_WritePeriod
                0x000065e8        0xc .\CortexM3\ARM_GCC_541\Debug\esw_uCOS3_cykit.a(Timer_1.o)
                0x000065e8                Timer_1_WritePeriod
 .text.Timer_1_WriteCounter
                0x000065f4        0xc .\CortexM3\ARM_GCC_541\Debug\esw_uCOS3_cykit.a(Timer_1.o)
                0x000065f4                Timer_1_WriteCounter
 .text.Timer_1_Init
                0x00006600       0x68 .\CortexM3\ARM_GCC_541\Debug\esw_uCOS3_cykit.a(Timer_1.o)
                0x00006600                Timer_1_Init
 .text.Timer_1_Start
                0x00006668       0x1c .\CortexM3\ARM_GCC_541\Debug\esw_uCOS3_cykit.a(Timer_1.o)
                0x00006668                Timer_1_Start
 .text.Timer_ISR_SetVector
                0x00006684        0xc .\CortexM3\ARM_GCC_541\Debug\esw_uCOS3_cykit.a(Timer_ISR.o)
                0x00006684                Timer_ISR_SetVector
 .text.Timer_ISR_SetPriority
                0x00006690       0x10 .\CortexM3\ARM_GCC_541\Debug\esw_uCOS3_cykit.a(Timer_ISR.o)
                0x00006690                Timer_ISR_SetPriority
 .text.Timer_ISR_Enable
                0x000066a0        0xc .\CortexM3\ARM_GCC_541\Debug\esw_uCOS3_cykit.a(Timer_ISR.o)
                0x000066a0                Timer_ISR_Enable
 .text.Timer_ISR_Disable
                0x000066ac        0xc .\CortexM3\ARM_GCC_541\Debug\esw_uCOS3_cykit.a(Timer_ISR.o)
                0x000066ac                Timer_ISR_Disable
 .text.Timer_ISR_StartEx
                0x000066b8       0x1c .\CortexM3\ARM_GCC_541\Debug\esw_uCOS3_cykit.a(Timer_ISR.o)
                0x000066b8                Timer_ISR_StartEx
 .text.PWM_Heartbeat_Enable
                0x000066d4       0x10 .\CortexM3\ARM_GCC_541\Debug\esw_uCOS3_cykit.a(PWM_Heartbeat.o)
                0x000066d4                PWM_Heartbeat_Enable
 .text.PWM_Heartbeat_WriteCounter
                0x000066e4        0xc .\CortexM3\ARM_GCC_541\Debug\esw_uCOS3_cykit.a(PWM_Heartbeat.o)
                0x000066e4                PWM_Heartbeat_WriteCounter
 .text.PWM_Heartbeat_WritePeriod
                0x000066f0        0xc .\CortexM3\ARM_GCC_541\Debug\esw_uCOS3_cykit.a(PWM_Heartbeat.o)
                0x000066f0                PWM_Heartbeat_WritePeriod
 .text.PWM_Heartbeat_WriteCompare
                0x000066fc        0xc .\CortexM3\ARM_GCC_541\Debug\esw_uCOS3_cykit.a(PWM_Heartbeat.o)
                0x000066fc                PWM_Heartbeat_WriteCompare
 .text.PWM_Heartbeat_SetInterruptMode
                0x00006708        0xc .\CortexM3\ARM_GCC_541\Debug\esw_uCOS3_cykit.a(PWM_Heartbeat.o)
                0x00006708                PWM_Heartbeat_SetInterruptMode
 .text.PWM_Heartbeat_ReadStatusRegister
                0x00006714        0xc .\CortexM3\ARM_GCC_541\Debug\esw_uCOS3_cykit.a(PWM_Heartbeat.o)
                0x00006714                PWM_Heartbeat_ReadStatusRegister
 .text.PWM_Heartbeat_ReadCapture
                0x00006720        0xc .\CortexM3\ARM_GCC_541\Debug\esw_uCOS3_cykit.a(PWM_Heartbeat.o)
                0x00006720                PWM_Heartbeat_ReadCapture
 .text.PWM_Heartbeat_ClearFIFO
                0x0000672c       0x14 .\CortexM3\ARM_GCC_541\Debug\esw_uCOS3_cykit.a(PWM_Heartbeat.o)
                0x0000672c                PWM_Heartbeat_ClearFIFO
 .text.PWM_Heartbeat_Init
                0x00006740       0x50 .\CortexM3\ARM_GCC_541\Debug\esw_uCOS3_cykit.a(PWM_Heartbeat.o)
                0x00006740                PWM_Heartbeat_Init
 .text.PWM_Heartbeat_Start
                0x00006790       0x1c .\CortexM3\ARM_GCC_541\Debug\esw_uCOS3_cykit.a(PWM_Heartbeat.o)
                0x00006790                PWM_Heartbeat_Start
 .text.PWM_Environment_Enable
                0x000067ac       0x10 .\CortexM3\ARM_GCC_541\Debug\esw_uCOS3_cykit.a(PWM_Environment.o)
                0x000067ac                PWM_Environment_Enable
 .text.PWM_Environment_WriteCounter
                0x000067bc        0xc .\CortexM3\ARM_GCC_541\Debug\esw_uCOS3_cykit.a(PWM_Environment.o)
                0x000067bc                PWM_Environment_WriteCounter
 .text.PWM_Environment_WritePeriod
                0x000067c8        0xc .\CortexM3\ARM_GCC_541\Debug\esw_uCOS3_cykit.a(PWM_Environment.o)
                0x000067c8                PWM_Environment_WritePeriod
 .text.PWM_Environment_WriteCompare
                0x000067d4        0xc .\CortexM3\ARM_GCC_541\Debug\esw_uCOS3_cykit.a(PWM_Environment.o)
                0x000067d4                PWM_Environment_WriteCompare
 .text.PWM_Environment_SetInterruptMode
                0x000067e0        0xc .\CortexM3\ARM_GCC_541\Debug\esw_uCOS3_cykit.a(PWM_Environment.o)
                0x000067e0                PWM_Environment_SetInterruptMode
 .text.PWM_Environment_ReadStatusRegister
                0x000067ec        0xc .\CortexM3\ARM_GCC_541\Debug\esw_uCOS3_cykit.a(PWM_Environment.o)
                0x000067ec                PWM_Environment_ReadStatusRegister
 .text.PWM_Environment_ReadCapture
                0x000067f8        0xc .\CortexM3\ARM_GCC_541\Debug\esw_uCOS3_cykit.a(PWM_Environment.o)
                0x000067f8                PWM_Environment_ReadCapture
 .text.PWM_Environment_ClearFIFO
                0x00006804       0x14 .\CortexM3\ARM_GCC_541\Debug\esw_uCOS3_cykit.a(PWM_Environment.o)
                0x00006804                PWM_Environment_ClearFIFO
 .text.PWM_Environment_Init
                0x00006818       0x50 .\CortexM3\ARM_GCC_541\Debug\esw_uCOS3_cykit.a(PWM_Environment.o)
                0x00006818                PWM_Environment_Init
 .text.PWM_Environment_Start
                0x00006868       0x1c .\CortexM3\ARM_GCC_541\Debug\esw_uCOS3_cykit.a(PWM_Environment.o)
                0x00006868                PWM_Environment_Start
 *fill*         0x00006884        0x4 
 .text          0x00006888       0x20 .\CortexM3\ARM_GCC_541\Debug\esw_uCOS3_cykit.a(CyBootAsmGnu.o)
                0x00006888                CyDelayCycles
                0x00006898                CyEnterCriticalSection
                0x000068a0                CyExitCriticalSection
 .text          0x000068a8       0xa0 c:/program files (x86)/cypress/psoc creator/4.4/psoc creator/import/gnu/arm/5.4.1/bin/../lib/gcc/arm-none-eabi/5.4.1/armv7-m\libgcc.a(_aeabi_ldivmod.o)
                0x000068a8                __aeabi_ldivmod
 .text          0x00006948      0x2ec c:/program files (x86)/cypress/psoc creator/4.4/psoc creator/import/gnu/arm/5.4.1/bin/../lib/gcc/arm-none-eabi/5.4.1/armv7-m\libgcc.a(_udivmoddi4.o)
                0x00006948                __udivmoddi4
 .text          0x00006c34        0x4 c:/program files (x86)/cypress/psoc creator/4.4/psoc creator/import/gnu/arm/5.4.1/bin/../lib/gcc/arm-none-eabi/5.4.1/armv7-m\libgcc.a(_dvmd_tls.o)
                0x00006c34                __aeabi_idiv0
                0x00006c34                __aeabi_ldiv0
 .text.__errno  0x00006c38        0xc c:/program files (x86)/cypress/psoc creator/4.4/psoc creator/import/gnu/arm/5.4.1/bin/../lib/gcc/arm-none-eabi/5.4.1/../../../../arm-none-eabi/lib/armv7-m\libg_nano.a(lib_a-errno.o)
                0x00006c38                __errno
 .text.__libc_init_array
                0x00006c44       0x4c c:/program files (x86)/cypress/psoc creator/4.4/psoc creator/import/gnu/arm/5.4.1/bin/../lib/gcc/arm-none-eabi/5.4.1/../../../../arm-none-eabi/lib/armv7-m\libg_nano.a(lib_a-init.o)
                0x00006c44                __libc_init_array
 .text.memcmp   0x00006c90       0x1e c:/program files (x86)/cypress/psoc creator/4.4/psoc creator/import/gnu/arm/5.4.1/bin/../lib/gcc/arm-none-eabi/5.4.1/../../../../arm-none-eabi/lib/armv7-m\libg_nano.a(lib_a-memcmp.o)
                0x00006c90                memcmp
 .text.memcpy   0x00006cae       0x16 c:/program files (x86)/cypress/psoc creator/4.4/psoc creator/import/gnu/arm/5.4.1/bin/../lib/gcc/arm-none-eabi/5.4.1/../../../../arm-none-eabi/lib/armv7-m\libg_nano.a(lib_a-memcpy-stub.o)
                0x00006cae                memcpy
 .text.memset   0x00006cc4       0x10 c:/program files (x86)/cypress/psoc creator/4.4/psoc creator/import/gnu/arm/5.4.1/bin/../lib/gcc/arm-none-eabi/5.4.1/../../../../arm-none-eabi/lib/armv7-m\libg_nano.a(lib_a-memset.o)
                0x00006cc4                memset
 .text.snprintf
                0x00006cd4       0x64 c:/program files (x86)/cypress/psoc creator/4.4/psoc creator/import/gnu/arm/5.4.1/bin/../lib/gcc/arm-none-eabi/5.4.1/../../../../arm-none-eabi/lib/armv7-m\libg_nano.a(lib_a-snprintf.o)
                0x00006cd4                sniprintf
                0x00006cd4                snprintf
 .text.strncpy  0x00006d38       0x26 c:/program files (x86)/cypress/psoc creator/4.4/psoc creator/import/gnu/arm/5.4.1/bin/../lib/gcc/arm-none-eabi/5.4.1/../../../../arm-none-eabi/lib/armv7-m\libg_nano.a(lib_a-strncpy.o)
                0x00006d38                strncpy
 .text._vsnprintf_r
                0x00006d5e       0x56 c:/program files (x86)/cypress/psoc creator/4.4/psoc creator/import/gnu/arm/5.4.1/bin/../lib/gcc/arm-none-eabi/5.4.1/../../../../arm-none-eabi/lib/armv7-m\libg_nano.a(lib_a-vsnprintf.o)
                0x00006d5e                _vsniprintf_r
                0x00006d5e                _vsnprintf_r
 .text.vsnprintf
                0x00006db4       0x1c c:/program files (x86)/cypress/psoc creator/4.4/psoc creator/import/gnu/arm/5.4.1/bin/../lib/gcc/arm-none-eabi/5.4.1/../../../../arm-none-eabi/lib/armv7-m\libg_nano.a(lib_a-vsnprintf.o)
                0x00006db4                vsniprintf
                0x00006db4                vsnprintf
 .text.__ssputs_r
                0x00006dd0       0xb2 c:/program files (x86)/cypress/psoc creator/4.4/psoc creator/import/gnu/arm/5.4.1/bin/../lib/gcc/arm-none-eabi/5.4.1/../../../../arm-none-eabi/lib/armv7-m\libg_nano.a(lib_a-nano-svfprintf.o)
                0x00006dd0                __ssputs_r
 *fill*         0x00006e82        0x2 
 .text._svfprintf_r
                0x00006e84      0x1e8 c:/program files (x86)/cypress/psoc creator/4.4/psoc creator/import/gnu/arm/5.4.1/bin/../lib/gcc/arm-none-eabi/5.4.1/../../../../arm-none-eabi/lib/armv7-m\libg_nano.a(lib_a-nano-svfprintf.o)
                0x00006e84                _svfiprintf_r
                0x00006e84                _svfprintf_r
 .text._printf_common
                0x0000706c       0xec c:/program files (x86)/cypress/psoc creator/4.4/psoc creator/import/gnu/arm/5.4.1/bin/../lib/gcc/arm-none-eabi/5.4.1/../../../../arm-none-eabi/lib/armv7-m\libg_nano.a(lib_a-nano-vfprintf_i.o)
                0x0000706c                _printf_common
 .text._printf_i
                0x00007158      0x24c c:/program files (x86)/cypress/psoc creator/4.4/psoc creator/import/gnu/arm/5.4.1/bin/../lib/gcc/arm-none-eabi/5.4.1/../../../../arm-none-eabi/lib/armv7-m\libg_nano.a(lib_a-nano-vfprintf_i.o)
                0x00007158                _printf_i
 .text.memchr   0x000073a4       0x1c c:/program files (x86)/cypress/psoc creator/4.4/psoc creator/import/gnu/arm/5.4.1/bin/../lib/gcc/arm-none-eabi/5.4.1/../../../../arm-none-eabi/lib/armv7-m\libg_nano.a(lib_a-memchr-stub.o)
                0x000073a4                memchr
 .text.memmove  0x000073c0       0x36 c:/program files (x86)/cypress/psoc creator/4.4/psoc creator/import/gnu/arm/5.4.1/bin/../lib/gcc/arm-none-eabi/5.4.1/../../../../arm-none-eabi/lib/armv7-m\libg_nano.a(lib_a-memmove.o)
                0x000073c0                memmove
 *fill*         0x000073f6        0x2 
 .text._free_r  0x000073f8       0x98 c:/program files (x86)/cypress/psoc creator/4.4/psoc creator/import/gnu/arm/5.4.1/bin/../lib/gcc/arm-none-eabi/5.4.1/../../../../arm-none-eabi/lib/armv7-m\libg_nano.a(lib_a-nano-freer.o)
                0x000073f8                _free_r
 .text._malloc_r
                0x00007490       0xbc c:/program files (x86)/cypress/psoc creator/4.4/psoc creator/import/gnu/arm/5.4.1/bin/../lib/gcc/arm-none-eabi/5.4.1/../../../../arm-none-eabi/lib/armv7-m\libg_nano.a(lib_a-nano-mallocr.o)
                0x00007490                _malloc_r
 .text._realloc_r
                0x0000754c       0x4c c:/program files (x86)/cypress/psoc creator/4.4/psoc creator/import/gnu/arm/5.4.1/bin/../lib/gcc/arm-none-eabi/5.4.1/../../../../arm-none-eabi/lib/armv7-m\libg_nano.a(lib_a-nano-reallocr.o)
                0x0000754c                _realloc_r
 .text._sbrk_r  0x00007598       0x20 c:/program files (x86)/cypress/psoc creator/4.4/psoc creator/import/gnu/arm/5.4.1/bin/../lib/gcc/arm-none-eabi/5.4.1/../../../../arm-none-eabi/lib/armv7-m\libg_nano.a(lib_a-sbrkr.o)
                0x00007598                _sbrk_r
 .text.__malloc_lock
                0x000075b8        0x2 c:/program files (x86)/cypress/psoc creator/4.4/psoc creator/import/gnu/arm/5.4.1/bin/../lib/gcc/arm-none-eabi/5.4.1/../../../../arm-none-eabi/lib/armv7-m\libg_nano.a(lib_a-mlock.o)
                0x000075b8                __malloc_lock
 .text.__malloc_unlock
                0x000075ba        0x2 c:/program files (x86)/cypress/psoc creator/4.4/psoc creator/import/gnu/arm/5.4.1/bin/../lib/gcc/arm-none-eabi/5.4.1/../../../../arm-none-eabi/lib/armv7-m\libg_nano.a(lib_a-mlock.o)
                0x000075ba                __malloc_unlock
 .text._malloc_usable_size_r
                0x000075bc       0x14 c:/program files (x86)/cypress/psoc creator/4.4/psoc creator/import/gnu/arm/5.4.1/bin/../lib/gcc/arm-none-eabi/5.4.1/../../../../arm-none-eabi/lib/armv7-m\libg_nano.a(lib_a-nano-msizer.o)
                0x000075bc                _malloc_usable_size_r
 *(.plt)
 *(.gnu.warning)
 *(.glue_7t)
 .glue_7t       0x000075d0        0x0 linker stubs
 *(.glue_7)
 .glue_7        0x000075d0        0x0 linker stubs
 *(.vfp11_veneer)
 .vfp11_veneer  0x000075d0        0x0 linker stubs
 *(.bootloader)
 *(.ARM.extab* .gnu.linkonce.armextab.*)
 *(.gcc_except_table)

.v4_bx          0x000075d0        0x0
 .v4_bx         0x000075d0        0x0 linker stubs

.iplt           0x000075d0        0x0
 .iplt          0x000075d0        0x0 c:/program files (x86)/cypress/psoc creator/4.4/psoc creator/import/gnu/arm/5.4.1/bin/../lib/gcc/arm-none-eabi/5.4.1/armv7-m/crtbegin.o

.eh_frame_hdr
 *(.eh_frame_hdr)

.eh_frame       0x000075d0        0x4
 *(.eh_frame)
 .eh_frame      0x000075d0        0x0 c:/program files (x86)/cypress/psoc creator/4.4/psoc creator/import/gnu/arm/5.4.1/bin/../lib/gcc/arm-none-eabi/5.4.1/armv7-m/crtbegin.o
 .eh_frame      0x000075d0        0x4 c:/program files (x86)/cypress/psoc creator/4.4/psoc creator/import/gnu/arm/5.4.1/bin/../lib/gcc/arm-none-eabi/5.4.1/armv7-m/crtend.o
                [!provide]                PROVIDE (__exidx_start, .)

.ARM.exidx      0x000075d4        0x8
 *(.ARM.exidx* .gnu.linkonce.armexidx.*)
 .ARM.exidx     0x000075d4        0x8 c:/program files (x86)/cypress/psoc creator/4.4/psoc creator/import/gnu/arm/5.4.1/bin/../lib/gcc/arm-none-eabi/5.4.1/armv7-m\libgcc.a(_udivmoddi4.o)
                0x000075dc                __exidx_end = .

.rodata         0x000075dc     0x1b3c
 *(.rodata .rodata.* .gnu.linkonce.r.*)
 .rodata.str1.4
                0x000075dc       0x8e .\CortexM3\ARM_GCC_541\Debug\app.o
 *fill*         0x0000766a        0x2 
 .rodata.str1.4
                0x0000766c      0x21b .\CortexM3\ARM_GCC_541\Debug\log_task.o
                                0x21f (size before relaxing)
 *fill*         0x00007887        0x1 
 .rodata        0x00007888       0x64 .\CortexM3\ARM_GCC_541\Debug\heartbeatSensor.o
 .rodata.str1.4
                0x000078ec      0x2f1 .\CortexM3\ARM_GCC_541\Debug\heartbeatSensor.o
 *fill*         0x00007bdd        0x3 
 .rodata.str1.4
                0x00007be0      0x344 .\CortexM3\ARM_GCC_541\Debug\environmentSensor.o
                                0x394 (size before relaxing)
 .rodata.str1.4
                0x00007f24       0xf0 .\CortexM3\ARM_GCC_541\Debug\gpio_tasks.o
 .rodata.str1.4
                0x00008014      0x116 .\CortexM3\ARM_GCC_541\Debug\bsp_i2c.o
 *fill*         0x0000812a        0x2 
 .rodata.str1.4
                0x0000812c        0x6 .\CortexM3\ARM_GCC_541\Debug\os_q.o
 *fill*         0x00008132        0x2 
 .rodata.str1.4
                0x00008134        0x5 .\CortexM3\ARM_GCC_541\Debug\os_sem.o
                                  0xa (size before relaxing)
 *fill*         0x00008139        0x3 
 .rodata.str1.4
                0x0000813c       0x14 .\CortexM3\ARM_GCC_541\Debug\os_stat.o
 .rodata.str1.4
                0x00008150        0x6 .\CortexM3\ARM_GCC_541\Debug\os_task.o
                                  0xa (size before relaxing)
 *fill*         0x00008156        0x2 
 .rodata.str1.4
                0x00008158       0x14 .\CortexM3\ARM_GCC_541\Debug\os_tick.o
 .rodata.str1.4
                0x0000816c       0x1d .\CortexM3\ARM_GCC_541\Debug\os_tmr.o
 *fill*         0x00008189        0x3 
 .rodata        0x0000818c       0xa4 .\CortexM3\ARM_GCC_541\Debug\os_cfg_app.o
                0x0000818c                OSCfg_DataSizeRAM
                0x00008190                OSCfg_TmrWheelSizeRAM
                0x00008194                OSCfg_TmrWheelSize
                0x00008198                OSCfg_TmrTaskStkSizeRAM
                0x0000819c                OSCfg_TmrTaskStkSize
                0x000081a0                OSCfg_TmrTaskStkLimit
                0x000081a4                OSCfg_TmrTaskStkBasePtr
                0x000081a8                OSCfg_TmrTaskRate_Hz
                0x000081ac                OSCfg_TmrTaskPrio
                0x000081b0                OSCfg_TickWheelSizeRAM
                0x000081b4                OSCfg_TickWheelSize
                0x000081b8                OSCfg_TickTaskStkSizeRAM
                0x000081bc                OSCfg_TickTaskStkSize
                0x000081c0                OSCfg_TickTaskStkLimit
                0x000081c4                OSCfg_TickTaskStkBasePtr
                0x000081c8                OSCfg_TickTaskPrio
                0x000081cc                OSCfg_TickRate_Hz
                0x000081d0                OSCfg_StkSizeMin
                0x000081d4                OSCfg_StatTaskStkSizeRAM
                0x000081d8                OSCfg_StatTaskStkSize
                0x000081dc                OSCfg_StatTaskStkLimit
                0x000081e0                OSCfg_StatTaskStkBasePtr
                0x000081e4                OSCfg_StatTaskRate_Hz
                0x000081e8                OSCfg_StatTaskPrio
                0x000081ec                OSCfg_MsgPoolBasePtr
                0x000081f0                OSCfg_MsgPoolSizeRAM
                0x000081f4                OSCfg_MsgPoolSize
                0x000081f8                OSCfg_ISRStkSizeRAM
                0x000081fc                OSCfg_ISRStkSize
                0x00008200                OSCfg_ISRStkBasePtr
                0x00008204                OSCfg_IntQTaskStkSizeRAM
                0x00008208                OSCfg_IntQTaskStkSize
                0x0000820c                OSCfg_IntQTaskStkLimit
                0x00008210                OSCfg_IntQTaskStkBasePtr
                0x00008214                OSCfg_IntQSizeRAM
                0x00008218                OSCfg_IntQSize
                0x0000821c                OSCfg_IntQBasePtr
                0x00008220                OSCfg_IdleTaskStkSizeRAM
                0x00008224                OSCfg_IdleTaskStkSize
                0x00008228                OSCfg_IdleTaskStkLimit
                0x0000822c                OSCfg_IdleTaskStkBasePtr
 .rodata.str1.4
                0x00008230       0x25 .\CortexM3\ARM_GCC_541\Debug\os_core.o
                                 0x2a (size before relaxing)
 *fill*         0x00008255        0x3 
 .rodata.str1.4
                0x00008258      0x394 .\CortexM3\ARM_GCC_541\Debug\max30102_interface.o
 .rodata.str1.4
                0x000085ec      0x9d8 .\CortexM3\ARM_GCC_541\Debug\driver_max30102.o
 .rodata        0x00008fc4       0x92 .\CortexM3\ARM_GCC_541\Debug\bme68x.o
 *fill*         0x00009056        0x2 
 .rodata        0x00009058       0x50 .\CortexM3\ARM_GCC_541\Debug\cyfitter_cfg.o
 .rodata.str1.1
                0x000090a8        0x2 c:/program files (x86)/cypress/psoc creator/4.4/psoc creator/import/gnu/arm/5.4.1/bin/../lib/gcc/arm-none-eabi/5.4.1/../../../../arm-none-eabi/lib/armv7-m\libg_nano.a(lib_a-impure.o)
 .rodata.str1.1
                0x000090aa       0x11 c:/program files (x86)/cypress/psoc creator/4.4/psoc creator/import/gnu/arm/5.4.1/bin/../lib/gcc/arm-none-eabi/5.4.1/../../../../arm-none-eabi/lib/armv7-m\libg_nano.a(lib_a-nano-svfprintf.o)
 .rodata.str1.1
                0x000090bb       0x22 c:/program files (x86)/cypress/psoc creator/4.4/psoc creator/import/gnu/arm/5.4.1/bin/../lib/gcc/arm-none-eabi/5.4.1/../../../../arm-none-eabi/lib/armv7-m\libg_nano.a(lib_a-nano-vfprintf_i.o)
                0x000090e0                . = ALIGN (0x4)
 *fill*         0x000090dd        0x3 
 *(.init)
 .init          0x000090e0        0x4 c:/program files (x86)/cypress/psoc creator/4.4/psoc creator/import/gnu/arm/5.4.1/bin/../lib/gcc/arm-none-eabi/5.4.1/armv7-m/crti.o
                0x000090e0                _init
 .init          0x000090e4        0x8 c:/program files (x86)/cypress/psoc creator/4.4/psoc creator/import/gnu/arm/5.4.1/bin/../lib/gcc/arm-none-eabi/5.4.1/armv7-m/crtn.o
                0x000090ec                . = ALIGN (0x4)
                0x000090ec                __preinit_array_start = .
 *(.preinit_array)
                0x000090ec                __preinit_array_end = .
                0x000090ec                . = ALIGN (0x4)
                0x000090ec                __init_array_start = .
 *(SORT(.init_array.*))
 *(.init_array)
 .init_array    0x000090ec        0x4 c:/program files (x86)/cypress/psoc creator/4.4/psoc creator/import/gnu/arm/5.4.1/bin/../lib/gcc/arm-none-eabi/5.4.1/armv7-m/crtbegin.o
 .init_array    0x000090f0        0x4 .\CortexM3\ARM_GCC_541\Debug\Cm3Start.o
                0x000090f4                __init_array_end = .
                0x000090f4                . = ALIGN (0x4)
 *(.fini)
 .fini          0x000090f4        0x4 c:/program files (x86)/cypress/psoc creator/4.4/psoc creator/import/gnu/arm/5.4.1/bin/../lib/gcc/arm-none-eabi/5.4.1/armv7-m/crti.o
                0x000090f4                _fini
 .fini          0x000090f8        0x8 c:/program files (x86)/cypress/psoc creator/4.4/psoc creator/import/gnu/arm/5.4.1/bin/../lib/gcc/arm-none-eabi/5.4.1/armv7-m/crtn.o
                0x00009100                . = ALIGN (0x4)
                0x00009100                __fini_array_start = .
 *(.fini_array)
 .fini_array    0x00009100        0x4 c:/program files (x86)/cypress/psoc creator/4.4/psoc creator/import/gnu/arm/5.4.1/bin/../lib/gcc/arm-none-eabi/5.4.1/armv7-m/crtbegin.o
 *(SORT(.fini_array.*))
                0x00009104                __fini_array_end = .
                0x00009104                . = ALIGN (0x4)
 *crtbegin.o(.ctors)
 *(EXCLUDE_FILE(*crtend.o) .ctors)
 *(SORT(.ctors.*))
 *crtend.o(.ctors)
                0x00009104                . = ALIGN (0x4)
 *crtbegin.o(.dtors)
 *(EXCLUDE_FILE(*crtend.o) .dtors)
 *(SORT(.dtors.*))
 *crtend.o(.dtors)
                0x00009104                . = ALIGN (0x4)
                0x00009104                __cy_regions = .
                0x00009104        0x4 LONG 0x9118 __cy_region_init_ram
                0x00009108        0x4 LONG 0x1fff80c8 __cy_region_start_data
                0x0000910c        0x4 LONG 0x88 __cy_region_init_size_ram
                0x00009110        0x4 LONG 0x51f8 __cy_region_zero_size_ram
                0x00009114                __cy_regions_end = .
                0x00009118                . = ALIGN (0x8)
 *fill*         0x00009114        0x4 
                0x00009118                _etext = .

.cy_checksum_exclude
                0x00009118        0x0
 *(.cy_checksum_exclude)

.ramvectors     0x1fff8000       0xc0
                0x1fff8000                __cy_region_start_ram = .
 *(.ramvectors)
 .ramvectors    0x1fff8000       0xc0 .\CortexM3\ARM_GCC_541\Debug\Cm3Start.o
                0x1fff8000                CyRamVectors

.noinit         0x1fff80c0        0x1
 *(.noinit)
 .noinit        0x1fff80c0        0x1 .\CortexM3\ARM_GCC_541\Debug\esw_uCOS3_cykit.a(CyLib.o)
                0x1fff80c0                CyResetStatus

.data           0x1fff80c8       0x88 load address 0x00009118
                0x1fff80c8                __cy_region_start_data = .
 *(.jcr)
 .jcr           0x1fff80c8        0x0 c:/program files (x86)/cypress/psoc creator/4.4/psoc creator/import/gnu/arm/5.4.1/bin/../lib/gcc/arm-none-eabi/5.4.1/armv7-m/crtbegin.o
 .jcr           0x1fff80c8        0x4 c:/program files (x86)/cypress/psoc creator/4.4/psoc creator/import/gnu/arm/5.4.1/bin/../lib/gcc/arm-none-eabi/5.4.1/armv7-m/crtend.o
 *(.got.plt)
 *(.got)
 *(.shdata)
 *(.data .data.* .gnu.linkonce.d.*)
 .data          0x1fff80cc        0x8 .\CortexM3\ARM_GCC_541\Debug\heartbeatSensor.o
                0x1fff80d0                spO2
 .data          0x1fff80d4        0x4 .\CortexM3\ARM_GCC_541\Debug\Cm3Start.o
 .data          0x1fff80d8       0x10 .\CortexM3\ARM_GCC_541\Debug\esw_uCOS3_cykit.a(CyLib.o)
                0x1fff80d8                cydelay_32k_ms
                0x1fff80dc                cydelay_freq_khz
                0x1fff80e0                cydelay_freq_mhz
                0x1fff80e4                cydelay_freq_hz
 .data.impure_data
                0x1fff80e8       0x60 c:/program files (x86)/cypress/psoc creator/4.4/psoc creator/import/gnu/arm/5.4.1/bin/../lib/gcc/arm-none-eabi/5.4.1/../../../../arm-none-eabi/lib/armv7-m\libg_nano.a(lib_a-impure.o)
 .data._impure_ptr
                0x1fff8148        0x4 c:/program files (x86)/cypress/psoc creator/4.4/psoc creator/import/gnu/arm/5.4.1/bin/../lib/gcc/arm-none-eabi/5.4.1/../../../../arm-none-eabi/lib/armv7-m\libg_nano.a(lib_a-impure.o)
                0x1fff8148                _impure_ptr
                0x1fff8150                . = ALIGN (0x8)
 *fill*         0x1fff814c        0x4 
 *(.ram)
                0x1fff8150                _edata = .

.igot.plt       0x1fff8150        0x0 load address 0x000091a0
 .igot.plt      0x1fff8150        0x0 c:/program files (x86)/cypress/psoc creator/4.4/psoc creator/import/gnu/arm/5.4.1/bin/../lib/gcc/arm-none-eabi/5.4.1/armv7-m/crtbegin.o

.bss            0x1fff8150     0x51f8 load address 0x000091a0
                0x1fff8150                PROVIDE (__bss_start__, .)
 *(.shbss)
 *(.bss .bss.* .gnu.linkonce.b.*)
 .bss           0x1fff8150       0x1c c:/program files (x86)/cypress/psoc creator/4.4/psoc creator/import/gnu/arm/5.4.1/bin/../lib/gcc/arm-none-eabi/5.4.1/armv7-m/crtbegin.o
 .bss           0x1fff816c      0x4c0 .\CortexM3\ARM_GCC_541\Debug\app.o
 .bss           0x1fff862c       0xdc .\CortexM3\ARM_GCC_541\Debug\heartbeatSensor.o
                0x1fff8630                IR_AC_Signal_Current
                0x1fff8634                IR_AC_Signal_Previous
                0x1fff8638                last_peak_timestamp
                0x1fff863c                cycle_started
                0x1fff8640                IR_AC_Min
                0x1fff8644                heart_rate_index
                0x1fff8648                heart_rate_history
                0x1fff8684                heart_rate_sum
                0x1fff8688                IR_DC_Signal_Current
                0x1fff868c                RED_DC_Signal_Current
                0x1fff8690                RED_AC_Signal_Current
                0x1fff86fc                ir_avg_reg
                0x1fff8700                red_avg_reg
                0x1fff8704                IR_AC_Max
 .bss           0x1fff8708        0x1 .\CortexM3\ARM_GCC_541\Debug\gpio_tasks.o
                0x1fff8708                toggle_state
 *fill*         0x1fff8709        0x3 
 .bss           0x1fff870c        0x4 .\CortexM3\ARM_GCC_541\Debug\bsp_i2c.o
                0x1fff870c                current_timestamp
 .bss           0x1fff8710        0x9 .\CortexM3\ARM_GCC_541\Debug\esw_uCOS3_cykit.a(UART_1.o)
                0x1fff8710                UART_1_errorStatus
                0x1fff8711                UART_1_initVar
                0x1fff8712                UART_1_rxBufferRead
                0x1fff8713                UART_1_rxBufferWrite
                0x1fff8714                UART_1_rxBufferLoopDetect
                0x1fff8715                UART_1_rxBufferOverflow
                0x1fff8716                UART_1_txBufferRead
                0x1fff8717                UART_1_txBufferWrite
 .bss           0x1fff8719        0x1 .\CortexM3\ARM_GCC_541\Debug\esw_uCOS3_cykit.a(I2C_1.o)
                0x1fff8719                I2C_1_initVar
 .bss           0x1fff871a        0x1 .\CortexM3\ARM_GCC_541\Debug\esw_uCOS3_cykit.a(Timer_1.o)
                0x1fff871a                Timer_1_initVar
 .bss           0x1fff871b        0x1 .\CortexM3\ARM_GCC_541\Debug\esw_uCOS3_cykit.a(PWM_Heartbeat.o)
                0x1fff871b                PWM_Heartbeat_initVar
 .bss           0x1fff871c        0x1 .\CortexM3\ARM_GCC_541\Debug\esw_uCOS3_cykit.a(PWM_Environment.o)
                0x1fff871c                PWM_Environment_initVar
 *fill*         0x1fff871d        0x3 
 .bss.__malloc_sbrk_start
                0x1fff8720        0x4 c:/program files (x86)/cypress/psoc creator/4.4/psoc creator/import/gnu/arm/5.4.1/bin/../lib/gcc/arm-none-eabi/5.4.1/../../../../arm-none-eabi/lib/armv7-m\libg_nano.a(lib_a-nano-mallocr.o)
                0x1fff8720                __malloc_sbrk_start
 .bss.__malloc_free_list
                0x1fff8724        0x4 c:/program files (x86)/cypress/psoc creator/4.4/psoc creator/import/gnu/arm/5.4.1/bin/../lib/gcc/arm-none-eabi/5.4.1/../../../../arm-none-eabi/lib/armv7-m\libg_nano.a(lib_a-nano-mallocr.o)
                0x1fff8724                __malloc_free_list
 *(COMMON)
 COMMON         0x1fff8728      0x630 .\CortexM3\ARM_GCC_541\Debug\app.o
                0x1fff8728                LedG_Task_TCB
                0x1fff87e8                LedRB_TaskStk
                0x1fff88e8                CommQI2CSPO2
                0x1fff8918                BUT_Task_TCB
                0x1fff89d8                LedRB_Task_TCB
                0x1fff8a98                CommQProcessedEnvironmentData
                0x1fff8ac8                CommQI2CHeartRate
                0x1fff8af8                BUT_TaskStk
                0x1fff8bf8                CommQSPIData
                0x1fff8c28                CommQProcessedOximeterData
                0x1fff8c58                LedG_TaskStk
 COMMON         0x1fff8d58     0x24c8 .\CortexM3\ARM_GCC_541\Debug\log_task.o
                0x1fff8d58                Log_TaskStk
                0x1fff9558                LogTaskSem
                0x1fff9580                Log_Task_TCB
                0x1fff9640                MsgMemPoolStorage
                0x1fffb1d0                MsgMemPool
                0x1fffb1f0                Log_Queue
 COMMON         0x1fffb220      0x500 .\CortexM3\ARM_GCC_541\Debug\heartbeatSensor.o
                0x1fffb220                MAX30102_Task_TCB
                0x1fffb2e0                i2c_rx_buffer
                0x1fffb320                MAX30102_TaskStk
 COMMON         0x1fffb720      0x4c0 .\CortexM3\ARM_GCC_541\Debug\environmentSensor.o
                0x1fffb720                BME688_Task_TCB
                0x1fffb7e0                BME688_TaskStk
 COMMON         0x1fffbbe0       0x28 .\CortexM3\ARM_GCC_541\Debug\bsp_i2c.o
                0x1fffbbe0                I2C_Sem
 COMMON         0x1fffbc08       0x14 .\CortexM3\ARM_GCC_541\Debug\cpu_core.o
                0x1fffbc08                CPU_TS_TmrFreq_Hz
                0x1fffbc0c                CPU_Name
 COMMON         0x1fffbc1c        0x4 .\CortexM3\ARM_GCC_541\Debug\os_cpu_c.o
                0x1fffbc1c                OS_CPU_ExceptStkBase
 COMMON         0x1fffbc20        0x4 .\CortexM3\ARM_GCC_541\Debug\os_prio.o
                0x1fffbc20                OSPrioTbl
 COMMON         0x1fffbc24      0x538 .\CortexM3\ARM_GCC_541\Debug\os_var.o
                0x1fffbc24                OSSchedLockNestingCtr
                0x1fffbc28                OS_AppTaskReturnHookPtr
                0x1fffbc2c                OSStatTaskTimeMax
                0x1fffbc30                OSStatTaskCtr
                0x1fffbc34                OSTaskRegNextAvailID
                0x1fffbc35                OSRunning
                0x1fffbc38                OSRdyList
                0x1fffbdb8                OSPrioHighRdy
                0x1fffbdb9                OSStatTaskRdy
                0x1fffbdbc                OSSemDbgListPtr
                0x1fffbdc0                OS_AppTaskCreateHookPtr
                0x1fffbdc4                OSPrioCur
                0x1fffbdc8                OSTickTaskTCB
                0x1fffbe88                OSTmrTickCtr
                0x1fffbe8c                OSTCBCurPtr
                0x1fffbe90                OSQQty
                0x1fffbe92                OSStatTaskCPUUsageMax
                0x1fffbe94                OSPrioSaved
                0x1fffbe98                OSTCBHighRdyPtr
                0x1fffbe9c                OSTaskDbgListPtr
                0x1fffbea0                OSTmrTaskTimeMax
                0x1fffbea4                OS_AppTaskDelHookPtr
                0x1fffbea8                OS_AppTimeTickHookPtr
                0x1fffbeac                OSTaskCtxSwCtr
                0x1fffbeb0                OSStatTaskCPUUsage
                0x1fffbeb2                OSIntNestingCtr
                0x1fffbeb4                OSTaskQty
                0x1fffbeb8                OSTmrTaskTCB
                0x1fffbf78                OSMsgPool
                0x1fffbf84                OSIdleTaskTCB
                0x1fffc044                OSQDbgListPtr
                0x1fffc048                OSSemQty
                0x1fffc04c                OSMemDbgListPtr
                0x1fffc050                OSSchedRoundRobinDfltTimeQuanta
                0x1fffc054                OS_AppIdleTaskHookPtr
                0x1fffc058                OSStatTaskCtrMax
                0x1fffc05c                OSTickCtr
                0x1fffc060                OS_AppTaskSwHookPtr
                0x1fffc064                OSTmrQty
                0x1fffc068                OSIdleTaskCtr
                0x1fffc06c                OSStatTaskCtrRun
                0x1fffc070                OS_AppStatTaskHookPtr
                0x1fffc074                OSFlagQty
                0x1fffc078                OSFlagDbgListPtr
                0x1fffc07c                OSStatResetFlag
                0x1fffc07e                OSMemQty
                0x1fffc080                OSMutexQty
                0x1fffc084                OSStatTaskTCB
                0x1fffc144                OSTmrDbgListPtr
                0x1fffc148                OSTickTaskTimeMax
                0x1fffc14c                OSTmrUpdateCnt
                0x1fffc150                OSSchedRoundRobinEn
                0x1fffc154                OSMutexDbgListPtr
                0x1fffc158                OSTmrUpdateCtr
 COMMON         0x1fffc15c     0x1150 .\CortexM3\ARM_GCC_541\Debug\os_cfg_app.o
                0x1fffc15c                OSCfg_StatTaskStk
                0x1fffc35c                OSCfg_TickWheel
                0x1fffc3e4                OSCfg_MsgPool
                0x1fffca24                OSCfg_TmrTaskStk
                0x1fffcc24                OSCfg_TmrWheel
                0x1fffccac                OSCfg_ISRStk
                0x1fffceac                OSCfg_TickTaskStk
                0x1fffd0ac                OSCfg_IdleTaskStk
 COMMON         0x1fffd2ac       0x80 .\CortexM3\ARM_GCC_541\Debug\esw_uCOS3_cykit.a(UART_1.o)
                0x1fffd2ac                UART_1_txBuffer
                0x1fffd2ec                UART_1_rxBuffer
 COMMON         0x1fffd32c        0x1 .\CortexM3\ARM_GCC_541\Debug\esw_uCOS3_cykit.a(I2C_1.o)
                0x1fffd32c                I2C_1_state
 *fill*         0x1fffd32d        0x3 
 COMMON         0x1fffd330       0x11 .\CortexM3\ARM_GCC_541\Debug\esw_uCOS3_cykit.a(I2C_1_MASTER.o)
                0x1fffd330                I2C_1_mstrWrBufIndex
                0x1fffd331                I2C_1_mstrControl
                0x1fffd332                I2C_1_mstrStatus
                0x1fffd333                I2C_1_mstrWrBufSize
                0x1fffd334                I2C_1_mstrRdBufIndex
                0x1fffd338                I2C_1_mstrWrBufPtr
                0x1fffd33c                I2C_1_mstrRdBufPtr
                0x1fffd340                I2C_1_mstrRdBufSize
 *fill*         0x1fffd341        0x3 
 COMMON         0x1fffd344        0x4 c:/program files (x86)/cypress/psoc creator/4.4/psoc creator/import/gnu/arm/5.4.1/bin/../lib/gcc/arm-none-eabi/5.4.1/../../../../arm-none-eabi/lib/armv7-m\libg_nano.a(lib_a-reent.o)
                0x1fffd344                errno
                0x1fffd348                . = ALIGN (0x8)
 *(.ram.b)
                0x1fffd348                _end = .
                0x1fffd348                __end = .
                0x1fffd348                PROVIDE (end, .)
                0x1fffd348                PROVIDE (__bss_end__, .)
                0x00009118                __cy_region_init_ram = LOADADDR (.data)
                0x00000088                __cy_region_init_size_ram = (_edata - ADDR (.data))
                0x000051f8                __cy_region_zero_size_ram = (_end - _edata)

.heap           0x1fffd348       0x80 load address 0x000091a0
                0x1fffd348                . = _end
                0x1fffd3c8                . = (. + 0x80)
 *fill*         0x1fffd348       0x80 
                0x1fffd3c8                __cy_heap_limit = .

.stack          0x20007800      0x800
                0x20007800                __cy_stack_limit = .
                0x20008000                . = (. + 0x800)
 *fill*         0x20007800      0x800 
                0x00000001                ASSERT ((__cy_stack_limit >= __cy_heap_limit), region RAM overflowed with stack)
                0x00000000                cy_checksum_exclude_size = (CY_APPL_LOADABLE == 0x1)?SIZEOF (.cy_checksum_exclude):0x0
                0x00000001                ASSERT ((cy_checksum_exclude_size <= CY_CHECKSUM_EXCLUDE_SIZE), CY_BOOT: Section .cy_checksum_exclude size exceedes specified limit.)

.cyloadermeta
 *(.cyloadermeta)

.cyloadablemeta
 *(.cyloadablemeta)

.cyconfigecc    0x80000000      0x52c
 *(.cyconfigecc)
 .cyconfigecc   0x80000000      0x52c .\CortexM3\ARM_GCC_541\Debug\cymetadata.o
                0x80000000                cy_meta_configecc

.cycustnvl      0x90000000        0x4
 *(.cycustnvl)
 .cycustnvl     0x90000000        0x4 .\CortexM3\ARM_GCC_541\Debug\cymetadata.o
                0x90000000                cy_meta_custnvl

.cywolatch      0x90100000        0x4
 *(.cywolatch)
 .cywolatch     0x90100000        0x4 .\CortexM3\ARM_GCC_541\Debug\cymetadata.o
                0x90100000                cy_meta_wonvl

.cyeeprom       0x90200000        0x0
 *(.cyeeprom)
                0x00000001                ASSERT ((. <= ((0x90200000 + ee_offset) + ee_size)), .cyeeprom data will not fit in EEPROM)

.cyflashprotect
                0x90400000      0x100
 *(.cyflashprotect)
 .cyflashprotect
                0x90400000      0x100 .\CortexM3\ARM_GCC_541\Debug\cymetadata.o
                0x90400000                cy_meta_flashprotect

.cymeta         0x90500000        0xc
 *(.cymeta)
 .cymeta        0x90500000        0xc .\CortexM3\ARM_GCC_541\Debug\cymetadata.o
                0x90500000                cy_metadata

.rel.dyn        0x000091a0        0x0 load address 0x9050000c
 .rel.iplt      0x000091a0        0x0 c:/program files (x86)/cypress/psoc creator/4.4/psoc creator/import/gnu/arm/5.4.1/bin/../lib/gcc/arm-none-eabi/5.4.1/armv7-m/crtbegin.o

.stab
 *(.stab)

.stabstr
 *(.stabstr)

.debug
 *(.debug)

.line
 *(.line)

.debug_srcinfo
 *(.debug_srcinfo)

.debug_sfnames
 *(.debug_sfnames)

.debug_aranges  0x00000000     0x1b80
 *(.debug_aranges)
 .debug_aranges
                0x00000000       0x28 .\CortexM3\ARM_GCC_541\Debug\app.o
 .debug_aranges
                0x00000028       0x68 .\CortexM3\ARM_GCC_541\Debug\os_app_hooks.o
 .debug_aranges
                0x00000090       0x40 .\CortexM3\ARM_GCC_541\Debug\log_task.o
 .debug_aranges
                0x000000d0       0x78 .\CortexM3\ARM_GCC_541\Debug\heartbeatSensor.o
 .debug_aranges
                0x00000148       0x60 .\CortexM3\ARM_GCC_541\Debug\environmentSensor.o
 .debug_aranges
                0x000001a8       0x50 .\CortexM3\ARM_GCC_541\Debug\data_processing_task.o
 .debug_aranges
                0x000001f8       0x38 .\CortexM3\ARM_GCC_541\Debug\gpio_tasks.o
 .debug_aranges
                0x00000230       0x38 .\CortexM3\ARM_GCC_541\Debug\bsp_os.o
 .debug_aranges
                0x00000268       0x58 .\CortexM3\ARM_GCC_541\Debug\bsp.o
 .debug_aranges
                0x000002c0       0x30 .\CortexM3\ARM_GCC_541\Debug\cpu_bsp.o
 .debug_aranges
                0x000002f0       0x30 .\CortexM3\ARM_GCC_541\Debug\bsp_uart.o
 .debug_aranges
                0x00000320       0x30 .\CortexM3\ARM_GCC_541\Debug\bsp_gpio.o
 .debug_aranges
                0x00000350       0x38 .\CortexM3\ARM_GCC_541\Debug\bsp_i2c.o
 .debug_aranges
                0x00000388       0x38 .\CortexM3\ARM_GCC_541\Debug\bsp_pwm.o
 .debug_aranges
                0x000003c0       0x50 .\CortexM3\ARM_GCC_541\Debug\cpu_c.o
 .debug_aranges
                0x00000410       0xb0 .\CortexM3\ARM_GCC_541\Debug\cpu_core.o
 .debug_aranges
                0x000004c0       0x38 .\CortexM3\ARM_GCC_541\Debug\lib_math.o
 .debug_aranges
                0x000004f8       0x48 .\CortexM3\ARM_GCC_541\Debug\lib_mem.o
 .debug_aranges
                0x00000540       0xd8 .\CortexM3\ARM_GCC_541\Debug\lib_str.o
 .debug_aranges
                0x00000618       0x98 .\CortexM3\ARM_GCC_541\Debug\lib_ascii.o
 .debug_aranges
                0x000006b0       0x70 .\CortexM3\ARM_GCC_541\Debug\os_cpu_c.o
 .debug_aranges
                0x00000720       0x38 .\CortexM3\ARM_GCC_541\Debug\os_pend_multi.o
 .debug_aranges
                0x00000758       0x38 .\CortexM3\ARM_GCC_541\Debug\os_prio.o
 .debug_aranges
                0x00000790       0x70 .\CortexM3\ARM_GCC_541\Debug\os_q.o
 .debug_aranges
                0x00000800       0x70 .\CortexM3\ARM_GCC_541\Debug\os_sem.o
 .debug_aranges
                0x00000870       0x38 .\CortexM3\ARM_GCC_541\Debug\os_stat.o
 .debug_aranges
                0x000008a8       0xf0 .\CortexM3\ARM_GCC_541\Debug\os_task.o
 .debug_aranges
                0x00000998       0x50 .\CortexM3\ARM_GCC_541\Debug\os_tick.o
 .debug_aranges
                0x000009e8       0x48 .\CortexM3\ARM_GCC_541\Debug\os_time.o
 .debug_aranges
                0x00000a30       0x88 .\CortexM3\ARM_GCC_541\Debug\os_tmr.o
 .debug_aranges
                0x00000ab8       0x18 .\CortexM3\ARM_GCC_541\Debug\os_var.o
 .debug_aranges
                0x00000ad0       0x20 .\CortexM3\ARM_GCC_541\Debug\os_cfg_app.o
 .debug_aranges
                0x00000af0      0x140 .\CortexM3\ARM_GCC_541\Debug\os_core.o
 .debug_aranges
                0x00000c30       0x20 .\CortexM3\ARM_GCC_541\Debug\os_dbg.o
 .debug_aranges
                0x00000c50       0x80 .\CortexM3\ARM_GCC_541\Debug\os_flag.o
 .debug_aranges
                0x00000cd0       0x18 .\CortexM3\ARM_GCC_541\Debug\os_int.o
 .debug_aranges
                0x00000ce8       0x40 .\CortexM3\ARM_GCC_541\Debug\os_mem.o
 .debug_aranges
                0x00000d28       0x40 .\CortexM3\ARM_GCC_541\Debug\os_msg.o
 .debug_aranges
                0x00000d68       0x60 .\CortexM3\ARM_GCC_541\Debug\os_mutex.o
 .debug_aranges
                0x00000dc8       0x48 .\CortexM3\ARM_GCC_541\Debug\max30102_interface.o
 .debug_aranges
                0x00000e10      0x180 .\CortexM3\ARM_GCC_541\Debug\driver_max30102.o
 .debug_aranges
                0x00000f90      0x120 .\CortexM3\ARM_GCC_541\Debug\bme68x.o
 .debug_aranges
                0x000010b0       0x58 .\CortexM3\ARM_GCC_541\Debug\cyfitter_cfg.o
 .debug_aranges
                0x00001108       0x18 .\CortexM3\ARM_GCC_541\Debug\cymetadata.o
 .debug_aranges
                0x00001120       0x48 .\CortexM3\ARM_GCC_541\Debug\Cm3Start.o
 .debug_aranges
                0x00001168       0x20 .\CortexM3\ARM_GCC_541\Debug\cpu_a.o
 .debug_aranges
                0x00001188       0x20 .\CortexM3\ARM_GCC_541\Debug\os_cpu_a.o
 .debug_aranges
                0x000011a8       0xf0 .\CortexM3\ARM_GCC_541\Debug\esw_uCOS3_cykit.a(UART_1.o)
 .debug_aranges
                0x00001298       0x28 .\CortexM3\ARM_GCC_541\Debug\esw_uCOS3_cykit.a(UART_1_INT.o)
 .debug_aranges
                0x000012c0       0x38 .\CortexM3\ARM_GCC_541\Debug\esw_uCOS3_cykit.a(Pin_1.o)
 .debug_aranges
                0x000012f8       0x70 .\CortexM3\ARM_GCC_541\Debug\esw_uCOS3_cykit.a(UART_1_IntClock.o)
 .debug_aranges
                0x00001368      0x2a0 .\CortexM3\ARM_GCC_541\Debug\esw_uCOS3_cykit.a(CyLib.o)
 .debug_aranges
                0x00001608       0x98 .\CortexM3\ARM_GCC_541\Debug\esw_uCOS3_cykit.a(cyPm.o)
 .debug_aranges
                0x000016a0       0x38 .\CortexM3\ARM_GCC_541\Debug\esw_uCOS3_cykit.a(Pin_2.o)
 .debug_aranges
                0x000016d8       0x38 .\CortexM3\ARM_GCC_541\Debug\esw_uCOS3_cykit.a(push_button.o)
 .debug_aranges
                0x00001710       0x38 .\CortexM3\ARM_GCC_541\Debug\esw_uCOS3_cykit.a(I2C_1.o)
 .debug_aranges
                0x00001748       0x20 .\CortexM3\ARM_GCC_541\Debug\esw_uCOS3_cykit.a(I2C_1_INT.o)
 .debug_aranges
                0x00001768       0x38 .\CortexM3\ARM_GCC_541\Debug\esw_uCOS3_cykit.a(I2C_1_PM.o)
 .debug_aranges
                0x000017a0       0x80 .\CortexM3\ARM_GCC_541\Debug\esw_uCOS3_cykit.a(I2C_1_MASTER.o)
 .debug_aranges
                0x00001820       0x88 .\CortexM3\ARM_GCC_541\Debug\esw_uCOS3_cykit.a(Timer_1.o)
 .debug_aranges
                0x000018a8       0x80 .\CortexM3\ARM_GCC_541\Debug\esw_uCOS3_cykit.a(Timer_ISR.o)
 .debug_aranges
                0x00001928       0x98 .\CortexM3\ARM_GCC_541\Debug\esw_uCOS3_cykit.a(PWM_Heartbeat.o)
 .debug_aranges
                0x000019c0       0x98 .\CortexM3\ARM_GCC_541\Debug\esw_uCOS3_cykit.a(PWM_Environment.o)
 .debug_aranges
                0x00001a58       0x20 .\CortexM3\ARM_GCC_541\Debug\esw_uCOS3_cykit.a(CyBootAsmGnu.o)
 .debug_aranges
                0x00001a78       0x88 .\CortexM3\ARM_GCC_541\Debug\esw_uCOS3_cykit.a(CyFlash.o)
 .debug_aranges
                0x00001b00       0x80 .\CortexM3\ARM_GCC_541\Debug\esw_uCOS3_cykit.a(CySpc.o)

.debug_pubnames
 *(.debug_pubnames)

.debug_info     0x00000000    0x2e0f8
 *(.debug_info .gnu.linkonce.wi.*)
 .debug_info    0x00000000     0x10c0 .\CortexM3\ARM_GCC_541\Debug\app.o
 .debug_info    0x000010c0      0x894 .\CortexM3\ARM_GCC_541\Debug\os_app_hooks.o
 .debug_info    0x00001954     0x1491 .\CortexM3\ARM_GCC_541\Debug\log_task.o
 .debug_info    0x00002de5     0x18fd .\CortexM3\ARM_GCC_541\Debug\heartbeatSensor.o
 .debug_info    0x000046e2     0x1baa .\CortexM3\ARM_GCC_541\Debug\environmentSensor.o
 .debug_info    0x0000628c     0x14f1 .\CortexM3\ARM_GCC_541\Debug\data_processing_task.o
 .debug_info    0x0000777d      0xfe0 .\CortexM3\ARM_GCC_541\Debug\gpio_tasks.o
 .debug_info    0x0000875d      0xe09 .\CortexM3\ARM_GCC_541\Debug\bsp_os.o
 .debug_info    0x00009566      0xb06 .\CortexM3\ARM_GCC_541\Debug\bsp.o
 .debug_info    0x0000a06c      0x178 .\CortexM3\ARM_GCC_541\Debug\cpu_bsp.o
 .debug_info    0x0000a1e4      0x12b .\CortexM3\ARM_GCC_541\Debug\bsp_uart.o
 .debug_info    0x0000a30f      0x9ad .\CortexM3\ARM_GCC_541\Debug\bsp_gpio.o
 .debug_info    0x0000acbc     0x1254 .\CortexM3\ARM_GCC_541\Debug\bsp_i2c.o
 .debug_info    0x0000bf10      0x23c .\CortexM3\ARM_GCC_541\Debug\bsp_pwm.o
 .debug_info    0x0000c14c      0x5f2 .\CortexM3\ARM_GCC_541\Debug\cpu_c.o
 .debug_info    0x0000c73e      0x71b .\CortexM3\ARM_GCC_541\Debug\cpu_core.o
 .debug_info    0x0000ce59      0x1e9 .\CortexM3\ARM_GCC_541\Debug\lib_math.o
 .debug_info    0x0000d042      0x4df .\CortexM3\ARM_GCC_541\Debug\lib_mem.o
 .debug_info    0x0000d521     0x10d7 .\CortexM3\ARM_GCC_541\Debug\lib_str.o
 .debug_info    0x0000e5f8      0x43b .\CortexM3\ARM_GCC_541\Debug\lib_ascii.o
 .debug_info    0x0000ea33      0xa1f .\CortexM3\ARM_GCC_541\Debug\os_cpu_c.o
 .debug_info    0x0000f452     0x1032 .\CortexM3\ARM_GCC_541\Debug\os_pend_multi.o
 .debug_info    0x00010484      0x1f0 .\CortexM3\ARM_GCC_541\Debug\os_prio.o
 .debug_info    0x00010674     0x14dd .\CortexM3\ARM_GCC_541\Debug\os_q.o
 .debug_info    0x00011b51     0x13bd .\CortexM3\ARM_GCC_541\Debug\os_sem.o
 .debug_info    0x00012f0e     0x1219 .\CortexM3\ARM_GCC_541\Debug\os_stat.o
 .debug_info    0x00014127     0x20a8 .\CortexM3\ARM_GCC_541\Debug\os_task.o
 .debug_info    0x000161cf      0xfe0 .\CortexM3\ARM_GCC_541\Debug\os_tick.o
 .debug_info    0x000171af     0x10d8 .\CortexM3\ARM_GCC_541\Debug\os_time.o
 .debug_info    0x00018287     0x16b7 .\CortexM3\ARM_GCC_541\Debug\os_tmr.o
 .debug_info    0x0001993e      0xf4c .\CortexM3\ARM_GCC_541\Debug\os_var.o
 .debug_info    0x0001a88a      0xbda .\CortexM3\ARM_GCC_541\Debug\os_cfg_app.o
 .debug_info    0x0001b464     0x1f24 .\CortexM3\ARM_GCC_541\Debug\os_core.o
 .debug_info    0x0001d388     0x1379 .\CortexM3\ARM_GCC_541\Debug\os_dbg.o
 .debug_info    0x0001e701     0x178f .\CortexM3\ARM_GCC_541\Debug\os_flag.o
 .debug_info    0x0001fe90       0x87 .\CortexM3\ARM_GCC_541\Debug\os_int.o
 .debug_info    0x0001ff17      0x89b .\CortexM3\ARM_GCC_541\Debug\os_mem.o
 .debug_info    0x000207b2      0x87b .\CortexM3\ARM_GCC_541\Debug\os_msg.o
 .debug_info    0x0002102d     0x13bd .\CortexM3\ARM_GCC_541\Debug\os_mutex.o
 .debug_info    0x000223ea     0x17b3 .\CortexM3\ARM_GCC_541\Debug\max30102_interface.o
 .debug_info    0x00023b9d     0x2959 .\CortexM3\ARM_GCC_541\Debug\driver_max30102.o
 .debug_info    0x000264f6     0x2123 .\CortexM3\ARM_GCC_541\Debug\bme68x.o
 .debug_info    0x00028619      0x5cd .\CortexM3\ARM_GCC_541\Debug\cyfitter_cfg.o
 .debug_info    0x00028be6      0x136 .\CortexM3\ARM_GCC_541\Debug\cymetadata.o
 .debug_info    0x00028d1c      0x3bb .\CortexM3\ARM_GCC_541\Debug\Cm3Start.o
 .debug_info    0x000290d7       0x90 .\CortexM3\ARM_GCC_541\Debug\cpu_a.o
 .debug_info    0x00029167       0xa3 .\CortexM3\ARM_GCC_541\Debug\os_cpu_a.o
 .debug_info    0x0002920a      0x7ae .\CortexM3\ARM_GCC_541\Debug\esw_uCOS3_cykit.a(UART_1.o)
 .debug_info    0x000299b8      0x186 .\CortexM3\ARM_GCC_541\Debug\esw_uCOS3_cykit.a(UART_1_INT.o)