Archive member included to satisfy reference by file (symbol)

.\CortexM3\ARM_GCC_541\Debug\esw_uCOS3_cykit.a(UART_1.o)
                              .\CortexM3\ARM_GCC_541\Debug\bsp_uart.o (UART_1_Start)
.\CortexM3\ARM_GCC_541\Debug\esw_uCOS3_cykit.a(UART_1_INT.o)
                              .\CortexM3\ARM_GCC_541\Debug\esw_uCOS3_cykit.a(UART_1.o) (UART_1_RXISR)
.\CortexM3\ARM_GCC_541\Debug\esw_uCOS3_cykit.a(Pin_1.o)
                              .\CortexM3\ARM_GCC_541\Debug\bsp_gpio.o (Pin_1_Write)
.\CortexM3\ARM_GCC_541\Debug\esw_uCOS3_cykit.a(UART_1_IntClock.o)
                              .\CortexM3\ARM_GCC_541\Debug\esw_uCOS3_cykit.a(UART_1.o) (UART_1_IntClock_Start)
.\CortexM3\ARM_GCC_541\Debug\esw_uCOS3_cykit.a(CyDmac.o)
                              .\CortexM3\ARM_GCC_541\Debug\Cm3Start.o (CyDmacConfigure)
.\CortexM3\ARM_GCC_541\Debug\esw_uCOS3_cykit.a(CyLib.o)
                              .\CortexM3\ARM_GCC_541\Debug\Cm3Start.o (CyHalt)
.\CortexM3\ARM_GCC_541\Debug\esw_uCOS3_cykit.a(cyPm.o)
                              .\CortexM3\ARM_GCC_541\Debug\esw_uCOS3_cykit.a(CyLib.o) (CyPmReadStatus)
.\CortexM3\ARM_GCC_541\Debug\esw_uCOS3_cykit.a(Pin_2.o)
                              .\CortexM3\ARM_GCC_541\Debug\bsp_gpio.o (Pin_2_Write)
.\CortexM3\ARM_GCC_541\Debug\esw_uCOS3_cykit.a(push_button.o)
                              .\CortexM3\ARM_GCC_541\Debug\bsp_gpio.o (push_button_Write)
.\CortexM3\ARM_GCC_541\Debug\esw_uCOS3_cykit.a(I2C_1.o)
                              .\CortexM3\ARM_GCC_541\Debug\bsp_i2c.o (I2C_1_Start)
.\CortexM3\ARM_GCC_541\Debug\esw_uCOS3_cykit.a(I2C_1_INT.o)
                              .\CortexM3\ARM_GCC_541\Debug\esw_uCOS3_cykit.a(I2C_1.o) (I2C_1_ISR)
.\CortexM3\ARM_GCC_541\Debug\esw_uCOS3_cykit.a(I2C_1_PM.o)
                              .\CortexM3\ARM_GCC_541\Debug\esw_uCOS3_cykit.a(I2C_1.o) (I2C_1_backup)
.\CortexM3\ARM_GCC_541\Debug\esw_uCOS3_cykit.a(I2C_1_MASTER.o)
                              .\CortexM3\ARM_GCC_541\Debug\esw_uCOS3_cykit.a(I2C_1.o) (I2C_1_mstrStatus)
.\CortexM3\ARM_GCC_541\Debug\esw_uCOS3_cykit.a(Timer_1.o)
                              .\CortexM3\ARM_GCC_541\Debug\bsp_i2c.o (Timer_1_Start)
.\CortexM3\ARM_GCC_541\Debug\esw_uCOS3_cykit.a(Timer_ISR.o)
                              .\CortexM3\ARM_GCC_541\Debug\bsp_i2c.o (Timer_ISR_StartEx)
.\CortexM3\ARM_GCC_541\Debug\esw_uCOS3_cykit.a(Counter_1.o)
                              .\CortexM3\ARM_GCC_541\Debug\bsp_counter.o (Counter_1_Enable)
.\CortexM3\ARM_GCC_541\Debug\esw_uCOS3_cykit.a(Clock_1.o)
                              .\CortexM3\ARM_GCC_541\Debug\environmentSensor.o (Clock_1_Start)
.\CortexM3\ARM_GCC_541\Debug\esw_uCOS3_cykit.a(CyBootAsmGnu.o)
                              .\CortexM3\ARM_GCC_541\Debug\cyfitter_cfg.o (CyDelayCycles)
.\CortexM3\ARM_GCC_541\Debug\esw_uCOS3_cykit.a(CyFlash.o)
                              .\CortexM3\ARM_GCC_541\Debug\esw_uCOS3_cykit.a(cyPm.o) (CyFlash_SetWaitCycles)
.\CortexM3\ARM_GCC_541\Debug\esw_uCOS3_cykit.a(CySpc.o)
                              .\CortexM3\ARM_GCC_541\Debug\esw_uCOS3_cykit.a(CyFlash.o) (CySpcStart)
c:/program files (x86)/cypress/psoc creator/4.4/psoc creator/import/gnu/arm/5.4.1/bin/../lib/gcc/arm-none-eabi/5.4.1/armv7-m\libgcc.a(_arm_addsubsf3.o)
                              .\CortexM3\ARM_GCC_541\Debug\driver_max30102.o (__aeabi_fadd)
c:/program files (x86)/cypress/psoc creator/4.4/psoc creator/import/gnu/arm/5.4.1/bin/../lib/gcc/arm-none-eabi/5.4.1/armv7-m\libgcc.a(_arm_muldivsf3.o)
                              .\CortexM3\ARM_GCC_541\Debug\driver_max30102.o (__aeabi_fmul)
c:/program files (x86)/cypress/psoc creator/4.4/psoc creator/import/gnu/arm/5.4.1/bin/../lib/gcc/arm-none-eabi/5.4.1/armv7-m\libgcc.a(_aeabi_ldivmod.o)
                              .\CortexM3\ARM_GCC_541\Debug\bme68x.o (__aeabi_ldivmod)
c:/program files (x86)/cypress/psoc creator/4.4/psoc creator/import/gnu/arm/5.4.1/bin/../lib/gcc/arm-none-eabi/5.4.1/armv7-m\libgcc.a(_udivmoddi4.o)
                              c:/program files (x86)/cypress/psoc creator/4.4/psoc creator/import/gnu/arm/5.4.1/bin/../lib/gcc/arm-none-eabi/5.4.1/armv7-m\libgcc.a(_aeabi_ldivmod.o) (__udivmoddi4)
c:/program files (x86)/cypress/psoc creator/4.4/psoc creator/import/gnu/arm/5.4.1/bin/../lib/gcc/arm-none-eabi/5.4.1/armv7-m\libgcc.a(_dvmd_tls.o)
                              c:/program files (x86)/cypress/psoc creator/4.4/psoc creator/import/gnu/arm/5.4.1/bin/../lib/gcc/arm-none-eabi/5.4.1/armv7-m\libgcc.a(_aeabi_ldivmod.o) (__aeabi_ldiv0)
c:/program files (x86)/cypress/psoc creator/4.4/psoc creator/import/gnu/arm/5.4.1/bin/../lib/gcc/arm-none-eabi/5.4.1/../../../../arm-none-eabi/lib/armv7-m\libg_nano.a(lib_a-errno.o)
                              .\CortexM3\ARM_GCC_541\Debug\Cm3Start.o (__errno)
c:/program files (x86)/cypress/psoc creator/4.4/psoc creator/import/gnu/arm/5.4.1/bin/../lib/gcc/arm-none-eabi/5.4.1/../../../../arm-none-eabi/lib/armv7-m\libg_nano.a(lib_a-exit.o)
[...]
Memory Configuration

Name             Origin             Length             Attributes
rom              0x00000000         0x00040000         xr
ram              0x1fff8000         0x00010000         xrw
*default*        0x00000000         0xffffffff

Linker script and memory map

LOAD c:/program files (x86)/cypress/psoc creator/4.4/psoc creator/import/gnu/arm/5.4.1/bin/../lib/gcc/arm-none-eabi/5.4.1/armv7-m/crti.o
LOAD c:/program files (x86)/cypress/psoc creator/4.4/psoc creator/import/gnu/arm/5.4.1/bin/../lib/gcc/arm-none-eabi/5.4.1/armv7-m/crtbegin.o
LOAD c:/program files (x86)/cypress/psoc creator/4.4/psoc creator/import/gnu/arm/5.4.1/bin/../lib/gcc/arm-none-eabi/5.4.1/../../../../arm-none-eabi/lib/armv7-m/crt0.o
START GROUP
LOAD .\CortexM3\ARM_GCC_541\Debug\app.o
LOAD .\CortexM3\ARM_GCC_541\Debug\os_app_hooks.o
LOAD .\CortexM3\ARM_GCC_541\Debug\log_task.o
LOAD .\CortexM3\ARM_GCC_541\Debug\heartbeatSensor.o
LOAD .\CortexM3\ARM_GCC_541\Debug\environmentSensor.o
LOAD .\CortexM3\ARM_GCC_541\Debug\bsp_os.o
LOAD .\CortexM3\ARM_GCC_541\Debug\bsp.o
LOAD .\CortexM3\ARM_GCC_541\Debug\cpu_bsp.o
LOAD .\CortexM3\ARM_GCC_541\Debug\bsp_uart.o
LOAD .\CortexM3\ARM_GCC_541\Debug\bsp_gpio.o
LOAD .\CortexM3\ARM_GCC_541\Debug\bsp_i2c.o
LOAD .\CortexM3\ARM_GCC_541\Debug\bsp_counter.o
LOAD .\CortexM3\ARM_GCC_541\Debug\cpu_c.o
LOAD .\CortexM3\ARM_GCC_541\Debug\cpu_core.o
LOAD .\CortexM3\ARM_GCC_541\Debug\lib_math.o
LOAD .\CortexM3\ARM_GCC_541\Debug\lib_mem.o
LOAD .\CortexM3\ARM_GCC_541\Debug\lib_str.o
LOAD .\CortexM3\ARM_GCC_541\Debug\lib_ascii.o
LOAD .\CortexM3\ARM_GCC_541\Debug\os_cpu_c.o
LOAD .\CortexM3\ARM_GCC_541\Debug\os_pend_multi.o
LOAD .\CortexM3\ARM_GCC_541\Debug\os_prio.o
LOAD .\CortexM3\ARM_GCC_541\Debug\os_q.o
LOAD .\CortexM3\ARM_GCC_541\Debug\os_sem.o
LOAD .\CortexM3\ARM_GCC_541\Debug\os_stat.o
LOAD .\CortexM3\ARM_GCC_541\Debug\os_task.o
LOAD .\CortexM3\ARM_GCC_541\Debug\os_tick.o
LOAD .\CortexM3\ARM_GCC_541\Debug\os_time.o
LOAD .\CortexM3\ARM_GCC_541\Debug\os_tmr.o
LOAD .\CortexM3\ARM_GCC_541\Debug\os_var.o
LOAD .\CortexM3\ARM_GCC_541\Debug\os_cfg_app.o
LOAD .\CortexM3\ARM_GCC_541\Debug\os_core.o
LOAD .\CortexM3\ARM_GCC_541\Debug\os_dbg.o
LOAD .\CortexM3\ARM_GCC_541\Debug\os_flag.o
LOAD .\CortexM3\ARM_GCC_541\Debug\os_int.o
LOAD .\CortexM3\ARM_GCC_541\Debug\os_mem.o
LOAD .\CortexM3\ARM_GCC_541\Debug\os_msg.o
LOAD .\CortexM3\ARM_GCC_541\Debug\os_mutex.o
LOAD .\CortexM3\ARM_GCC_541\Debug\max30102_interface.o
LOAD .\CortexM3\ARM_GCC_541\Debug\driver_max30102.o
LOAD .\CortexM3\ARM_GCC_541\Debug\bme68x.o
LOAD .\CortexM3\ARM_GCC_541\Debug\cyfitter_cfg.o
LOAD .\CortexM3\ARM_GCC_541\Debug\cymetadata.o
LOAD .\CortexM3\ARM_GCC_541\Debug\Cm3Start.o
LOAD .\CortexM3\ARM_GCC_541\Debug\cpu_a.o
LOAD .\CortexM3\ARM_GCC_541\Debug\os_cpu_a.o
LOAD .\CortexM3\ARM_GCC_541\Debug\esw_uCOS3_cykit.a
LOAD C:\Program Files (x86)\Cypress\PSoC Creator\4.4\PSoC Creator\psoc\content\cycomponentlibrary\CyComponentLibrary.cylib\CortexM3\ARM_GCC_541\Debug\CyComponentLibrary.a
END GROUP
START GROUP
LOAD c:/program files (x86)/cypress/psoc creator/4.4/psoc creator/import/gnu/arm/5.4.1/bin/../lib/gcc/arm-none-eabi/5.4.1/armv7-m\libgcc.a
LOAD c:/program files (x86)/cypress/psoc creator/4.4/psoc creator/import/gnu/arm/5.4.1/bin/../lib/gcc/arm-none-eabi/5.4.1/../../../../arm-none-eabi/lib/armv7-m\libg_nano.a
LOAD c:/program files (x86)/cypress/psoc creator/4.4/psoc creator/import/gnu/arm/5.4.1/bin/../lib/gcc/arm-none-eabi/5.4.1/../../../../arm-none-eabi/lib/armv7-m\libc_nano.a
END GROUP
START GROUP
LOAD c:/program files (x86)/cypress/psoc creator/4.4/psoc creator/import/gnu/arm/5.4.1/bin/../lib/gcc/arm-none-eabi/5.4.1/armv7-m\libgcc.a
LOAD c:/program files (x86)/cypress/psoc creator/4.4/psoc creator/import/gnu/arm/5.4.1/bin/../lib/gcc/arm-none-eabi/5.4.1/../../../../arm-none-eabi/lib/armv7-m\libc_nano.a
END GROUP
LOAD c:/program files (x86)/cypress/psoc creator/4.4/psoc creator/import/gnu/arm/5.4.1/bin/../lib/gcc/arm-none-eabi/5.4.1/armv7-m/crtend.o
LOAD c:/program files (x86)/cypress/psoc creator/4.4/psoc creator/import/gnu/arm/5.4.1/bin/../lib/gcc/arm-none-eabi/5.4.1/armv7-m/crtn.o
START GROUP
LOAD c:/program files (x86)/cypress/psoc creator/4.4/psoc creator/import/gnu/arm/5.4.1/bin/../lib/gcc/arm-none-eabi/5.4.1/armv7-m\libgcc.a
LOAD c:/program files (x86)/cypress/psoc creator/4.4/psoc creator/import/gnu/arm/5.4.1/bin/../lib/gcc/arm-none-eabi/5.4.1/../../../../arm-none-eabi/lib/armv7-m\libc.a
LOAD c:/program files (x86)/cypress/psoc creator/4.4/psoc creator/import/gnu/arm/5.4.1/bin/../lib/gcc/arm-none-eabi/5.4.1/../../../../arm-none-eabi/lib/armv7-m\libnosys.a
END GROUP
                0x00000000                CY_APPL_ORIGIN = 0x0
                0x00000100                CY_FLASH_ROW_SIZE = 0x100
                0x00000020                CY_ECC_ROW_SIZE = 0x20
                0x00000000                CY_EE_IN_BTLDR = 0x0
                0x00000000                CY_APPL_LOADABLE = 0x0
                0x00000800                CY_EE_SIZE = 0x800
                0x00000001                CY_APPL_NUM = 0x1
                0x00000001                CY_APPL_MAX = 0x1
                0x00000040                CY_METADATA_SIZE = 0x40
                0x00000000                CY_APPL_LOADABLE = 0x0
                0x00000000                CY_CHECKSUM_EXCLUDE_SIZE = ALIGN (0x0, CY_FLASH_ROW_SIZE)
                [!provide]                PROVIDE (__cy_heap_start, _end)
                0x00000001                PROVIDE (__cy_region_num, ((__cy_regions_end - __cy_regions) / 0x10))
                0x20008000                PROVIDE (__cy_stack, (ORIGIN (ram) + LENGTH (ram)))
                [!provide]                PROVIDE (__cy_heap_end, (__cy_stack - 0x800))

.cybootloader   0x00000000        0x0
 *(.cybootloader)
                0x00000000                appl1_start = CY_APPL_ORIGIN?CY_APPL_ORIGIN:ALIGN (CY_FLASH_ROW_SIZE)
                0x0001ff00                appl2_start = (appl1_start + ALIGN ((((LENGTH (rom) - appl1_start) - (0x2 * CY_FLASH_ROW_SIZE)) / 0x2), CY_FLASH_ROW_SIZE))
                0x00000000                appl_start = (CY_APPL_NUM == 0x1)?appl1_start:appl2_start
                0x00000000                ecc_offset = ((appl_start / CY_FLASH_ROW_SIZE) * CY_ECC_ROW_SIZE)
                0x00000000                ee_offset = (CY_APPL_LOADABLE && ! (CY_EE_IN_BTLDR))?((CY_EE_SIZE / CY_APPL_MAX) * (CY_APPL_NUM - 0x1)):0x0
                0x00000800                ee_size = (CY_APPL_LOADABLE && ! (CY_EE_IN_BTLDR))?(CY_EE_SIZE / CY_APPL_MAX):CY_EE_SIZE
                [!provide]                PROVIDE (CY_ECC_OFFSET, ecc_offset)

.text           0x00000000     0x7100
 CREATE_OBJECT_SYMBOLS
                0x00000000                PROVIDE (__cy_interrupt_vector, RomVectors)
 *(.romvectors)
 .romvectors    0x00000000       0x10 .\CortexM3\ARM_GCC_541\Debug\Cm3Start.o
                0x00000000                RomVectors
                0x00000001                ASSERT ((. != __cy_interrupt_vector), No interrupt vector)
                0x00000001                ASSERT (CY_APPL_ORIGIN?(SIZEOF (.cybootloader) <= CY_APPL_ORIGIN):0x1, Wrong image location)
                0x00000010                PROVIDE (__cy_reset, Reset)
 *(.text.Reset)
 .text.Reset    0x00000010       0x18 .\CortexM3\ARM_GCC_541\Debug\Cm3Start.o
                0x00000010                Reset
                0x00000001                ASSERT ((. != __cy_reset), No reset code)
 *(.dma_init)
                0x00000001                ASSERT ((((appl_start + .) <= 0x10000) || 0x1), DMA Init must be within the first 64k of flash)
 *(.text .text.* .gnu.linkonce.t.*)
 .text          0x00000028       0x5c c:/program files (x86)/cypress/psoc creator/4.4/psoc creator/import/gnu/arm/5.4.1/bin/../lib/gcc/arm-none-eabi/5.4.1/armv7-m/crtbegin.o
 .text.App_TaskStart
                0x00000084       0x68 .\CortexM3\ARM_GCC_541\Debug\app.o
 .text.main     0x000000ec       0x60 .\CortexM3\ARM_GCC_541\Debug\app.o
                0x000000ec                main
 .text.Log_LevelToString
                0x0000014c       0x7c .\CortexM3\ARM_GCC_541\Debug\log_task.o
 .text.Log_PrintErrorWithCode
                0x000001c8       0x2c .\CortexM3\ARM_GCC_541\Debug\log_task.o
 .text.Log_Task
                0x000001f4       0xe8 .\CortexM3\ARM_GCC_541\Debug\log_task.o
 .text.Log_Init
                0x000002dc       0x58 .\CortexM3\ARM_GCC_541\Debug\log_task.o
                0x000002dc                Log_Init
 .text.Log_Write
                0x00000334       0xbc .\CortexM3\ARM_GCC_541\Debug\log_task.o
                0x00000334                Log_Write
 .text.MAX30102_Init
                0x000003f0       0x78 .\CortexM3\ARM_GCC_541\Debug\heartbeatSensor.o
                0x000003f0                MAX30102_Init
 .text.averageDCEstimator
                0x00000468       0x14 .\CortexM3\ARM_GCC_541\Debug\heartbeatSensor.o
                0x00000468                averageDCEstimator
 .text.mul16    0x0000047c        0x8 .\CortexM3\ARM_GCC_541\Debug\heartbeatSensor.o
                0x0000047c                mul16
 .text.lowPassFIRFilter
                0x00000484       0x74 .\CortexM3\ARM_GCC_541\Debug\heartbeatSensor.o
                0x00000484                lowPassFIRFilter
 .text.max30102_Task
                0x000004f8      0x170 .\CortexM3\ARM_GCC_541\Debug\heartbeatSensor.o
 .text.bme688_Task
                0x00000668      0x1f0 .\CortexM3\ARM_GCC_541\Debug\environmentSensor.o
 .text.bsp_i2c_read_bme
                0x00000858       0x20 .\CortexM3\ARM_GCC_541\Debug\environmentSensor.o
                0x00000858                bsp_i2c_read_bme
 .text.bsp_i2c_write_bme
                0x00000878       0x20 .\CortexM3\ARM_GCC_541\Debug\environmentSensor.o
                0x00000878                bsp_i2c_write_bme
 .text.us_Delay
                0x00000898        0xc .\CortexM3\ARM_GCC_541\Debug\environmentSensor.o
                0x00000898                us_Delay
 .text.BME688_Init
                0x000008a4       0x78 .\CortexM3\ARM_GCC_541\Debug\environmentSensor.o
                0x000008a4                BME688_Init
 .text.BSP_PreInit
                0x0000091c       0x20 .\CortexM3\ARM_GCC_541\Debug\bsp.o
                0x0000091c                BSP_PreInit
 .text.BSP_PostInit
                0x0000093c        0xc .\CortexM3\ARM_GCC_541\Debug\bsp.o
                0x0000093c                BSP_PostInit
 .text.BSP_CPU_ClkFreq
                0x00000948        0x8 .\CortexM3\ARM_GCC_541\Debug\bsp.o
                0x00000948                BSP_CPU_ClkFreq
 .text.BSP_CPU_TickInit
                0x00000950       0x18 .\CortexM3\ARM_GCC_541\Debug\bsp.o
                0x00000950                BSP_CPU_TickInit
 .text.CPU_TS_TmrInit
                0x00000968       0x28 .\CortexM3\ARM_GCC_541\Debug\cpu_bsp.o
                0x00000968                CPU_TS_TmrInit
 .text.CPU_TS_TmrRd
                0x00000990        0xc .\CortexM3\ARM_GCC_541\Debug\cpu_bsp.o
                0x00000990                CPU_TS_TmrRd
 .text.init_uart
                0x0000099c        0x8 .\CortexM3\ARM_GCC_541\Debug\bsp_uart.o
                0x0000099c                init_uart
 .text.init_gpio
                0x000009a4       0x1c .\CortexM3\ARM_GCC_541\Debug\bsp_gpio.o
                0x000009a4                init_gpio
 .text.Timer_ISR
                0x000009c0       0x10 .\CortexM3\ARM_GCC_541\Debug\bsp_i2c.o
                0x000009c0                Timer_ISR
 .text.I2C_Init
                0x000009d0       0x50 .\CortexM3\ARM_GCC_541\Debug\bsp_i2c.o
                0x000009d0                I2C_Init
 .text.bsp_i2c_read
                0x00000a20       0xd0 .\CortexM3\ARM_GCC_541\Debug\bsp_i2c.o
                0x00000a20                bsp_i2c_read
 .text.bsp_i2c_write
                0x00000af0       0xa0 .\CortexM3\ARM_GCC_541\Debug\bsp_i2c.o
                0x00000af0                bsp_i2c_write
 .text.CPU_TS_Init
                0x00000b90       0x14 .\CortexM3\ARM_GCC_541\Debug\cpu_core.o
 .text.CPU_NameClr
                0x00000ba4       0x1c .\CortexM3\ARM_GCC_541\Debug\cpu_core.o
                0x00000ba4                CPU_NameClr
 .text.CPU_NameInit
                0x00000bc0        0x8 .\CortexM3\ARM_GCC_541\Debug\cpu_core.o
 .text.CPU_Init
                0x00000bc8        0xc .\CortexM3\ARM_GCC_541\Debug\cpu_core.o
                0x00000bc8                CPU_Init
 .text.CPU_TS_TmrFreqSet
                0x00000bd4        0xc .\CortexM3\ARM_GCC_541\Debug\cpu_core.o
                0x00000bd4                CPU_TS_TmrFreqSet
 .text.Mem_Set  0x00000be0       0x44 .\CortexM3\ARM_GCC_541\Debug\lib_mem.o
                0x00000be0                Mem_Set
 .text.Mem_Clr  0x00000c24        0xc .\CortexM3\ARM_GCC_541\Debug\lib_mem.o
                0x00000c24                Mem_Clr
 .text.OSIdleTaskHook
                0x00000c30       0x10 .\CortexM3\ARM_GCC_541\Debug\os_cpu_c.o
                0x00000c30                OSIdleTaskHook
 .text.OSInitHook
                0x00000c40       0x3c .\CortexM3\ARM_GCC_541\Debug\os_cpu_c.o
                0x00000c40                OSInitHook
 .text.OSStatTaskHook
                0x00000c7c       0x10 .\CortexM3\ARM_GCC_541\Debug\os_cpu_c.o
                0x00000c7c                OSStatTaskHook
 .text.OSTaskCreateHook
                0x00000c8c       0x10 .\CortexM3\ARM_GCC_541\Debug\os_cpu_c.o
                0x00000c8c                OSTaskCreateHook
 .text.OSTaskDelHook
                0x00000c9c       0x10 .\CortexM3\ARM_GCC_541\Debug\os_cpu_c.o
                0x00000c9c                OSTaskDelHook
 .text.OSTaskReturnHook
                0x00000cac       0x10 .\CortexM3\ARM_GCC_541\Debug\os_cpu_c.o
                0x00000cac                OSTaskReturnHook
 .text.OSTaskStkInit
                0x00000cbc       0x88 .\CortexM3\ARM_GCC_541\Debug\os_cpu_c.o
                0x00000cbc                OSTaskStkInit
 .text.OSTaskSwHook
                0x00000d44       0x40 .\CortexM3\ARM_GCC_541\Debug\os_cpu_c.o
                0x00000d44                OSTaskSwHook
 .text.OSTimeTickHook
                0x00000d84       0x10 .\CortexM3\ARM_GCC_541\Debug\os_cpu_c.o
                0x00000d84                OSTimeTickHook
 .text.OS_CPU_SysTickHandler
                0x00000d94       0x20 .\CortexM3\ARM_GCC_541\Debug\os_cpu_c.o
                0x00000d94                OS_CPU_SysTickHandler
 .text.OS_CPU_SysTickInit
                0x00000db4       0x30 .\CortexM3\ARM_GCC_541\Debug\os_cpu_c.o
                0x00000db4                OS_CPU_SysTickInit
 .text.OS_PrioInit
                0x00000de4       0x18 .\CortexM3\ARM_GCC_541\Debug\os_prio.o
                0x00000de4                OS_PrioInit
 .text.OS_PrioGetHighest
                0x00000dfc       0x24 .\CortexM3\ARM_GCC_541\Debug\os_prio.o
                0x00000dfc                OS_PrioGetHighest
 .text.OS_PrioInsert
                0x00000e20       0x24 .\CortexM3\ARM_GCC_541\Debug\os_prio.o
                0x00000e20                OS_PrioInsert
 .text.OS_PrioRemove
                0x00000e44       0x24 .\CortexM3\ARM_GCC_541\Debug\os_prio.o
                0x00000e44                OS_PrioRemove
 .text.OSQPend  0x00000e68      0x164 .\CortexM3\ARM_GCC_541\Debug\os_q.o
                0x00000e68                OSQPend
 .text.OS_QDbgListAdd
                0x00000fcc       0x24 .\CortexM3\ARM_GCC_541\Debug\os_q.o
                0x00000fcc                OS_QDbgListAdd
 .text.OSQCreate
                0x00000ff0       0x7c .\CortexM3\ARM_GCC_541\Debug\os_q.o
                0x00000ff0                OSQCreate
 .text.OS_QInit
                0x0000106c       0x18 .\CortexM3\ARM_GCC_541\Debug\os_q.o
                0x0000106c                OS_QInit
 .text.OS_QPost
                0x00001084       0x84 .\CortexM3\ARM_GCC_541\Debug\os_q.o
                0x00001084                OS_QPost
 .text.OSQPost  0x00001108       0x74 .\CortexM3\ARM_GCC_541\Debug\os_q.o
                0x00001108                OSQPost
 .text.OSSemPend
                0x0000117c      0x128 .\CortexM3\ARM_GCC_541\Debug\os_sem.o
                0x0000117c                OSSemPend
 .text.OS_SemDbgListAdd
                0x000012a4       0x24 .\CortexM3\ARM_GCC_541\Debug\os_sem.o
                0x000012a4                OS_SemDbgListAdd
 .text.OSSemCreate
                0x000012c8       0x68 .\CortexM3\ARM_GCC_541\Debug\os_sem.o
                0x000012c8                OSSemCreate
 .text.OS_SemInit
                0x00001330       0x18 .\CortexM3\ARM_GCC_541\Debug\os_sem.o
                0x00001330                OS_SemInit
 .text.OS_SemPost
                0x00001348       0x88 .\CortexM3\ARM_GCC_541\Debug\os_sem.o
                0x00001348                OS_SemPost
 .text.OSSemPost
                0x000013d0       0x48 .\CortexM3\ARM_GCC_541\Debug\os_sem.o
                0x000013d0                OSSemPost
 .text.OSStatReset
                0x00001418       0xb8 .\CortexM3\ARM_GCC_541\Debug\os_stat.o
                0x00001418                OSStatReset
 .text.OS_StatTask
                0x000014d0      0x230 .\CortexM3\ARM_GCC_541\Debug\os_stat.o
                0x000014d0                OS_StatTask
 .text.OS_StatTaskInit
                0x00001700       0xa8 .\CortexM3\ARM_GCC_541\Debug\os_stat.o
                0x00001700                OS_StatTaskInit
 .text.OSTaskSemPend
                0x000017a8      0x130 .\CortexM3\ARM_GCC_541\Debug\os_task.o
                0x000017a8                OSTaskSemPend
 .text.OSTaskStkChk
                0x000018d8       0x90 .\CortexM3\ARM_GCC_541\Debug\os_task.o
                0x000018d8                OSTaskStkChk
 .text.OS_TaskDbgListAdd
                0x00001968       0x24 .\CortexM3\ARM_GCC_541\Debug\os_task.o
                0x00001968                OS_TaskDbgListAdd
 .text.OS_TaskDbgListRemove
                0x0000198c       0x44 .\CortexM3\ARM_GCC_541\Debug\os_task.o
                0x0000198c                OS_TaskDbgListRemove
 .text.OS_TaskInit
                0x000019d0       0x20 .\CortexM3\ARM_GCC_541\Debug\os_task.o
                0x000019d0                OS_TaskInit
 .text.OS_TaskInitTCB
                0x000019f0       0xcc .\CortexM3\ARM_GCC_541\Debug\os_task.o
                0x000019f0                OS_TaskInitTCB
 .text.OSTaskCreate
                0x00001abc      0x1a8 .\CortexM3\ARM_GCC_541\Debug\os_task.o
                0x00001abc                OSTaskCreate
 .text.OSTaskDel
                0x00001c64       0xcc .\CortexM3\ARM_GCC_541\Debug\os_task.o
                0x00001c64                OSTaskDel
 .text.OS_TaskReturn
                0x00001d30       0x20 .\CortexM3\ARM_GCC_541\Debug\os_task.o
                0x00001d30                OS_TaskReturn
 .text.OS_TaskSemPost
                0x00001d50       0xc0 .\CortexM3\ARM_GCC_541\Debug\os_task.o
                0x00001d50                OS_TaskSemPost
 .text.OSTaskSemPost
                0x00001e10       0x2c .\CortexM3\ARM_GCC_541\Debug\os_task.o
                0x00001e10                OSTaskSemPost
 .text.OS_TickListInit
                0x00001e3c       0x2c .\CortexM3\ARM_GCC_541\Debug\os_tick.o
                0x00001e3c                OS_TickListInit
 .text.OS_TickTaskInit
                0x00001e68       0x98 .\CortexM3\ARM_GCC_541\Debug\os_tick.o
                0x00001e68                OS_TickTaskInit
 .text.OS_TickListInsert
                0x00001f00      0x120 .\CortexM3\ARM_GCC_541\Debug\os_tick.o
                0x00001f00                OS_TickListInsert
 .text.OS_TickListRemove
                0x00002020       0x38 .\CortexM3\ARM_GCC_541\Debug\os_tick.o
                0x00002020                OS_TickListRemove
 .text.OS_TickListResetPeak
                0x00002058       0x24 .\CortexM3\ARM_GCC_541\Debug\os_tick.o
                0x00002058                OS_TickListResetPeak
 .text.OS_TickListUpdate
                0x0000207c      0x144 .\CortexM3\ARM_GCC_541\Debug\os_tick.o
                0x0000207c                OS_TickListUpdate
 .text.OS_TickTask
                0x000021c0       0x2c .\CortexM3\ARM_GCC_541\Debug\os_tick.o
                0x000021c0                OS_TickTask
 .text.OSTimeDly
                0x000021ec       0x94 .\CortexM3\ARM_GCC_541\Debug\os_time.o
                0x000021ec                OSTimeDly
 .text.OSTimeDlyHMSM
                0x00002280      0x164 .\CortexM3\ARM_GCC_541\Debug\os_time.o
                0x00002280                OSTimeDlyHMSM
 .text.OSTimeTick
                0x000023e4       0x64 .\CortexM3\ARM_GCC_541\Debug\os_time.o
                0x000023e4                OSTimeTick
 .text.OS_TmrInit
                0x00002448      0x100 .\CortexM3\ARM_GCC_541\Debug\os_tmr.o
                0x00002448                OS_TmrInit
 .text.OS_TmrLink
                0x00002548       0xe8 .\CortexM3\ARM_GCC_541\Debug\os_tmr.o
                0x00002548                OS_TmrLink
 .text.OS_TmrResetPeak
                0x00002630       0x24 .\CortexM3\ARM_GCC_541\Debug\os_tmr.o
                0x00002630                OS_TmrResetPeak
 .text.OS_TmrUnlink
                0x00002654       0x58 .\CortexM3\ARM_GCC_541\Debug\os_tmr.o
                0x00002654                OS_TmrUnlink
 .text.OS_TmrTask
                0x000026ac       0xb0 .\CortexM3\ARM_GCC_541\Debug\os_tmr.o
                0x000026ac                OS_TmrTask
 .text.OSCfg_Init
                0x0000275c        0x4 .\CortexM3\ARM_GCC_541\Debug\os_cfg_app.o
                0x0000275c                OSCfg_Init
 .text.OS_IdleTask
                0x00002760       0x28 .\CortexM3\ARM_GCC_541\Debug\os_core.o
                0x00002760                OS_IdleTask
 .text.OSIntExit
                0x00002788       0xa8 .\CortexM3\ARM_GCC_541\Debug\os_core.o
                0x00002788                OSIntExit
 .text.OSSched  0x00002830       0x80 .\CortexM3\ARM_GCC_541\Debug\os_core.o
                0x00002830                OSSched
 .text.OSSchedLock
                0x000028b0       0x54 .\CortexM3\ARM_GCC_541\Debug\os_core.o
                0x000028b0                OSSchedLock
 .text.OSSchedUnlock
                0x00002904       0x68 .\CortexM3\ARM_GCC_541\Debug\os_core.o
                0x00002904                OSSchedUnlock
 .text.OSStart  0x0000296c       0x5c .\CortexM3\ARM_GCC_541\Debug\os_core.o
                0x0000296c                OSStart
 .text.OS_IdleTaskInit
                0x000029c8       0x58 .\CortexM3\ARM_GCC_541\Debug\os_core.o
                0x000029c8                OS_IdleTaskInit
 .text.OS_PendDataInit
                0x00002a20       0x28 .\CortexM3\ARM_GCC_541\Debug\os_core.o
                0x00002a20                OS_PendDataInit
 .text.OS_PendDbgNameAdd
                0x00002a48       0x44 .\CortexM3\ARM_GCC_541\Debug\os_core.o
                0x00002a48                OS_PendDbgNameAdd
 .text.OS_PendDbgNameRemove
                0x00002a8c       0x1c .\CortexM3\ARM_GCC_541\Debug\os_core.o
                0x00002a8c                OS_PendDbgNameRemove
 .text.OS_PendListInit
                0x00002aa8        0xc .\CortexM3\ARM_GCC_541\Debug\os_core.o
                0x00002aa8                OS_PendListInit
 .text.OS_PendListInsertPrio
                0x00002ab4       0x5c .\CortexM3\ARM_GCC_541\Debug\os_core.o
                0x00002ab4                OS_PendListInsertPrio
 .text.OS_PendListRemove1
                0x00002b10       0x38 .\CortexM3\ARM_GCC_541\Debug\os_core.o
                0x00002b10                OS_PendListRemove1
 .text.OS_PendListRemove
                0x00002b48       0x28 .\CortexM3\ARM_GCC_541\Debug\os_core.o
                0x00002b48                OS_PendListRemove
 .text.OS_Post1
                0x00002b70       0x28 .\CortexM3\ARM_GCC_541\Debug\os_core.o
                0x00002b70                OS_Post1
 .text.OS_RdyListInit
                0x00002b98       0x28 .\CortexM3\ARM_GCC_541\Debug\os_core.o
                0x00002b98                OS_RdyListInit
 .text.OSInit   0x00002bc0      0x154 .\CortexM3\ARM_GCC_541\Debug\os_core.o
                0x00002bc0                OSInit
 .text.OS_RdyListInsertHead
                0x00002d14       0x54 .\CortexM3\ARM_GCC_541\Debug\os_core.o
                0x00002d14                OS_RdyListInsertHead
 .text.OS_RdyListInsertTail
                0x00002d68       0x54 .\CortexM3\ARM_GCC_541\Debug\os_core.o
                0x00002d68                OS_RdyListInsertTail
 .text.OS_RdyListInsert
                0x00002dbc       0x2c .\CortexM3\ARM_GCC_541\Debug\os_core.o
                0x00002dbc                OS_RdyListInsert
 .text.OS_RdyListMoveHeadToTail
                0x00002de8       0x38 .\CortexM3\ARM_GCC_541\Debug\os_core.o
                0x00002de8                OS_RdyListMoveHeadToTail
 .text.OS_RdyListRemove
                0x00002e20       0x78 .\CortexM3\ARM_GCC_541\Debug\os_core.o
                0x00002e20                OS_RdyListRemove
 .text.OS_SchedRoundRobin
                0x00002e98       0x88 .\CortexM3\ARM_GCC_541\Debug\os_core.o
                0x00002e98                OS_SchedRoundRobin
 .text.OS_TaskBlock
                0x00002f20       0x3c .\CortexM3\ARM_GCC_541\Debug\os_core.o
                0x00002f20                OS_TaskBlock
 .text.OS_Pend  0x00002f5c       0x54 .\CortexM3\ARM_GCC_541\Debug\os_core.o
                0x00002f5c                OS_Pend
 .text.OS_TaskRdy
                0x00002fb0       0x1c .\CortexM3\ARM_GCC_541\Debug\os_core.o
                0x00002fb0                OS_TaskRdy
 .text.OS_Post  0x00002fcc       0xac .\CortexM3\ARM_GCC_541\Debug\os_core.o
                0x00002fcc                OS_Post
 .text.OS_Dbg_Init
                0x00003078        0x4 .\CortexM3\ARM_GCC_541\Debug\os_dbg.o
                0x00003078                OS_Dbg_Init
 .text.OS_FlagInit
                0x0000307c       0x18 .\CortexM3\ARM_GCC_541\Debug\os_flag.o
                0x0000307c                OS_FlagInit
 .text.OSMemGet
                0x00003094       0x3c .\CortexM3\ARM_GCC_541\Debug\os_mem.o
                0x00003094                OSMemGet
 .text.OSMemPut
                0x000030d0       0x4c .\CortexM3\ARM_GCC_541\Debug\os_mem.o
                0x000030d0                OSMemPut
 .text.OS_MemDbgListAdd
                0x0000311c       0x1c .\CortexM3\ARM_GCC_541\Debug\os_mem.o
                0x0000311c                OS_MemDbgListAdd
 .text.OSMemCreate
                0x00003138       0xe0 .\CortexM3\ARM_GCC_541\Debug\os_mem.o
                0x00003138                OSMemCreate
 .text.OS_MemInit
                0x00003218       0x18 .\CortexM3\ARM_GCC_541\Debug\os_mem.o
                0x00003218                OS_MemInit
 .text.OS_MsgPoolInit
                0x00003230       0x68 .\CortexM3\ARM_GCC_541\Debug\os_msg.o
                0x00003230                OS_MsgPoolInit
 .text.OS_MsgQFreeAll
                0x00003298       0x34 .\CortexM3\ARM_GCC_541\Debug\os_msg.o
                0x00003298                OS_MsgQFreeAll
 .text.OS_MsgQInit
                0x000032cc       0x10 .\CortexM3\ARM_GCC_541\Debug\os_msg.o
                0x000032cc                OS_MsgQInit
 .text.OS_MsgQGet
                0x000032dc       0x5c .\CortexM3\ARM_GCC_541\Debug\os_msg.o
                0x000032dc                OS_MsgQGet
 .text.OS_MsgQPut
                0x00003338       0x94 .\CortexM3\ARM_GCC_541\Debug\os_msg.o
                0x00003338                OS_MsgQPut
 .text.OS_MutexInit
                0x000033cc       0x18 .\CortexM3\ARM_GCC_541\Debug\os_mutex.o
                0x000033cc                OS_MutexInit
 .text.bsp_delay_ms
                0x000033e4       0x6c .\CortexM3\ARM_GCC_541\Debug\max30102_interface.o
                0x000033e4                bsp_delay_ms
 .text.bsp_i2c_deinit
                0x00003450       0x14 .\CortexM3\ARM_GCC_541\Debug\max30102_interface.o
 .text.bsp_i2c_init
                0x00003464       0x14 .\CortexM3\ARM_GCC_541\Debug\max30102_interface.o
 .text.bsp_debug_print
                0x00003478       0x28 .\CortexM3\ARM_GCC_541\Debug\max30102_interface.o
                0x00003478                bsp_debug_print
 .text.max30102_receive_callback
                0x000034a0       0x40 .\CortexM3\ARM_GCC_541\Debug\max30102_interface.o
                0x000034a0                max30102_receive_callback
 .text.max30102_sensor_init
                0x000034e0      0x1f8 .\CortexM3\ARM_GCC_541\Debug\max30102_interface.o
                0x000034e0                max30102_sensor_init
 .text.max30102_init
                0x000036d8      0x1ec .\CortexM3\ARM_GCC_541\Debug\driver_max30102.o
                0x000036d8                max30102_init
 .text.max30102_read
                0x000038c4      0x1f8 .\CortexM3\ARM_GCC_541\Debug\driver_max30102.o
                0x000038c4                max30102_read
 .text.max30102_set_interrupt
                0x00003abc       0xcc .\CortexM3\ARM_GCC_541\Debug\driver_max30102.o
                0x00003abc                max30102_set_interrupt
 .text.max30102_get_interrupt
                0x00003b88       0x84 .\CortexM3\ARM_GCC_541\Debug\driver_max30102.o
                0x00003b88                max30102_get_interrupt
 .text.max30102_set_fifo_sample_averaging
                0x00003c0c       0x68 .\CortexM3\ARM_GCC_541\Debug\driver_max30102.o
                0x00003c0c                max30102_set_fifo_sample_averaging
 .text.max30102_set_fifo_roll
                0x00003c74       0x68 .\CortexM3\ARM_GCC_541\Debug\driver_max30102.o
                0x00003c74                max30102_set_fifo_roll
 .text.max30102_set_mode
                0x00003cdc       0x64 .\CortexM3\ARM_GCC_541\Debug\driver_max30102.o
                0x00003cdc                max30102_set_mode
 .text.max30102_set_spo2_adc_range
                0x00003d40       0x68 .\CortexM3\ARM_GCC_541\Debug\driver_max30102.o
                0x00003d40                max30102_set_spo2_adc_range
 .text.max30102_set_spo2_sample_rate
                0x00003da8       0x68 .\CortexM3\ARM_GCC_541\Debug\driver_max30102.o
                0x00003da8                max30102_set_spo2_sample_rate
 .text.max30102_set_adc_resolution
                0x00003e10       0x64 .\CortexM3\ARM_GCC_541\Debug\driver_max30102.o
                0x00003e10                max30102_set_adc_resolution
 .text.max30102_set_led_red_pulse_amplitude
                0x00003e74       0x40 .\CortexM3\ARM_GCC_541\Debug\driver_max30102.o
                0x00003e74                max30102_set_led_red_pulse_amplitude
 .text.max30102_set_led_ir_pulse_amplitude
                0x00003eb4       0x40 .\CortexM3\ARM_GCC_541\Debug\driver_max30102.o
                0x00003eb4                max30102_set_led_ir_pulse_amplitude
 .text.max30102_set_slot
                0x00003ef4      0x150 .\CortexM3\ARM_GCC_541\Debug\driver_max30102.o
                0x00003ef4                max30102_set_slot
 .text.calc_temperature
                0x00004044       0x70 .\CortexM3\ARM_GCC_541\Debug\bme68x.o
 .text.calc_pressure
                0x000040b4       0xc4 .\CortexM3\ARM_GCC_541\Debug\bme68x.o
 .text.calc_humidity
                0x00004178       0xc4 .\CortexM3\ARM_GCC_541\Debug\bme68x.o
 .text.calc_gas_resistance_low
                0x0000423c       0xac .\CortexM3\ARM_GCC_541\Debug\bme68x.o
 .text.calc_gas_resistance_high
                0x000042e8       0x28 .\CortexM3\ARM_GCC_541\Debug\bme68x.o
 .text.calc_res_heat
                0x00004310       0xb0 .\CortexM3\ARM_GCC_541\Debug\bme68x.o
 .text.calc_gas_wait
                0x000043c0       0x24 .\CortexM3\ARM_GCC_541\Debug\bme68x.o
 .text.null_ptr_check
                0x000043e4       0x2c .\CortexM3\ARM_GCC_541\Debug\bme68x.o
 .text.set_mem_page
                0x00004410       0x70 .\CortexM3\ARM_GCC_541\Debug\bme68x.o
 .text.get_mem_page
                0x00004480       0x38 .\CortexM3\ARM_GCC_541\Debug\bme68x.o
 .text.boundary_check
                0x000044b8       0x34 .\CortexM3\ARM_GCC_541\Debug\bme68x.o
 .text.calc_heatr_dur_shared
                0x000044ec       0x44 .\CortexM3\ARM_GCC_541\Debug\bme68x.o
 .text.swap_fields
                0x00004530       0x18 .\CortexM3\ARM_GCC_541\Debug\bme68x.o
 .text.sort_sensor_data
                0x00004548       0x44 .\CortexM3\ARM_GCC_541\Debug\bme68x.o
 .text.analyze_sensor_data
                0x0000458c       0x8c .\CortexM3\ARM_GCC_541\Debug\bme68x.o
 .text.bme68x_set_regs
                0x00004618       0xcc .\CortexM3\ARM_GCC_541\Debug\bme68x.o
                0x00004618                bme68x_set_regs
 .text.set_conf
                0x000046e4      0x1a4 .\CortexM3\ARM_GCC_541\Debug\bme68x.o
 .text.bme68x_get_regs
                0x00004888       0x58 .\CortexM3\ARM_GCC_541\Debug\bme68x.o
                0x00004888                bme68x_get_regs
 .text.read_variant_id
                0x000048e0       0x28 .\CortexM3\ARM_GCC_541\Debug\bme68x.o
 .text.get_calib_data
                0x00004908      0x154 .\CortexM3\ARM_GCC_541\Debug\bme68x.o
 .text.read_field_data
                0x00004a5c      0x198 .\CortexM3\ARM_GCC_541\Debug\bme68x.o
 .text.read_all_field_data
                0x00004bf4      0x244 .\CortexM3\ARM_GCC_541\Debug\bme68x.o
 .text.bme68x_soft_reset
                0x00004e38       0x58 .\CortexM3\ARM_GCC_541\Debug\bme68x.o
                0x00004e38                bme68x_soft_reset
 .text.bme68x_init
                0x00004e90       0x3c .\CortexM3\ARM_GCC_541\Debug\bme68x.o
                0x00004e90                bme68x_init
 .text.bme68x_get_conf
                0x00004ecc       0x58 .\CortexM3\ARM_GCC_541\Debug\bme68x.o
                0x00004ecc                bme68x_get_conf
 .text.bme68x_set_op_mode
                0x00004f24       0x80 .\CortexM3\ARM_GCC_541\Debug\bme68x.o
                0x00004f24                bme68x_set_op_mode
 .text.bme68x_get_op_mode
                0x00004fa4       0x2c .\CortexM3\ARM_GCC_541\Debug\bme68x.o
                0x00004fa4                bme68x_get_op_mode
 .text.bme68x_set_conf
                0x00004fd0      0x140 .\CortexM3\ARM_GCC_541\Debug\bme68x.o
                0x00004fd0                bme68x_set_conf
 .text.bme68x_get_meas_dur
                0x00005110       0x8c .\CortexM3\ARM_GCC_541\Debug\bme68x.o
                0x00005110                bme68x_get_meas_dur
 .text.bme68x_get_data
                0x0000519c      0x14c .\CortexM3\ARM_GCC_541\Debug\bme68x.o
                0x0000519c                bme68x_get_data
 .text.bme68x_set_heatr_conf
                0x000052e8       0xb4 .\CortexM3\ARM_GCC_541\Debug\bme68x.o
                0x000052e8                bme68x_set_heatr_conf
 .text.bme68x_get_heatr_conf
                0x0000539c       0x94 .\CortexM3\ARM_GCC_541\Debug\bme68x.o
                0x0000539c                bme68x_get_heatr_conf
 .text.bme68x_selftest_check
                0x00005430      0x154 .\CortexM3\ARM_GCC_541\Debug\bme68x.o
                0x00005430                bme68x_selftest_check
 .text.CyClockStartupError
                0x00005584        0x4 .\CortexM3\ARM_GCC_541\Debug\cyfitter_cfg.o
 .text.cfg_write_bytes32
                0x00005588       0x34 .\CortexM3\ARM_GCC_541\Debug\cyfitter_cfg.o
 .text.AnalogSetDefault
                0x000055bc       0x28 .\CortexM3\ARM_GCC_541\Debug\cyfitter_cfg.o
 .text.CYMEMZERO
                0x000055e4        0xc .\CortexM3\ARM_GCC_541\Debug\cyfitter_cfg.o
 .text.ClockSetup
                0x000055f0       0xc4 .\CortexM3\ARM_GCC_541\Debug\cyfitter_cfg.o
 .text.CYCONFIGCPY
                0x000056b4        0x8 .\CortexM3\ARM_GCC_541\Debug\cyfitter_cfg.o
 .text.cyfitter_cfg
                0x000056bc      0x13c .\CortexM3\ARM_GCC_541\Debug\cyfitter_cfg.o
                0x000056bc                cyfitter_cfg
 .text.IntDefaultHandler
                0x000057f8       0x10 .\CortexM3\ARM_GCC_541\Debug\Cm3Start.o
                0x000057f8                IntDefaultHandler
 .text._sbrk    0x00005808       0x30 .\CortexM3\ARM_GCC_541\Debug\Cm3Start.o
                0x00005808                _sbrk
 .text.Start_c  0x00005838       0x4c .\CortexM3\ARM_GCC_541\Debug\Cm3Start.o
                0x00005838                Start_c
 .text.initialize_psoc
                0x00005884       0x6c .\CortexM3\ARM_GCC_541\Debug\Cm3Start.o
                0x00005884                initialize_psoc
 .text          0x000058f0       0x34 .\CortexM3\ARM_GCC_541\Debug\cpu_a.o
                0x000058f0                CPU_IntDis
                0x000058f4                CPU_IntEn
                0x000058f8                CPU_SR_Save
                0x00005900                CPU_SR_Restore
                0x00005906                CPU_WaitForInt
                0x0000590a                CPU_WaitForExcept
                0x0000590e                CPU_CntLeadZeros
                0x00005914                CPU_CntTrailZeros
                0x0000591e                CPU_RevBits
 .text          0x00005924       0x84 .\CortexM3\ARM_GCC_541\Debug\os_cpu_a.o
                0x00005924                OSStartHighRdy
                0x00005944                OS_CPU_PendSVHandler
 .text.UART_1_Init
                0x000059a8       0x5c .\CortexM3\ARM_GCC_541\Debug\esw_uCOS3_cykit.a(UART_1.o)
                0x000059a8                UART_1_Init
 .text.UART_1_Enable
                0x00005a04       0x50 .\CortexM3\ARM_GCC_541\Debug\esw_uCOS3_cykit.a(UART_1.o)
                0x00005a04                UART_1_Enable
 .text.UART_1_Start
                0x00005a54       0x1c .\CortexM3\ARM_GCC_541\Debug\esw_uCOS3_cykit.a(UART_1.o)
                0x00005a54                UART_1_Start
 .text.UART_1_PutChar
                0x00005a70       0x70 .\CortexM3\ARM_GCC_541\Debug\esw_uCOS3_cykit.a(UART_1.o)
                0x00005a70                UART_1_PutChar
 .text.UART_1_PutString
                0x00005ae0       0x24 .\CortexM3\ARM_GCC_541\Debug\esw_uCOS3_cykit.a(UART_1.o)
                0x00005ae0                UART_1_PutString
 .text.UART_1_RXISR
                0x00005b04       0x98 .\CortexM3\ARM_GCC_541\Debug\esw_uCOS3_cykit.a(UART_1_INT.o)
                0x00005b04                UART_1_RXISR
 .text.UART_1_TXISR
                0x00005b9c       0x58 .\CortexM3\ARM_GCC_541\Debug\esw_uCOS3_cykit.a(UART_1_INT.o)
                0x00005b9c                UART_1_TXISR
 .text.Pin_1_SetDriveMode
                0x00005bf4       0x18 .\CortexM3\ARM_GCC_541\Debug\esw_uCOS3_cykit.a(Pin_1.o)
                0x00005bf4                Pin_1_SetDriveMode
 .text.UART_1_IntClock_Start
                0x00005c0c       0x1c .\CortexM3\ARM_GCC_541\Debug\esw_uCOS3_cykit.a(UART_1_IntClock.o)
                0x00005c0c                UART_1_IntClock_Start
 .text.CyDmacConfigure
                0x00005c28       0x34 .\CortexM3\ARM_GCC_541\Debug\esw_uCOS3_cykit.a(CyDmac.o)
                0x00005c28                CyDmacConfigure
 .text.CyHalt   0x00005c5c        0x4 .\CortexM3\ARM_GCC_541\Debug\esw_uCOS3_cykit.a(CyLib.o)
                0x00005c5c                CyHalt
 .text.CyDelayUs
                0x00005c60       0x14 .\CortexM3\ARM_GCC_541\Debug\esw_uCOS3_cykit.a(CyLib.o)
                0x00005c60                CyDelayUs
 .text.CyIntSetVector
                0x00005c74       0x28 .\CortexM3\ARM_GCC_541\Debug\esw_uCOS3_cykit.a(CyLib.o)
                0x00005c74                CyIntSetVector
 .text.CyIntSetPriority
                0x00005c9c       0x30 .\CortexM3\ARM_GCC_541\Debug\esw_uCOS3_cykit.a(CyLib.o)
                0x00005c9c                CyIntSetPriority
 .text.Pin_2_SetDriveMode
                0x00005ccc       0x24 .\CortexM3\ARM_GCC_541\Debug\esw_uCOS3_cykit.a(Pin_2.o)
                0x00005ccc                Pin_2_SetDriveMode
 .text.push_button_Write
                0x00005cf0       0x18 .\CortexM3\ARM_GCC_541\Debug\esw_uCOS3_cykit.a(push_button.o)
                0x00005cf0                push_button_Write
 .text.push_button_SetDriveMode
                0x00005d08       0x18 .\CortexM3\ARM_GCC_541\Debug\esw_uCOS3_cykit.a(push_button.o)
                0x00005d08                push_button_SetDriveMode
 .text.I2C_1_Init
                0x00005d20       0x68 .\CortexM3\ARM_GCC_541\Debug\esw_uCOS3_cykit.a(I2C_1.o)
                0x00005d20                I2C_1_Init
 .text.I2C_1_Enable
                0x00005d88       0x24 .\CortexM3\ARM_GCC_541\Debug\esw_uCOS3_cykit.a(I2C_1.o)
                0x00005d88                I2C_1_Enable
 .text.I2C_1_Start
                0x00005dac       0x28 .\CortexM3\ARM_GCC_541\Debug\esw_uCOS3_cykit.a(I2C_1.o)
                0x00005dac                I2C_1_Start
 .text.I2C_1_ISR
                0x00005dd4      0x2d0 .\CortexM3\ARM_GCC_541\Debug\esw_uCOS3_cykit.a(I2C_1_INT.o)
                0x00005dd4                I2C_1_ISR
 .text.I2C_1_MasterSendStart
                0x000060a4       0x80 .\CortexM3\ARM_GCC_541\Debug\esw_uCOS3_cykit.a(I2C_1_MASTER.o)
                0x000060a4                I2C_1_MasterSendStart
 .text.I2C_1_MasterSendRestart
                0x00006124       0x6c .\CortexM3\ARM_GCC_541\Debug\esw_uCOS3_cykit.a(I2C_1_MASTER.o)
                0x00006124                I2C_1_MasterSendRestart
 .text.I2C_1_MasterSendStop
                0x00006190       0x38 .\CortexM3\ARM_GCC_541\Debug\esw_uCOS3_cykit.a(I2C_1_MASTER.o)
                0x00006190                I2C_1_MasterSendStop
 .text.I2C_1_MasterWriteByte
                0x000061c8       0x58 .\CortexM3\ARM_GCC_541\Debug\esw_uCOS3_cykit.a(I2C_1_MASTER.o)
                0x000061c8                I2C_1_MasterWriteByte
 .text.I2C_1_MasterReadByte
                0x00006220       0x58 .\CortexM3\ARM_GCC_541\Debug\esw_uCOS3_cykit.a(I2C_1_MASTER.o)
                0x00006220                I2C_1_MasterReadByte
 .text.Timer_1_Enable
                0x00006278       0x28 .\CortexM3\ARM_GCC_541\Debug\esw_uCOS3_cykit.a(Timer_1.o)
                0x00006278                Timer_1_Enable
 .text.Timer_1_SetInterruptMode
                0x000062a0        0xc .\CortexM3\ARM_GCC_541\Debug\esw_uCOS3_cykit.a(Timer_1.o)
                0x000062a0                Timer_1_SetInterruptMode
 .text.Timer_1_WritePeriod
                0x000062ac        0xc .\CortexM3\ARM_GCC_541\Debug\esw_uCOS3_cykit.a(Timer_1.o)
                0x000062ac                Timer_1_WritePeriod
 .text.Timer_1_WriteCounter
                0x000062b8        0xc .\CortexM3\ARM_GCC_541\Debug\esw_uCOS3_cykit.a(Timer_1.o)
                0x000062b8                Timer_1_WriteCounter
 .text.Timer_1_Init
                0x000062c4       0x68 .\CortexM3\ARM_GCC_541\Debug\esw_uCOS3_cykit.a(Timer_1.o)
                0x000062c4                Timer_1_Init
 .text.Timer_1_Start
                0x0000632c       0x1c .\CortexM3\ARM_GCC_541\Debug\esw_uCOS3_cykit.a(Timer_1.o)
                0x0000632c                Timer_1_Start
 .text.Timer_ISR_SetVector
                0x00006348        0xc .\CortexM3\ARM_GCC_541\Debug\esw_uCOS3_cykit.a(Timer_ISR.o)
                0x00006348                Timer_ISR_SetVector
 .text.Timer_ISR_SetPriority
                0x00006354       0x10 .\CortexM3\ARM_GCC_541\Debug\esw_uCOS3_cykit.a(Timer_ISR.o)
                0x00006354                Timer_ISR_SetPriority
 .text.Timer_ISR_Enable
                0x00006364        0xc .\CortexM3\ARM_GCC_541\Debug\esw_uCOS3_cykit.a(Timer_ISR.o)
                0x00006364                Timer_ISR_Enable
 .text.Timer_ISR_Disable
                0x00006370        0xc .\CortexM3\ARM_GCC_541\Debug\esw_uCOS3_cykit.a(Timer_ISR.o)
                0x00006370                Timer_ISR_Disable
 .text.Timer_ISR_StartEx
                0x0000637c       0x1c .\CortexM3\ARM_GCC_541\Debug\esw_uCOS3_cykit.a(Timer_ISR.o)
                0x0000637c                Timer_ISR_StartEx
 .text.Clock_1_Start
                0x00006398       0x1c .\CortexM3\ARM_GCC_541\Debug\esw_uCOS3_cykit.a(Clock_1.o)
                0x00006398                Clock_1_Start
 *fill*         0x000063b4        0x4 
 .text          0x000063b8       0x20 .\CortexM3\ARM_GCC_541\Debug\esw_uCOS3_cykit.a(CyBootAsmGnu.o)
                0x000063b8                CyDelayCycles
                0x000063c8                CyEnterCriticalSection
                0x000063d0                CyExitCriticalSection
 .text          0x000063d8       0xa0 c:/program files (x86)/cypress/psoc creator/4.4/psoc creator/import/gnu/arm/5.4.1/bin/../lib/gcc/arm-none-eabi/5.4.1/armv7-m\libgcc.a(_aeabi_ldivmod.o)
                0x000063d8                __aeabi_ldivmod
 .text          0x00006478      0x2ec c:/program files (x86)/cypress/psoc creator/4.4/psoc creator/import/gnu/arm/5.4.1/bin/../lib/gcc/arm-none-eabi/5.4.1/armv7-m\libgcc.a(_udivmoddi4.o)
                0x00006478                __udivmoddi4
 .text          0x00006764        0x4 c:/program files (x86)/cypress/psoc creator/4.4/psoc creator/import/gnu/arm/5.4.1/bin/../lib/gcc/arm-none-eabi/5.4.1/armv7-m\libgcc.a(_dvmd_tls.o)
                0x00006764                __aeabi_idiv0
                0x00006764                __aeabi_ldiv0
 .text.__errno  0x00006768        0xc c:/program files (x86)/cypress/psoc creator/4.4/psoc creator/import/gnu/arm/5.4.1/bin/../lib/gcc/arm-none-eabi/5.4.1/../../../../arm-none-eabi/lib/armv7-m\libg_nano.a(lib_a-errno.o)
                0x00006768                __errno
 .text.__libc_init_array
                0x00006774       0x4c c:/program files (x86)/cypress/psoc creator/4.4/psoc creator/import/gnu/arm/5.4.1/bin/../lib/gcc/arm-none-eabi/5.4.1/../../../../arm-none-eabi/lib/armv7-m\libg_nano.a(lib_a-init.o)
                0x00006774                __libc_init_array
 .text.memcmp   0x000067c0       0x1e c:/program files (x86)/cypress/psoc creator/4.4/psoc creator/import/gnu/arm/5.4.1/bin/../lib/gcc/arm-none-eabi/5.4.1/../../../../arm-none-eabi/lib/armv7-m\libg_nano.a(lib_a-memcmp.o)
                0x000067c0                memcmp
 .text.memcpy   0x000067de       0x16 c:/program files (x86)/cypress/psoc creator/4.4/psoc creator/import/gnu/arm/5.4.1/bin/../lib/gcc/arm-none-eabi/5.4.1/../../../../arm-none-eabi/lib/armv7-m\libg_nano.a(lib_a-memcpy-stub.o)
                0x000067de                memcpy
 .text.memset   0x000067f4       0x10 c:/program files (x86)/cypress/psoc creator/4.4/psoc creator/import/gnu/arm/5.4.1/bin/../lib/gcc/arm-none-eabi/5.4.1/../../../../arm-none-eabi/lib/armv7-m\libg_nano.a(lib_a-memset.o)
                0x000067f4                memset
 .text.snprintf
                0x00006804       0x64 c:/program files (x86)/cypress/psoc creator/4.4/psoc creator/import/gnu/arm/5.4.1/bin/../lib/gcc/arm-none-eabi/5.4.1/../../../../arm-none-eabi/lib/armv7-m\libg_nano.a(lib_a-snprintf.o)
                0x00006804                sniprintf
                0x00006804                snprintf
 .text.strncpy  0x00006868       0x26 c:/program files (x86)/cypress/psoc creator/4.4/psoc creator/import/gnu/arm/5.4.1/bin/../lib/gcc/arm-none-eabi/5.4.1/../../../../arm-none-eabi/lib/armv7-m\libg_nano.a(lib_a-strncpy.o)
                0x00006868                strncpy
 .text._vsnprintf_r
                0x0000688e       0x56 c:/program files (x86)/cypress/psoc creator/4.4/psoc creator/import/gnu/arm/5.4.1/bin/../lib/gcc/arm-none-eabi/5.4.1/../../../../arm-none-eabi/lib/armv7-m\libg_nano.a(lib_a-vsnprintf.o)
                0x0000688e                _vsniprintf_r
                0x0000688e                _vsnprintf_r
 .text.vsnprintf
                0x000068e4       0x1c c:/program files (x86)/cypress/psoc creator/4.4/psoc creator/import/gnu/arm/5.4.1/bin/../lib/gcc/arm-none-eabi/5.4.1/../../../../arm-none-eabi/lib/armv7-m\libg_nano.a(lib_a-vsnprintf.o)
                0x000068e4                vsniprintf
                0x000068e4                vsnprintf
 .text.__ssputs_r
                0x00006900       0xb2 c:/program files (x86)/cypress/psoc creator/4.4/psoc creator/import/gnu/arm/5.4.1/bin/../lib/gcc/arm-none-eabi/5.4.1/../../../../arm-none-eabi/lib/armv7-m\libg_nano.a(lib_a-nano-svfprintf.o)
                0x00006900                __ssputs_r
 *fill*         0x000069b2        0x2 
 .text._svfprintf_r
                0x000069b4      0x1e8 c:/program files (x86)/cypress/psoc creator/4.4/psoc creator/import/gnu/arm/5.4.1/bin/../lib/gcc/arm-none-eabi/5.4.1/../../../../arm-none-eabi/lib/armv7-m\libg_nano.a(lib_a-nano-svfprintf.o)
                0x000069b4                _svfiprintf_r
                0x000069b4                _svfprintf_r
 .text._printf_common
                0x00006b9c       0xec c:/program files (x86)/cypress/psoc creator/4.4/psoc creator/import/gnu/arm/5.4.1/bin/../lib/gcc/arm-none-eabi/5.4.1/../../../../arm-none-eabi/lib/armv7-m\libg_nano.a(lib_a-nano-vfprintf_i.o)
                0x00006b9c                _printf_common
 .text._printf_i
                0x00006c88      0x24c c:/program files (x86)/cypress/psoc creator/4.4/psoc creator/import/gnu/arm/5.4.1/bin/../lib/gcc/arm-none-eabi/5.4.1/../../../../arm-none-eabi/lib/armv7-m\libg_nano.a(lib_a-nano-vfprintf_i.o)
                0x00006c88                _printf_i
 .text.memchr   0x00006ed4       0x1c c:/program files (x86)/cypress/psoc creator/4.4/psoc creator/import/gnu/arm/5.4.1/bin/../lib/gcc/arm-none-eabi/5.4.1/../../../../arm-none-eabi/lib/armv7-m\libg_nano.a(lib_a-memchr-stub.o)
                0x00006ed4                memchr
 .text.memmove  0x00006ef0       0x36 c:/program files (x86)/cypress/psoc creator/4.4/psoc creator/import/gnu/arm/5.4.1/bin/../lib/gcc/arm-none-eabi/5.4.1/../../../../arm-none-eabi/lib/armv7-m\libg_nano.a(lib_a-memmove.o)
                0x00006ef0                memmove
 *fill*         0x00006f26        0x2 
 .text._free_r  0x00006f28       0x98 c:/program files (x86)/cypress/psoc creator/4.4/psoc creator/import/gnu/arm/5.4.1/bin/../lib/gcc/arm-none-eabi/5.4.1/../../../../arm-none-eabi/lib/armv7-m\libg_nano.a(lib_a-nano-freer.o)
                0x00006f28                _free_r
 .text._malloc_r
                0x00006fc0       0xbc c:/program files (x86)/cypress/psoc creator/4.4/psoc creator/import/gnu/arm/5.4.1/bin/../lib/gcc/arm-none-eabi/5.4.1/../../../../arm-none-eabi/lib/armv7-m\libg_nano.a(lib_a-nano-mallocr.o)
                0x00006fc0                _malloc_r
 .text._realloc_r
                0x0000707c       0x4c c:/program files (x86)/cypress/psoc creator/4.4/psoc creator/import/gnu/arm/5.4.1/bin/../lib/gcc/arm-none-eabi/5.4.1/../../../../arm-none-eabi/lib/armv7-m\libg_nano.a(lib_a-nano-reallocr.o)
                0x0000707c                _realloc_r
 .text._sbrk_r  0x000070c8       0x20 c:/program files (x86)/cypress/psoc creator/4.4/psoc creator/import/gnu/arm/5.4.1/bin/../lib/gcc/arm-none-eabi/5.4.1/../../../../arm-none-eabi/lib/armv7-m\libg_nano.a(lib_a-sbrkr.o)
                0x000070c8                _sbrk_r
 .text.__malloc_lock
                0x000070e8        0x2 c:/program files (x86)/cypress/psoc creator/4.4/psoc creator/import/gnu/arm/5.4.1/bin/../lib/gcc/arm-none-eabi/5.4.1/../../../../arm-none-eabi/lib/armv7-m\libg_nano.a(lib_a-mlock.o)
                0x000070e8                __malloc_lock
 .text.__malloc_unlock
                0x000070ea        0x2 c:/program files (x86)/cypress/psoc creator/4.4/psoc creator/import/gnu/arm/5.4.1/bin/../lib/gcc/arm-none-eabi/5.4.1/../../../../arm-none-eabi/lib/armv7-m\libg_nano.a(lib_a-mlock.o)
                0x000070ea                __malloc_unlock
 .text._malloc_usable_size_r
                0x000070ec       0x14 c:/program files (x86)/cypress/psoc creator/4.4/psoc creator/import/gnu/arm/5.4.1/bin/../lib/gcc/arm-none-eabi/5.4.1/../../../../arm-none-eabi/lib/armv7-m\libg_nano.a(lib_a-nano-msizer.o)
                0x000070ec                _malloc_usable_size_r
 *(.plt)
 *(.gnu.warning)
 *(.glue_7t)
 .glue_7t       0x00007100        0x0 linker stubs
 *(.glue_7)
 .glue_7        0x00007100        0x0 linker stubs
 *(.vfp11_veneer)
 .vfp11_veneer  0x00007100        0x0 linker stubs
 *(.bootloader)
 *(.ARM.extab* .gnu.linkonce.armextab.*)
 *(.gcc_except_table)

.v4_bx          0x00007100        0x0
 .v4_bx         0x00007100        0x0 linker stubs

.iplt           0x00007100        0x0
 .iplt          0x00007100        0x0 c:/program files (x86)/cypress/psoc creator/4.4/psoc creator/import/gnu/arm/5.4.1/bin/../lib/gcc/arm-none-eabi/5.4.1/armv7-m/crtbegin.o

.eh_frame_hdr
 *(.eh_frame_hdr)

.eh_frame       0x00007100        0x4
 *(.eh_frame)
 .eh_frame      0x00007100        0x0 c:/program files (x86)/cypress/psoc creator/4.4/psoc creator/import/gnu/arm/5.4.1/bin/../lib/gcc/arm-none-eabi/5.4.1/armv7-m/crtbegin.o
 .eh_frame      0x00007100        0x4 c:/program files (x86)/cypress/psoc creator/4.4/psoc creator/import/gnu/arm/5.4.1/bin/../lib/gcc/arm-none-eabi/5.4.1/armv7-m/crtend.o
                [!provide]                PROVIDE (__exidx_start, .)

.ARM.exidx      0x00007104        0x8
 *(.ARM.exidx* .gnu.linkonce.armexidx.*)
 .ARM.exidx     0x00007104        0x8 c:/program files (x86)/cypress/psoc creator/4.4/psoc creator/import/gnu/arm/5.4.1/bin/../lib/gcc/arm-none-eabi/5.4.1/armv7-m\libgcc.a(_udivmoddi4.o)
                0x0000710c                __exidx_end = .

.rodata         0x0000710c     0x16d4
 *(.rodata .rodata.* .gnu.linkonce.r.*)
 .rodata.str1.4
                0x0000710c       0x4e .\CortexM3\ARM_GCC_541\Debug\app.o
 *fill*         0x0000715a        0x2 
 .rodata.str1.4
                0x0000715c      0x203 .\CortexM3\ARM_GCC_541\Debug\log_task.o
                                0x207 (size before relaxing)
 *fill*         0x0000735f        0x1 
 .rodata        0x00007360       0x18 .\CortexM3\ARM_GCC_541\Debug\heartbeatSensor.o
 .rodata.str1.4
                0x00007378      0x10b .\CortexM3\ARM_GCC_541\Debug\heartbeatSensor.o
 *fill*         0x00007483        0x1 
 .rodata.str1.4
                0x00007484      0x21b .\CortexM3\ARM_GCC_541\Debug\environmentSensor.o
 *fill*         0x0000769f        0x1 
 .rodata.str1.4
                0x000076a0      0x116 .\CortexM3\ARM_GCC_541\Debug\bsp_i2c.o
 *fill*         0x000077b6        0x2 
 .rodata.str1.4
                0x000077b8        0x6 .\CortexM3\ARM_GCC_541\Debug\os_q.o
 *fill*         0x000077be        0x2 
 .rodata.str1.4
                0x000077c0        0x5 .\CortexM3\ARM_GCC_541\Debug\os_sem.o
                                  0xa (size before relaxing)
 *fill*         0x000077c5        0x3 
 .rodata.str1.4
                0x000077c8       0x14 .\CortexM3\ARM_GCC_541\Debug\os_stat.o
 .rodata.str1.4
                0x000077dc        0x6 .\CortexM3\ARM_GCC_541\Debug\os_task.o
                                  0xa (size before relaxing)
 *fill*         0x000077e2        0x2 
 .rodata.str1.4
                0x000077e4       0x14 .\CortexM3\ARM_GCC_541\Debug\os_tick.o
 .rodata.str1.4
                0x000077f8       0x1d .\CortexM3\ARM_GCC_541\Debug\os_tmr.o
 *fill*         0x00007815        0x3 
 .rodata        0x00007818       0xa4 .\CortexM3\ARM_GCC_541\Debug\os_cfg_app.o
                0x00007818                OSCfg_DataSizeRAM
                0x0000781c                OSCfg_TmrWheelSizeRAM
                0x00007820                OSCfg_TmrWheelSize
                0x00007824                OSCfg_TmrTaskStkSizeRAM
                0x00007828                OSCfg_TmrTaskStkSize
                0x0000782c                OSCfg_TmrTaskStkLimit
                0x00007830                OSCfg_TmrTaskStkBasePtr
                0x00007834                OSCfg_TmrTaskRate_Hz
                0x00007838                OSCfg_TmrTaskPrio
                0x0000783c                OSCfg_TickWheelSizeRAM
                0x00007840                OSCfg_TickWheelSize
                0x00007844                OSCfg_TickTaskStkSizeRAM
                0x00007848                OSCfg_TickTaskStkSize
                0x0000784c                OSCfg_TickTaskStkLimit
                0x00007850                OSCfg_TickTaskStkBasePtr
                0x00007854                OSCfg_TickTaskPrio
                0x00007858                OSCfg_TickRate_Hz
                0x0000785c                OSCfg_StkSizeMin
                0x00007860                OSCfg_StatTaskStkSizeRAM
                0x00007864                OSCfg_StatTaskStkSize
                0x00007868                OSCfg_StatTaskStkLimit
                0x0000786c                OSCfg_StatTaskStkBasePtr
                0x00007870                OSCfg_StatTaskRate_Hz
                0x00007874                OSCfg_StatTaskPrio
                0x00007878                OSCfg_MsgPoolBasePtr
                0x0000787c                OSCfg_MsgPoolSizeRAM
                0x00007880                OSCfg_MsgPoolSize
                0x00007884                OSCfg_ISRStkSizeRAM
                0x00007888                OSCfg_ISRStkSize
                0x0000788c                OSCfg_ISRStkBasePtr
                0x00007890                OSCfg_IntQTaskStkSizeRAM
                0x00007894                OSCfg_IntQTaskStkSize
                0x00007898                OSCfg_IntQTaskStkLimit
                0x0000789c                OSCfg_IntQTaskStkBasePtr
                0x000078a0                OSCfg_IntQSizeRAM
                0x000078a4                OSCfg_IntQSize
                0x000078a8                OSCfg_IntQBasePtr
                0x000078ac                OSCfg_IdleTaskStkSizeRAM
                0x000078b0                OSCfg_IdleTaskStkSize
                0x000078b4                OSCfg_IdleTaskStkLimit
                0x000078b8                OSCfg_IdleTaskStkBasePtr
 .rodata.str1.4
                0x000078bc       0x25 .\CortexM3\ARM_GCC_541\Debug\os_core.o
                                 0x2a (size before relaxing)
 *fill*         0x000078e1        0x3 
 .rodata.str1.4
                0x000078e4      0x3d4 .\CortexM3\ARM_GCC_541\Debug\max30102_interface.o
 .rodata.str1.4
                0x00007cb8      0x9d8 .\CortexM3\ARM_GCC_541\Debug\driver_max30102.o
 .rodata        0x00008690       0x92 .\CortexM3\ARM_GCC_541\Debug\bme68x.o
 *fill*         0x00008722        0x2 
 .rodata        0x00008724       0x50 .\CortexM3\ARM_GCC_541\Debug\cyfitter_cfg.o
 .rodata.str1.1
                0x00008774        0x2 c:/program files (x86)/cypress/psoc creator/4.4/psoc creator/import/gnu/arm/5.4.1/bin/../lib/gcc/arm-none-eabi/5.4.1/../../../../arm-none-eabi/lib/armv7-m\libg_nano.a(lib_a-impure.o)
 .rodata.str1.1
                0x00008776       0x11 c:/program files (x86)/cypress/psoc creator/4.4/psoc creator/import/gnu/arm/5.4.1/bin/../lib/gcc/arm-none-eabi/5.4.1/../../../../arm-none-eabi/lib/armv7-m\libg_nano.a(lib_a-nano-svfprintf.o)
 .rodata.str1.1
                0x00008787       0x22 c:/program files (x86)/cypress/psoc creator/4.4/psoc creator/import/gnu/arm/5.4.1/bin/../lib/gcc/arm-none-eabi/5.4.1/../../../../arm-none-eabi/lib/armv7-m\libg_nano.a(lib_a-nano-vfprintf_i.o)
                0x000087ac                . = ALIGN (0x4)
 *fill*         0x000087a9        0x3 
 *(.init)
 .init          0x000087ac        0x4 c:/program files (x86)/cypress/psoc creator/4.4/psoc creator/import/gnu/arm/5.4.1/bin/../lib/gcc/arm-none-eabi/5.4.1/armv7-m/crti.o
                0x000087ac                _init
 .init          0x000087b0        0x8 c:/program files (x86)/cypress/psoc creator/4.4/psoc creator/import/gnu/arm/5.4.1/bin/../lib/gcc/arm-none-eabi/5.4.1/armv7-m/crtn.o
                0x000087b8                . = ALIGN (0x4)
                0x000087b8                __preinit_array_start = .
 *(.preinit_array)
                0x000087b8                __preinit_array_end = .
                0x000087b8                . = ALIGN (0x4)
                0x000087b8                __init_array_start = .
 *(SORT(.init_array.*))
 *(.init_array)
 .init_array    0x000087b8        0x4 c:/program files (x86)/cypress/psoc creator/4.4/psoc creator/import/gnu/arm/5.4.1/bin/../lib/gcc/arm-none-eabi/5.4.1/armv7-m/crtbegin.o
 .init_array    0x000087bc        0x4 .\CortexM3\ARM_GCC_541\Debug\Cm3Start.o
                0x000087c0                __init_array_end = .
                0x000087c0                . = ALIGN (0x4)
 *(.fini)
 .fini          0x000087c0        0x4 c:/program files (x86)/cypress/psoc creator/4.4/psoc creator/import/gnu/arm/5.4.1/bin/../lib/gcc/arm-none-eabi/5.4.1/armv7-m/crti.o
                0x000087c0                _fini
 .fini          0x000087c4        0x8 c:/program files (x86)/cypress/psoc creator/4.4/psoc creator/import/gnu/arm/5.4.1/bin/../lib/gcc/arm-none-eabi/5.4.1/armv7-m/crtn.o
                0x000087cc                . = ALIGN (0x4)
                0x000087cc                __fini_array_start = .
 *(.fini_array)
 .fini_array    0x000087cc        0x4 c:/program files (x86)/cypress/psoc creator/4.4/psoc creator/import/gnu/arm/5.4.1/bin/../lib/gcc/arm-none-eabi/5.4.1/armv7-m/crtbegin.o
 *(SORT(.fini_array.*))
                0x000087d0                __fini_array_end = .
                0x000087d0                . = ALIGN (0x4)
 *crtbegin.o(.ctors)
 *(EXCLUDE_FILE(*crtend.o) .ctors)
 *(SORT(.ctors.*))
 *crtend.o(.ctors)
                0x000087d0                . = ALIGN (0x4)
 *crtbegin.o(.dtors)
 *(EXCLUDE_FILE(*crtend.o) .dtors)
 *(SORT(.dtors.*))
 *crtend.o(.dtors)
                0x000087d0                . = ALIGN (0x4)
                0x000087d0                __cy_regions = .
                0x000087d0        0x4 LONG 0x87e0 __cy_region_init_ram
                0x000087d4        0x4 LONG 0x1fff80c8 __cy_region_start_data
                0x000087d8        0x4 LONG 0x90 __cy_region_init_size_ram
                0x000087dc        0x4 LONG 0x5390 __cy_region_zero_size_ram
                0x000087e0                __cy_regions_end = .
                0x000087e0                . = ALIGN (0x8)
                0x000087e0                _etext = .

.cy_checksum_exclude
                0x000087e0        0x0
 *(.cy_checksum_exclude)

.ramvectors     0x1fff8000       0xc0
                0x1fff8000                __cy_region_start_ram = .
 *(.ramvectors)
 .ramvectors    0x1fff8000       0xc0 .\CortexM3\ARM_GCC_541\Debug\Cm3Start.o
                0x1fff8000                CyRamVectors

.noinit         0x1fff80c0        0x1
 *(.noinit)
 .noinit        0x1fff80c0        0x1 .\CortexM3\ARM_GCC_541\Debug\esw_uCOS3_cykit.a(CyLib.o)
                0x1fff80c0                CyResetStatus

.data           0x1fff80c8       0x90 load address 0x000087e0
                0x1fff80c8                __cy_region_start_data = .
 *(.jcr)
 .jcr           0x1fff80c8        0x0 c:/program files (x86)/cypress/psoc creator/4.4/psoc creator/import/gnu/arm/5.4.1/bin/../lib/gcc/arm-none-eabi/5.4.1/armv7-m/crtbegin.o
 .jcr           0x1fff80c8        0x4 c:/program files (x86)/cypress/psoc creator/4.4/psoc creator/import/gnu/arm/5.4.1/bin/../lib/gcc/arm-none-eabi/5.4.1/armv7-m/crtend.o
 *(.got.plt)
 *(.got)
 *(.shdata)
 *(.data .data.* .gnu.linkonce.d.*)
 .data          0x1fff80cc        0xc .\CortexM3\ARM_GCC_541\Debug\heartbeatSensor.o
                0x1fff80cc                adaptive_threshold
                0x1fff80d0                IR_AC_Max
                0x1fff80d4                IR_AC_Min
 .data          0x1fff80d8        0x4 .\CortexM3\ARM_GCC_541\Debug\Cm3Start.o
 .data          0x1fff80dc        0x8 .\CortexM3\ARM_GCC_541\Debug\esw_uCOS3_cykit.a(CyDmac.o)
 .data          0x1fff80e4       0x10 .\CortexM3\ARM_GCC_541\Debug\esw_uCOS3_cykit.a(CyLib.o)
                0x1fff80e4                cydelay_32k_ms
                0x1fff80e8                cydelay_freq_khz
                0x1fff80ec                cydelay_freq_mhz
                0x1fff80f0                cydelay_freq_hz
 .data.impure_data
                0x1fff80f4       0x60 c:/program files (x86)/cypress/psoc creator/4.4/psoc creator/import/gnu/arm/5.4.1/bin/../lib/gcc/arm-none-eabi/5.4.1/../../../../arm-none-eabi/lib/armv7-m\libg_nano.a(lib_a-impure.o)
 .data._impure_ptr
                0x1fff8154        0x4 c:/program files (x86)/cypress/psoc creator/4.4/psoc creator/import/gnu/arm/5.4.1/bin/../lib/gcc/arm-none-eabi/5.4.1/../../../../arm-none-eabi/lib/armv7-m\libg_nano.a(lib_a-impure.o)
                0x1fff8154                _impure_ptr
                0x1fff8158                . = ALIGN (0x8)
 *(.ram)
                0x1fff8158                _edata = .

.igot.plt       0x1fff8158        0x0 load address 0x00008870
 .igot.plt      0x1fff8158        0x0 c:/program files (x86)/cypress/psoc creator/4.4/psoc creator/import/gnu/arm/5.4.1/bin/../lib/gcc/arm-none-eabi/5.4.1/armv7-m/crtbegin.o

.bss            0x1fff8158     0x5390 load address 0x00008870
                0x1fff8158                PROVIDE (__bss_start__, .)
 *(.shbss)
 *(.bss .bss.* .gnu.linkonce.b.*)
 .bss           0x1fff8158       0x1c c:/program files (x86)/cypress/psoc creator/4.4/psoc creator/import/gnu/arm/5.4.1/bin/../lib/gcc/arm-none-eabi/5.4.1/armv7-m/crtbegin.o
 .bss           0x1fff8174      0x4c0 .\CortexM3\ARM_GCC_541\Debug\app.o
 .bss           0x1fff8634       0xb0 .\CortexM3\ARM_GCC_541\Debug\heartbeatSensor.o
                0x1fff8678                IR_AC_Signal_Previous
                0x1fff867c                ir_avg_reg
                0x1fff8680                IR_AC_Signal_Current
                0x1fff8684                current_timestamp
                0x1fff8688                last_peak_timestamp
                0x1fff868c                heart_rate_index
                0x1fff8690                heart_rate_history
                0x1fff86e0                heart_rate_sum
 .bss           0x1fff86e4        0x9 .\CortexM3\ARM_GCC_541\Debug\esw_uCOS3_cykit.a(UART_1.o)
                0x1fff86e4                UART_1_errorStatus
                0x1fff86e5                UART_1_initVar
                0x1fff86e6                UART_1_rxBufferRead
                0x1fff86e7                UART_1_rxBufferWrite
                0x1fff86e8                UART_1_rxBufferLoopDetect
                0x1fff86e9                UART_1_rxBufferOverflow
                0x1fff86ea                UART_1_txBufferRead
                0x1fff86eb                UART_1_txBufferWrite
 .bss           0x1fff86ed        0x1 .\CortexM3\ARM_GCC_541\Debug\esw_uCOS3_cykit.a(I2C_1.o)
                0x1fff86ed                I2C_1_initVar
 .bss           0x1fff86ee        0x1 .\CortexM3\ARM_GCC_541\Debug\esw_uCOS3_cykit.a(Timer_1.o)
                0x1fff86ee                Timer_1_initVar
 *fill*         0x1fff86ef        0x1 
 .bss.__malloc_sbrk_start
                0x1fff86f0        0x4 c:/program files (x86)/cypress/psoc creator/4.4/psoc creator/import/gnu/arm/5.4.1/bin/../lib/gcc/arm-none-eabi/5.4.1/../../../../arm-none-eabi/lib/armv7-m\libg_nano.a(lib_a-nano-mallocr.o)
                0x1fff86f0                __malloc_sbrk_start
 .bss.__malloc_free_list
                0x1fff86f4        0x4 c:/program files (x86)/cypress/psoc creator/4.4/psoc creator/import/gnu/arm/5.4.1/bin/../lib/gcc/arm-none-eabi/5.4.1/../../../../arm-none-eabi/lib/armv7-m\libg_nano.a(lib_a-nano-mallocr.o)
                0x1fff86f4                __malloc_free_list
 *(COMMON)
 COMMON         0x1fff86f8     0x24c8 .\CortexM3\ARM_GCC_541\Debug\log_task.o
                0x1fff86f8                Log_TaskStk
                0x1fff8ef8                LogTaskSem
                0x1fff8f20                Log_Task_TCB
                0x1fff8fe0                MsgMemPoolStorage
                0x1fffab70                MsgMemPool
                0x1fffab90                Log_Queue
 COMMON         0x1fffabc0      0x900 .\CortexM3\ARM_GCC_541\Debug\heartbeatSensor.o
                0x1fffabc0                MAX30102_Task_TCB
                0x1fffac80                i2c_rx_buffer
                0x1fffacc0                MAX30102_TaskStk
 COMMON         0x1fffb4c0      0x8c0 .\CortexM3\ARM_GCC_541\Debug\environmentSensor.o
                0x1fffb4c0                BME688_Task_TCB
                0x1fffb580                BME688_TaskStk
 COMMON         0x1fffbd80       0x28 .\CortexM3\ARM_GCC_541\Debug\bsp_i2c.o
                0x1fffbd80                I2C_Sem
 COMMON         0x1fffbda8       0x14 .\CortexM3\ARM_GCC_541\Debug\cpu_core.o
                0x1fffbda8                CPU_TS_TmrFreq_Hz
                0x1fffbdac                CPU_Name
 COMMON         0x1fffbdbc        0x4 .\CortexM3\ARM_GCC_541\Debug\os_cpu_c.o
                0x1fffbdbc                OS_CPU_ExceptStkBase
 COMMON         0x1fffbdc0        0x4 .\CortexM3\ARM_GCC_541\Debug\os_prio.o
                0x1fffbdc0                OSPrioTbl
 COMMON         0x1fffbdc4      0x538 .\CortexM3\ARM_GCC_541\Debug\os_var.o
                0x1fffbdc4                OSSchedLockNestingCtr
                0x1fffbdc8                OS_AppTaskReturnHookPtr
                0x1fffbdcc                OSStatTaskTimeMax
                0x1fffbdd0                OSStatTaskCtr
                0x1fffbdd4                OSTaskRegNextAvailID
                0x1fffbdd5                OSRunning
                0x1fffbdd8                OSRdyList
                0x1fffbf58                OSPrioHighRdy
                0x1fffbf59                OSStatTaskRdy
                0x1fffbf5c                OSSemDbgListPtr
                0x1fffbf60                OS_AppTaskCreateHookPtr
                0x1fffbf64                OSPrioCur
                0x1fffbf68                OSTickTaskTCB
                0x1fffc028                OSTmrTickCtr
                0x1fffc02c                OSTCBCurPtr
                0x1fffc030                OSQQty
                0x1fffc032                OSStatTaskCPUUsageMax
                0x1fffc034                OSPrioSaved
                0x1fffc038                OSTCBHighRdyPtr
                0x1fffc03c                OSTaskDbgListPtr
                0x1fffc040                OSTmrTaskTimeMax
                0x1fffc044                OS_AppTaskDelHookPtr
                0x1fffc048                OS_AppTimeTickHookPtr
                0x1fffc04c                OSTaskCtxSwCtr
                0x1fffc050                OSStatTaskCPUUsage
                0x1fffc052                OSIntNestingCtr
                0x1fffc054                OSTaskQty
                0x1fffc058                OSTmrTaskTCB
                0x1fffc118                OSMsgPool
                0x1fffc124                OSIdleTaskTCB
                0x1fffc1e4                OSQDbgListPtr
                0x1fffc1e8                OSSemQty
                0x1fffc1ec                OSMemDbgListPtr
                0x1fffc1f0                OSSchedRoundRobinDfltTimeQuanta
                0x1fffc1f4                OS_AppIdleTaskHookPtr
                0x1fffc1f8                OSStatTaskCtrMax
                0x1fffc1fc                OSTickCtr
                0x1fffc200                OS_AppTaskSwHookPtr
                0x1fffc204                OSTmrQty
                0x1fffc208                OSIdleTaskCtr
                0x1fffc20c                OSStatTaskCtrRun
                0x1fffc210                OS_AppStatTaskHookPtr
                0x1fffc214                OSFlagQty
                0x1fffc218                OSFlagDbgListPtr
                0x1fffc21c                OSStatResetFlag
                0x1fffc21e                OSMemQty
                0x1fffc220                OSMutexQty
                0x1fffc224                OSStatTaskTCB
                0x1fffc2e4                OSTmrDbgListPtr
                0x1fffc2e8                OSTickTaskTimeMax
                0x1fffc2ec                OSTmrUpdateCnt
                0x1fffc2f0                OSSchedRoundRobinEn
                0x1fffc2f4                OSMutexDbgListPtr
                0x1fffc2f8                OSTmrUpdateCtr
 COMMON         0x1fffc2fc     0x1150 .\CortexM3\ARM_GCC_541\Debug\os_cfg_app.o
                0x1fffc2fc                OSCfg_StatTaskStk
                0x1fffc4fc                OSCfg_TickWheel
                0x1fffc584                OSCfg_MsgPool
                0x1fffcbc4                OSCfg_TmrTaskStk
                0x1fffcdc4                OSCfg_TmrWheel
                0x1fffce4c                OSCfg_ISRStk
                0x1fffd04c                OSCfg_TickTaskStk
                0x1fffd24c                OSCfg_IdleTaskStk
 COMMON         0x1fffd44c       0x80 .\CortexM3\ARM_GCC_541\Debug\esw_uCOS3_cykit.a(UART_1.o)
                0x1fffd44c                UART_1_txBuffer
                0x1fffd48c                UART_1_rxBuffer
 COMMON         0x1fffd4cc        0x1 .\CortexM3\ARM_GCC_541\Debug\esw_uCOS3_cykit.a(I2C_1.o)
                0x1fffd4cc                I2C_1_state
 *fill*         0x1fffd4cd        0x3 
 COMMON         0x1fffd4d0       0x11 .\CortexM3\ARM_GCC_541\Debug\esw_uCOS3_cykit.a(I2C_1_MASTER.o)
                0x1fffd4d0                I2C_1_mstrWrBufIndex
                0x1fffd4d1                I2C_1_mstrControl
                0x1fffd4d2                I2C_1_mstrStatus
                0x1fffd4d3                I2C_1_mstrWrBufSize
                0x1fffd4d4                I2C_1_mstrRdBufIndex
                0x1fffd4d8                I2C_1_mstrWrBufPtr
                0x1fffd4dc                I2C_1_mstrRdBufPtr
                0x1fffd4e0                I2C_1_mstrRdBufSize
 *fill*         0x1fffd4e1        0x3 
 COMMON         0x1fffd4e4        0x4 c:/program files (x86)/cypress/psoc creator/4.4/psoc creator/import/gnu/arm/5.4.1/bin/../lib/gcc/arm-none-eabi/5.4.1/../../../../arm-none-eabi/lib/armv7-m\libg_nano.a(lib_a-reent.o)
                0x1fffd4e4                errno
                0x1fffd4e8                . = ALIGN (0x8)
 *(.ram.b)
                0x1fffd4e8                _end = .
                0x1fffd4e8                __end = .
                0x1fffd4e8                PROVIDE (end, .)
                0x1fffd4e8                PROVIDE (__bss_end__, .)
                0x000087e0                __cy_region_init_ram = LOADADDR (.data)
                0x00000090                __cy_region_init_size_ram = (_edata - ADDR (.data))
                0x00005390                __cy_region_zero_size_ram = (_end - _edata)

.heap           0x1fffd4e8       0x80 load address 0x00008870
                0x1fffd4e8                . = _end
                0x1fffd568                . = (. + 0x80)
 *fill*         0x1fffd4e8       0x80 
                0x1fffd568                __cy_heap_limit = .

.stack          0x20007800      0x800
                0x20007800                __cy_stack_limit = .
                0x20008000                . = (. + 0x800)
 *fill*         0x20007800      0x800 
                0x00000001                ASSERT ((__cy_stack_limit >= __cy_heap_limit), region RAM overflowed with stack)
                0x00000000                cy_checksum_exclude_size = (CY_APPL_LOADABLE == 0x1)?SIZEOF (.cy_checksum_exclude):0x0
                0x00000001                ASSERT ((cy_checksum_exclude_size <= CY_CHECKSUM_EXCLUDE_SIZE), CY_BOOT: Section .cy_checksum_exclude size exceedes specified limit.)

.cyloadermeta
 *(.cyloadermeta)

.cyloadablemeta
 *(.cyloadablemeta)

.cyconfigecc    0x80000000      0x530
 *(.cyconfigecc)
 .cyconfigecc   0x80000000      0x530 .\CortexM3\ARM_GCC_541\Debug\cymetadata.o
                0x80000000                cy_meta_configecc

.cycustnvl      0x90000000        0x4
 *(.cycustnvl)
 .cycustnvl     0x90000000        0x4 .\CortexM3\ARM_GCC_541\Debug\cymetadata.o
                0x90000000                cy_meta_custnvl

.cywolatch      0x90100000        0x4
 *(.cywolatch)
 .cywolatch     0x90100000        0x4 .\CortexM3\ARM_GCC_541\Debug\cymetadata.o
                0x90100000                cy_meta_wonvl

.cyeeprom       0x90200000        0x0
 *(.cyeeprom)
                0x00000001                ASSERT ((. <= ((0x90200000 + ee_offset) + ee_size)), .cyeeprom data will not fit in EEPROM)

.cyflashprotect
                0x90400000      0x100
 *(.cyflashprotect)
 .cyflashprotect
                0x90400000      0x100 .\CortexM3\ARM_GCC_541\Debug\cymetadata.o
                0x90400000                cy_meta_flashprotect

.cymeta         0x90500000        0xc
 *(.cymeta)
 .cymeta        0x90500000        0xc .\CortexM3\ARM_GCC_541\Debug\cymetadata.o
                0x90500000                cy_metadata

.rel.dyn        0x00008870        0x0 load address 0x9050000c
 .rel.iplt      0x00008870        0x0 c:/program files (x86)/cypress/psoc creator/4.4/psoc creator/import/gnu/arm/5.4.1/bin/../lib/gcc/arm-none-eabi/5.4.1/armv7-m/crtbegin.o

.stab
 *(.stab)

.stabstr
 *(.stabstr)

.debug
 *(.debug)

.line
 *(.line)

.debug_srcinfo
 *(.debug_srcinfo)

.debug_sfnames
 *(.debug_sfnames)

.debug_aranges  0x00000000     0x1b58
 *(.debug_aranges)
 .debug_aranges
                0x00000000       0x28 .\CortexM3\ARM_GCC_541\Debug\app.o
 .debug_aranges
                0x00000028       0x68 .\CortexM3\ARM_GCC_541\Debug\os_app_hooks.o
 .debug_aranges
                0x00000090       0x40 .\CortexM3\ARM_GCC_541\Debug\log_task.o
 .debug_aranges
                0x000000d0       0x40 .\CortexM3\ARM_GCC_541\Debug\heartbeatSensor.o
 .debug_aranges
                0x00000110       0x40 .\CortexM3\ARM_GCC_541\Debug\environmentSensor.o
 .debug_aranges
                0x00000150       0x38 .\CortexM3\ARM_GCC_541\Debug\bsp_os.o
 .debug_aranges
                0x00000188       0x58 .\CortexM3\ARM_GCC_541\Debug\bsp.o
 .debug_aranges
                0x000001e0       0x30 .\CortexM3\ARM_GCC_541\Debug\cpu_bsp.o
 .debug_aranges
                0x00000210       0x30 .\CortexM3\ARM_GCC_541\Debug\bsp_uart.o
 .debug_aranges
                0x00000240       0x38 .\CortexM3\ARM_GCC_541\Debug\bsp_gpio.o
 .debug_aranges
                0x00000278       0x38 .\CortexM3\ARM_GCC_541\Debug\bsp_i2c.o
 .debug_aranges
                0x000002b0       0x38 .\CortexM3\ARM_GCC_541\Debug\bsp_counter.o
 .debug_aranges
                0x000002e8       0x50 .\CortexM3\ARM_GCC_541\Debug\cpu_c.o
 .debug_aranges
                0x00000338       0xb0 .\CortexM3\ARM_GCC_541\Debug\cpu_core.o
 .debug_aranges
                0x000003e8       0x38 .\CortexM3\ARM_GCC_541\Debug\lib_math.o
 .debug_aranges
                0x00000420       0x48 .\CortexM3\ARM_GCC_541\Debug\lib_mem.o
 .debug_aranges
                0x00000468       0xd8 .\CortexM3\ARM_GCC_541\Debug\lib_str.o
 .debug_aranges
                0x00000540       0x98 .\CortexM3\ARM_GCC_541\Debug\lib_ascii.o
 .debug_aranges
                0x000005d8       0x70 .\CortexM3\ARM_GCC_541\Debug\os_cpu_c.o
 .debug_aranges
                0x00000648       0x38 .\CortexM3\ARM_GCC_541\Debug\os_pend_multi.o
 .debug_aranges
                0x00000680       0x38 .\CortexM3\ARM_GCC_541\Debug\os_prio.o
 .debug_aranges
                0x000006b8       0x70 .\CortexM3\ARM_GCC_541\Debug\os_q.o
 .debug_aranges
                0x00000728       0x70 .\CortexM3\ARM_GCC_541\Debug\os_sem.o
 .debug_aranges
                0x00000798       0x38 .\CortexM3\ARM_GCC_541\Debug\os_stat.o
 .debug_aranges
                0x000007d0       0xf0 .\CortexM3\ARM_GCC_541\Debug\os_task.o
 .debug_aranges
                0x000008c0       0x50 .\CortexM3\ARM_GCC_541\Debug\os_tick.o
 .debug_aranges
                0x00000910       0x48 .\CortexM3\ARM_GCC_541\Debug\os_time.o
 .debug_aranges
                0x00000958       0x88 .\CortexM3\ARM_GCC_541\Debug\os_tmr.o
 .debug_aranges
                0x000009e0       0x18 .\CortexM3\ARM_GCC_541\Debug\os_var.o
 .debug_aranges
                0x000009f8       0x20 .\CortexM3\ARM_GCC_541\Debug\os_cfg_app.o
 .debug_aranges
                0x00000a18      0x140 .\CortexM3\ARM_GCC_541\Debug\os_core.o
 .debug_aranges
                0x00000b58       0x20 .\CortexM3\ARM_GCC_541\Debug\os_dbg.o
 .debug_aranges
                0x00000b78       0x80 .\CortexM3\ARM_GCC_541\Debug\os_flag.o
 .debug_aranges
                0x00000bf8       0x18 .\CortexM3\ARM_GCC_541\Debug\os_int.o
 .debug_aranges
                0x00000c10       0x40 .\CortexM3\ARM_GCC_541\Debug\os_mem.o
 .debug_aranges
                0x00000c50       0x40 .\CortexM3\ARM_GCC_541\Debug\os_msg.o
 .debug_aranges
                0x00000c90       0x60 .\CortexM3\ARM_GCC_541\Debug\os_mutex.o
 .debug_aranges
                0x00000cf0       0x48 .\CortexM3\ARM_GCC_541\Debug\max30102_interface.o
 .debug_aranges
                0x00000d38      0x180 .\CortexM3\ARM_GCC_541\Debug\driver_max30102.o
 .debug_aranges
                0x00000eb8      0x120 .\CortexM3\ARM_GCC_541\Debug\bme68x.o
 .debug_aranges
                0x00000fd8       0x58 .\CortexM3\ARM_GCC_541\Debug\cyfitter_cfg.o
 .debug_aranges
                0x00001030       0x18 .\CortexM3\ARM_GCC_541\Debug\cymetadata.o
 .debug_aranges
                0x00001048       0x48 .\CortexM3\ARM_GCC_541\Debug\Cm3Start.o
 .debug_aranges
                0x00001090       0x20 .\CortexM3\ARM_GCC_541\Debug\cpu_a.o
 .debug_aranges
                0x000010b0       0x20 .\CortexM3\ARM_GCC_541\Debug\os_cpu_a.o
 .debug_aranges
                0x000010d0       0xf0 .\CortexM3\ARM_GCC_541\Debug\esw_uCOS3_cykit.a(UART_1.o)
 .debug_aranges
                0x000011c0       0x28 .\CortexM3\ARM_GCC_541\Debug\esw_uCOS3_cykit.a(UART_1_INT.o)
 .debug_aranges
                0x000011e8       0x38 .\CortexM3\ARM_GCC_541\Debug\esw_uCOS3_cykit.a(Pin_1.o)
 .debug_aranges
                0x00001220       0x70 .\CortexM3\ARM_GCC_541\Debug\esw_uCOS3_cykit.a(UART_1_IntClock.o)
 .debug_aranges
                0x00001290       0xd8 .\CortexM3\ARM_GCC_541\Debug\esw_uCOS3_cykit.a(CyDmac.o)
 .debug_aranges
                0x00001368      0x2a0 .\CortexM3\ARM_GCC_541\Debug\esw_uCOS3_cykit.a(CyLib.o)
 .debug_aranges
                0x00001608       0x98 .\CortexM3\ARM_GCC_541\Debug\esw_uCOS3_cykit.a(cyPm.o)
 .debug_aranges
                0x000016a0       0x38 .\CortexM3\ARM_GCC_541\Debug\esw_uCOS3_cykit.a(Pin_2.o)
 .debug_aranges
                0x000016d8       0x38 .\CortexM3\ARM_GCC_541\Debug\esw_uCOS3_cykit.a(push_button.o)
 .debug_aranges
                0x00001710       0x38 .\CortexM3\ARM_GCC_541\Debug\esw_uCOS3_cykit.a(I2C_1.o)
 .debug_aranges
                0x00001748       0x20 .\CortexM3\ARM_GCC_541\Debug\esw_uCOS3_cykit.a(I2C_1_INT.o)
 .debug_aranges
                0x00001768       0x38 .\CortexM3\ARM_GCC_541\Debug\esw_uCOS3_cykit.a(I2C_1_PM.o)
 .debug_aranges
                0x000017a0       0x80 .\CortexM3\ARM_GCC_541\Debug\esw_uCOS3_cykit.a(I2C_1_MASTER.o)
 .debug_aranges
                0x00001820       0x88 .\CortexM3\ARM_GCC_541\Debug\esw_uCOS3_cykit.a(Timer_1.o)
 .debug_aranges
                0x000018a8       0x80 .\CortexM3\ARM_GCC_541\Debug\esw_uCOS3_cykit.a(Timer_ISR.o)
 .debug_aranges
                0x00001928       0x98 .\CortexM3\ARM_GCC_541\Debug\esw_uCOS3_cykit.a(Counter_1.o)
 .debug_aranges
                0x000019c0       0x70 .\CortexM3\ARM_GCC_541\Debug\esw_uCOS3_cykit.a(Clock_1.o)
 .debug_aranges
                0x00001a30       0x20 .\CortexM3\ARM_GCC_541\Debug\esw_uCOS3_cykit.a(CyBootAsmGnu.o)
 .debug_aranges
                0x00001a50       0x88 .\CortexM3\ARM_GCC_541\Debug\esw_uCOS3_cykit.a(CyFlash.o)
 .debug_aranges
                0x00001ad8       0x80 .\CortexM3\ARM_GCC_541\Debug\esw_uCOS3_cykit.a(CySpc.o)

.debug_pubnames
 *(.debug_pubnames)

.debug_info     0x00000000    0x29fe6
 *(.debug_info .gnu.linkonce.wi.*)
 .debug_info    0x00000000      0xeaa .\CortexM3\ARM_GCC_541\Debug\app.o
 .debug_info    0x00000eaa      0x894 .\CortexM3\ARM_GCC_541\Debug\os_app_hooks.o
 .debug_info    0x0000173e     0x13ab .\CortexM3\ARM_GCC_541\Debug\log_task.o
 .debug_info    0x00002ae9     0x12dd .\CortexM3\ARM_GCC_541\Debug\heartbeatSensor.o
 .debug_info    0x00003dc6     0x1797 .\CortexM3\ARM_GCC_541\Debug\environmentSensor.o
 .debug_info    0x0000555d      0xe09 .\CortexM3\ARM_GCC_541\Debug\bsp_os.o
 .debug_info    0x00006366      0x392 .\CortexM3\ARM_GCC_541\Debug\bsp.o
 .debug_info    0x000066f8      0x178 .\CortexM3\ARM_GCC_541\Debug\cpu_bsp.o
 .debug_info    0x00006870      0x12b .\CortexM3\ARM_GCC_541\Debug\bsp_uart.o
 .debug_info    0x0000699b      0x28c .\CortexM3\ARM_GCC_541\Debug\bsp_gpio.o
 .debug_info    0x00006c27     0x10f2 .\CortexM3\ARM_GCC_541\Debug\bsp_i2c.o
 .debug_info    0x00007d19      0x165 .\CortexM3\ARM_GCC_541\Debug\bsp_counter.o
 .debug_info    0x00007e7e      0x5f2 .\CortexM3\ARM_GCC_541\Debug\cpu_c.o
 .debug_info    0x00008470      0x71b .\CortexM3\ARM_GCC_541\Debug\cpu_core.o
 .debug_info    0x00008b8b      0x1e9 .\CortexM3\ARM_GCC_541\Debug\lib_math.o
 .debug_info    0x00008d74      0x4df .\CortexM3\ARM_GCC_541\Debug\lib_mem.o
 .debug_info    0x00009253     0x10d7 .\CortexM3\ARM_GCC_541\Debug\lib_str.o
 .debug_info    0x0000a32a      0x43b .\CortexM3\ARM_GCC_541\Debug\lib_ascii.o
 .debug_info    0x0000a765      0xa1f .\CortexM3\ARM_GCC_541\Debug\os_cpu_c.o
 .debug_info    0x0000b184     0x1032 .\CortexM3\ARM_GCC_541\Debug\os_pend_multi.o
 .debug_info    0x0000c1b6      0x1f0 .\CortexM3\ARM_GCC_541\Debug\os_prio.o
 .debug_info    0x0000c3a6     0x14dd .\CortexM3\ARM_GCC_541\Debug\os_q.o
 .debug_info    0x0000d883     0x13bd .\CortexM3\ARM_GCC_541\Debug\os_sem.o
 .debug_info    0x0000ec40     0x1219 .\CortexM3\ARM_GCC_541\Debug\os_stat.o
 .debug_info    0x0000fe59     0x20a8 .\CortexM3\ARM_GCC_541\Debug\os_task.o
 .debug_info    0x00011f01      0xfe0 .\CortexM3\ARM_GCC_541\Debug\os_tick.o
 .debug_info    0x00012ee1     0x10d8 .\CortexM3\ARM_GCC_541\Debug\os_time.o
 .debug_info    0x00013fb9     0x16b7 .\CortexM3\ARM_GCC_541\Debug\os_tmr.o
 .debug_info    0x00015670      0xf4c .\CortexM3\ARM_GCC_541\Debug\os_var.o
 .debug_info    0x000165bc      0xbda .\CortexM3\ARM_GCC_541\Debug\os_cfg_app.o
 .debug_info    0x00017196     0x1f24 .\CortexM3\ARM_GCC_541\Debug\os_core.o
 .debug_info    0x000190ba     0x1379 .\CortexM3\ARM_GCC_541\Debug\os_dbg.o
 .debug_info    0x0001a433     0x178f .\CortexM3\ARM_GCC_541\Debug\os_flag.o
 .debug_info    0x0001bbc2       0x87 .\CortexM3\ARM_GCC_541\Debug\os_int.o
 .debug_info    0x0001bc49      0x89b .\CortexM3\ARM_GCC_541\Debug\os_mem.o
 .debug_info    0x0001c4e4      0x87b .\CortexM3\ARM_GCC_541\Debug\os_msg.o
 .debug_info    0x0001cd5f     0x13bd .\CortexM3\ARM_GCC_541\Debug\os_mutex.o
 .debug_info    0x0001e11c     0x107e .\CortexM3\ARM_GCC_541\Debug\max30102_interface.o
 .debug_info    0x0001f19a     0x2959 .\CortexM3\ARM_GCC_541\Debug\driver_max30102.o
 .debug_info    0x00021af3     0x2123 .\CortexM3\ARM_GCC_541\Debug\bme68x.o
 .debug_info    0x00023c16      0x605 .\CortexM3\ARM_GCC_541\Debug\cyfitter_cfg.o
 .debug_info    0x0002421b      0x136 .\CortexM3\ARM_GCC_541\Debug\cymetadata.o
 .debug_info    0x00024351      0x3cf .\CortexM3\ARM_GCC_541\Debug\Cm3Start.o
 .debug_info    0x00024720       0x8d .\CortexM3\ARM_GCC_541\Debug\cpu_a.o
 .debug_info    0x000247ad       0xa0 .\CortexM3\ARM_GCC_541\Debug\os_cpu_a.o
 .debug_info    0x0002484d      0x7ae .\CortexM3\ARM_GCC_541\Debug\esw_uCOS3_cykit.a(UART_1.o)
 .debug_info    0x00024ffb      0x186 .\CortexM3\ARM_GCC_541\Debug\esw_uCOS3_cykit.a(UART_1_INT.o)
 .debug_info    0x00025181      0x11f .\CortexM3\ARM_GCC_541\Debug\esw_uCOS3_cykit.a(Pin_1.o)
 .debug_info    0x000252a0      0x283 .\CortexM3\ARM_GCC_541\Debug\esw_uCOS3_cykit.a(UART_1_IntClock.o)
 .debug_info    0x00025523      0x94e .\CortexM3\ARM_GCC_541\Debug\esw_uCOS3_cykit.a(CyDmac.o)
 .debug_info    0x00025e71     0x1374 .\CortexM3\ARM_GCC_541\Debug\esw_uCOS3_cykit.a(CyLib.o)
 .debug_info    0x000271e5      0xa2a .\CortexM3\ARM_GCC_541\Debug\esw_uCOS3_cykit.a(cyPm.o)
 .debug_info    0x00027c0f      0x11f .\CortexM3\ARM_GCC_541\Debug\esw_uCOS3_cykit.a(Pin_2.o)
 .debug_info    0x00027d2e      0x11f .\CortexM3\ARM_GCC_541\Debug\esw_uCOS3_cykit.a(push_button.o)
 .debug_info    0x00027e4d      0x2ab .\CortexM3\ARM_GCC_541\Debug\esw_uCOS3_cykit.a(I2C_1.o)
 .debug_info    0x000280f8      0x184 .\CortexM3\ARM_GCC_541\Debug\esw_uCOS3_cykit.a(I2C_1_INT.o)
 .debug_info    0x0002827c      0x207 .\CortexM3\ARM_GCC_541\Debug\esw_uCOS3_cykit.a(I2C_1_PM.o)
 .debug_info    0x00028483      0x407 .\CortexM3\ARM_GCC_541\Debug\esw_uCOS3_cykit.a(I2C_1_MASTER.o)
 .debug_info    0x0002888a      0x295 .\CortexM3\ARM_GCC_541\Debug\esw_uCOS3_cykit.a(Timer_1.o)
 .debug_info    0x00028b1f      0x2d2 .\CortexM3\ARM_GCC_541\Debug\esw_uCOS3_cykit.a(Timer_ISR.o)
 .debug_info    0x00028df1      0x343 .\CortexM3\ARM_GCC_541\Debug\esw_uCOS3_cykit.a(Counter_1.o)
 .debug_info    0x00029134      0x283 .\CortexM3\ARM_GCC_541\Debug\esw_uCOS3_cykit.a(Clock_1.o)
 .debug_info    0x000293b7       0x92 .\CortexM3\ARM_GCC_541\Debug\esw_uCOS3_cykit.a(CyBootAsmGnu.o)
 .debug_info    0x00029449      0x64d .\CortexM3\ARM_GCC_541\Debug\esw_uCOS3_cykit.a(CyFlash.o)
 .debug_info    0x00029a96      0x550 .\CortexM3\ARM_GCC_541\Debug\esw_uCOS3_cykit.a(CySpc.o)

.debug_abbrev   0x00000000     0x5bb1
 *(.debug_abbrev)
 .debug_abbrev  0x00000000      0x1a4 .\CortexM3\ARM_GCC_541\Debug\app.o
 .debug_abbrev  0x000001a4      0x127 .\CortexM3\ARM_GCC_541\Debug\os_app_hooks.o
 .debug_abbrev  0x000002cb      0x251 .\CortexM3\ARM_GCC_541\Debug\log_task.o
 .debug_abbrev  0x0000051c      0x258 .\CortexM3\ARM_GCC_541\Debug\heartbeatSensor.o
 .debug_abbrev  0x00000774      0x20c .\CortexM3\ARM_GCC_541\Debug\environmentSensor.o
 .debug_abbrev  0x00000980      0x187 .\CortexM3\ARM_GCC_541\Debug\bsp_os.o
 .debug_abbrev  0x00000b07      0x174 .\CortexM3\ARM_GCC_541\Debug\bsp.o
 .debug_abbrev  0x00000c7b       0xce .\CortexM3\ARM_GCC_541\Debug\cpu_bsp.o
 .debug_abbrev  0x00000d49       0x98 .\CortexM3\ARM_GCC_541\Debug\bsp_uart.o
 .debug_abbrev  0x00000de1       0xe7 .\CortexM3\ARM_GCC_541\Debug\bsp_gpio.o
 .debug_abbrev  0x00000ec8      0x20d .\CortexM3\ARM_GCC_541\Debug\bsp_i2c.o
 .debug_abbrev  0x000010d5       0x85 .\CortexM3\ARM_GCC_541\Debug\bsp_counter.o
 .debug_abbrev  0x0000115a      0x155 .\CortexM3\ARM_GCC_541\Debug\cpu_c.o
 .debug_abbrev  0x000012af      0x1fa .\CortexM3\ARM_GCC_541\Debug\cpu_core.o
 .debug_abbrev  0x000014a9      0x116 .\CortexM3\ARM_GCC_541\Debug\lib_math.o
 .debug_abbrev  0x000015bf      0x12a .\CortexM3\ARM_GCC_541\Debug\lib_mem.o
 .debug_abbrev  0x000016e9      0x19d .\CortexM3\ARM_GCC_541\Debug\lib_str.o
 .debug_abbrev  0x00001886      0x105 .\CortexM3\ARM_GCC_541\Debug\lib_ascii.o
 .debug_abbrev  0x0000198b      0x21d .\CortexM3\ARM_GCC_541\Debug\os_cpu_c.o
 .debug_abbrev  0x00001ba8      0x1f0 .\CortexM3\ARM_GCC_541\Debug\os_pend_multi.o
 .debug_abbrev  0x00001d98       0xf1 .\CortexM3\ARM_GCC_541\Debug\os_prio.o
 .debug_abbrev  0x00001e89      0x228 .\CortexM3\ARM_GCC_541\Debug\os_q.o
 .debug_abbrev  0x000020b1      0x226 .\CortexM3\ARM_GCC_541\Debug\os_sem.o
 .debug_abbrev  0x000022d7      0x1f6 .\CortexM3\ARM_GCC_541\Debug\os_stat.o
 .debug_abbrev  0x000024cd      0x1f3 .\CortexM3\ARM_GCC_541\Debug\os_task.o
 .debug_abbrev  0x000026c0      0x224 .\CortexM3\ARM_GCC_541\Debug\os_tick.o
 .debug_abbrev  0x000028e4      0x1c8 .\CortexM3\ARM_GCC_541\Debug\os_time.o
 .debug_abbrev  0x00002aac      0x269 .\CortexM3\ARM_GCC_541\Debug\os_tmr.o
 .debug_abbrev  0x00002d15       0xb7 .\CortexM3\ARM_GCC_541\Debug\os_var.o
 .debug_abbrev  0x00002dcc       0xdc .\CortexM3\ARM_GCC_541\Debug\os_cfg_app.o
 .debug_abbrev  0x00002ea8      0x265 .\CortexM3\ARM_GCC_541\Debug\os_core.o
 .debug_abbrev  0x0000310d       0xfa .\CortexM3\ARM_GCC_541\Debug\os_dbg.o
 .debug_abbrev  0x00003207      0x226 .\CortexM3\ARM_GCC_541\Debug\os_flag.o
 .debug_abbrev  0x0000342d       0x26 .\CortexM3\ARM_GCC_541\Debug\os_int.o
 .debug_abbrev  0x00003453      0x190 .\CortexM3\ARM_GCC_541\Debug\os_mem.o
 .debug_abbrev  0x000035e3      0x184 .\CortexM3\ARM_GCC_541\Debug\os_msg.o
 .debug_abbrev  0x00003767      0x219 .\CortexM3\ARM_GCC_541\Debug\os_mutex.o
 .debug_abbrev  0x00003980      0x219 .\CortexM3\ARM_GCC_541\Debug\max30102_interface.o
 .debug_abbrev  0x00003b99      0x20c .\CortexM3\ARM_GCC_541\Debug\driver_max30102.o
 .debug_abbrev  0x00003da5      0x2a7 .\CortexM3\ARM_GCC_541\Debug\bme68x.o
 .debug_abbrev  0x0000404c      0x20d .\CortexM3\ARM_GCC_541\Debug\cyfitter_cfg.o
 .debug_abbrev  0x00004259       0x77 .\CortexM3\ARM_GCC_541\Debug\cymetadata.o
 .debug_abbrev  0x000042d0      0x1e8 .\CortexM3\ARM_GCC_541\Debug\Cm3Start.o
 .debug_abbrev  0x000044b8       0x14 .\CortexM3\ARM_GCC_541\Debug\cpu_a.o
 .debug_abbrev  0x000044cc       0x14 .\CortexM3\ARM_GCC_541\Debug\os_cpu_a.o
 .debug_abbrev  0x000044e0      0x16f .\CortexM3\ARM_GCC_541\Debug\esw_uCOS3_cykit.a(UART_1.o)
 .debug_abbrev  0x0000464f       0xa2 .\CortexM3\ARM_GCC_541\Debug\esw_uCOS3_cykit.a(UART_1_INT.o)
 .debug_abbrev  0x000046f1       0x90 .\CortexM3\ARM_GCC_541\Debug\esw_uCOS3_cykit.a(Pin_1.o)
 .debug_abbrev  0x00004781      0x139 .\CortexM3\ARM_GCC_541\Debug\esw_uCOS3_cykit.a(UART_1_IntClock.o)
 .debug_abbrev  0x000048ba      0x1b2 .\CortexM3\ARM_GCC_541\Debug\esw_uCOS3_cykit.a(CyDmac.o)
 .debug_abbrev  0x00004a6c      0x254 .\CortexM3\ARM_GCC_541\Debug\esw_uCOS3_cykit.a(CyLib.o)
 .debug_abbrev  0x00004cc0      0x1ab .\CortexM3\ARM_GCC_541\Debug\esw_uCOS3_cykit.a(cyPm.o)
 .debug_abbrev  0x00004e6b       0x90 .\CortexM3\ARM_GCC_541\Debug\esw_uCOS3_cykit.a(Pin_2.o)
 .debug_abbrev  0x00004efb       0x90 .\CortexM3\ARM_GCC_541\Debug\esw_uCOS3_cykit.a(push_button.o)
 .debug_abbrev  0x00004f8b      0x10a .\CortexM3\ARM_GCC_541\Debug\esw_uCOS3_cykit.a(I2C_1.o)
 .debug_abbrev  0x00005095       0xb6 .\CortexM3\ARM_GCC_541\Debug\esw_uCOS3_cykit.a(I2C_1_INT.o)
 .debug_abbrev  0x0000514b       0xfe .\CortexM3\ARM_GCC_541\Debug\esw_uCOS3_cykit.a(I2C_1_PM.o)
 .debug_abbrev  0x00005249      0x13c .\CortexM3\ARM_GCC_541\Debug\esw_uCOS3_cykit.a(I2C_1_MASTER.o)
 .debug_abbrev  0x00005385      0x11a .\CortexM3\ARM_GCC_541\Debug\esw_uCOS3_cykit.a(Timer_1.o)
 .debug_abbrev  0x0000549f      0x173 .\CortexM3\ARM_GCC_541\Debug\esw_uCOS3_cykit.a(Timer_ISR.o)
 .debug_abbrev  0x00005612      0x117 .\CortexM3\ARM_GCC_541\Debug\esw_uCOS3_cykit.a(Counter_1.o)
 .debug_abbrev  0x00005729      0x139 .\CortexM3\ARM_GCC_541\Debug\esw_uCOS3_cykit.a(Clock_1.o)
 .debug_abbrev  0x00005862       0x14 .\CortexM3\ARM_GCC_541\Debug\esw_uCOS3_cykit.a(CyBootAsmGnu.o)
 .debug_abbrev  0x00005876      0x1a7 .\CortexM3\ARM_GCC_541\Debug\esw_uCOS3_cykit.a(CyFlash.o)
 .debug_abbrev  0x00005a1d      0x194 .\CortexM3\ARM_GCC_541\Debug\esw_uCOS3_cykit.a(CySpc.o)

.debug_line     0x00000000     0x899e
 *(.debug_line)
 .debug_line    0x00000000      0x243 .\CortexM3\ARM_GCC_541\Debug\app.o
 .debug_line    0x00000243      0x147 .\CortexM3\ARM_GCC_541\Debug\os_app_hooks.o
 .debug_line    0x0000038a      0x38a .\CortexM3\ARM_GCC_541\Debug\log_task.o
 .debug_line    0x00000714      0x2ba .\CortexM3\ARM_GCC_541\Debug\heartbeatSensor.o
 .debug_line    0x000009ce      0x3b2 .\CortexM3\ARM_GCC_541\Debug\environmentSensor.o
 .debug_line    0x00000d80      0x112 .\CortexM3\ARM_GCC_541\Debug\bsp_os.o
 .debug_line    0x00000e92      0x176 .\CortexM3\ARM_GCC_541\Debug\bsp.o