Archive member included to satisfy reference by file (symbol)

.\CortexM3\ARM_GCC_541\Debug\esw_uCOS3_cykit.a(UART_1.o)
                              .\CortexM3\ARM_GCC_541\Debug\bsp_uart.o (UART_1_Start)
.\CortexM3\ARM_GCC_541\Debug\esw_uCOS3_cykit.a(UART_1_INT.o)
                              .\CortexM3\ARM_GCC_541\Debug\esw_uCOS3_cykit.a(UART_1.o) (UART_1_RXISR)
.\CortexM3\ARM_GCC_541\Debug\esw_uCOS3_cykit.a(Pin_1.o)
                              .\CortexM3\ARM_GCC_541\Debug\bsp_gpio.o (Pin_1_Write)
.\CortexM3\ARM_GCC_541\Debug\esw_uCOS3_cykit.a(UART_1_IntClock.o)
                              .\CortexM3\ARM_GCC_541\Debug\esw_uCOS3_cykit.a(UART_1.o) (UART_1_IntClock_Start)
.\CortexM3\ARM_GCC_541\Debug\esw_uCOS3_cykit.a(CyDmac.o)
                              .\CortexM3\ARM_GCC_541\Debug\Cm3Start.o (CyDmacConfigure)
.\CortexM3\ARM_GCC_541\Debug\esw_uCOS3_cykit.a(CyLib.o)
                              .\CortexM3\ARM_GCC_541\Debug\Cm3Start.o (CyHalt)
.\CortexM3\ARM_GCC_541\Debug\esw_uCOS3_cykit.a(cyPm.o)
                              .\CortexM3\ARM_GCC_541\Debug\esw_uCOS3_cykit.a(CyLib.o) (CyPmReadStatus)
.\CortexM3\ARM_GCC_541\Debug\esw_uCOS3_cykit.a(SPIM_1.o)
                              .\CortexM3\ARM_GCC_541\Debug\bsp_spi.o (SPIM_1_ReadTxStatus)
.\CortexM3\ARM_GCC_541\Debug\esw_uCOS3_cykit.a(CS_1.o)
                              .\CortexM3\ARM_GCC_541\Debug\bsp_spi.o (CS_1_Write)
.\CortexM3\ARM_GCC_541\Debug\esw_uCOS3_cykit.a(SPIM_1_IntClock.o)
                              .\CortexM3\ARM_GCC_541\Debug\esw_uCOS3_cykit.a(SPIM_1.o) (SPIM_1_IntClock_Start)
.\CortexM3\ARM_GCC_541\Debug\esw_uCOS3_cykit.a(Pin_2.o)
                              .\CortexM3\ARM_GCC_541\Debug\bsp_gpio.o (Pin_2_Write)
.\CortexM3\ARM_GCC_541\Debug\esw_uCOS3_cykit.a(push_button.o)
                              .\CortexM3\ARM_GCC_541\Debug\bsp_gpio.o (push_button_Write)
.\CortexM3\ARM_GCC_541\Debug\esw_uCOS3_cykit.a(I2C_1.o)
                              .\CortexM3\ARM_GCC_541\Debug\bsp_i2c.o (I2C_1_Start)
.\CortexM3\ARM_GCC_541\Debug\esw_uCOS3_cykit.a(I2C_1_INT.o)
                              .\CortexM3\ARM_GCC_541\Debug\esw_uCOS3_cykit.a(I2C_1.o) (I2C_1_ISR)
.\CortexM3\ARM_GCC_541\Debug\esw_uCOS3_cykit.a(I2C_1_PM.o)
                              .\CortexM3\ARM_GCC_541\Debug\esw_uCOS3_cykit.a(I2C_1.o) (I2C_1_backup)
.\CortexM3\ARM_GCC_541\Debug\esw_uCOS3_cykit.a(I2C_1_MASTER.o)
                              .\CortexM3\ARM_GCC_541\Debug\esw_uCOS3_cykit.a(I2C_1.o) (I2C_1_mstrStatus)
.\CortexM3\ARM_GCC_541\Debug\esw_uCOS3_cykit.a(Timer_1.o)
                              .\CortexM3\ARM_GCC_541\Debug\bsp_i2c.o (Timer_1_Start)
.\CortexM3\ARM_GCC_541\Debug\esw_uCOS3_cykit.a(Timer_ISR.o)
                              .\CortexM3\ARM_GCC_541\Debug\bsp_i2c.o (Timer_ISR_StartEx)
.\CortexM3\ARM_GCC_541\Debug\esw_uCOS3_cykit.a(CyBootAsmGnu.o)
                              .\CortexM3\ARM_GCC_541\Debug\cyfitter_cfg.o (CyDelayCycles)
.\CortexM3\ARM_GCC_541\Debug\esw_uCOS3_cykit.a(CyFlash.o)
                              .\CortexM3\ARM_GCC_541\Debug\esw_uCOS3_cykit.a(cyPm.o) (CyFlash_SetWaitCycles)
.\CortexM3\ARM_GCC_541\Debug\esw_uCOS3_cykit.a(CySpc.o)
                              .\CortexM3\ARM_GCC_541\Debug\esw_uCOS3_cykit.a(CyFlash.o) (CySpcStart)
c:/program files (x86)/cypress/psoc creator/4.4/psoc creator/import/gnu/arm/5.4.1/bin/../lib/gcc/arm-none-eabi/5.4.1/armv7-m\libgcc.a(_arm_addsubdf3.o)
                              .\CortexM3\ARM_GCC_541\Debug\bme280.o (__aeabi_dsub)
c:/program files (x86)/cypress/psoc creator/4.4/psoc creator/import/gnu/arm/5.4.1/bin/../lib/gcc/arm-none-eabi/5.4.1/armv7-m\libgcc.a(_arm_muldivdf3.o)
                              .\CortexM3\ARM_GCC_541\Debug\bme280.o (__aeabi_dmul)
c:/program files (x86)/cypress/psoc creator/4.4/psoc creator/import/gnu/arm/5.4.1/bin/../lib/gcc/arm-none-eabi/5.4.1/armv7-m\libgcc.a(_arm_cmpdf2.o)
                              .\CortexM3\ARM_GCC_541\Debug\bme280.o (__aeabi_dcmplt)
c:/program files (x86)/cypress/psoc creator/4.4/psoc creator/import/gnu/arm/5.4.1/bin/../lib/gcc/arm-none-eabi/5.4.1/armv7-m\libgcc.a(_arm_fixdfsi.o)
                              .\CortexM3\ARM_GCC_541\Debug\bme280.o (__aeabi_d2iz)
c:/program files (x86)/cypress/psoc creator/4.4/psoc creator/import/gnu/arm/5.4.1/bin/../lib/gcc/arm-none-eabi/5.4.1/armv7-m\libgcc.a(_arm_addsubsf3.o)
                              .\CortexM3\ARM_GCC_541\Debug\driver_max30102.o (__aeabi_fadd)
c:/program files (x86)/cypress/psoc creator/4.4/psoc creator/import/gnu/arm/5.4.1/bin/../lib/gcc/arm-none-eabi/5.4.1/armv7-m\libgcc.a(_arm_muldivsf3.o)
                              .\CortexM3\ARM_GCC_541\Debug\driver_max30102.o (__aeabi_fmul)
c:/program files (x86)/cypress/psoc creator/4.4/psoc creator/import/gnu/arm/5.4.1/bin/../lib/gcc/arm-none-eabi/5.4.1/../../../../arm-none-eabi/lib/armv7-m\libg_nano.a(lib_a-errno.o)
                              .\CortexM3\ARM_GCC_541\Debug\Cm3Start.o (__errno)
[...]
Memory Configuration

Name             Origin             Length             Attributes
rom              0x00000000         0x00040000         xr
ram              0x1fff8000         0x00010000         xrw
*default*        0x00000000         0xffffffff

Linker script and memory map

LOAD c:/program files (x86)/cypress/psoc creator/4.4/psoc creator/import/gnu/arm/5.4.1/bin/../lib/gcc/arm-none-eabi/5.4.1/armv7-m/crti.o
LOAD c:/program files (x86)/cypress/psoc creator/4.4/psoc creator/import/gnu/arm/5.4.1/bin/../lib/gcc/arm-none-eabi/5.4.1/armv7-m/crtbegin.o
LOAD c:/program files (x86)/cypress/psoc creator/4.4/psoc creator/import/gnu/arm/5.4.1/bin/../lib/gcc/arm-none-eabi/5.4.1/../../../../arm-none-eabi/lib/armv7-m/crt0.o
START GROUP
LOAD .\CortexM3\ARM_GCC_541\Debug\app.o
LOAD .\CortexM3\ARM_GCC_541\Debug\os_app_hooks.o
LOAD .\CortexM3\ARM_GCC_541\Debug\log_task.o
LOAD .\CortexM3\ARM_GCC_541\Debug\data_processing_task.o
LOAD .\CortexM3\ARM_GCC_541\Debug\bsp_os.o
LOAD .\CortexM3\ARM_GCC_541\Debug\bsp.o
LOAD .\CortexM3\ARM_GCC_541\Debug\cpu_bsp.o
LOAD .\CortexM3\ARM_GCC_541\Debug\bsp_uart.o
LOAD .\CortexM3\ARM_GCC_541\Debug\bsp_gpio.o
LOAD .\CortexM3\ARM_GCC_541\Debug\bsp_spi.o
LOAD .\CortexM3\ARM_GCC_541\Debug\bsp_i2c.o
LOAD .\CortexM3\ARM_GCC_541\Debug\cpu_c.o
LOAD .\CortexM3\ARM_GCC_541\Debug\cpu_core.o
LOAD .\CortexM3\ARM_GCC_541\Debug\lib_math.o
LOAD .\CortexM3\ARM_GCC_541\Debug\lib_mem.o
LOAD .\CortexM3\ARM_GCC_541\Debug\lib_str.o
LOAD .\CortexM3\ARM_GCC_541\Debug\lib_ascii.o
LOAD .\CortexM3\ARM_GCC_541\Debug\os_cpu_c.o
LOAD .\CortexM3\ARM_GCC_541\Debug\os_pend_multi.o
LOAD .\CortexM3\ARM_GCC_541\Debug\os_prio.o
LOAD .\CortexM3\ARM_GCC_541\Debug\os_q.o
LOAD .\CortexM3\ARM_GCC_541\Debug\os_sem.o
LOAD .\CortexM3\ARM_GCC_541\Debug\os_stat.o
LOAD .\CortexM3\ARM_GCC_541\Debug\os_task.o
LOAD .\CortexM3\ARM_GCC_541\Debug\os_tick.o
LOAD .\CortexM3\ARM_GCC_541\Debug\os_time.o
LOAD .\CortexM3\ARM_GCC_541\Debug\os_tmr.o
LOAD .\CortexM3\ARM_GCC_541\Debug\os_var.o
LOAD .\CortexM3\ARM_GCC_541\Debug\os_cfg_app.o
LOAD .\CortexM3\ARM_GCC_541\Debug\os_core.o
LOAD .\CortexM3\ARM_GCC_541\Debug\os_dbg.o
LOAD .\CortexM3\ARM_GCC_541\Debug\os_flag.o
LOAD .\CortexM3\ARM_GCC_541\Debug\os_int.o
LOAD .\CortexM3\ARM_GCC_541\Debug\os_mem.o
LOAD .\CortexM3\ARM_GCC_541\Debug\os_msg.o
LOAD .\CortexM3\ARM_GCC_541\Debug\os_mutex.o
LOAD .\CortexM3\ARM_GCC_541\Debug\bme280.o
LOAD .\CortexM3\ARM_GCC_541\Debug\bme280_interface.o
LOAD .\CortexM3\ARM_GCC_541\Debug\max30102_interface.o
LOAD .\CortexM3\ARM_GCC_541\Debug\driver_max30102.o
LOAD .\CortexM3\ARM_GCC_541\Debug\cyfitter_cfg.o
LOAD .\CortexM3\ARM_GCC_541\Debug\cymetadata.o
LOAD .\CortexM3\ARM_GCC_541\Debug\Cm3Start.o
LOAD .\CortexM3\ARM_GCC_541\Debug\cpu_a.o
LOAD .\CortexM3\ARM_GCC_541\Debug\os_cpu_a.o
LOAD .\CortexM3\ARM_GCC_541\Debug\esw_uCOS3_cykit.a
LOAD C:\Program Files (x86)\Cypress\PSoC Creator\4.4\PSoC Creator\psoc\content\cycomponentlibrary\CyComponentLibrary.cylib\CortexM3\ARM_GCC_541\Debug\CyComponentLibrary.a
END GROUP
START GROUP
LOAD c:/program files (x86)/cypress/psoc creator/4.4/psoc creator/import/gnu/arm/5.4.1/bin/../lib/gcc/arm-none-eabi/5.4.1/armv7-m\libgcc.a
LOAD c:/program files (x86)/cypress/psoc creator/4.4/psoc creator/import/gnu/arm/5.4.1/bin/../lib/gcc/arm-none-eabi/5.4.1/../../../../arm-none-eabi/lib/armv7-m\libg_nano.a
LOAD c:/program files (x86)/cypress/psoc creator/4.4/psoc creator/import/gnu/arm/5.4.1/bin/../lib/gcc/arm-none-eabi/5.4.1/../../../../arm-none-eabi/lib/armv7-m\libc_nano.a
END GROUP
START GROUP
LOAD c:/program files (x86)/cypress/psoc creator/4.4/psoc creator/import/gnu/arm/5.4.1/bin/../lib/gcc/arm-none-eabi/5.4.1/armv7-m\libgcc.a
LOAD c:/program files (x86)/cypress/psoc creator/4.4/psoc creator/import/gnu/arm/5.4.1/bin/../lib/gcc/arm-none-eabi/5.4.1/../../../../arm-none-eabi/lib/armv7-m\libc_nano.a
END GROUP
LOAD c:/program files (x86)/cypress/psoc creator/4.4/psoc creator/import/gnu/arm/5.4.1/bin/../lib/gcc/arm-none-eabi/5.4.1/armv7-m/crtend.o
LOAD c:/program files (x86)/cypress/psoc creator/4.4/psoc creator/import/gnu/arm/5.4.1/bin/../lib/gcc/arm-none-eabi/5.4.1/armv7-m/crtn.o
START GROUP
LOAD c:/program files (x86)/cypress/psoc creator/4.4/psoc creator/import/gnu/arm/5.4.1/bin/../lib/gcc/arm-none-eabi/5.4.1/armv7-m\libgcc.a
LOAD c:/program files (x86)/cypress/psoc creator/4.4/psoc creator/import/gnu/arm/5.4.1/bin/../lib/gcc/arm-none-eabi/5.4.1/../../../../arm-none-eabi/lib/armv7-m\libc.a
LOAD c:/program files (x86)/cypress/psoc creator/4.4/psoc creator/import/gnu/arm/5.4.1/bin/../lib/gcc/arm-none-eabi/5.4.1/../../../../arm-none-eabi/lib/armv7-m\libnosys.a
END GROUP
                0x00000000                CY_APPL_ORIGIN = 0x0
                0x00000100                CY_FLASH_ROW_SIZE = 0x100
                0x00000020                CY_ECC_ROW_SIZE = 0x20
                0x00000000                CY_EE_IN_BTLDR = 0x0
                0x00000000                CY_APPL_LOADABLE = 0x0
                0x00000800                CY_EE_SIZE = 0x800
                0x00000001                CY_APPL_NUM = 0x1
                0x00000001                CY_APPL_MAX = 0x1
                0x00000040                CY_METADATA_SIZE = 0x40
                0x00000000                CY_APPL_LOADABLE = 0x0
                0x00000000                CY_CHECKSUM_EXCLUDE_SIZE = ALIGN (0x0, CY_FLASH_ROW_SIZE)
                [!provide]                PROVIDE (__cy_heap_start, _end)
                0x00000001                PROVIDE (__cy_region_num, ((__cy_regions_end - __cy_regions) / 0x10))
                0x20008000                PROVIDE (__cy_stack, (ORIGIN (ram) + LENGTH (ram)))
                [!provide]                PROVIDE (__cy_heap_end, (__cy_stack - 0x800))

.cybootloader   0x00000000        0x0
 *(.cybootloader)
                0x00000000                appl1_start = CY_APPL_ORIGIN?CY_APPL_ORIGIN:ALIGN (CY_FLASH_ROW_SIZE)
                0x0001ff00                appl2_start = (appl1_start + ALIGN ((((LENGTH (rom) - appl1_start) - (0x2 * CY_FLASH_ROW_SIZE)) / 0x2), CY_FLASH_ROW_SIZE))
                0x00000000                appl_start = (CY_APPL_NUM == 0x1)?appl1_start:appl2_start
                0x00000000                ecc_offset = ((appl_start / CY_FLASH_ROW_SIZE) * CY_ECC_ROW_SIZE)
                0x00000000                ee_offset = (CY_APPL_LOADABLE && ! (CY_EE_IN_BTLDR))?((CY_EE_SIZE / CY_APPL_MAX) * (CY_APPL_NUM - 0x1)):0x0
                0x00000800                ee_size = (CY_APPL_LOADABLE && ! (CY_EE_IN_BTLDR))?(CY_EE_SIZE / CY_APPL_MAX):CY_EE_SIZE
                [!provide]                PROVIDE (CY_ECC_OFFSET, ecc_offset)

.text           0x00000000     0x58cc
 CREATE_OBJECT_SYMBOLS
                0x00000000                PROVIDE (__cy_interrupt_vector, RomVectors)
 *(.romvectors)
 .romvectors    0x00000000       0x10 .\CortexM3\ARM_GCC_541\Debug\Cm3Start.o
                0x00000000                RomVectors
                0x00000001                ASSERT ((. != __cy_interrupt_vector), No interrupt vector)
                0x00000001                ASSERT (CY_APPL_ORIGIN?(SIZEOF (.cybootloader) <= CY_APPL_ORIGIN):0x1, Wrong image location)
                0x00000010                PROVIDE (__cy_reset, Reset)
 *(.text.Reset)
 .text.Reset    0x00000010       0x18 .\CortexM3\ARM_GCC_541\Debug\Cm3Start.o
                0x00000010                Reset
                0x00000001                ASSERT ((. != __cy_reset), No reset code)
 *(.dma_init)
                0x00000001                ASSERT ((((appl_start + .) <= 0x10000) || 0x1), DMA Init must be within the first 64k of flash)
 *(.text .text.* .gnu.linkonce.t.*)
 .text          0x00000028       0x5c c:/program files (x86)/cypress/psoc creator/4.4/psoc creator/import/gnu/arm/5.4.1/bin/../lib/gcc/arm-none-eabi/5.4.1/armv7-m/crtbegin.o
 .text.App_TaskStart
                0x00000084       0x70 .\CortexM3\ARM_GCC_541\Debug\app.o
 .text.main     0x000000f4       0x60 .\CortexM3\ARM_GCC_541\Debug\app.o
                0x000000f4                main
 .text.Log_LevelToString
                0x00000154       0xb4 .\CortexM3\ARM_GCC_541\Debug\log_task.o
 .text.Log_PrintErrorWithCode
                0x00000208       0x2c .\CortexM3\ARM_GCC_541\Debug\log_task.o
 .text.Log_Task
                0x00000234       0xe8 .\CortexM3\ARM_GCC_541\Debug\log_task.o
 .text.Log_Init
                0x0000031c       0x58 .\CortexM3\ARM_GCC_541\Debug\log_task.o
                0x0000031c                Log_Init
 .text.Log_Write
                0x00000374       0xbc .\CortexM3\ARM_GCC_541\Debug\log_task.o
                0x00000374                Log_Write
 .text.initMessageQueues
                0x00000430       0x74 .\CortexM3\ARM_GCC_541\Debug\data_processing_task.o
                0x00000430                initMessageQueues
 .text.conversionOfTimestamp
                0x000004a4       0xb0 .\CortexM3\ARM_GCC_541\Debug\data_processing_task.o
                0x000004a4                conversionOfTimestamp
 .text.Data_Processing_Init
                0x00000554       0x68 .\CortexM3\ARM_GCC_541\Debug\data_processing_task.o
                0x00000554                Data_Processing_Init
 .text.ProcessRawOximeterData
                0x000005bc       0x9c .\CortexM3\ARM_GCC_541\Debug\data_processing_task.o
                0x000005bc                ProcessRawOximeterData
 .text.ProcessRawEnvironmentData
                0x00000658       0x10 .\CortexM3\ARM_GCC_541\Debug\data_processing_task.o
                0x00000658                ProcessRawEnvironmentData
 .text.isDataInAccceptableRange
                0x00000668       0x28 .\CortexM3\ARM_GCC_541\Debug\data_processing_task.o
                0x00000668                isDataInAccceptableRange
 .text.Data_Processing_Task
                0x00000690      0x110 .\CortexM3\ARM_GCC_541\Debug\data_processing_task.o
 .text.BSP_PreInit
                0x000007a0       0x20 .\CortexM3\ARM_GCC_541\Debug\bsp.o
                0x000007a0                BSP_PreInit
 .text.BSP_PostInit
                0x000007c0        0xc .\CortexM3\ARM_GCC_541\Debug\bsp.o
                0x000007c0                BSP_PostInit
 .text.BSP_CPU_ClkFreq
                0x000007cc        0x8 .\CortexM3\ARM_GCC_541\Debug\bsp.o
                0x000007cc                BSP_CPU_ClkFreq
 .text.BSP_CPU_TickInit
                0x000007d4       0x18 .\CortexM3\ARM_GCC_541\Debug\bsp.o
                0x000007d4                BSP_CPU_TickInit
 .text.CPU_TS_TmrInit
                0x000007ec       0x28 .\CortexM3\ARM_GCC_541\Debug\cpu_bsp.o
                0x000007ec                CPU_TS_TmrInit
 .text.CPU_TS_TmrRd
                0x00000814        0xc .\CortexM3\ARM_GCC_541\Debug\cpu_bsp.o
                0x00000814                CPU_TS_TmrRd
 .text.init_uart
                0x00000820        0x8 .\CortexM3\ARM_GCC_541\Debug\bsp_uart.o
                0x00000820                init_uart
 .text.init_gpio
                0x00000828       0x1c .\CortexM3\ARM_GCC_541\Debug\bsp_gpio.o
                0x00000828                init_gpio
 .text.Timer_ISR
                0x00000844       0x10 .\CortexM3\ARM_GCC_541\Debug\bsp_i2c.o
                0x00000844                Timer_ISR
 .text.initMessageQueue
                0x00000854       0x40 .\CortexM3\ARM_GCC_541\Debug\bsp_i2c.o
 .text.I2C_Init
                0x00000894       0x84 .\CortexM3\ARM_GCC_541\Debug\bsp_i2c.o
                0x00000894                I2C_Init
 .text.averageDCEstimator
                0x00000918       0x14 .\CortexM3\ARM_GCC_541\Debug\bsp_i2c.o
                0x00000918                averageDCEstimator
 .text.mul16    0x0000092c        0x8 .\CortexM3\ARM_GCC_541\Debug\bsp_i2c.o
                0x0000092c                mul16
 .text.lowPassFIRFilter
                0x00000934       0x68 .\CortexM3\ARM_GCC_541\Debug\bsp_i2c.o
                0x00000934                lowPassFIRFilter
 .text.I2C_Task
                0x0000099c      0x1f0 .\CortexM3\ARM_GCC_541\Debug\bsp_i2c.o
 .text.bsp_i2c_read
                0x00000b8c       0x68 .\CortexM3\ARM_GCC_541\Debug\bsp_i2c.o
                0x00000b8c                bsp_i2c_read
 .text.bsp_i2c_write
                0x00000bf4       0x44 .\CortexM3\ARM_GCC_541\Debug\bsp_i2c.o
                0x00000bf4                bsp_i2c_write
 .text.CPU_TS_Init
                0x00000c38       0x14 .\CortexM3\ARM_GCC_541\Debug\cpu_core.o
 .text.CPU_NameClr
                0x00000c4c       0x1c .\CortexM3\ARM_GCC_541\Debug\cpu_core.o
                0x00000c4c                CPU_NameClr
 .text.CPU_NameInit
                0x00000c68        0x8 .\CortexM3\ARM_GCC_541\Debug\cpu_core.o
 .text.CPU_Init
                0x00000c70        0xc .\CortexM3\ARM_GCC_541\Debug\cpu_core.o
                0x00000c70                CPU_Init
 .text.CPU_TS_TmrFreqSet
                0x00000c7c        0xc .\CortexM3\ARM_GCC_541\Debug\cpu_core.o
                0x00000c7c                CPU_TS_TmrFreqSet
 .text.Mem_Set  0x00000c88       0x44 .\CortexM3\ARM_GCC_541\Debug\lib_mem.o
                0x00000c88                Mem_Set
 .text.Mem_Clr  0x00000ccc        0xc .\CortexM3\ARM_GCC_541\Debug\lib_mem.o
                0x00000ccc                Mem_Clr
 .text.OSIdleTaskHook
                0x00000cd8       0x10 .\CortexM3\ARM_GCC_541\Debug\os_cpu_c.o
                0x00000cd8                OSIdleTaskHook
 .text.OSInitHook
                0x00000ce8       0x3c .\CortexM3\ARM_GCC_541\Debug\os_cpu_c.o
                0x00000ce8                OSInitHook
 .text.OSStatTaskHook
                0x00000d24       0x10 .\CortexM3\ARM_GCC_541\Debug\os_cpu_c.o
                0x00000d24                OSStatTaskHook
 .text.OSTaskCreateHook
                0x00000d34       0x10 .\CortexM3\ARM_GCC_541\Debug\os_cpu_c.o
                0x00000d34                OSTaskCreateHook
 .text.OSTaskDelHook
                0x00000d44       0x10 .\CortexM3\ARM_GCC_541\Debug\os_cpu_c.o
                0x00000d44                OSTaskDelHook
 .text.OSTaskReturnHook
                0x00000d54       0x10 .\CortexM3\ARM_GCC_541\Debug\os_cpu_c.o
                0x00000d54                OSTaskReturnHook
 .text.OSTaskStkInit
                0x00000d64       0x88 .\CortexM3\ARM_GCC_541\Debug\os_cpu_c.o
                0x00000d64                OSTaskStkInit
 .text.OSTaskSwHook
                0x00000dec       0x40 .\CortexM3\ARM_GCC_541\Debug\os_cpu_c.o
                0x00000dec                OSTaskSwHook
 .text.OSTimeTickHook
                0x00000e2c       0x10 .\CortexM3\ARM_GCC_541\Debug\os_cpu_c.o
                0x00000e2c                OSTimeTickHook
 .text.OS_CPU_SysTickHandler
                0x00000e3c       0x20 .\CortexM3\ARM_GCC_541\Debug\os_cpu_c.o
                0x00000e3c                OS_CPU_SysTickHandler
 .text.OS_CPU_SysTickInit
                0x00000e5c       0x30 .\CortexM3\ARM_GCC_541\Debug\os_cpu_c.o
                0x00000e5c                OS_CPU_SysTickInit
 .text.OS_PrioInit
                0x00000e8c       0x18 .\CortexM3\ARM_GCC_541\Debug\os_prio.o
                0x00000e8c                OS_PrioInit
 .text.OS_PrioGetHighest
                0x00000ea4       0x24 .\CortexM3\ARM_GCC_541\Debug\os_prio.o
                0x00000ea4                OS_PrioGetHighest
 .text.OS_PrioInsert
                0x00000ec8       0x24 .\CortexM3\ARM_GCC_541\Debug\os_prio.o
                0x00000ec8                OS_PrioInsert
 .text.OS_PrioRemove
                0x00000eec       0x24 .\CortexM3\ARM_GCC_541\Debug\os_prio.o
                0x00000eec                OS_PrioRemove
 .text.OSQFlush
                0x00000f10       0x44 .\CortexM3\ARM_GCC_541\Debug\os_q.o
                0x00000f10                OSQFlush
 .text.OSQPend  0x00000f54      0x164 .\CortexM3\ARM_GCC_541\Debug\os_q.o
                0x00000f54                OSQPend
 .text.OS_QDbgListAdd
                0x000010b8       0x24 .\CortexM3\ARM_GCC_541\Debug\os_q.o
                0x000010b8                OS_QDbgListAdd
 .text.OSQCreate
                0x000010dc       0x7c .\CortexM3\ARM_GCC_541\Debug\os_q.o
                0x000010dc                OSQCreate
 .text.OS_QInit
                0x00001158       0x18 .\CortexM3\ARM_GCC_541\Debug\os_q.o
                0x00001158                OS_QInit
 .text.OS_QPost
                0x00001170       0x84 .\CortexM3\ARM_GCC_541\Debug\os_q.o
                0x00001170                OS_QPost
 .text.OSQPost  0x000011f4       0x74 .\CortexM3\ARM_GCC_541\Debug\os_q.o
                0x000011f4                OSQPost
 .text.OSSemPend
                0x00001268      0x128 .\CortexM3\ARM_GCC_541\Debug\os_sem.o
                0x00001268                OSSemPend
 .text.OS_SemDbgListAdd
                0x00001390       0x24 .\CortexM3\ARM_GCC_541\Debug\os_sem.o
                0x00001390                OS_SemDbgListAdd
 .text.OSSemCreate
                0x000013b4       0x68 .\CortexM3\ARM_GCC_541\Debug\os_sem.o
                0x000013b4                OSSemCreate
 .text.OS_SemInit
                0x0000141c       0x18 .\CortexM3\ARM_GCC_541\Debug\os_sem.o
                0x0000141c                OS_SemInit
 .text.OS_SemPost
                0x00001434       0x88 .\CortexM3\ARM_GCC_541\Debug\os_sem.o
                0x00001434                OS_SemPost
 .text.OSSemPost
                0x000014bc       0x48 .\CortexM3\ARM_GCC_541\Debug\os_sem.o
                0x000014bc                OSSemPost
 .text.OSStatReset
                0x00001504       0xb8 .\CortexM3\ARM_GCC_541\Debug\os_stat.o
                0x00001504                OSStatReset
 .text.OS_StatTask
                0x000015bc      0x230 .\CortexM3\ARM_GCC_541\Debug\os_stat.o
                0x000015bc                OS_StatTask
 .text.OS_StatTaskInit
                0x000017ec       0xa8 .\CortexM3\ARM_GCC_541\Debug\os_stat.o
                0x000017ec                OS_StatTaskInit
 .text.OSTaskSemPend
                0x00001894      0x130 .\CortexM3\ARM_GCC_541\Debug\os_task.o
                0x00001894                OSTaskSemPend
 .text.OSTaskStkChk
                0x000019c4       0x90 .\CortexM3\ARM_GCC_541\Debug\os_task.o
                0x000019c4                OSTaskStkChk
 .text.OS_TaskDbgListAdd
                0x00001a54       0x24 .\CortexM3\ARM_GCC_541\Debug\os_task.o
                0x00001a54                OS_TaskDbgListAdd
 .text.OS_TaskDbgListRemove
                0x00001a78       0x44 .\CortexM3\ARM_GCC_541\Debug\os_task.o
                0x00001a78                OS_TaskDbgListRemove
 .text.OS_TaskInit
                0x00001abc       0x20 .\CortexM3\ARM_GCC_541\Debug\os_task.o
                0x00001abc                OS_TaskInit
 .text.OS_TaskInitTCB
                0x00001adc       0xcc .\CortexM3\ARM_GCC_541\Debug\os_task.o
                0x00001adc                OS_TaskInitTCB
 .text.OSTaskCreate
                0x00001ba8      0x1a8 .\CortexM3\ARM_GCC_541\Debug\os_task.o
                0x00001ba8                OSTaskCreate
 .text.OSTaskDel
                0x00001d50       0xcc .\CortexM3\ARM_GCC_541\Debug\os_task.o
                0x00001d50                OSTaskDel
 .text.OS_TaskReturn
                0x00001e1c       0x20 .\CortexM3\ARM_GCC_541\Debug\os_task.o
                0x00001e1c                OS_TaskReturn
 .text.OS_TaskSemPost
                0x00001e3c       0xc0 .\CortexM3\ARM_GCC_541\Debug\os_task.o
                0x00001e3c                OS_TaskSemPost
 .text.OSTaskSemPost
                0x00001efc       0x2c .\CortexM3\ARM_GCC_541\Debug\os_task.o
                0x00001efc                OSTaskSemPost
 .text.OS_TickListInit
                0x00001f28       0x2c .\CortexM3\ARM_GCC_541\Debug\os_tick.o
                0x00001f28                OS_TickListInit
 .text.OS_TickTaskInit
                0x00001f54       0x98 .\CortexM3\ARM_GCC_541\Debug\os_tick.o
                0x00001f54                OS_TickTaskInit
 .text.OS_TickListInsert
                0x00001fec      0x120 .\CortexM3\ARM_GCC_541\Debug\os_tick.o
                0x00001fec                OS_TickListInsert
 .text.OS_TickListRemove
                0x0000210c       0x38 .\CortexM3\ARM_GCC_541\Debug\os_tick.o
                0x0000210c                OS_TickListRemove
 .text.OS_TickListResetPeak
                0x00002144       0x24 .\CortexM3\ARM_GCC_541\Debug\os_tick.o
                0x00002144                OS_TickListResetPeak
 .text.OS_TickListUpdate
                0x00002168      0x144 .\CortexM3\ARM_GCC_541\Debug\os_tick.o
                0x00002168                OS_TickListUpdate
 .text.OS_TickTask
                0x000022ac       0x2c .\CortexM3\ARM_GCC_541\Debug\os_tick.o
                0x000022ac                OS_TickTask
 .text.OSTimeDly
                0x000022d8       0x94 .\CortexM3\ARM_GCC_541\Debug\os_time.o
                0x000022d8                OSTimeDly
 .text.OSTimeDlyHMSM
                0x0000236c      0x164 .\CortexM3\ARM_GCC_541\Debug\os_time.o
                0x0000236c                OSTimeDlyHMSM
 .text.OSTimeTick
                0x000024d0       0x64 .\CortexM3\ARM_GCC_541\Debug\os_time.o
                0x000024d0                OSTimeTick
 .text.OS_TmrInit
                0x00002534      0x100 .\CortexM3\ARM_GCC_541\Debug\os_tmr.o
                0x00002534                OS_TmrInit
 .text.OS_TmrLink
                0x00002634       0xe8 .\CortexM3\ARM_GCC_541\Debug\os_tmr.o
                0x00002634                OS_TmrLink
 .text.OS_TmrResetPeak
                0x0000271c       0x24 .\CortexM3\ARM_GCC_541\Debug\os_tmr.o
                0x0000271c                OS_TmrResetPeak
 .text.OS_TmrUnlink
                0x00002740       0x58 .\CortexM3\ARM_GCC_541\Debug\os_tmr.o
                0x00002740                OS_TmrUnlink
 .text.OS_TmrTask
                0x00002798       0xb0 .\CortexM3\ARM_GCC_541\Debug\os_tmr.o
                0x00002798                OS_TmrTask
 .text.OSCfg_Init
                0x00002848        0x4 .\CortexM3\ARM_GCC_541\Debug\os_cfg_app.o
                0x00002848                OSCfg_Init
 .text.OS_IdleTask
                0x0000284c       0x28 .\CortexM3\ARM_GCC_541\Debug\os_core.o
                0x0000284c                OS_IdleTask
 .text.OSIntExit
                0x00002874       0xa8 .\CortexM3\ARM_GCC_541\Debug\os_core.o
                0x00002874                OSIntExit
 .text.OSSched  0x0000291c       0x80 .\CortexM3\ARM_GCC_541\Debug\os_core.o
                0x0000291c                OSSched
 .text.OSSchedLock
                0x0000299c       0x54 .\CortexM3\ARM_GCC_541\Debug\os_core.o
                0x0000299c                OSSchedLock
 .text.OSSchedUnlock
                0x000029f0       0x68 .\CortexM3\ARM_GCC_541\Debug\os_core.o
                0x000029f0                OSSchedUnlock
 .text.OSStart  0x00002a58       0x5c .\CortexM3\ARM_GCC_541\Debug\os_core.o
                0x00002a58                OSStart
 .text.OS_IdleTaskInit
                0x00002ab4       0x58 .\CortexM3\ARM_GCC_541\Debug\os_core.o
                0x00002ab4                OS_IdleTaskInit
 .text.OS_PendDataInit
                0x00002b0c       0x28 .\CortexM3\ARM_GCC_541\Debug\os_core.o
                0x00002b0c                OS_PendDataInit
 .text.OS_PendDbgNameAdd
                0x00002b34       0x44 .\CortexM3\ARM_GCC_541\Debug\os_core.o
                0x00002b34                OS_PendDbgNameAdd
 .text.OS_PendDbgNameRemove
                0x00002b78       0x1c .\CortexM3\ARM_GCC_541\Debug\os_core.o
                0x00002b78                OS_PendDbgNameRemove
 .text.OS_PendListInit
                0x00002b94        0xc .\CortexM3\ARM_GCC_541\Debug\os_core.o
                0x00002b94                OS_PendListInit
 .text.OS_PendListInsertPrio
                0x00002ba0       0x5c .\CortexM3\ARM_GCC_541\Debug\os_core.o
                0x00002ba0                OS_PendListInsertPrio
 .text.OS_PendListRemove1
                0x00002bfc       0x38 .\CortexM3\ARM_GCC_541\Debug\os_core.o
                0x00002bfc                OS_PendListRemove1
 .text.OS_PendListRemove
                0x00002c34       0x28 .\CortexM3\ARM_GCC_541\Debug\os_core.o
                0x00002c34                OS_PendListRemove
 .text.OS_Post1
                0x00002c5c       0x28 .\CortexM3\ARM_GCC_541\Debug\os_core.o
                0x00002c5c                OS_Post1
 .text.OS_RdyListInit
                0x00002c84       0x28 .\CortexM3\ARM_GCC_541\Debug\os_core.o
                0x00002c84                OS_RdyListInit
 .text.OSInit   0x00002cac      0x154 .\CortexM3\ARM_GCC_541\Debug\os_core.o
                0x00002cac                OSInit
 .text.OS_RdyListInsertHead
                0x00002e00       0x54 .\CortexM3\ARM_GCC_541\Debug\os_core.o
                0x00002e00                OS_RdyListInsertHead
 .text.OS_RdyListInsertTail
                0x00002e54       0x54 .\CortexM3\ARM_GCC_541\Debug\os_core.o
                0x00002e54                OS_RdyListInsertTail
 .text.OS_RdyListInsert
                0x00002ea8       0x2c .\CortexM3\ARM_GCC_541\Debug\os_core.o
                0x00002ea8                OS_RdyListInsert
 .text.OS_RdyListMoveHeadToTail
                0x00002ed4       0x38 .\CortexM3\ARM_GCC_541\Debug\os_core.o
                0x00002ed4                OS_RdyListMoveHeadToTail
 .text.OS_RdyListRemove
                0x00002f0c       0x78 .\CortexM3\ARM_GCC_541\Debug\os_core.o
                0x00002f0c                OS_RdyListRemove
 .text.OS_SchedRoundRobin
                0x00002f84       0x88 .\CortexM3\ARM_GCC_541\Debug\os_core.o
                0x00002f84                OS_SchedRoundRobin
 .text.OS_TaskBlock
                0x0000300c       0x3c .\CortexM3\ARM_GCC_541\Debug\os_core.o
                0x0000300c                OS_TaskBlock
 .text.OS_Pend  0x00003048       0x54 .\CortexM3\ARM_GCC_541\Debug\os_core.o
                0x00003048                OS_Pend
 .text.OS_TaskRdy
                0x0000309c       0x1c .\CortexM3\ARM_GCC_541\Debug\os_core.o
                0x0000309c                OS_TaskRdy
 .text.OS_Post  0x000030b8       0xac .\CortexM3\ARM_GCC_541\Debug\os_core.o
                0x000030b8                OS_Post
 .text.OS_Dbg_Init
                0x00003164        0x4 .\CortexM3\ARM_GCC_541\Debug\os_dbg.o
                0x00003164                OS_Dbg_Init
 .text.OS_FlagInit
                0x00003168       0x18 .\CortexM3\ARM_GCC_541\Debug\os_flag.o
                0x00003168                OS_FlagInit
 .text.OSMemGet
                0x00003180       0x3c .\CortexM3\ARM_GCC_541\Debug\os_mem.o
                0x00003180                OSMemGet
 .text.OSMemPut
                0x000031bc       0x4c .\CortexM3\ARM_GCC_541\Debug\os_mem.o
                0x000031bc                OSMemPut
 .text.OS_MemDbgListAdd
                0x00003208       0x1c .\CortexM3\ARM_GCC_541\Debug\os_mem.o
                0x00003208                OS_MemDbgListAdd
 .text.OSMemCreate
                0x00003224       0xe0 .\CortexM3\ARM_GCC_541\Debug\os_mem.o
                0x00003224                OSMemCreate
 .text.OS_MemInit
                0x00003304       0x18 .\CortexM3\ARM_GCC_541\Debug\os_mem.o
                0x00003304                OS_MemInit
 .text.OS_MsgPoolInit
                0x0000331c       0x68 .\CortexM3\ARM_GCC_541\Debug\os_msg.o
                0x0000331c                OS_MsgPoolInit
 .text.OS_MsgQFreeAll
                0x00003384       0x34 .\CortexM3\ARM_GCC_541\Debug\os_msg.o
                0x00003384                OS_MsgQFreeAll
 .text.OS_MsgQInit
                0x000033b8       0x10 .\CortexM3\ARM_GCC_541\Debug\os_msg.o
                0x000033b8                OS_MsgQInit
 .text.OS_MsgQGet
                0x000033c8       0x5c .\CortexM3\ARM_GCC_541\Debug\os_msg.o
                0x000033c8                OS_MsgQGet
 .text.OS_MsgQPut
                0x00003424       0x94 .\CortexM3\ARM_GCC_541\Debug\os_msg.o
                0x00003424                OS_MsgQPut
 .text.OS_MutexInit
                0x000034b8       0x18 .\CortexM3\ARM_GCC_541\Debug\os_mutex.o
                0x000034b8                OS_MutexInit
 .text.bsp_delay_ms
                0x000034d0       0x6c .\CortexM3\ARM_GCC_541\Debug\max30102_interface.o
                0x000034d0                bsp_delay_ms
 .text.bsp_i2c_deinit
                0x0000353c       0x14 .\CortexM3\ARM_GCC_541\Debug\max30102_interface.o
 .text.bsp_i2c_init
                0x00003550       0x14 .\CortexM3\ARM_GCC_541\Debug\max30102_interface.o
 .text.bsp_debug_print
                0x00003564       0x28 .\CortexM3\ARM_GCC_541\Debug\max30102_interface.o
                0x00003564                bsp_debug_print
 .text.max30102_receive_callback
                0x0000358c       0x40 .\CortexM3\ARM_GCC_541\Debug\max30102_interface.o
                0x0000358c                max30102_receive_callback
 .text.max30102_sensor_init
                0x000035cc      0x1f8 .\CortexM3\ARM_GCC_541\Debug\max30102_interface.o
                0x000035cc                max30102_sensor_init
 .text.max30102_init
                0x000037c4      0x1ec .\CortexM3\ARM_GCC_541\Debug\driver_max30102.o
                0x000037c4                max30102_init
 .text.max30102_read
                0x000039b0      0x1f8 .\CortexM3\ARM_GCC_541\Debug\driver_max30102.o
                0x000039b0                max30102_read
 .text.max30102_set_interrupt
                0x00003ba8       0xcc .\CortexM3\ARM_GCC_541\Debug\driver_max30102.o
                0x00003ba8                max30102_set_interrupt
 .text.max30102_get_interrupt
                0x00003c74       0x84 .\CortexM3\ARM_GCC_541\Debug\driver_max30102.o
                0x00003c74                max30102_get_interrupt
 .text.max30102_set_fifo_sample_averaging
                0x00003cf8       0x68 .\CortexM3\ARM_GCC_541\Debug\driver_max30102.o
                0x00003cf8                max30102_set_fifo_sample_averaging
 .text.max30102_set_fifo_roll
                0x00003d60       0x68 .\CortexM3\ARM_GCC_541\Debug\driver_max30102.o
                0x00003d60                max30102_set_fifo_roll
 .text.max30102_set_mode
                0x00003dc8       0x64 .\CortexM3\ARM_GCC_541\Debug\driver_max30102.o
                0x00003dc8                max30102_set_mode
 .text.max30102_set_spo2_adc_range
                0x00003e2c       0x68 .\CortexM3\ARM_GCC_541\Debug\driver_max30102.o
                0x00003e2c                max30102_set_spo2_adc_range
 .text.max30102_set_spo2_sample_rate
                0x00003e94       0x68 .\CortexM3\ARM_GCC_541\Debug\driver_max30102.o
                0x00003e94                max30102_set_spo2_sample_rate
 .text.max30102_set_adc_resolution
                0x00003efc       0x64 .\CortexM3\ARM_GCC_541\Debug\driver_max30102.o
                0x00003efc                max30102_set_adc_resolution
 .text.max30102_set_led_red_pulse_amplitude
                0x00003f60       0x40 .\CortexM3\ARM_GCC_541\Debug\driver_max30102.o
                0x00003f60                max30102_set_led_red_pulse_amplitude
 .text.max30102_set_led_ir_pulse_amplitude
                0x00003fa0       0x40 .\CortexM3\ARM_GCC_541\Debug\driver_max30102.o
                0x00003fa0                max30102_set_led_ir_pulse_amplitude
 .text.max30102_set_slot
                0x00003fe0      0x150 .\CortexM3\ARM_GCC_541\Debug\driver_max30102.o
                0x00003fe0                max30102_set_slot
 .text.CyClockStartupError
                0x00004130        0x4 .\CortexM3\ARM_GCC_541\Debug\cyfitter_cfg.o
 .text.cfg_write_bytes32
                0x00004134       0x34 .\CortexM3\ARM_GCC_541\Debug\cyfitter_cfg.o
 .text.AnalogSetDefault
                0x00004168       0x28 .\CortexM3\ARM_GCC_541\Debug\cyfitter_cfg.o
 .text.CYMEMZERO
                0x00004190        0xc .\CortexM3\ARM_GCC_541\Debug\cyfitter_cfg.o
 .text.ClockSetup
                0x0000419c       0xc4 .\CortexM3\ARM_GCC_541\Debug\cyfitter_cfg.o
 .text.CYCONFIGCPY
                0x00004260        0x8 .\CortexM3\ARM_GCC_541\Debug\cyfitter_cfg.o
 .text.cyfitter_cfg
                0x00004268      0x13c .\CortexM3\ARM_GCC_541\Debug\cyfitter_cfg.o
                0x00004268                cyfitter_cfg
 .text.IntDefaultHandler
                0x000043a4       0x10 .\CortexM3\ARM_GCC_541\Debug\Cm3Start.o
                0x000043a4                IntDefaultHandler
 .text._sbrk    0x000043b4       0x30 .\CortexM3\ARM_GCC_541\Debug\Cm3Start.o
                0x000043b4                _sbrk
 .text.Start_c  0x000043e4       0x4c .\CortexM3\ARM_GCC_541\Debug\Cm3Start.o
                0x000043e4                Start_c
 .text.initialize_psoc
                0x00004430       0x6c .\CortexM3\ARM_GCC_541\Debug\Cm3Start.o
                0x00004430                initialize_psoc
 .text          0x0000449c       0x34 .\CortexM3\ARM_GCC_541\Debug\cpu_a.o
                0x0000449c                CPU_IntDis
                0x000044a0                CPU_IntEn
                0x000044a4                CPU_SR_Save
                0x000044ac                CPU_SR_Restore
                0x000044b2                CPU_WaitForInt
                0x000044b6                CPU_WaitForExcept
                0x000044ba                CPU_CntLeadZeros
                0x000044c0                CPU_CntTrailZeros
                0x000044ca                CPU_RevBits
 .text          0x000044d0       0x84 .\CortexM3\ARM_GCC_541\Debug\os_cpu_a.o
                0x000044d0                OSStartHighRdy
                0x000044f0                OS_CPU_PendSVHandler
 .text.UART_1_Init
                0x00004554       0x5c .\CortexM3\ARM_GCC_541\Debug\esw_uCOS3_cykit.a(UART_1.o)
                0x00004554                UART_1_Init
 .text.UART_1_Enable
                0x000045b0       0x50 .\CortexM3\ARM_GCC_541\Debug\esw_uCOS3_cykit.a(UART_1.o)
                0x000045b0                UART_1_Enable
 .text.UART_1_Start
                0x00004600       0x1c .\CortexM3\ARM_GCC_541\Debug\esw_uCOS3_cykit.a(UART_1.o)
                0x00004600                UART_1_Start
 .text.UART_1_PutChar
                0x0000461c       0x70 .\CortexM3\ARM_GCC_541\Debug\esw_uCOS3_cykit.a(UART_1.o)
                0x0000461c                UART_1_PutChar
 .text.UART_1_PutString
                0x0000468c       0x24 .\CortexM3\ARM_GCC_541\Debug\esw_uCOS3_cykit.a(UART_1.o)
                0x0000468c                UART_1_PutString
 .text.UART_1_RXISR
                0x000046b0       0x98 .\CortexM3\ARM_GCC_541\Debug\esw_uCOS3_cykit.a(UART_1_INT.o)
                0x000046b0                UART_1_RXISR
 .text.UART_1_TXISR
                0x00004748       0x58 .\CortexM3\ARM_GCC_541\Debug\esw_uCOS3_cykit.a(UART_1_INT.o)
                0x00004748                UART_1_TXISR
 .text.Pin_1_SetDriveMode
                0x000047a0       0x18 .\CortexM3\ARM_GCC_541\Debug\esw_uCOS3_cykit.a(Pin_1.o)
                0x000047a0                Pin_1_SetDriveMode
 .text.UART_1_IntClock_Start
                0x000047b8       0x1c .\CortexM3\ARM_GCC_541\Debug\esw_uCOS3_cykit.a(UART_1_IntClock.o)
                0x000047b8                UART_1_IntClock_Start
 .text.CyDmacConfigure
                0x000047d4       0x34 .\CortexM3\ARM_GCC_541\Debug\esw_uCOS3_cykit.a(CyDmac.o)
                0x000047d4                CyDmacConfigure
 .text.CyHalt   0x00004808        0x4 .\CortexM3\ARM_GCC_541\Debug\esw_uCOS3_cykit.a(CyLib.o)
                0x00004808                CyHalt
 .text.CyIntSetVector
                0x0000480c       0x28 .\CortexM3\ARM_GCC_541\Debug\esw_uCOS3_cykit.a(CyLib.o)
                0x0000480c                CyIntSetVector
 .text.CyIntSetPriority
                0x00004834       0x30 .\CortexM3\ARM_GCC_541\Debug\esw_uCOS3_cykit.a(CyLib.o)
                0x00004834                CyIntSetPriority
 .text.Pin_2_SetDriveMode
                0x00004864       0x24 .\CortexM3\ARM_GCC_541\Debug\esw_uCOS3_cykit.a(Pin_2.o)
                0x00004864                Pin_2_SetDriveMode
 .text.push_button_Write
                0x00004888       0x18 .\CortexM3\ARM_GCC_541\Debug\esw_uCOS3_cykit.a(push_button.o)
                0x00004888                push_button_Write
 .text.push_button_SetDriveMode
                0x000048a0       0x18 .\CortexM3\ARM_GCC_541\Debug\esw_uCOS3_cykit.a(push_button.o)
                0x000048a0                push_button_SetDriveMode
 .text.I2C_1_Init
                0x000048b8       0x68 .\CortexM3\ARM_GCC_541\Debug\esw_uCOS3_cykit.a(I2C_1.o)
                0x000048b8                I2C_1_Init
 .text.I2C_1_Enable
                0x00004920       0x24 .\CortexM3\ARM_GCC_541\Debug\esw_uCOS3_cykit.a(I2C_1.o)
                0x00004920                I2C_1_Enable
 .text.I2C_1_Start
                0x00004944       0x28 .\CortexM3\ARM_GCC_541\Debug\esw_uCOS3_cykit.a(I2C_1.o)
                0x00004944                I2C_1_Start
 .text.I2C_1_ISR
                0x0000496c      0x2d0 .\CortexM3\ARM_GCC_541\Debug\esw_uCOS3_cykit.a(I2C_1_INT.o)
                0x0000496c                I2C_1_ISR
 .text.I2C_1_MasterSendStart
                0x00004c3c       0x80 .\CortexM3\ARM_GCC_541\Debug\esw_uCOS3_cykit.a(I2C_1_MASTER.o)
                0x00004c3c                I2C_1_MasterSendStart
 .text.I2C_1_MasterSendRestart
                0x00004cbc       0x6c .\CortexM3\ARM_GCC_541\Debug\esw_uCOS3_cykit.a(I2C_1_MASTER.o)
                0x00004cbc                I2C_1_MasterSendRestart
 .text.I2C_1_MasterSendStop
                0x00004d28       0x38 .\CortexM3\ARM_GCC_541\Debug\esw_uCOS3_cykit.a(I2C_1_MASTER.o)
                0x00004d28                I2C_1_MasterSendStop
 .text.I2C_1_MasterWriteByte
                0x00004d60       0x58 .\CortexM3\ARM_GCC_541\Debug\esw_uCOS3_cykit.a(I2C_1_MASTER.o)
                0x00004d60                I2C_1_MasterWriteByte
 .text.I2C_1_MasterReadByte
                0x00004db8       0x58 .\CortexM3\ARM_GCC_541\Debug\esw_uCOS3_cykit.a(I2C_1_MASTER.o)
                0x00004db8                I2C_1_MasterReadByte
 .text.Timer_1_Enable
                0x00004e10       0x28 .\CortexM3\ARM_GCC_541\Debug\esw_uCOS3_cykit.a(Timer_1.o)
                0x00004e10                Timer_1_Enable
 .text.Timer_1_SetInterruptMode
                0x00004e38        0xc .\CortexM3\ARM_GCC_541\Debug\esw_uCOS3_cykit.a(Timer_1.o)
                0x00004e38                Timer_1_SetInterruptMode
 .text.Timer_1_WritePeriod
                0x00004e44        0xc .\CortexM3\ARM_GCC_541\Debug\esw_uCOS3_cykit.a(Timer_1.o)
                0x00004e44                Timer_1_WritePeriod
 .text.Timer_1_WriteCounter
                0x00004e50        0xc .\CortexM3\ARM_GCC_541\Debug\esw_uCOS3_cykit.a(Timer_1.o)
                0x00004e50                Timer_1_WriteCounter
 .text.Timer_1_Init
                0x00004e5c       0x68 .\CortexM3\ARM_GCC_541\Debug\esw_uCOS3_cykit.a(Timer_1.o)
                0x00004e5c                Timer_1_Init
 .text.Timer_1_Start
                0x00004ec4       0x1c .\CortexM3\ARM_GCC_541\Debug\esw_uCOS3_cykit.a(Timer_1.o)
                0x00004ec4                Timer_1_Start
 .text.Timer_ISR_SetVector
                0x00004ee0        0xc .\CortexM3\ARM_GCC_541\Debug\esw_uCOS3_cykit.a(Timer_ISR.o)
                0x00004ee0                Timer_ISR_SetVector
 .text.Timer_ISR_SetPriority
                0x00004eec       0x10 .\CortexM3\ARM_GCC_541\Debug\esw_uCOS3_cykit.a(Timer_ISR.o)
                0x00004eec                Timer_ISR_SetPriority
 .text.Timer_ISR_Enable
                0x00004efc        0xc .\CortexM3\ARM_GCC_541\Debug\esw_uCOS3_cykit.a(Timer_ISR.o)
                0x00004efc                Timer_ISR_Enable
 .text.Timer_ISR_Disable
                0x00004f08        0xc .\CortexM3\ARM_GCC_541\Debug\esw_uCOS3_cykit.a(Timer_ISR.o)
                0x00004f08                Timer_ISR_Disable
 .text.Timer_ISR_StartEx
                0x00004f14       0x1c .\CortexM3\ARM_GCC_541\Debug\esw_uCOS3_cykit.a(Timer_ISR.o)
                0x00004f14                Timer_ISR_StartEx
 .text          0x00004f30       0x20 .\CortexM3\ARM_GCC_541\Debug\esw_uCOS3_cykit.a(CyBootAsmGnu.o)
                0x00004f30                CyDelayCycles
                0x00004f40                CyEnterCriticalSection
                0x00004f48                CyExitCriticalSection
 .text.__errno  0x00004f50        0xc c:/program files (x86)/cypress/psoc creator/4.4/psoc creator/import/gnu/arm/5.4.1/bin/../lib/gcc/arm-none-eabi/5.4.1/../../../../arm-none-eabi/lib/armv7-m\libg_nano.a(lib_a-errno.o)
                0x00004f50                __errno
 .text.__libc_init_array
                0x00004f5c       0x4c c:/program files (x86)/cypress/psoc creator/4.4/psoc creator/import/gnu/arm/5.4.1/bin/../lib/gcc/arm-none-eabi/5.4.1/../../../../arm-none-eabi/lib/armv7-m\libg_nano.a(lib_a-init.o)
                0x00004f5c                __libc_init_array
 .text.memcpy   0x00004fa8       0x16 c:/program files (x86)/cypress/psoc creator/4.4/psoc creator/import/gnu/arm/5.4.1/bin/../lib/gcc/arm-none-eabi/5.4.1/../../../../arm-none-eabi/lib/armv7-m\libg_nano.a(lib_a-memcpy-stub.o)
                0x00004fa8                memcpy
 .text.memset   0x00004fbe       0x10 c:/program files (x86)/cypress/psoc creator/4.4/psoc creator/import/gnu/arm/5.4.1/bin/../lib/gcc/arm-none-eabi/5.4.1/../../../../arm-none-eabi/lib/armv7-m\libg_nano.a(lib_a-memset.o)
                0x00004fbe                memset
 *fill*         0x00004fce        0x2 
 .text.snprintf
                0x00004fd0       0x64 c:/program files (x86)/cypress/psoc creator/4.4/psoc creator/import/gnu/arm/5.4.1/bin/../lib/gcc/arm-none-eabi/5.4.1/../../../../arm-none-eabi/lib/armv7-m\libg_nano.a(lib_a-snprintf.o)
                0x00004fd0                sniprintf
                0x00004fd0                snprintf
 .text.strncpy  0x00005034       0x26 c:/program files (x86)/cypress/psoc creator/4.4/psoc creator/import/gnu/arm/5.4.1/bin/../lib/gcc/arm-none-eabi/5.4.1/../../../../arm-none-eabi/lib/armv7-m\libg_nano.a(lib_a-strncpy.o)
                0x00005034                strncpy
 .text._vsnprintf_r
                0x0000505a       0x56 c:/program files (x86)/cypress/psoc creator/4.4/psoc creator/import/gnu/arm/5.4.1/bin/../lib/gcc/arm-none-eabi/5.4.1/../../../../arm-none-eabi/lib/armv7-m\libg_nano.a(lib_a-vsnprintf.o)
                0x0000505a                _vsniprintf_r
                0x0000505a                _vsnprintf_r
 .text.vsnprintf
                0x000050b0       0x1c c:/program files (x86)/cypress/psoc creator/4.4/psoc creator/import/gnu/arm/5.4.1/bin/../lib/gcc/arm-none-eabi/5.4.1/../../../../arm-none-eabi/lib/armv7-m\libg_nano.a(lib_a-vsnprintf.o)
                0x000050b0                vsniprintf
                0x000050b0                vsnprintf
 .text.__ssputs_r
                0x000050cc       0xb2 c:/program files (x86)/cypress/psoc creator/4.4/psoc creator/import/gnu/arm/5.4.1/bin/../lib/gcc/arm-none-eabi/5.4.1/../../../../arm-none-eabi/lib/armv7-m\libg_nano.a(lib_a-nano-svfprintf.o)
                0x000050cc                __ssputs_r
 *fill*         0x0000517e        0x2 
 .text._svfprintf_r
                0x00005180      0x1e8 c:/program files (x86)/cypress/psoc creator/4.4/psoc creator/import/gnu/arm/5.4.1/bin/../lib/gcc/arm-none-eabi/5.4.1/../../../../arm-none-eabi/lib/armv7-m\libg_nano.a(lib_a-nano-svfprintf.o)
                0x00005180                _svfiprintf_r
                0x00005180                _svfprintf_r
 .text._printf_common
                0x00005368       0xec c:/program files (x86)/cypress/psoc creator/4.4/psoc creator/import/gnu/arm/5.4.1/bin/../lib/gcc/arm-none-eabi/5.4.1/../../../../arm-none-eabi/lib/armv7-m\libg_nano.a(lib_a-nano-vfprintf_i.o)
                0x00005368                _printf_common
 .text._printf_i
                0x00005454      0x24c c:/program files (x86)/cypress/psoc creator/4.4/psoc creator/import/gnu/arm/5.4.1/bin/../lib/gcc/arm-none-eabi/5.4.1/../../../../arm-none-eabi/lib/armv7-m\libg_nano.a(lib_a-nano-vfprintf_i.o)
                0x00005454                _printf_i
 .text.memchr   0x000056a0       0x1c c:/program files (x86)/cypress/psoc creator/4.4/psoc creator/import/gnu/arm/5.4.1/bin/../lib/gcc/arm-none-eabi/5.4.1/../../../../arm-none-eabi/lib/armv7-m\libg_nano.a(lib_a-memchr-stub.o)
                0x000056a0                memchr
 .text.memmove  0x000056bc       0x36 c:/program files (x86)/cypress/psoc creator/4.4/psoc creator/import/gnu/arm/5.4.1/bin/../lib/gcc/arm-none-eabi/5.4.1/../../../../arm-none-eabi/lib/armv7-m\libg_nano.a(lib_a-memmove.o)
                0x000056bc                memmove
 *fill*         0x000056f2        0x2 
 .text._free_r  0x000056f4       0x98 c:/program files (x86)/cypress/psoc creator/4.4/psoc creator/import/gnu/arm/5.4.1/bin/../lib/gcc/arm-none-eabi/5.4.1/../../../../arm-none-eabi/lib/armv7-m\libg_nano.a(lib_a-nano-freer.o)
                0x000056f4                _free_r
 .text._malloc_r
                0x0000578c       0xbc c:/program files (x86)/cypress/psoc creator/4.4/psoc creator/import/gnu/arm/5.4.1/bin/../lib/gcc/arm-none-eabi/5.4.1/../../../../arm-none-eabi/lib/armv7-m\libg_nano.a(lib_a-nano-mallocr.o)
                0x0000578c                _malloc_r
 .text._realloc_r
                0x00005848       0x4c c:/program files (x86)/cypress/psoc creator/4.4/psoc creator/import/gnu/arm/5.4.1/bin/../lib/gcc/arm-none-eabi/5.4.1/../../../../arm-none-eabi/lib/armv7-m\libg_nano.a(lib_a-nano-reallocr.o)
                0x00005848                _realloc_r
 .text._sbrk_r  0x00005894       0x20 c:/program files (x86)/cypress/psoc creator/4.4/psoc creator/import/gnu/arm/5.4.1/bin/../lib/gcc/arm-none-eabi/5.4.1/../../../../arm-none-eabi/lib/armv7-m\libg_nano.a(lib_a-sbrkr.o)
                0x00005894                _sbrk_r
 .text.__malloc_lock
                0x000058b4        0x2 c:/program files (x86)/cypress/psoc creator/4.4/psoc creator/import/gnu/arm/5.4.1/bin/../lib/gcc/arm-none-eabi/5.4.1/../../../../arm-none-eabi/lib/armv7-m\libg_nano.a(lib_a-mlock.o)
                0x000058b4                __malloc_lock
 .text.__malloc_unlock
                0x000058b6        0x2 c:/program files (x86)/cypress/psoc creator/4.4/psoc creator/import/gnu/arm/5.4.1/bin/../lib/gcc/arm-none-eabi/5.4.1/../../../../arm-none-eabi/lib/armv7-m\libg_nano.a(lib_a-mlock.o)
                0x000058b6                __malloc_unlock
 .text._malloc_usable_size_r
                0x000058b8       0x14 c:/program files (x86)/cypress/psoc creator/4.4/psoc creator/import/gnu/arm/5.4.1/bin/../lib/gcc/arm-none-eabi/5.4.1/../../../../arm-none-eabi/lib/armv7-m\libg_nano.a(lib_a-nano-msizer.o)
                0x000058b8                _malloc_usable_size_r
 *(.plt)
 *(.gnu.warning)
 *(.glue_7t)
 .glue_7t       0x000058cc        0x0 linker stubs
 *(.glue_7)
 .glue_7        0x000058cc        0x0 linker stubs
 *(.vfp11_veneer)
 .vfp11_veneer  0x000058cc        0x0 linker stubs
 *(.bootloader)
 *(.ARM.extab* .gnu.linkonce.armextab.*)
 *(.gcc_except_table)

.v4_bx          0x000058cc        0x0
 .v4_bx         0x000058cc        0x0 linker stubs

.iplt           0x000058cc        0x0
 .iplt          0x000058cc        0x0 c:/program files (x86)/cypress/psoc creator/4.4/psoc creator/import/gnu/arm/5.4.1/bin/../lib/gcc/arm-none-eabi/5.4.1/armv7-m/crtbegin.o

.eh_frame_hdr
 *(.eh_frame_hdr)

.eh_frame       0x000058cc        0x4
 *(.eh_frame)
 .eh_frame      0x000058cc        0x0 c:/program files (x86)/cypress/psoc creator/4.4/psoc creator/import/gnu/arm/5.4.1/bin/../lib/gcc/arm-none-eabi/5.4.1/armv7-m/crtbegin.o
 .eh_frame      0x000058cc        0x4 c:/program files (x86)/cypress/psoc creator/4.4/psoc creator/import/gnu/arm/5.4.1/bin/../lib/gcc/arm-none-eabi/5.4.1/armv7-m/crtend.o
                [!provide]                PROVIDE (__exidx_start, .)

.ARM.exidx
 *(.ARM.exidx* .gnu.linkonce.armexidx.*)
                0x000058d0                __exidx_end = .

.rodata         0x000058d0     0x1900
 *(.rodata .rodata.* .gnu.linkonce.r.*)
 .rodata.str1.4
                0x000058d0       0x8e .\CortexM3\ARM_GCC_541\Debug\app.o
 *fill*         0x0000595e        0x2 
 .rodata.str1.4
                0x00005960      0x21b .\CortexM3\ARM_GCC_541\Debug\log_task.o
                                0x21f (size before relaxing)
 *fill*         0x00005b7b        0x1 
 .rodata.str1.4
                0x00005b7c      0x3e7 .\CortexM3\ARM_GCC_541\Debug\data_processing_task.o
                                0x403 (size before relaxing)
 *fill*         0x00005f63        0x1 
 .rodata        0x00005f64       0x18 .\CortexM3\ARM_GCC_541\Debug\bsp_i2c.o
 .rodata.str1.4
                0x00005f7c      0x2ae .\CortexM3\ARM_GCC_541\Debug\bsp_i2c.o
 *fill*         0x0000622a        0x2 
 .rodata.str1.4
                0x0000622c        0x6 .\CortexM3\ARM_GCC_541\Debug\os_q.o
 *fill*         0x00006232        0x2 
 .rodata.str1.4
                0x00006234        0x5 .\CortexM3\ARM_GCC_541\Debug\os_sem.o
                                  0xa (size before relaxing)
 *fill*         0x00006239        0x3 
 .rodata.str1.4
                0x0000623c       0x14 .\CortexM3\ARM_GCC_541\Debug\os_stat.o
 .rodata.str1.4
                0x00006250        0x6 .\CortexM3\ARM_GCC_541\Debug\os_task.o
                                  0xa (size before relaxing)
 *fill*         0x00006256        0x2 
 .rodata.str1.4
                0x00006258       0x14 .\CortexM3\ARM_GCC_541\Debug\os_tick.o
 .rodata.str1.4
                0x0000626c       0x1d .\CortexM3\ARM_GCC_541\Debug\os_tmr.o
 *fill*         0x00006289        0x3 
 .rodata        0x0000628c       0xa4 .\CortexM3\ARM_GCC_541\Debug\os_cfg_app.o
                0x0000628c                OSCfg_DataSizeRAM
                0x00006290                OSCfg_TmrWheelSizeRAM
                0x00006294                OSCfg_TmrWheelSize
                0x00006298                OSCfg_TmrTaskStkSizeRAM
                0x0000629c                OSCfg_TmrTaskStkSize
                0x000062a0                OSCfg_TmrTaskStkLimit
                0x000062a4                OSCfg_TmrTaskStkBasePtr
                0x000062a8                OSCfg_TmrTaskRate_Hz
                0x000062ac                OSCfg_TmrTaskPrio
                0x000062b0                OSCfg_TickWheelSizeRAM
                0x000062b4                OSCfg_TickWheelSize
                0x000062b8                OSCfg_TickTaskStkSizeRAM
                0x000062bc                OSCfg_TickTaskStkSize
                0x000062c0                OSCfg_TickTaskStkLimit
                0x000062c4                OSCfg_TickTaskStkBasePtr
                0x000062c8                OSCfg_TickTaskPrio
                0x000062cc                OSCfg_TickRate_Hz
                0x000062d0                OSCfg_StkSizeMin
                0x000062d4                OSCfg_StatTaskStkSizeRAM
                0x000062d8                OSCfg_StatTaskStkSize
                0x000062dc                OSCfg_StatTaskStkLimit
                0x000062e0                OSCfg_StatTaskStkBasePtr
                0x000062e4                OSCfg_StatTaskRate_Hz
                0x000062e8                OSCfg_StatTaskPrio
                0x000062ec                OSCfg_MsgPoolBasePtr
                0x000062f0                OSCfg_MsgPoolSizeRAM
                0x000062f4                OSCfg_MsgPoolSize
                0x000062f8                OSCfg_ISRStkSizeRAM
                0x000062fc                OSCfg_ISRStkSize
                0x00006300                OSCfg_ISRStkBasePtr
                0x00006304                OSCfg_IntQTaskStkSizeRAM
                0x00006308                OSCfg_IntQTaskStkSize
                0x0000630c                OSCfg_IntQTaskStkLimit
                0x00006310                OSCfg_IntQTaskStkBasePtr
                0x00006314                OSCfg_IntQSizeRAM
                0x00006318                OSCfg_IntQSize
                0x0000631c                OSCfg_IntQBasePtr
                0x00006320                OSCfg_IdleTaskStkSizeRAM
                0x00006324                OSCfg_IdleTaskStkSize
                0x00006328                OSCfg_IdleTaskStkLimit
                0x0000632c                OSCfg_IdleTaskStkBasePtr
 .rodata.str1.4
                0x00006330       0x25 .\CortexM3\ARM_GCC_541\Debug\os_core.o
                                 0x2a (size before relaxing)
 *fill*         0x00006355        0x3 
 .rodata.str1.4
                0x00006358      0x3d4 .\CortexM3\ARM_GCC_541\Debug\max30102_interface.o
 .rodata.str1.4
                0x0000672c      0x9d8 .\CortexM3\ARM_GCC_541\Debug\driver_max30102.o
 .rodata        0x00007104       0x62 .\CortexM3\ARM_GCC_541\Debug\cyfitter_cfg.o
 .rodata.str1.1
                0x00007166        0x2 c:/program files (x86)/cypress/psoc creator/4.4/psoc creator/import/gnu/arm/5.4.1/bin/../lib/gcc/arm-none-eabi/5.4.1/../../../../arm-none-eabi/lib/armv7-m\libg_nano.a(lib_a-impure.o)
 .rodata.str1.1
                0x00007168       0x11 c:/program files (x86)/cypress/psoc creator/4.4/psoc creator/import/gnu/arm/5.4.1/bin/../lib/gcc/arm-none-eabi/5.4.1/../../../../arm-none-eabi/lib/armv7-m\libg_nano.a(lib_a-nano-svfprintf.o)
 .rodata.str1.1
                0x00007179       0x22 c:/program files (x86)/cypress/psoc creator/4.4/psoc creator/import/gnu/arm/5.4.1/bin/../lib/gcc/arm-none-eabi/5.4.1/../../../../arm-none-eabi/lib/armv7-m\libg_nano.a(lib_a-nano-vfprintf_i.o)
                0x0000719c                . = ALIGN (0x4)
 *fill*         0x0000719b        0x1 
 *(.init)
 .init          0x0000719c        0x4 c:/program files (x86)/cypress/psoc creator/4.4/psoc creator/import/gnu/arm/5.4.1/bin/../lib/gcc/arm-none-eabi/5.4.1/armv7-m/crti.o
                0x0000719c                _init
 .init          0x000071a0        0x8 c:/program files (x86)/cypress/psoc creator/4.4/psoc creator/import/gnu/arm/5.4.1/bin/../lib/gcc/arm-none-eabi/5.4.1/armv7-m/crtn.o
                0x000071a8                . = ALIGN (0x4)
                0x000071a8                __preinit_array_start = .
 *(.preinit_array)
                0x000071a8                __preinit_array_end = .
                0x000071a8                . = ALIGN (0x4)
                0x000071a8                __init_array_start = .
 *(SORT(.init_array.*))
 *(.init_array)
 .init_array    0x000071a8        0x4 c:/program files (x86)/cypress/psoc creator/4.4/psoc creator/import/gnu/arm/5.4.1/bin/../lib/gcc/arm-none-eabi/5.4.1/armv7-m/crtbegin.o
 .init_array    0x000071ac        0x4 .\CortexM3\ARM_GCC_541\Debug\Cm3Start.o
                0x000071b0                __init_array_end = .
                0x000071b0                . = ALIGN (0x4)
 *(.fini)
 .fini          0x000071b0        0x4 c:/program files (x86)/cypress/psoc creator/4.4/psoc creator/import/gnu/arm/5.4.1/bin/../lib/gcc/arm-none-eabi/5.4.1/armv7-m/crti.o
                0x000071b0                _fini
 .fini          0x000071b4        0x8 c:/program files (x86)/cypress/psoc creator/4.4/psoc creator/import/gnu/arm/5.4.1/bin/../lib/gcc/arm-none-eabi/5.4.1/armv7-m/crtn.o
                0x000071bc                . = ALIGN (0x4)
                0x000071bc                __fini_array_start = .
 *(.fini_array)
 .fini_array    0x000071bc        0x4 c:/program files (x86)/cypress/psoc creator/4.4/psoc creator/import/gnu/arm/5.4.1/bin/../lib/gcc/arm-none-eabi/5.4.1/armv7-m/crtbegin.o
 *(SORT(.fini_array.*))
                0x000071c0                __fini_array_end = .
                0x000071c0                . = ALIGN (0x4)
 *crtbegin.o(.ctors)
 *(EXCLUDE_FILE(*crtend.o) .ctors)
 *(SORT(.ctors.*))
 *crtend.o(.ctors)
                0x000071c0                . = ALIGN (0x4)
 *crtbegin.o(.dtors)
 *(EXCLUDE_FILE(*crtend.o) .dtors)
 *(SORT(.dtors.*))
 *crtend.o(.dtors)
                0x000071c0                . = ALIGN (0x4)
                0x000071c0                __cy_regions = .
                0x000071c0        0x4 LONG 0x71d0 __cy_region_init_ram
                0x000071c4        0x4 LONG 0x1fff80c8 __cy_region_start_data
                0x000071c8        0x4 LONG 0x80 __cy_region_init_size_ram
                0x000071cc        0x4 LONG 0x5430 __cy_region_zero_size_ram
                0x000071d0                __cy_regions_end = .
                0x000071d0                . = ALIGN (0x8)
                0x000071d0                _etext = .

.cy_checksum_exclude
                0x000071d0        0x0
 *(.cy_checksum_exclude)

.ramvectors     0x1fff8000       0xc0
                0x1fff8000                __cy_region_start_ram = .
 *(.ramvectors)
 .ramvectors    0x1fff8000       0xc0 .\CortexM3\ARM_GCC_541\Debug\Cm3Start.o
                0x1fff8000                CyRamVectors

.noinit         0x1fff80c0        0x1
 *(.noinit)
 .noinit        0x1fff80c0        0x1 .\CortexM3\ARM_GCC_541\Debug\esw_uCOS3_cykit.a(CyLib.o)
                0x1fff80c0                CyResetStatus

.data           0x1fff80c8       0x80 load address 0x000071d0
                0x1fff80c8                __cy_region_start_data = .
 *(.jcr)
 .jcr           0x1fff80c8        0x0 c:/program files (x86)/cypress/psoc creator/4.4/psoc creator/import/gnu/arm/5.4.1/bin/../lib/gcc/arm-none-eabi/5.4.1/armv7-m/crtbegin.o
 .jcr           0x1fff80c8        0x4 c:/program files (x86)/cypress/psoc creator/4.4/psoc creator/import/gnu/arm/5.4.1/bin/../lib/gcc/arm-none-eabi/5.4.1/armv7-m/crtend.o
 *(.got.plt)
 *(.got)
 *(.shdata)
 *(.data .data.* .gnu.linkonce.d.*)
 .data          0x1fff80cc        0xc .\CortexM3\ARM_GCC_541\Debug\bsp_i2c.o
                0x1fff80cc                adaptive_threshold
                0x1fff80d0                IR_AC_Max
                0x1fff80d4                IR_AC_Min
 .data          0x1fff80d8        0x4 .\CortexM3\ARM_GCC_541\Debug\Cm3Start.o
 .data          0x1fff80dc        0x8 .\CortexM3\ARM_GCC_541\Debug\esw_uCOS3_cykit.a(CyDmac.o)
 .data.impure_data
                0x1fff80e4       0x60 c:/program files (x86)/cypress/psoc creator/4.4/psoc creator/import/gnu/arm/5.4.1/bin/../lib/gcc/arm-none-eabi/5.4.1/../../../../arm-none-eabi/lib/armv7-m\libg_nano.a(lib_a-impure.o)
 .data._impure_ptr
                0x1fff8144        0x4 c:/program files (x86)/cypress/psoc creator/4.4/psoc creator/import/gnu/arm/5.4.1/bin/../lib/gcc/arm-none-eabi/5.4.1/../../../../arm-none-eabi/lib/armv7-m\libg_nano.a(lib_a-impure.o)
                0x1fff8144                _impure_ptr
                0x1fff8148                . = ALIGN (0x8)
 *(.ram)
                0x1fff8148                _edata = .

.igot.plt       0x1fff8148        0x0 load address 0x00007250
 .igot.plt      0x1fff8148        0x0 c:/program files (x86)/cypress/psoc creator/4.4/psoc creator/import/gnu/arm/5.4.1/bin/../lib/gcc/arm-none-eabi/5.4.1/armv7-m/crtbegin.o

.bss            0x1fff8148     0x5430 load address 0x00007250
                0x1fff8148                PROVIDE (__bss_start__, .)
 *(.shbss)
 *(.bss .bss.* .gnu.linkonce.b.*)
 .bss           0x1fff8148       0x1c c:/program files (x86)/cypress/psoc creator/4.4/psoc creator/import/gnu/arm/5.4.1/bin/../lib/gcc/arm-none-eabi/5.4.1/armv7-m/crtbegin.o
 .bss           0x1fff8164      0x4c0 .\CortexM3\ARM_GCC_541\Debug\app.o
 .bss           0x1fff8624       0xb4 .\CortexM3\ARM_GCC_541\Debug\bsp_i2c.o
                0x1fff8624                current_timestamp
                0x1fff866c                ir_avg_reg
                0x1fff8670                IR_AC_Signal_Current
                0x1fff8674                IR_AC_Signal_Previous
                0x1fff8678                last_peak_timestamp
                0x1fff867c                heart_rate_index
                0x1fff8680                heart_rate_history
                0x1fff86d0                heart_rate_sum
                0x1fff86d4                heart_rate_count
 .bss           0x1fff86d8        0x9 .\CortexM3\ARM_GCC_541\Debug\esw_uCOS3_cykit.a(UART_1.o)
                0x1fff86d8                UART_1_errorStatus
                0x1fff86d9                UART_1_initVar
                0x1fff86da                UART_1_rxBufferRead
                0x1fff86db                UART_1_rxBufferWrite
                0x1fff86dc                UART_1_rxBufferLoopDetect
                0x1fff86dd                UART_1_rxBufferOverflow
                0x1fff86de                UART_1_txBufferRead
                0x1fff86df                UART_1_txBufferWrite
 .bss           0x1fff86e1        0x1 .\CortexM3\ARM_GCC_541\Debug\esw_uCOS3_cykit.a(I2C_1.o)
                0x1fff86e1                I2C_1_initVar
 .bss           0x1fff86e2        0x1 .\CortexM3\ARM_GCC_541\Debug\esw_uCOS3_cykit.a(Timer_1.o)
                0x1fff86e2                Timer_1_initVar
 *fill*         0x1fff86e3        0x1 
 .bss.__malloc_sbrk_start
                0x1fff86e4        0x4 c:/program files (x86)/cypress/psoc creator/4.4/psoc creator/import/gnu/arm/5.4.1/bin/../lib/gcc/arm-none-eabi/5.4.1/../../../../arm-none-eabi/lib/armv7-m\libg_nano.a(lib_a-nano-mallocr.o)
                0x1fff86e4                __malloc_sbrk_start
 .bss.__malloc_free_list
                0x1fff86e8        0x4 c:/program files (x86)/cypress/psoc creator/4.4/psoc creator/import/gnu/arm/5.4.1/bin/../lib/gcc/arm-none-eabi/5.4.1/../../../../arm-none-eabi/lib/armv7-m\libg_nano.a(lib_a-nano-mallocr.o)
                0x1fff86e8                __malloc_free_list
 *(COMMON)
 COMMON         0x1fff86ec       0xc0 .\CortexM3\ARM_GCC_541\Debug\app.o
                0x1fff86ec                CommQProcessDataEnvironment
                0x1fff871c                CommQSPI
                0x1fff874c                CommQI2C
                0x1fff877c                CommQProcessDataOximeter
 COMMON         0x1fff87ac     0x24c8 .\CortexM3\ARM_GCC_541\Debug\log_task.o
                0x1fff87ac                Log_TaskStk
                0x1fff8fac                LogTaskSem
                0x1fff8fd4                Log_Task_TCB
                0x1fff9094                MsgMemPoolStorage
                0x1fffac24                MsgMemPool
                0x1fffac44                Log_Queue
 COMMON         0x1fffac74      0x8c0 .\CortexM3\ARM_GCC_541\Debug\data_processing_task.o
                0x1fffac74                Data_Processing_TaskStk
                0x1fffb474                Data_Processing_TCB
 COMMON         0x1fffb534      0x900 .\CortexM3\ARM_GCC_541\Debug\bsp_i2c.o
                0x1fffb534                I2C_TaskStk
                0x1fffbd34                i2c_rx_buffer
                0x1fffbd74                I2C_Task_TCB
 COMMON         0x1fffbe34       0x14 .\CortexM3\ARM_GCC_541\Debug\cpu_core.o
                0x1fffbe34                CPU_TS_TmrFreq_Hz
                0x1fffbe38                CPU_Name
 COMMON         0x1fffbe48        0x4 .\CortexM3\ARM_GCC_541\Debug\os_cpu_c.o
                0x1fffbe48                OS_CPU_ExceptStkBase
 COMMON         0x1fffbe4c        0x4 .\CortexM3\ARM_GCC_541\Debug\os_prio.o
                0x1fffbe4c                OSPrioTbl
 COMMON         0x1fffbe50      0x538 .\CortexM3\ARM_GCC_541\Debug\os_var.o
                0x1fffbe50                OSSchedLockNestingCtr
                0x1fffbe54                OS_AppTaskReturnHookPtr
                0x1fffbe58                OSStatTaskTimeMax
                0x1fffbe5c                OSStatTaskCtr
                0x1fffbe60                OSTaskRegNextAvailID
                0x1fffbe61                OSRunning
                0x1fffbe64                OSRdyList
                0x1fffbfe4                OSPrioHighRdy
                0x1fffbfe5                OSStatTaskRdy
                0x1fffbfe8                OSSemDbgListPtr
                0x1fffbfec                OS_AppTaskCreateHookPtr
                0x1fffbff0                OSPrioCur
                0x1fffbff4                OSTickTaskTCB
                0x1fffc0b4                OSTmrTickCtr
                0x1fffc0b8                OSTCBCurPtr
                0x1fffc0bc                OSQQty
                0x1fffc0be                OSStatTaskCPUUsageMax
                0x1fffc0c0                OSPrioSaved
                0x1fffc0c4                OSTCBHighRdyPtr
                0x1fffc0c8                OSTaskDbgListPtr
                0x1fffc0cc                OSTmrTaskTimeMax
                0x1fffc0d0                OS_AppTaskDelHookPtr
                0x1fffc0d4                OS_AppTimeTickHookPtr
                0x1fffc0d8                OSTaskCtxSwCtr
                0x1fffc0dc                OSStatTaskCPUUsage
                0x1fffc0de                OSIntNestingCtr
                0x1fffc0e0                OSTaskQty
                0x1fffc0e4                OSTmrTaskTCB
                0x1fffc1a4                OSMsgPool
                0x1fffc1b0                OSIdleTaskTCB
                0x1fffc270                OSQDbgListPtr
                0x1fffc274                OSSemQty
                0x1fffc278                OSMemDbgListPtr
                0x1fffc27c                OSSchedRoundRobinDfltTimeQuanta
                0x1fffc280                OS_AppIdleTaskHookPtr
                0x1fffc284                OSStatTaskCtrMax
                0x1fffc288                OSTickCtr
                0x1fffc28c                OS_AppTaskSwHookPtr
                0x1fffc290                OSTmrQty
                0x1fffc294                OSIdleTaskCtr
                0x1fffc298                OSStatTaskCtrRun
                0x1fffc29c                OS_AppStatTaskHookPtr
                0x1fffc2a0                OSFlagQty
                0x1fffc2a4                OSFlagDbgListPtr
                0x1fffc2a8                OSStatResetFlag
                0x1fffc2aa                OSMemQty
                0x1fffc2ac                OSMutexQty
                0x1fffc2b0                OSStatTaskTCB
                0x1fffc370                OSTmrDbgListPtr
                0x1fffc374                OSTickTaskTimeMax
                0x1fffc378                OSTmrUpdateCnt
                0x1fffc37c                OSSchedRoundRobinEn
                0x1fffc380                OSMutexDbgListPtr
                0x1fffc384                OSTmrUpdateCtr
 COMMON         0x1fffc388     0x1150 .\CortexM3\ARM_GCC_541\Debug\os_cfg_app.o
                0x1fffc388                OSCfg_StatTaskStk
                0x1fffc588                OSCfg_TickWheel
                0x1fffc610                OSCfg_MsgPool
                0x1fffcc50                OSCfg_TmrTaskStk
                0x1fffce50                OSCfg_TmrWheel
                0x1fffced8                OSCfg_ISRStk
                0x1fffd0d8                OSCfg_TickTaskStk
                0x1fffd2d8                OSCfg_IdleTaskStk
 COMMON         0x1fffd4d8       0x80 .\CortexM3\ARM_GCC_541\Debug\esw_uCOS3_cykit.a(UART_1.o)
                0x1fffd4d8                UART_1_txBuffer
                0x1fffd518                UART_1_rxBuffer
 COMMON         0x1fffd558        0x1 .\CortexM3\ARM_GCC_541\Debug\esw_uCOS3_cykit.a(I2C_1.o)
                0x1fffd558                I2C_1_state
 *fill*         0x1fffd559        0x3 
 COMMON         0x1fffd55c       0x11 .\CortexM3\ARM_GCC_541\Debug\esw_uCOS3_cykit.a(I2C_1_MASTER.o)
                0x1fffd55c                I2C_1_mstrWrBufIndex
                0x1fffd55d                I2C_1_mstrControl
                0x1fffd55e                I2C_1_mstrStatus
                0x1fffd55f                I2C_1_mstrWrBufSize
                0x1fffd560                I2C_1_mstrRdBufIndex
                0x1fffd564                I2C_1_mstrWrBufPtr
                0x1fffd568                I2C_1_mstrRdBufPtr
                0x1fffd56c                I2C_1_mstrRdBufSize
 *fill*         0x1fffd56d        0x3 
 COMMON         0x1fffd570        0x4 c:/program files (x86)/cypress/psoc creator/4.4/psoc creator/import/gnu/arm/5.4.1/bin/../lib/gcc/arm-none-eabi/5.4.1/../../../../arm-none-eabi/lib/armv7-m\libg_nano.a(lib_a-reent.o)
                0x1fffd570                errno
                0x1fffd578                . = ALIGN (0x8)
 *fill*         0x1fffd574        0x4 
 *(.ram.b)
                0x1fffd578                _end = .
                0x1fffd578                __end = .
                0x1fffd578                PROVIDE (end, .)
                0x1fffd578                PROVIDE (__bss_end__, .)
                0x000071d0                __cy_region_init_ram = LOADADDR (.data)
                0x00000080                __cy_region_init_size_ram = (_edata - ADDR (.data))
                0x00005430                __cy_region_zero_size_ram = (_end - _edata)

.heap           0x1fffd578       0x80 load address 0x00007250
                0x1fffd578                . = _end
                0x1fffd5f8                . = (. + 0x80)
 *fill*         0x1fffd578       0x80 
                0x1fffd5f8                __cy_heap_limit = .

.stack          0x20007800      0x800
                0x20007800                __cy_stack_limit = .
                0x20008000                . = (. + 0x800)
 *fill*         0x20007800      0x800 
                0x00000001                ASSERT ((__cy_stack_limit >= __cy_heap_limit), region RAM overflowed with stack)
                0x00000000                cy_checksum_exclude_size = (CY_APPL_LOADABLE == 0x1)?SIZEOF (.cy_checksum_exclude):0x0
                0x00000001                ASSERT ((cy_checksum_exclude_size <= CY_CHECKSUM_EXCLUDE_SIZE), CY_BOOT: Section .cy_checksum_exclude size exceedes specified limit.)

.cyloadermeta
 *(.cyloadermeta)

.cyloadablemeta
 *(.cyloadablemeta)

.cyconfigecc    0x80000000      0x698
 *(.cyconfigecc)
 .cyconfigecc   0x80000000      0x698 .\CortexM3\ARM_GCC_541\Debug\cymetadata.o
                0x80000000                cy_meta_configecc

.cycustnvl      0x90000000        0x4
 *(.cycustnvl)
 .cycustnvl     0x90000000        0x4 .\CortexM3\ARM_GCC_541\Debug\cymetadata.o
                0x90000000                cy_meta_custnvl

.cywolatch      0x90100000        0x4
 *(.cywolatch)
 .cywolatch     0x90100000        0x4 .\CortexM3\ARM_GCC_541\Debug\cymetadata.o
                0x90100000                cy_meta_wonvl

.cyeeprom       0x90200000        0x0
 *(.cyeeprom)
                0x00000001                ASSERT ((. <= ((0x90200000 + ee_offset) + ee_size)), .cyeeprom data will not fit in EEPROM)

.cyflashprotect
                0x90400000      0x100
 *(.cyflashprotect)
 .cyflashprotect
                0x90400000      0x100 .\CortexM3\ARM_GCC_541\Debug\cymetadata.o
                0x90400000                cy_meta_flashprotect

.cymeta         0x90500000        0xc
 *(.cymeta)
 .cymeta        0x90500000        0xc .\CortexM3\ARM_GCC_541\Debug\cymetadata.o
                0x90500000                cy_metadata

.rel.dyn        0x00007250        0x0 load address 0x9050000c
 .rel.iplt      0x00007250        0x0 c:/program files (x86)/cypress/psoc creator/4.4/psoc creator/import/gnu/arm/5.4.1/bin/../lib/gcc/arm-none-eabi/5.4.1/armv7-m/crtbegin.o

.stab
 *(.stab)

.stabstr
 *(.stabstr)

.debug
 *(.debug)

.line
 *(.line)

.debug_srcinfo
 *(.debug_srcinfo)

.debug_sfnames
 *(.debug_sfnames)

.debug_aranges  0x00000000     0x1c00
 *(.debug_aranges)
 .debug_aranges
                0x00000000       0x28 .\CortexM3\ARM_GCC_541\Debug\app.o
 .debug_aranges
                0x00000028       0x68 .\CortexM3\ARM_GCC_541\Debug\os_app_hooks.o
 .debug_aranges
                0x00000090       0x40 .\CortexM3\ARM_GCC_541\Debug\log_task.o
 .debug_aranges
                0x000000d0       0x50 .\CortexM3\ARM_GCC_541\Debug\data_processing_task.o
 .debug_aranges
                0x00000120       0x38 .\CortexM3\ARM_GCC_541\Debug\bsp_os.o
 .debug_aranges
                0x00000158       0x58 .\CortexM3\ARM_GCC_541\Debug\bsp.o
 .debug_aranges
                0x000001b0       0x30 .\CortexM3\ARM_GCC_541\Debug\cpu_bsp.o
 .debug_aranges
                0x000001e0       0x30 .\CortexM3\ARM_GCC_541\Debug\bsp_uart.o
 .debug_aranges
                0x00000210       0x38 .\CortexM3\ARM_GCC_541\Debug\bsp_gpio.o
 .debug_aranges
                0x00000248       0x50 .\CortexM3\ARM_GCC_541\Debug\bsp_spi.o
 .debug_aranges
                0x00000298       0x60 .\CortexM3\ARM_GCC_541\Debug\bsp_i2c.o
 .debug_aranges
                0x000002f8       0x50 .\CortexM3\ARM_GCC_541\Debug\cpu_c.o
 .debug_aranges
                0x00000348       0xb0 .\CortexM3\ARM_GCC_541\Debug\cpu_core.o
 .debug_aranges
                0x000003f8       0x38 .\CortexM3\ARM_GCC_541\Debug\lib_math.o
 .debug_aranges
                0x00000430       0x48 .\CortexM3\ARM_GCC_541\Debug\lib_mem.o
 .debug_aranges
                0x00000478       0xd8 .\CortexM3\ARM_GCC_541\Debug\lib_str.o
 .debug_aranges
                0x00000550       0x98 .\CortexM3\ARM_GCC_541\Debug\lib_ascii.o
 .debug_aranges
                0x000005e8       0x70 .\CortexM3\ARM_GCC_541\Debug\os_cpu_c.o
 .debug_aranges
                0x00000658       0x38 .\CortexM3\ARM_GCC_541\Debug\os_pend_multi.o
 .debug_aranges
                0x00000690       0x38 .\CortexM3\ARM_GCC_541\Debug\os_prio.o
 .debug_aranges
                0x000006c8       0x70 .\CortexM3\ARM_GCC_541\Debug\os_q.o
 .debug_aranges
                0x00000738       0x70 .\CortexM3\ARM_GCC_541\Debug\os_sem.o
 .debug_aranges
                0x000007a8       0x38 .\CortexM3\ARM_GCC_541\Debug\os_stat.o
 .debug_aranges
                0x000007e0       0xf0 .\CortexM3\ARM_GCC_541\Debug\os_task.o
 .debug_aranges
                0x000008d0       0x50 .\CortexM3\ARM_GCC_541\Debug\os_tick.o
 .debug_aranges
                0x00000920       0x48 .\CortexM3\ARM_GCC_541\Debug\os_time.o
 .debug_aranges
                0x00000968       0x88 .\CortexM3\ARM_GCC_541\Debug\os_tmr.o
 .debug_aranges
                0x000009f0       0x18 .\CortexM3\ARM_GCC_541\Debug\os_var.o
 .debug_aranges
                0x00000a08       0x20 .\CortexM3\ARM_GCC_541\Debug\os_cfg_app.o
 .debug_aranges
                0x00000a28      0x140 .\CortexM3\ARM_GCC_541\Debug\os_core.o
 .debug_aranges
                0x00000b68       0x20 .\CortexM3\ARM_GCC_541\Debug\os_dbg.o
 .debug_aranges
                0x00000b88       0x80 .\CortexM3\ARM_GCC_541\Debug\os_flag.o
 .debug_aranges
                0x00000c08       0x18 .\CortexM3\ARM_GCC_541\Debug\os_int.o
 .debug_aranges
                0x00000c20       0x40 .\CortexM3\ARM_GCC_541\Debug\os_mem.o
 .debug_aranges
                0x00000c60       0x40 .\CortexM3\ARM_GCC_541\Debug\os_msg.o
 .debug_aranges
                0x00000ca0       0x60 .\CortexM3\ARM_GCC_541\Debug\os_mutex.o
 .debug_aranges
                0x00000d00      0x120 .\CortexM3\ARM_GCC_541\Debug\bme280.o
 .debug_aranges
                0x00000e20       0x20 .\CortexM3\ARM_GCC_541\Debug\bme280_interface.o
 .debug_aranges
                0x00000e40       0x48 .\CortexM3\ARM_GCC_541\Debug\max30102_interface.o
 .debug_aranges
                0x00000e88      0x180 .\CortexM3\ARM_GCC_541\Debug\driver_max30102.o
 .debug_aranges
                0x00001008       0x58 .\CortexM3\ARM_GCC_541\Debug\cyfitter_cfg.o
 .debug_aranges
                0x00001060       0x18 .\CortexM3\ARM_GCC_541\Debug\cymetadata.o
 .debug_aranges
                0x00001078       0x48 .\CortexM3\ARM_GCC_541\Debug\Cm3Start.o
 .debug_aranges
                0x000010c0       0x20 .\CortexM3\ARM_GCC_541\Debug\cpu_a.o
 .debug_aranges
                0x000010e0       0x20 .\CortexM3\ARM_GCC_541\Debug\os_cpu_a.o
 .debug_aranges
                0x00001100       0xf0 .\CortexM3\ARM_GCC_541\Debug\esw_uCOS3_cykit.a(UART_1.o)
 .debug_aranges
                0x000011f0       0x28 .\CortexM3\ARM_GCC_541\Debug\esw_uCOS3_cykit.a(UART_1_INT.o)
 .debug_aranges
                0x00001218       0x38 .\CortexM3\ARM_GCC_541\Debug\esw_uCOS3_cykit.a(Pin_1.o)
 .debug_aranges
                0x00001250       0x70 .\CortexM3\ARM_GCC_541\Debug\esw_uCOS3_cykit.a(UART_1_IntClock.o)
 .debug_aranges
                0x000012c0       0xd8 .\CortexM3\ARM_GCC_541\Debug\esw_uCOS3_cykit.a(CyDmac.o)
 .debug_aranges
                0x00001398      0x2a0 .\CortexM3\ARM_GCC_541\Debug\esw_uCOS3_cykit.a(CyLib.o)
 .debug_aranges
                0x00001638       0x98 .\CortexM3\ARM_GCC_541\Debug\esw_uCOS3_cykit.a(cyPm.o)
 .debug_aranges
                0x000016d0       0xd8 .\CortexM3\ARM_GCC_541\Debug\esw_uCOS3_cykit.a(SPIM_1.o)
 .debug_aranges
                0x000017a8       0x38 .\CortexM3\ARM_GCC_541\Debug\esw_uCOS3_cykit.a(CS_1.o)
 .debug_aranges
                0x000017e0       0x70 .\CortexM3\ARM_GCC_541\Debug\esw_uCOS3_cykit.a(SPIM_1_IntClock.o)
 .debug_aranges
                0x00001850       0x38 .\CortexM3\ARM_GCC_541\Debug\esw_uCOS3_cykit.a(Pin_2.o)
 .debug_aranges
                0x00001888       0x38 .\CortexM3\ARM_GCC_541\Debug\esw_uCOS3_cykit.a(push_button.o)
 .debug_aranges
                0x000018c0       0x38 .\CortexM3\ARM_GCC_541\Debug\esw_uCOS3_cykit.a(I2C_1.o)
 .debug_aranges
                0x000018f8       0x20 .\CortexM3\ARM_GCC_541\Debug\esw_uCOS3_cykit.a(I2C_1_INT.o)
 .debug_aranges
                0x00001918       0x38 .\CortexM3\ARM_GCC_541\Debug\esw_uCOS3_cykit.a(I2C_1_PM.o)
 .debug_aranges
                0x00001950       0x80 .\CortexM3\ARM_GCC_541\Debug\esw_uCOS3_cykit.a(I2C_1_MASTER.o)
 .debug_aranges
                0x000019d0       0x88 .\CortexM3\ARM_GCC_541\Debug\esw_uCOS3_cykit.a(Timer_1.o)
 .debug_aranges
                0x00001a58       0x80 .\CortexM3\ARM_GCC_541\Debug\esw_uCOS3_cykit.a(Timer_ISR.o)
 .debug_aranges
                0x00001ad8       0x20 .\CortexM3\ARM_GCC_541\Debug\esw_uCOS3_cykit.a(CyBootAsmGnu.o)
 .debug_aranges
                0x00001af8       0x88 .\CortexM3\ARM_GCC_541\Debug\esw_uCOS3_cykit.a(CyFlash.o)
 .debug_aranges
                0x00001b80       0x80 .\CortexM3\ARM_GCC_541\Debug\esw_uCOS3_cykit.a(CySpc.o)

.debug_pubnames
 *(.debug_pubnames)

.debug_info     0x00000000    0x2b135
 *(.debug_info .gnu.linkonce.wi.*)
 .debug_info    0x00000000      0xf71 .\CortexM3\ARM_GCC_541\Debug\app.o
 .debug_info    0x00000f71      0x894 .\CortexM3\ARM_GCC_541\Debug\os_app_hooks.o
 .debug_info    0x00001805     0x13ef .\CortexM3\ARM_GCC_541\Debug\log_task.o
 .debug_info    0x00002bf4     0x143f .\CortexM3\ARM_GCC_541\Debug\data_processing_task.o
 .debug_info    0x00004033      0xe09 .\CortexM3\ARM_GCC_541\Debug\bsp_os.o
 .debug_info    0x00004e3c      0x392 .\CortexM3\ARM_GCC_541\Debug\bsp.o
 .debug_info    0x000051ce      0x178 .\CortexM3\ARM_GCC_541\Debug\cpu_bsp.o
 .debug_info    0x00005346      0x12b .\CortexM3\ARM_GCC_541\Debug\bsp_uart.o
 .debug_info    0x00005471      0x28c .\CortexM3\ARM_GCC_541\Debug\bsp_gpio.o
 .debug_info    0x000056fd     0x166d .\CortexM3\ARM_GCC_541\Debug\bsp_spi.o
 .debug_info    0x00006d6a     0x17ec .\CortexM3\ARM_GCC_541\Debug\bsp_i2c.o
 .debug_info    0x00008556      0x5f2 .\CortexM3\ARM_GCC_541\Debug\cpu_c.o
 .debug_info    0x00008b48      0x71b .\CortexM3\ARM_GCC_541\Debug\cpu_core.o
 .debug_info    0x00009263      0x1e9 .\CortexM3\ARM_GCC_541\Debug\lib_math.o
 .debug_info    0x0000944c      0x4df .\CortexM3\ARM_GCC_541\Debug\lib_mem.o
 .debug_info    0x0000992b     0x10d7 .\CortexM3\ARM_GCC_541\Debug\lib_str.o
 .debug_info    0x0000aa02      0x43b .\CortexM3\ARM_GCC_541\Debug\lib_ascii.o
 .debug_info    0x0000ae3d      0xa1f .\CortexM3\ARM_GCC_541\Debug\os_cpu_c.o
 .debug_info    0x0000b85c     0x1032 .\CortexM3\ARM_GCC_541\Debug\os_pend_multi.o
 .debug_info    0x0000c88e      0x1f0 .\CortexM3\ARM_GCC_541\Debug\os_prio.o
 .debug_info    0x0000ca7e     0x14dd .\CortexM3\ARM_GCC_541\Debug\os_q.o
 .debug_info    0x0000df5b     0x13bd .\CortexM3\ARM_GCC_541\Debug\os_sem.o
 .debug_info    0x0000f318     0x1219 .\CortexM3\ARM_GCC_541\Debug\os_stat.o
 .debug_info    0x00010531     0x20a8 .\CortexM3\ARM_GCC_541\Debug\os_task.o
 .debug_info    0x000125d9      0xfe0 .\CortexM3\ARM_GCC_541\Debug\os_tick.o
 .debug_info    0x000135b9     0x10d8 .\CortexM3\ARM_GCC_541\Debug\os_time.o
 .debug_info    0x00014691     0x16b7 .\CortexM3\ARM_GCC_541\Debug\os_tmr.o
 .debug_info    0x00015d48      0xf4c .\CortexM3\ARM_GCC_541\Debug\os_var.o
 .debug_info    0x00016c94      0xbda .\CortexM3\ARM_GCC_541\Debug\os_cfg_app.o
 .debug_info    0x0001786e     0x1f24 .\CortexM3\ARM_GCC_541\Debug\os_core.o
 .debug_info    0x00019792     0x1379 .\CortexM3\ARM_GCC_541\Debug\os_dbg.o
 .debug_info    0x0001ab0b     0x178f .\CortexM3\ARM_GCC_541\Debug\os_flag.o
 .debug_info    0x0001c29a       0x87 .\CortexM3\ARM_GCC_541\Debug\os_int.o
 .debug_info    0x0001c321      0x89b .\CortexM3\ARM_GCC_541\Debug\os_mem.o
 .debug_info    0x0001cbbc      0x87b .\CortexM3\ARM_GCC_541\Debug\os_msg.o
 .debug_info    0x0001d437     0x13bd .\CortexM3\ARM_GCC_541\Debug\os_mutex.o
 .debug_info    0x0001e7f4     0x176b .\CortexM3\ARM_GCC_541\Debug\bme280.o
 .debug_info    0x0001ff5f      0xb00 .\CortexM3\ARM_GCC_541\Debug\bme280_interface.o
 .debug_info    0x00020a5f     0x1756 .\CortexM3\ARM_GCC_541\Debug\max30102_interface.o
 .debug_info    0x000221b5     0x2959 .\CortexM3\ARM_GCC_541\Debug\driver_max30102.o
 .debug_info    0x00024b0e      0x605 .\CortexM3\ARM_GCC_541\Debug\cyfitter_cfg.o
 .debug_info    0x00025113      0x138 .\CortexM3\ARM_GCC_541\Debug\cymetadata.o
 .debug_info    0x0002524b      0x3cf .\CortexM3\ARM_GCC_541\Debug\Cm3Start.o
 .debug_info    0x0002561a       0x77 .\CortexM3\ARM_GCC_541\Debug\cpu_a.o
 .debug_info    0x00025691       0x8a .\CortexM3\ARM_GCC_541\Debug\os_cpu_a.o
 .debug_info    0x0002571b      0x7ae .\CortexM3\ARM_GCC_541\Debug\esw_uCOS3_cykit.a(UART_1.o)
 .debug_info    0x00025ec9      0x186 .\CortexM3\ARM_GCC_541\Debug\esw_uCOS3_cykit.a(UART_1_INT.o)
 .debug_info    0x0002604f      0x11f .\CortexM3\ARM_GCC_541\Debug\esw_uCOS3_cykit.a(Pin_1.o)
 .debug_info    0x0002616e      0x283 .\CortexM3\ARM_GCC_541\Debug\esw_uCOS3_cykit.a(UART_1_IntClock.o)
 .debug_info    0x000263f1      0x94e .\CortexM3\ARM_GCC_541\Debug\esw_uCOS3_cykit.a(CyDmac.o)
 .debug_info    0x00026d3f     0x1374 .\CortexM3\ARM_GCC_541\Debug\esw_uCOS3_cykit.a(CyLib.o)
 .debug_info    0x000280b3      0xa2a .\CortexM3\ARM_GCC_541\Debug\esw_uCOS3_cykit.a(cyPm.o)
 .debug_info    0x00028add      0x4bb .\CortexM3\ARM_GCC_541\Debug\esw_uCOS3_cykit.a(SPIM_1.o)
 .debug_info    0x00028f98      0x11f .\CortexM3\ARM_GCC_541\Debug\esw_uCOS3_cykit.a(CS_1.o)
 .debug_info    0x000290b7      0x283 .\CortexM3\ARM_GCC_541\Debug\esw_uCOS3_cykit.a(SPIM_1_IntClock.o)
 .debug_info    0x0002933a      0x11f .\CortexM3\ARM_GCC_541\Debug\esw_uCOS3_cykit.a(Pin_2.o)
 .debug_info    0x00029459      0x11f .\CortexM3\ARM_GCC_541\Debug\esw_uCOS3_cykit.a(push_button.o)
 .debug_info    0x00029578      0x2ab .\CortexM3\ARM_GCC_541\Debug\esw_uCOS3_cykit.a(I2C_1.o)
 .debug_info    0x00029823      0x184 .\CortexM3\ARM_GCC_541\Debug\esw_uCOS3_cykit.a(I2C_1_INT.o)
 .debug_info    0x000299a7      0x207 .\CortexM3\ARM_GCC_541\Debug\esw_uCOS3_cykit.a(I2C_1_PM.o)
 .debug_info    0x00029bae      0x407 .\CortexM3\ARM_GCC_541\Debug\esw_uCOS3_cykit.a(I2C_1_MASTER.o)
 .debug_info    0x00029fb5      0x295 .\CortexM3\ARM_GCC_541\Debug\esw_uCOS3_cykit.a(Timer_1.o)
 .debug_info    0x0002a24a      0x2d2 .\CortexM3\ARM_GCC_541\Debug\esw_uCOS3_cykit.a(Timer_ISR.o)
 .debug_info    0x0002a51c       0x7c .\CortexM3\ARM_GCC_541\Debug\esw_uCOS3_cykit.a(CyBootAsmGnu.o)
 .debug_info    0x0002a598      0x64d .\CortexM3\ARM_GCC_541\Debug\esw_uCOS3_cykit.a(CyFlash.o)
 .debug_info    0x0002abe5      0x550 .\CortexM3\ARM_GCC_541\Debug\esw_uCOS3_cykit.a(CySpc.o)

.debug_abbrev   0x00000000     0x5d46
 *(.debug_abbrev)
 .debug_abbrev  0x00000000      0x1b5 .\CortexM3\ARM_GCC_541\Debug\app.o
 .debug_abbrev  0x000001b5      0x127 .\CortexM3\ARM_GCC_541\Debug\os_app_hooks.o
 .debug_abbrev  0x000002dc      0x251 .\CortexM3\ARM_GCC_541\Debug\log_task.o
 .debug_abbrev  0x0000052d      0x229 .\CortexM3\ARM_GCC_541\Debug\data_processing_task.o
 .debug_abbrev  0x00000756      0x187 .\CortexM3\ARM_GCC_541\Debug\bsp_os.o
 .debug_abbrev  0x000008dd      0x174 .\CortexM3\ARM_GCC_541\Debug\bsp.o
 .debug_abbrev  0x00000a51       0xce .\CortexM3\ARM_GCC_541\Debug\cpu_bsp.o
 .debug_abbrev  0x00000b1f       0x98 .\CortexM3\ARM_GCC_541\Debug\bsp_uart.o
 .debug_abbrev  0x00000bb7       0xe7 .\CortexM3\ARM_GCC_541\Debug\bsp_gpio.o
 .debug_abbrev  0x00000c9e      0x21c .\CortexM3\ARM_GCC_541\Debug\bsp_spi.o
 .debug_abbrev  0x00000eba      0x2a7 .\CortexM3\ARM_GCC_541\Debug\bsp_i2c.o
 .debug_abbrev  0x00001161      0x155 .\CortexM3\ARM_GCC_541\Debug\cpu_c.o
 .debug_abbrev  0x000012b6      0x1fa .\CortexM3\ARM_GCC_541\Debug\cpu_core.o
 .debug_abbrev  0x000014b0      0x116 .\CortexM3\ARM_GCC_541\Debug\lib_math.o
 .debug_abbrev  0x000015c6      0x12a .\CortexM3\ARM_GCC_541\Debug\lib_mem.o
 .debug_abbrev  0x000016f0      0x19d .\CortexM3\ARM_GCC_541\Debug\lib_str.o
 .debug_abbrev  0x0000188d      0x105 .\CortexM3\ARM_GCC_541\Debug\lib_ascii.o
 .debug_abbrev  0x00001992      0x21d .\CortexM3\ARM_GCC_541\Debug\os_cpu_c.o
 .debug_abbrev  0x00001baf      0x1f0 .\CortexM3\ARM_GCC_541\Debug\os_pend_multi.o
 .debug_abbrev  0x00001d9f       0xf1 .\CortexM3\ARM_GCC_541\Debug\os_prio.o
 .debug_abbrev  0x00001e90      0x228 .\CortexM3\ARM_GCC_541\Debug\os_q.o
 .debug_abbrev  0x000020b8      0x226 .\CortexM3\ARM_GCC_541\Debug\os_sem.o
 .debug_abbrev  0x000022de      0x1f6 .\CortexM3\ARM_GCC_541\Debug\os_stat.o
 .debug_abbrev  0x000024d4      0x1f3 .\CortexM3\ARM_GCC_541\Debug\os_task.o
 .debug_abbrev  0x000026c7      0x224 .\CortexM3\ARM_GCC_541\Debug\os_tick.o
 .debug_abbrev  0x000028eb      0x1c8 .\CortexM3\ARM_GCC_541\Debug\os_time.o
 .debug_abbrev  0x00002ab3      0x269 .\CortexM3\ARM_GCC_541\Debug\os_tmr.o
 .debug_abbrev  0x00002d1c       0xb7 .\CortexM3\ARM_GCC_541\Debug\os_var.o
 .debug_abbrev  0x00002dd3       0xdc .\CortexM3\ARM_GCC_541\Debug\os_cfg_app.o
 .debug_abbrev  0x00002eaf      0x265 .\CortexM3\ARM_GCC_541\Debug\os_core.o
 .debug_abbrev  0x00003114       0xfa .\CortexM3\ARM_GCC_541\Debug\os_dbg.o
 .debug_abbrev  0x0000320e      0x226 .\CortexM3\ARM_GCC_541\Debug\os_flag.o
 .debug_abbrev  0x00003434       0x26 .\CortexM3\ARM_GCC_541\Debug\os_int.o
 .debug_abbrev  0x0000345a      0x190 .\CortexM3\ARM_GCC_541\Debug\os_mem.o
 .debug_abbrev  0x000035ea      0x184 .\CortexM3\ARM_GCC_541\Debug\os_msg.o
 .debug_abbrev  0x0000376e      0x219 .\CortexM3\ARM_GCC_541\Debug\os_mutex.o
 .debug_abbrev  0x00003987      0x1d3 .\CortexM3\ARM_GCC_541\Debug\bme280.o
 .debug_abbrev  0x00003b5a      0x165 .\CortexM3\ARM_GCC_541\Debug\bme280_interface.o
 .debug_abbrev  0x00003cbf      0x257 .\CortexM3\ARM_GCC_541\Debug\max30102_interface.o
 .debug_abbrev  0x00003f16      0x20c .\CortexM3\ARM_GCC_541\Debug\driver_max30102.o
 .debug_abbrev  0x00004122      0x20d .\CortexM3\ARM_GCC_541\Debug\cyfitter_cfg.o
 .debug_abbrev  0x0000432f       0x77 .\CortexM3\ARM_GCC_541\Debug\cymetadata.o
 .debug_abbrev  0x000043a6      0x1e8 .\CortexM3\ARM_GCC_541\Debug\Cm3Start.o
 .debug_abbrev  0x0000458e       0x14 .\CortexM3\ARM_GCC_541\Debug\cpu_a.o
 .debug_abbrev  0x000045a2       0x14 .\CortexM3\ARM_GCC_541\Debug\os_cpu_a.o
 .debug_abbrev  0x000045b6      0x16f .\CortexM3\ARM_GCC_541\Debug\esw_uCOS3_cykit.a(UART_1.o)
 .debug_abbrev  0x00004725       0xa2 .\CortexM3\ARM_GCC_541\Debug\esw_uCOS3_cykit.a(UART_1_INT.o)
 .debug_abbrev  0x000047c7       0x90 .\CortexM3\ARM_GCC_541\Debug\esw_uCOS3_cykit.a(Pin_1.o)
 .debug_abbrev  0x00004857      0x139 .\CortexM3\ARM_GCC_541\Debug\esw_uCOS3_cykit.a(UART_1_IntClock.o)
 .debug_abbrev  0x00004990      0x1b2 .\CortexM3\ARM_GCC_541\Debug\esw_uCOS3_cykit.a(CyDmac.o)
 .debug_abbrev  0x00004b42      0x254 .\CortexM3\ARM_GCC_541\Debug\esw_uCOS3_cykit.a(CyLib.o)
 .debug_abbrev  0x00004d96      0x1ab .\CortexM3\ARM_GCC_541\Debug\esw_uCOS3_cykit.a(cyPm.o)
 .debug_abbrev  0x00004f41      0x146 .\CortexM3\ARM_GCC_541\Debug\esw_uCOS3_cykit.a(SPIM_1.o)
 .debug_abbrev  0x00005087       0x90 .\CortexM3\ARM_GCC_541\Debug\esw_uCOS3_cykit.a(CS_1.o)
 .debug_abbrev  0x00005117      0x139 .\CortexM3\ARM_GCC_541\Debug\esw_uCOS3_cykit.a(SPIM_1_IntClock.o)
 .debug_abbrev  0x00005250       0x90 .\CortexM3\ARM_GCC_541\Debug\esw_uCOS3_cykit.a(Pin_2.o)
 .debug_abbrev  0x000052e0       0x90 .\CortexM3\ARM_GCC_541\Debug\esw_uCOS3_cykit.a(push_button.o)
 .debug_abbrev  0x00005370      0x10a .\CortexM3\ARM_GCC_541\Debug\esw_uCOS3_cykit.a(I2C_1.o)
 .debug_abbrev  0x0000547a       0xb6 .\CortexM3\ARM_GCC_541\Debug\esw_uCOS3_cykit.a(I2C_1_INT.o)
 .debug_abbrev  0x00005530       0xfe .\CortexM3\ARM_GCC_541\Debug\esw_uCOS3_cykit.a(I2C_1_PM.o)
 .debug_abbrev  0x0000562e      0x13c .\CortexM3\ARM_GCC_541\Debug\esw_uCOS3_cykit.a(I2C_1_MASTER.o)
 .debug_abbrev  0x0000576a      0x11a .\CortexM3\ARM_GCC_541\Debug\esw_uCOS3_cykit.a(Timer_1.o)
 .debug_abbrev  0x00005884      0x173 .\CortexM3\ARM_GCC_541\Debug\esw_uCOS3_cykit.a(Timer_ISR.o)
 .debug_abbrev  0x000059f7       0x14 .\CortexM3\ARM_GCC_541\Debug\esw_uCOS3_cykit.a(CyBootAsmGnu.o)
 .debug_abbrev  0x00005a0b      0x1a7 .\CortexM3\ARM_GCC_541\Debug\esw_uCOS3_cykit.a(CyFlash.o)
 .debug_abbrev  0x00005bb2      0x194 .\CortexM3\ARM_GCC_541\Debug\esw_uCOS3_cykit.a(CySpc.o)

.debug_line     0x00000000     0x89a7
 *(.debug_line)
 .debug_line    0x00000000      0x22f .\CortexM3\ARM_GCC_541\Debug\app.o
 .debug_line    0x0000022f      0x147 .\CortexM3\ARM_GCC_541\Debug\os_app_hooks.o
 .debug_line    0x00000376      0x3a8 .\CortexM3\ARM_GCC_541\Debug\log_task.o
 .debug_line    0x0000071e      0x2a7 .\CortexM3\ARM_GCC_541\Debug\data_processing_task.o
 .debug_line    0x000009c5      0x112 .\CortexM3\ARM_GCC_541\Debug\bsp_os.o
 .debug_line    0x00000ad7      0x176 .\CortexM3\ARM_GCC_541\Debug\bsp.o
 .debug_line    0x00000c4d       0xaf .\CortexM3\ARM_GCC_541\Debug\cpu_bsp.o
 .debug_line    0x00000cfc       0xa4 .\CortexM3\ARM_GCC_541\Debug\bsp_uart.o
 .debug_line    0x00000da0      0x114 .\CortexM3\ARM_GCC_541\Debug\bsp_gpio.o
 .debug_line    0x00000eb4      0x31e .\CortexM3\ARM_GCC_541\Debug\bsp_spi.o
 .debug_line    0x000011d2      0x374 .\CortexM3\ARM_GCC_541\Debug\bsp_i2c.o
 .debug_line    0x00001546      0x1a8 .\CortexM3\ARM_GCC_541\Debug\cpu_c.o
 .debug_line    0x000016ee      0x260 .\CortexM3\ARM_GCC_541\Debug\cpu_core.o
 .debug_line    0x0000194e       0xb9 .\CortexM3\ARM_GCC_541\Debug\lib_math.o
 .debug_line    0x00001a07      0x197 .\CortexM3\ARM_GCC_541\Debug\lib_mem.o
 .debug_line    0x00001b9e      0x4f8 .\CortexM3\ARM_GCC_541\Debug\lib_str.o
 .debug_line    0x00002096      0x20e .\CortexM3\ARM_GCC_541\Debug\lib_ascii.o
 .debug_line    0x000022a4      0x1e6 .\CortexM3\ARM_GCC_541\Debug\os_cpu_c.o
 .debug_line    0x0000248a      0x191 .\CortexM3\ARM_GCC_541\Debug\os_pend_multi.o
 .debug_line    0x0000261b       0xf6 .\CortexM3\ARM_GCC_541\Debug\os_prio.o
 .debug_line    0x00002711      0x264 .\CortexM3\ARM_GCC_541\Debug\os_q.o
 .debug_line    0x00002975      0x25e .\CortexM3\ARM_GCC_541\Debug\os_sem.o
 .debug_line    0x00002bd3      0x1a7 .\CortexM3\ARM_GCC_541\Debug\os_stat.o
 .debug_line    0x00002d7a      0x53b .\CortexM3\ARM_GCC_541\Debug\os_task.o
 .debug_line    0x000032b5      0x1f2 .\CortexM3\ARM_GCC_541\Debug\os_tick.o
 .debug_line    0x000034a7      0x198 .\CortexM3\ARM_GCC_541\Debug\os_time.o
 .debug_line    0x0000363f      0x317 .\CortexM3\ARM_GCC_541\Debug\os_tmr.o
 .debug_line    0x00003956       0x7f .\CortexM3\ARM_GCC_541\Debug\os_var.o
 .debug_line    0x000039d5       0xaf .\CortexM3\ARM_GCC_541\Debug\os_cfg_app.o
 .debug_line    0x00003a84      0x5c9 .\CortexM3\ARM_GCC_541\Debug\os_core.o
 .debug_line    0x0000404d       0xab .\CortexM3\ARM_GCC_541\Debug\os_dbg.o
 .debug_line    0x000040f8      0x301 .\CortexM3\ARM_GCC_541\Debug\os_flag.o
 .debug_line    0x000043f9       0x1d .\CortexM3\ARM_GCC_541\Debug\os_int.o
 .debug_line    0x00004416      0x14a .\CortexM3\ARM_GCC_541\Debug\os_mem.o
 .debug_line    0x00004560      0x17a .\CortexM3\ARM_GCC_541\Debug\os_msg.o
 .debug_line    0x000046da      0x25b .\CortexM3\ARM_GCC_541\Debug\os_mutex.o
 .debug_line    0x00004935      0x525 .\CortexM3\ARM_GCC_541\Debug\bme280.o
 .debug_line    0x00004e5a      0x22a .\CortexM3\ARM_GCC_541\Debug\bme280_interface.o
 .debug_line    0x00005084      0x3d2 .\CortexM3\ARM_GCC_541\Debug\max30102_interface.o
 .debug_line    0x00005456      0x8d1 .\CortexM3\ARM_GCC_541\Debug\driver_max30102.o
 .debug_line    0x00005d27      0x1f8 .\CortexM3\ARM_GCC_541\Debug\cyfitter_cfg.o
 .debug_line    0x00005f1f      0x141 .\CortexM3\ARM_GCC_541\Debug\cymetadata.o
 .debug_line    0x00006060      0x241 .\CortexM3\ARM_GCC_541\Debug\Cm3Start.o
 .debug_line    0x000062a1       0x70 .\CortexM3\ARM_GCC_541\Debug\cpu_a.o
 .debug_line    0x00006311       0x9a .\CortexM3\ARM_GCC_541\Debug\os_cpu_a.o
 .debug_line    0x000063ab      0x33f .\CortexM3\ARM_GCC_541\Debug\esw_uCOS3_cykit.a(UART_1.o)
 .debug_line    0x000066ea       0xa9 .\CortexM3\ARM_GCC_541\Debug\esw_uCOS3_cykit.a(UART_1_INT.o)
 .debug_line    0x00006793       0x92 .\CortexM3\ARM_GCC_541\Debug\esw_uCOS3_cykit.a(Pin_1.o)
 .debug_line    0x00006825      0x17e .\CortexM3\ARM_GCC_541\Debug\esw_uCOS3_cykit.a(UART_1_IntClock.o)
 .debug_line    0x000069a3      0x2e4 .\CortexM3\ARM_GCC_541\Debug\esw_uCOS3_cykit.a(CyDmac.o)
 .debug_line    0x00006c87      0x816 .\CortexM3\ARM_GCC_541\Debug\esw_uCOS3_cykit.a(CyLib.o)
 .debug_line    0x0000749d      0x367 .\CortexM3\ARM_GCC_541\Debug\esw_uCOS3_cykit.a(cyPm.o)
 .debug_line    0x00007804      0x247 .\CortexM3\ARM_GCC_541\Debug\esw_uCOS3_cykit.a(SPIM_1.o)
 .debug_line    0x00007a4b       0x91 .\CortexM3\ARM_GCC_541\Debug\esw_uCOS3_cykit.a(CS_1.o)
 .debug_line    0x00007adc      0x17e .\CortexM3\ARM_GCC_541\Debug\esw_uCOS3_cykit.a(SPIM_1_IntClock.o)
 .debug_line    0x00007c5a       0x93 .\CortexM3\ARM_GCC_541\Debug\esw_uCOS3_cykit.a(Pin_2.o)
 .debug_line    0x00007ced       0x98 .\CortexM3\ARM_GCC_541\Debug\esw_uCOS3_cykit.a(push_button.o)
 .debug_line    0x00007d85       0xdf .\CortexM3\ARM_GCC_541\Debug\esw_uCOS3_cykit.a(I2C_1.o)
 .debug_line    0x00007e64      0x118 .\CortexM3\ARM_GCC_541\Debug\esw_uCOS3_cykit.a(I2C_1_INT.o)
 .debug_line    0x00007f7c       0xbf .\CortexM3\ARM_GCC_541\Debug\esw_uCOS3_cykit.a(I2C_1_PM.o)
 .debug_line    0x0000803b      0x201 .\CortexM3\ARM_GCC_541\Debug\esw_uCOS3_cykit.a(I2C_1_MASTER.o)
 .debug_line    0x0000823c      0x155 .\CortexM3\ARM_GCC_541\Debug\esw_uCOS3_cykit.a(Timer_1.o)
 .debug_line    0x00008391      0x136 .\CortexM3\ARM_GCC_541\Debug\esw_uCOS3_cykit.a(Timer_ISR.o)
 .debug_line    0x000084c7       0x66 .\CortexM3\ARM_GCC_541\Debug\esw_uCOS3_cykit.a(CyBootAsmGnu.o)
 .debug_line    0x0000852d      0x21a .\CortexM3\ARM_GCC_541\Debug\esw_uCOS3_cykit.a(CyFlash.o)
 .debug_line    0x00008747      0x260 .\CortexM3\ARM_GCC_541\Debug\esw_uCOS3_cykit.a(CySpc.o)

.debug_frame    0x00000000     0x5334
 *(.debug_frame)
 .debug_frame   0x00000000       0x54 .\CortexM3\ARM_GCC_541\Debug\app.o