Archive member included to satisfy reference by file (symbol)

.\CortexM3\ARM_GCC_541\Debug\esw_uCOS3_cykit.a(UART_1.o)
                              .\CortexM3\ARM_GCC_541\Debug\bsp_uart.o (UART_1_Start)
.\CortexM3\ARM_GCC_541\Debug\esw_uCOS3_cykit.a(UART_1_INT.o)
                              .\CortexM3\ARM_GCC_541\Debug\esw_uCOS3_cykit.a(UART_1.o) (UART_1_RXISR)
.\CortexM3\ARM_GCC_541\Debug\esw_uCOS3_cykit.a(Pin_1.o)
                              .\CortexM3\ARM_GCC_541\Debug\bsp_gpio.o (Pin_1_Write)
.\CortexM3\ARM_GCC_541\Debug\esw_uCOS3_cykit.a(UART_1_IntClock.o)
                              .\CortexM3\ARM_GCC_541\Debug\esw_uCOS3_cykit.a(UART_1.o) (UART_1_IntClock_Start)
.\CortexM3\ARM_GCC_541\Debug\esw_uCOS3_cykit.a(CyLib.o)
                              .\CortexM3\ARM_GCC_541\Debug\Cm3Start.o (CyHalt)
.\CortexM3\ARM_GCC_541\Debug\esw_uCOS3_cykit.a(cyPm.o)
                              .\CortexM3\ARM_GCC_541\Debug\esw_uCOS3_cykit.a(CyLib.o) (CyPmReadStatus)
.\CortexM3\ARM_GCC_541\Debug\esw_uCOS3_cykit.a(Pin_2.o)
                              .\CortexM3\ARM_GCC_541\Debug\bsp_gpio.o (Pin_2_Write)
.\CortexM3\ARM_GCC_541\Debug\esw_uCOS3_cykit.a(push_button.o)
                              .\CortexM3\ARM_GCC_541\Debug\gpio_tasks.o (push_button_Write)
.\CortexM3\ARM_GCC_541\Debug\esw_uCOS3_cykit.a(I2C_1.o)
                              .\CortexM3\ARM_GCC_541\Debug\bsp_i2c.o (I2C_1_Start)
.\CortexM3\ARM_GCC_541\Debug\esw_uCOS3_cykit.a(I2C_1_INT.o)
                              .\CortexM3\ARM_GCC_541\Debug\esw_uCOS3_cykit.a(I2C_1.o) (I2C_1_ISR)
.\CortexM3\ARM_GCC_541\Debug\esw_uCOS3_cykit.a(I2C_1_PM.o)
                              .\CortexM3\ARM_GCC_541\Debug\esw_uCOS3_cykit.a(I2C_1.o) (I2C_1_backup)
.\CortexM3\ARM_GCC_541\Debug\esw_uCOS3_cykit.a(I2C_1_MASTER.o)
                              .\CortexM3\ARM_GCC_541\Debug\esw_uCOS3_cykit.a(I2C_1.o) (I2C_1_mstrStatus)
.\CortexM3\ARM_GCC_541\Debug\esw_uCOS3_cykit.a(Timer_1.o)
                              .\CortexM3\ARM_GCC_541\Debug\bsp_i2c.o (Timer_1_Start)
.\CortexM3\ARM_GCC_541\Debug\esw_uCOS3_cykit.a(Timer_ISR.o)
                              .\CortexM3\ARM_GCC_541\Debug\bsp_i2c.o (Timer_ISR_StartEx)
.\CortexM3\ARM_GCC_541\Debug\esw_uCOS3_cykit.a(Pin_Green_Led_1.o)
                              .\CortexM3\ARM_GCC_541\Debug\bsp_gpio.o (Pin_Green_Led_1_Write)
.\CortexM3\ARM_GCC_541\Debug\esw_uCOS3_cykit.a(PWM_Heartbeat.o)
                              .\CortexM3\ARM_GCC_541\Debug\gpio_tasks.o (PWM_Heartbeat_WriteCompare)
.\CortexM3\ARM_GCC_541\Debug\esw_uCOS3_cykit.a(PWM_SPO2.o)
                              .\CortexM3\ARM_GCC_541\Debug\gpio_tasks.o (PWM_SPO2_WriteCompare)
.\CortexM3\ARM_GCC_541\Debug\esw_uCOS3_cykit.a(CyBootAsmGnu.o)
                              .\CortexM3\ARM_GCC_541\Debug\cyfitter_cfg.o (CyDelayCycles)
.\CortexM3\ARM_GCC_541\Debug\esw_uCOS3_cykit.a(CyFlash.o)
                              .\CortexM3\ARM_GCC_541\Debug\esw_uCOS3_cykit.a(cyPm.o) (CyFlash_SetWaitCycles)
.\CortexM3\ARM_GCC_541\Debug\esw_uCOS3_cykit.a(CySpc.o)
                              .\CortexM3\ARM_GCC_541\Debug\esw_uCOS3_cykit.a(CyFlash.o) (CySpcStart)
c:/program files (x86)/cypress/psoc creator/4.4/psoc creator/import/gnu/arm/5.4.1/bin/../lib/gcc/arm-none-eabi/5.4.1/armv7-m\libgcc.a(_arm_addsubsf3.o)
                              .\CortexM3\ARM_GCC_541\Debug\driver_max30102.o (__aeabi_fadd)
c:/program files (x86)/cypress/psoc creator/4.4/psoc creator/import/gnu/arm/5.4.1/bin/../lib/gcc/arm-none-eabi/5.4.1/armv7-m\libgcc.a(_arm_muldivsf3.o)
                              .\CortexM3\ARM_GCC_541\Debug\driver_max30102.o (__aeabi_fmul)
c:/program files (x86)/cypress/psoc creator/4.4/psoc creator/import/gnu/arm/5.4.1/bin/../lib/gcc/arm-none-eabi/5.4.1/armv7-m\libgcc.a(_aeabi_ldivmod.o)
                              .\CortexM3\ARM_GCC_541\Debug\bme68x.o (__aeabi_ldivmod)
c:/program files (x86)/cypress/psoc creator/4.4/psoc creator/import/gnu/arm/5.4.1/bin/../lib/gcc/arm-none-eabi/5.4.1/armv7-m\libgcc.a(_udivmoddi4.o)
                              c:/program files (x86)/cypress/psoc creator/4.4/psoc creator/import/gnu/arm/5.4.1/bin/../lib/gcc/arm-none-eabi/5.4.1/armv7-m\libgcc.a(_aeabi_ldivmod.o) (__udivmoddi4)
c:/program files (x86)/cypress/psoc creator/4.4/psoc creator/import/gnu/arm/5.4.1/bin/../lib/gcc/arm-none-eabi/5.4.1/armv7-m\libgcc.a(_dvmd_tls.o)
                              c:/program files (x86)/cypress/psoc creator/4.4/psoc creator/import/gnu/arm/5.4.1/bin/../lib/gcc/arm-none-eabi/5.4.1/armv7-m\libgcc.a(_aeabi_ldivmod.o) (__aeabi_ldiv0)
c:/program files (x86)/cypress/psoc creator/4.4/psoc creator/import/gnu/arm/5.4.1/bin/../lib/gcc/arm-none-eabi/5.4.1/../../../../arm-none-eabi/lib/armv7-m\libg_nano.a(lib_a-errno.o)
                              .\CortexM3\ARM_GCC_541\Debug\Cm3Start.o (__errno)
[...]
Memory Configuration

Name             Origin             Length             Attributes
rom              0x00000000         0x00040000         xr
ram              0x1fff8000         0x00010000         xrw
*default*        0x00000000         0xffffffff

Linker script and memory map

LOAD c:/program files (x86)/cypress/psoc creator/4.4/psoc creator/import/gnu/arm/5.4.1/bin/../lib/gcc/arm-none-eabi/5.4.1/armv7-m/crti.o
LOAD c:/program files (x86)/cypress/psoc creator/4.4/psoc creator/import/gnu/arm/5.4.1/bin/../lib/gcc/arm-none-eabi/5.4.1/armv7-m/crtbegin.o
LOAD c:/program files (x86)/cypress/psoc creator/4.4/psoc creator/import/gnu/arm/5.4.1/bin/../lib/gcc/arm-none-eabi/5.4.1/../../../../arm-none-eabi/lib/armv7-m/crt0.o
START GROUP
LOAD .\CortexM3\ARM_GCC_541\Debug\app.o
LOAD .\CortexM3\ARM_GCC_541\Debug\os_app_hooks.o
LOAD .\CortexM3\ARM_GCC_541\Debug\log_task.o
LOAD .\CortexM3\ARM_GCC_541\Debug\heartbeatSensor.o
LOAD .\CortexM3\ARM_GCC_541\Debug\environmentSensor.o
LOAD .\CortexM3\ARM_GCC_541\Debug\data_processing_task.o
LOAD .\CortexM3\ARM_GCC_541\Debug\gpio_tasks.o
LOAD .\CortexM3\ARM_GCC_541\Debug\bsp_os.o
LOAD .\CortexM3\ARM_GCC_541\Debug\bsp.o
LOAD .\CortexM3\ARM_GCC_541\Debug\cpu_bsp.o
LOAD .\CortexM3\ARM_GCC_541\Debug\bsp_uart.o
LOAD .\CortexM3\ARM_GCC_541\Debug\bsp_gpio.o
LOAD .\CortexM3\ARM_GCC_541\Debug\bsp_i2c.o
LOAD .\CortexM3\ARM_GCC_541\Debug\bsp_pwm.o
LOAD .\CortexM3\ARM_GCC_541\Debug\cpu_c.o
LOAD .\CortexM3\ARM_GCC_541\Debug\cpu_core.o
LOAD .\CortexM3\ARM_GCC_541\Debug\lib_math.o
LOAD .\CortexM3\ARM_GCC_541\Debug\lib_mem.o
LOAD .\CortexM3\ARM_GCC_541\Debug\lib_str.o
LOAD .\CortexM3\ARM_GCC_541\Debug\lib_ascii.o
LOAD .\CortexM3\ARM_GCC_541\Debug\os_cpu_c.o
LOAD .\CortexM3\ARM_GCC_541\Debug\os_pend_multi.o
LOAD .\CortexM3\ARM_GCC_541\Debug\os_prio.o
LOAD .\CortexM3\ARM_GCC_541\Debug\os_q.o
LOAD .\CortexM3\ARM_GCC_541\Debug\os_sem.o
LOAD .\CortexM3\ARM_GCC_541\Debug\os_stat.o
LOAD .\CortexM3\ARM_GCC_541\Debug\os_task.o
LOAD .\CortexM3\ARM_GCC_541\Debug\os_tick.o
LOAD .\CortexM3\ARM_GCC_541\Debug\os_time.o
LOAD .\CortexM3\ARM_GCC_541\Debug\os_tmr.o
LOAD .\CortexM3\ARM_GCC_541\Debug\os_var.o
LOAD .\CortexM3\ARM_GCC_541\Debug\os_cfg_app.o
LOAD .\CortexM3\ARM_GCC_541\Debug\os_core.o
LOAD .\CortexM3\ARM_GCC_541\Debug\os_dbg.o
LOAD .\CortexM3\ARM_GCC_541\Debug\os_flag.o
LOAD .\CortexM3\ARM_GCC_541\Debug\os_int.o
LOAD .\CortexM3\ARM_GCC_541\Debug\os_mem.o
LOAD .\CortexM3\ARM_GCC_541\Debug\os_msg.o
LOAD .\CortexM3\ARM_GCC_541\Debug\os_mutex.o
LOAD .\CortexM3\ARM_GCC_541\Debug\max30102_interface.o
LOAD .\CortexM3\ARM_GCC_541\Debug\driver_max30102.o
LOAD .\CortexM3\ARM_GCC_541\Debug\bme68x.o
LOAD .\CortexM3\ARM_GCC_541\Debug\cyfitter_cfg.o
LOAD .\CortexM3\ARM_GCC_541\Debug\cymetadata.o
LOAD .\CortexM3\ARM_GCC_541\Debug\Cm3Start.o
LOAD .\CortexM3\ARM_GCC_541\Debug\cpu_a.o
LOAD .\CortexM3\ARM_GCC_541\Debug\os_cpu_a.o
LOAD .\CortexM3\ARM_GCC_541\Debug\esw_uCOS3_cykit.a
LOAD C:\Program Files (x86)\Cypress\PSoC Creator\4.4\PSoC Creator\psoc\content\cycomponentlibrary\CyComponentLibrary.cylib\CortexM3\ARM_GCC_541\Debug\CyComponentLibrary.a
END GROUP
START GROUP
LOAD c:/program files (x86)/cypress/psoc creator/4.4/psoc creator/import/gnu/arm/5.4.1/bin/../lib/gcc/arm-none-eabi/5.4.1/armv7-m\libgcc.a
LOAD c:/program files (x86)/cypress/psoc creator/4.4/psoc creator/import/gnu/arm/5.4.1/bin/../lib/gcc/arm-none-eabi/5.4.1/../../../../arm-none-eabi/lib/armv7-m\libg_nano.a
LOAD c:/program files (x86)/cypress/psoc creator/4.4/psoc creator/import/gnu/arm/5.4.1/bin/../lib/gcc/arm-none-eabi/5.4.1/../../../../arm-none-eabi/lib/armv7-m\libc_nano.a
END GROUP
START GROUP
LOAD c:/program files (x86)/cypress/psoc creator/4.4/psoc creator/import/gnu/arm/5.4.1/bin/../lib/gcc/arm-none-eabi/5.4.1/armv7-m\libgcc.a
LOAD c:/program files (x86)/cypress/psoc creator/4.4/psoc creator/import/gnu/arm/5.4.1/bin/../lib/gcc/arm-none-eabi/5.4.1/../../../../arm-none-eabi/lib/armv7-m\libc_nano.a
END GROUP
LOAD c:/program files (x86)/cypress/psoc creator/4.4/psoc creator/import/gnu/arm/5.4.1/bin/../lib/gcc/arm-none-eabi/5.4.1/armv7-m/crtend.o
LOAD c:/program files (x86)/cypress/psoc creator/4.4/psoc creator/import/gnu/arm/5.4.1/bin/../lib/gcc/arm-none-eabi/5.4.1/armv7-m/crtn.o
START GROUP
LOAD c:/program files (x86)/cypress/psoc creator/4.4/psoc creator/import/gnu/arm/5.4.1/bin/../lib/gcc/arm-none-eabi/5.4.1/armv7-m\libgcc.a
LOAD c:/program files (x86)/cypress/psoc creator/4.4/psoc creator/import/gnu/arm/5.4.1/bin/../lib/gcc/arm-none-eabi/5.4.1/../../../../arm-none-eabi/lib/armv7-m\libc.a
LOAD c:/program files (x86)/cypress/psoc creator/4.4/psoc creator/import/gnu/arm/5.4.1/bin/../lib/gcc/arm-none-eabi/5.4.1/../../../../arm-none-eabi/lib/armv7-m\libnosys.a
END GROUP
                0x00000000                CY_APPL_ORIGIN = 0x0
                0x00000100                CY_FLASH_ROW_SIZE = 0x100
                0x00000020                CY_ECC_ROW_SIZE = 0x20
                0x00000000                CY_EE_IN_BTLDR = 0x0
                0x00000000                CY_APPL_LOADABLE = 0x0
                0x00000800                CY_EE_SIZE = 0x800
                0x00000001                CY_APPL_NUM = 0x1
                0x00000001                CY_APPL_MAX = 0x1
                0x00000040                CY_METADATA_SIZE = 0x40
                0x00000000                CY_APPL_LOADABLE = 0x0
                0x00000000                CY_CHECKSUM_EXCLUDE_SIZE = ALIGN (0x0, CY_FLASH_ROW_SIZE)
                [!provide]                PROVIDE (__cy_heap_start, _end)
                0x00000001                PROVIDE (__cy_region_num, ((__cy_regions_end - __cy_regions) / 0x10))
                0x20008000                PROVIDE (__cy_stack, (ORIGIN (ram) + LENGTH (ram)))
                [!provide]                PROVIDE (__cy_heap_end, (__cy_stack - 0x800))

.cybootloader   0x00000000        0x0
 *(.cybootloader)
                0x00000000                appl1_start = CY_APPL_ORIGIN?CY_APPL_ORIGIN:ALIGN (CY_FLASH_ROW_SIZE)
                0x0001ff00                appl2_start = (appl1_start + ALIGN ((((LENGTH (rom) - appl1_start) - (0x2 * CY_FLASH_ROW_SIZE)) / 0x2), CY_FLASH_ROW_SIZE))
                0x00000000                appl_start = (CY_APPL_NUM == 0x1)?appl1_start:appl2_start
                0x00000000                ecc_offset = ((appl_start / CY_FLASH_ROW_SIZE) * CY_ECC_ROW_SIZE)
                0x00000000                ee_offset = (CY_APPL_LOADABLE && ! (CY_EE_IN_BTLDR))?((CY_EE_SIZE / CY_APPL_MAX) * (CY_APPL_NUM - 0x1)):0x0
                0x00000800                ee_size = (CY_APPL_LOADABLE && ! (CY_EE_IN_BTLDR))?(CY_EE_SIZE / CY_APPL_MAX):CY_EE_SIZE
                [!provide]                PROVIDE (CY_ECC_OFFSET, ecc_offset)

.text           0x00000000     0x7758
 CREATE_OBJECT_SYMBOLS
                0x00000000                PROVIDE (__cy_interrupt_vector, RomVectors)
 *(.romvectors)
 .romvectors    0x00000000       0x10 .\CortexM3\ARM_GCC_541\Debug\Cm3Start.o
                0x00000000                RomVectors
                0x00000001                ASSERT ((. != __cy_interrupt_vector), No interrupt vector)
                0x00000001                ASSERT (CY_APPL_ORIGIN?(SIZEOF (.cybootloader) <= CY_APPL_ORIGIN):0x1, Wrong image location)
                0x00000010                PROVIDE (__cy_reset, Reset)
 *(.text.Reset)
 .text.Reset    0x00000010       0x18 .\CortexM3\ARM_GCC_541\Debug\Cm3Start.o
                0x00000010                Reset
                0x00000001                ASSERT ((. != __cy_reset), No reset code)
 *(.dma_init)
                0x00000001                ASSERT ((((appl_start + .) <= 0x10000) || 0x1), DMA Init must be within the first 64k of flash)
 *(.text .text.* .gnu.linkonce.t.*)
 .text          0x00000028       0x5c c:/program files (x86)/cypress/psoc creator/4.4/psoc creator/import/gnu/arm/5.4.1/bin/../lib/gcc/arm-none-eabi/5.4.1/armv7-m/crtbegin.o
 .text.App_TaskStart
                0x00000084       0x78 .\CortexM3\ARM_GCC_541\Debug\app.o
 .text.main     0x000000fc       0x60 .\CortexM3\ARM_GCC_541\Debug\app.o
                0x000000fc                main
 .text.Log_LevelToString
                0x0000015c       0x88 .\CortexM3\ARM_GCC_541\Debug\log_task.o
 .text.Log_PrintErrorWithCode
                0x000001e4       0x2c .\CortexM3\ARM_GCC_541\Debug\log_task.o
 .text.Log_Task
                0x00000210       0xe4 .\CortexM3\ARM_GCC_541\Debug\log_task.o
 .text.Log_Init
                0x000002f4       0x58 .\CortexM3\ARM_GCC_541\Debug\log_task.o
                0x000002f4                Log_Init
 .text.Log_Write
                0x0000034c       0xc0 .\CortexM3\ARM_GCC_541\Debug\log_task.o
                0x0000034c                Log_Write
 .text.initializeMessageQueueOximiter
                0x0000040c       0x70 .\CortexM3\ARM_GCC_541\Debug\heartbeatSensor.o
                0x0000040c                initializeMessageQueueOximiter
 .text.MAX30102_Init
                0x0000047c       0xb4 .\CortexM3\ARM_GCC_541\Debug\heartbeatSensor.o
                0x0000047c                MAX30102_Init
 .text.enqueueHeartRate
                0x00000530       0x2c .\CortexM3\ARM_GCC_541\Debug\heartbeatSensor.o
                0x00000530                enqueueHeartRate
 .text.updateHeartRate
                0x0000055c       0xd0 .\CortexM3\ARM_GCC_541\Debug\heartbeatSensor.o
                0x0000055c                updateHeartRate
 .text.enqueueSpO2
                0x0000062c       0x1c .\CortexM3\ARM_GCC_541\Debug\heartbeatSensor.o
                0x0000062c                enqueueSpO2
 .text.calculateSpO2
                0x00000648       0x58 .\CortexM3\ARM_GCC_541\Debug\heartbeatSensor.o
                0x00000648                calculateSpO2
 .text.updateSpO2
                0x000006a0       0x28 .\CortexM3\ARM_GCC_541\Debug\heartbeatSensor.o
                0x000006a0                updateSpO2
 .text.averageDCEstimator
                0x000006c8       0x14 .\CortexM3\ARM_GCC_541\Debug\heartbeatSensor.o
                0x000006c8                averageDCEstimator
 .text.mul16    0x000006dc        0x8 .\CortexM3\ARM_GCC_541\Debug\heartbeatSensor.o
                0x000006dc                mul16
 .text.lowPassFIRFilter
                0x000006e4       0x80 .\CortexM3\ARM_GCC_541\Debug\heartbeatSensor.o
                0x000006e4                lowPassFIRFilter
 .text.processSignals
                0x00000764       0x48 .\CortexM3\ARM_GCC_541\Debug\heartbeatSensor.o
                0x00000764                processSignals
 .text.max30102_Task
                0x000007ac       0x98 .\CortexM3\ARM_GCC_541\Debug\heartbeatSensor.o
 .text.bsp_i2c_read_bme
                0x00000844       0x28 .\CortexM3\ARM_GCC_541\Debug\environmentSensor.o
                0x00000844                bsp_i2c_read_bme
 .text.bsp_i2c_write_bme
                0x0000086c       0x28 .\CortexM3\ARM_GCC_541\Debug\environmentSensor.o
                0x0000086c                bsp_i2c_write_bme
 .text.us_Delay
                0x00000894        0xc .\CortexM3\ARM_GCC_541\Debug\environmentSensor.o
                0x00000894                us_Delay
 .text.initializeMessageQueueEnvironment
                0x000008a0       0x40 .\CortexM3\ARM_GCC_541\Debug\environmentSensor.o
                0x000008a0                initializeMessageQueueEnvironment
 .text.BME688_Init_Task
                0x000008e0       0x78 .\CortexM3\ARM_GCC_541\Debug\environmentSensor.o
                0x000008e0                BME688_Init_Task
 .text.enqueueEnvironmentData
                0x00000958       0x1c .\CortexM3\ARM_GCC_541\Debug\environmentSensor.o
                0x00000958                enqueueEnvironmentData
 .text.Init_BME688_Sensor
                0x00000974       0xf0 .\CortexM3\ARM_GCC_541\Debug\environmentSensor.o
                0x00000974                Init_BME688_Sensor
 .text.bme688_Task
                0x00000a64       0xdc .\CortexM3\ARM_GCC_541\Debug\environmentSensor.o
 .text.LedRB_Task
                0x00000b40       0x98 .\CortexM3\ARM_GCC_541\Debug\gpio_tasks.o
 .text.LedG_Task
                0x00000bd8       0x90 .\CortexM3\ARM_GCC_541\Debug\gpio_tasks.o
 .text.BUT_Task
                0x00000c68       0x7c .\CortexM3\ARM_GCC_541\Debug\gpio_tasks.o
 .text.init_gpio
                0x00000ce4      0x154 .\CortexM3\ARM_GCC_541\Debug\gpio_tasks.o
                0x00000ce4                init_gpio
 .text.BSP_PreInit
                0x00000e38       0x20 .\CortexM3\ARM_GCC_541\Debug\bsp.o
                0x00000e38                BSP_PreInit
 .text.BSP_PostInit
                0x00000e58        0x8 .\CortexM3\ARM_GCC_541\Debug\bsp.o
                0x00000e58                BSP_PostInit
 .text.BSP_CPU_ClkFreq
                0x00000e60        0x8 .\CortexM3\ARM_GCC_541\Debug\bsp.o
                0x00000e60                BSP_CPU_ClkFreq
 .text.BSP_CPU_TickInit
                0x00000e68       0x18 .\CortexM3\ARM_GCC_541\Debug\bsp.o
                0x00000e68                BSP_CPU_TickInit
 .text.BSP_PB_StatusGet
                0x00000e80       0x18 .\CortexM3\ARM_GCC_541\Debug\bsp.o
                0x00000e80                BSP_PB_StatusGet
 .text.CPU_TS_TmrInit
                0x00000e98       0x28 .\CortexM3\ARM_GCC_541\Debug\cpu_bsp.o
                0x00000e98                CPU_TS_TmrInit
 .text.CPU_TS_TmrRd
                0x00000ec0        0xc .\CortexM3\ARM_GCC_541\Debug\cpu_bsp.o
                0x00000ec0                CPU_TS_TmrRd
 .text.init_uart
                0x00000ecc        0x8 .\CortexM3\ARM_GCC_541\Debug\bsp_uart.o
                0x00000ecc                init_uart
 .text.gpio_high
                0x00000ed4       0x4c .\CortexM3\ARM_GCC_541\Debug\bsp_gpio.o
                0x00000ed4                gpio_high
 .text.gpio_low
                0x00000f20       0x50 .\CortexM3\ARM_GCC_541\Debug\bsp_gpio.o
                0x00000f20                gpio_low
 .text.gpio_read
                0x00000f70       0x34 .\CortexM3\ARM_GCC_541\Debug\bsp_gpio.o
                0x00000f70                gpio_read
 .text.Timer_ISR
                0x00000fa4       0x10 .\CortexM3\ARM_GCC_541\Debug\bsp_i2c.o
                0x00000fa4                Timer_ISR
 .text.I2C_Init
                0x00000fb4       0x50 .\CortexM3\ARM_GCC_541\Debug\bsp_i2c.o
                0x00000fb4                I2C_Init
 .text.bsp_i2c_read
                0x00001004       0xd0 .\CortexM3\ARM_GCC_541\Debug\bsp_i2c.o
                0x00001004                bsp_i2c_read
 .text.bsp_i2c_write
                0x000010d4       0xa0 .\CortexM3\ARM_GCC_541\Debug\bsp_i2c.o
                0x000010d4                bsp_i2c_write
 .text.CPU_TS_Init
                0x00001174       0x14 .\CortexM3\ARM_GCC_541\Debug\cpu_core.o
 .text.CPU_NameClr
                0x00001188       0x1c .\CortexM3\ARM_GCC_541\Debug\cpu_core.o
                0x00001188                CPU_NameClr
 .text.CPU_NameInit
                0x000011a4        0x8 .\CortexM3\ARM_GCC_541\Debug\cpu_core.o
 .text.CPU_Init
                0x000011ac        0xc .\CortexM3\ARM_GCC_541\Debug\cpu_core.o
                0x000011ac                CPU_Init
 .text.CPU_TS_TmrFreqSet
                0x000011b8        0xc .\CortexM3\ARM_GCC_541\Debug\cpu_core.o
                0x000011b8                CPU_TS_TmrFreqSet
 .text.Mem_Set  0x000011c4       0x44 .\CortexM3\ARM_GCC_541\Debug\lib_mem.o
                0x000011c4                Mem_Set
 .text.Mem_Clr  0x00001208        0xc .\CortexM3\ARM_GCC_541\Debug\lib_mem.o
                0x00001208                Mem_Clr
 .text.OSIdleTaskHook
                0x00001214       0x10 .\CortexM3\ARM_GCC_541\Debug\os_cpu_c.o
                0x00001214                OSIdleTaskHook
 .text.OSInitHook
                0x00001224       0x3c .\CortexM3\ARM_GCC_541\Debug\os_cpu_c.o
                0x00001224                OSInitHook
 .text.OSStatTaskHook
                0x00001260       0x10 .\CortexM3\ARM_GCC_541\Debug\os_cpu_c.o
                0x00001260                OSStatTaskHook
 .text.OSTaskCreateHook
                0x00001270       0x10 .\CortexM3\ARM_GCC_541\Debug\os_cpu_c.o
                0x00001270                OSTaskCreateHook
 .text.OSTaskDelHook
                0x00001280       0x10 .\CortexM3\ARM_GCC_541\Debug\os_cpu_c.o
                0x00001280                OSTaskDelHook
 .text.OSTaskReturnHook
                0x00001290       0x10 .\CortexM3\ARM_GCC_541\Debug\os_cpu_c.o
                0x00001290                OSTaskReturnHook
 .text.OSTaskStkInit
                0x000012a0       0x88 .\CortexM3\ARM_GCC_541\Debug\os_cpu_c.o
                0x000012a0                OSTaskStkInit
 .text.OSTaskSwHook
                0x00001328       0x40 .\CortexM3\ARM_GCC_541\Debug\os_cpu_c.o
                0x00001328                OSTaskSwHook
 .text.OSTimeTickHook
                0x00001368       0x10 .\CortexM3\ARM_GCC_541\Debug\os_cpu_c.o
                0x00001368                OSTimeTickHook
 .text.OS_CPU_SysTickHandler
                0x00001378       0x20 .\CortexM3\ARM_GCC_541\Debug\os_cpu_c.o
                0x00001378                OS_CPU_SysTickHandler
 .text.OS_CPU_SysTickInit
                0x00001398       0x30 .\CortexM3\ARM_GCC_541\Debug\os_cpu_c.o
                0x00001398                OS_CPU_SysTickInit
 .text.OS_PrioInit
                0x000013c8       0x18 .\CortexM3\ARM_GCC_541\Debug\os_prio.o
                0x000013c8                OS_PrioInit
 .text.OS_PrioGetHighest
                0x000013e0       0x24 .\CortexM3\ARM_GCC_541\Debug\os_prio.o
                0x000013e0                OS_PrioGetHighest
 .text.OS_PrioInsert
                0x00001404       0x24 .\CortexM3\ARM_GCC_541\Debug\os_prio.o
                0x00001404                OS_PrioInsert
 .text.OS_PrioRemove
                0x00001428       0x24 .\CortexM3\ARM_GCC_541\Debug\os_prio.o
                0x00001428                OS_PrioRemove
 .text.OSQPend  0x0000144c      0x164 .\CortexM3\ARM_GCC_541\Debug\os_q.o
                0x0000144c                OSQPend
 .text.OS_QDbgListAdd
                0x000015b0       0x24 .\CortexM3\ARM_GCC_541\Debug\os_q.o
                0x000015b0                OS_QDbgListAdd
 .text.OSQCreate
                0x000015d4       0x7c .\CortexM3\ARM_GCC_541\Debug\os_q.o
                0x000015d4                OSQCreate
 .text.OS_QInit
                0x00001650       0x18 .\CortexM3\ARM_GCC_541\Debug\os_q.o
                0x00001650                OS_QInit
 .text.OS_QPost
                0x00001668       0x84 .\CortexM3\ARM_GCC_541\Debug\os_q.o
                0x00001668                OS_QPost
 .text.OSQPost  0x000016ec       0x74 .\CortexM3\ARM_GCC_541\Debug\os_q.o
                0x000016ec                OSQPost
 .text.OSSemPend
                0x00001760      0x128 .\CortexM3\ARM_GCC_541\Debug\os_sem.o
                0x00001760                OSSemPend
 .text.OS_SemDbgListAdd
                0x00001888       0x24 .\CortexM3\ARM_GCC_541\Debug\os_sem.o
                0x00001888                OS_SemDbgListAdd
 .text.OSSemCreate
                0x000018ac       0x68 .\CortexM3\ARM_GCC_541\Debug\os_sem.o
                0x000018ac                OSSemCreate
 .text.OS_SemInit
                0x00001914       0x18 .\CortexM3\ARM_GCC_541\Debug\os_sem.o
                0x00001914                OS_SemInit
 .text.OS_SemPost
                0x0000192c       0x88 .\CortexM3\ARM_GCC_541\Debug\os_sem.o
                0x0000192c                OS_SemPost
 .text.OSSemPost
                0x000019b4       0x48 .\CortexM3\ARM_GCC_541\Debug\os_sem.o
                0x000019b4                OSSemPost
 .text.OSStatReset
                0x000019fc       0xb8 .\CortexM3\ARM_GCC_541\Debug\os_stat.o
                0x000019fc                OSStatReset
 .text.OS_StatTask
                0x00001ab4      0x230 .\CortexM3\ARM_GCC_541\Debug\os_stat.o
                0x00001ab4                OS_StatTask
 .text.OS_StatTaskInit
                0x00001ce4       0xa8 .\CortexM3\ARM_GCC_541\Debug\os_stat.o
                0x00001ce4                OS_StatTaskInit
 .text.OSTaskSemPend
                0x00001d8c      0x130 .\CortexM3\ARM_GCC_541\Debug\os_task.o
                0x00001d8c                OSTaskSemPend
 .text.OSTaskStkChk
                0x00001ebc       0x90 .\CortexM3\ARM_GCC_541\Debug\os_task.o
                0x00001ebc                OSTaskStkChk
 .text.OS_TaskDbgListAdd
                0x00001f4c       0x24 .\CortexM3\ARM_GCC_541\Debug\os_task.o
                0x00001f4c                OS_TaskDbgListAdd
 .text.OS_TaskDbgListRemove
                0x00001f70       0x44 .\CortexM3\ARM_GCC_541\Debug\os_task.o
                0x00001f70                OS_TaskDbgListRemove
 .text.OS_TaskInit
                0x00001fb4       0x20 .\CortexM3\ARM_GCC_541\Debug\os_task.o
                0x00001fb4                OS_TaskInit
 .text.OS_TaskInitTCB
                0x00001fd4       0xcc .\CortexM3\ARM_GCC_541\Debug\os_task.o
                0x00001fd4                OS_TaskInitTCB
 .text.OSTaskCreate
                0x000020a0      0x1a8 .\CortexM3\ARM_GCC_541\Debug\os_task.o
                0x000020a0                OSTaskCreate
 .text.OSTaskDel
                0x00002248       0xcc .\CortexM3\ARM_GCC_541\Debug\os_task.o
                0x00002248                OSTaskDel
 .text.OS_TaskReturn
                0x00002314       0x20 .\CortexM3\ARM_GCC_541\Debug\os_task.o
                0x00002314                OS_TaskReturn
 .text.OS_TaskSemPost
                0x00002334       0xc0 .\CortexM3\ARM_GCC_541\Debug\os_task.o
                0x00002334                OS_TaskSemPost
 .text.OSTaskSemPost
                0x000023f4       0x2c .\CortexM3\ARM_GCC_541\Debug\os_task.o
                0x000023f4                OSTaskSemPost
 .text.OS_TickListInit
                0x00002420       0x2c .\CortexM3\ARM_GCC_541\Debug\os_tick.o
                0x00002420                OS_TickListInit
 .text.OS_TickTaskInit
                0x0000244c       0x98 .\CortexM3\ARM_GCC_541\Debug\os_tick.o
                0x0000244c                OS_TickTaskInit
 .text.OS_TickListInsert
                0x000024e4      0x120 .\CortexM3\ARM_GCC_541\Debug\os_tick.o
                0x000024e4                OS_TickListInsert
 .text.OS_TickListRemove
                0x00002604       0x38 .\CortexM3\ARM_GCC_541\Debug\os_tick.o
                0x00002604                OS_TickListRemove
 .text.OS_TickListResetPeak
                0x0000263c       0x24 .\CortexM3\ARM_GCC_541\Debug\os_tick.o
                0x0000263c                OS_TickListResetPeak
 .text.OS_TickListUpdate
                0x00002660      0x144 .\CortexM3\ARM_GCC_541\Debug\os_tick.o
                0x00002660                OS_TickListUpdate
 .text.OS_TickTask
                0x000027a4       0x2c .\CortexM3\ARM_GCC_541\Debug\os_tick.o
                0x000027a4                OS_TickTask
 .text.OSTimeDly
                0x000027d0       0x94 .\CortexM3\ARM_GCC_541\Debug\os_time.o
                0x000027d0                OSTimeDly
 .text.OSTimeDlyHMSM
                0x00002864      0x164 .\CortexM3\ARM_GCC_541\Debug\os_time.o
                0x00002864                OSTimeDlyHMSM
 .text.OSTimeTick
                0x000029c8       0x64 .\CortexM3\ARM_GCC_541\Debug\os_time.o
                0x000029c8                OSTimeTick
 .text.OS_TmrInit
                0x00002a2c      0x100 .\CortexM3\ARM_GCC_541\Debug\os_tmr.o
                0x00002a2c                OS_TmrInit
 .text.OS_TmrLink
                0x00002b2c       0xe8 .\CortexM3\ARM_GCC_541\Debug\os_tmr.o
                0x00002b2c                OS_TmrLink
 .text.OS_TmrResetPeak
                0x00002c14       0x24 .\CortexM3\ARM_GCC_541\Debug\os_tmr.o
                0x00002c14                OS_TmrResetPeak
 .text.OS_TmrUnlink
                0x00002c38       0x58 .\CortexM3\ARM_GCC_541\Debug\os_tmr.o
                0x00002c38                OS_TmrUnlink
 .text.OS_TmrTask
                0x00002c90       0xb0 .\CortexM3\ARM_GCC_541\Debug\os_tmr.o
                0x00002c90                OS_TmrTask
 .text.OSCfg_Init
                0x00002d40        0x4 .\CortexM3\ARM_GCC_541\Debug\os_cfg_app.o
                0x00002d40                OSCfg_Init
 .text.OS_IdleTask
                0x00002d44       0x28 .\CortexM3\ARM_GCC_541\Debug\os_core.o
                0x00002d44                OS_IdleTask
 .text.OSIntExit
                0x00002d6c       0xa8 .\CortexM3\ARM_GCC_541\Debug\os_core.o
                0x00002d6c                OSIntExit
 .text.OSSched  0x00002e14       0x80 .\CortexM3\ARM_GCC_541\Debug\os_core.o
                0x00002e14                OSSched
 .text.OSSchedLock
                0x00002e94       0x54 .\CortexM3\ARM_GCC_541\Debug\os_core.o
                0x00002e94                OSSchedLock
 .text.OSSchedUnlock
                0x00002ee8       0x68 .\CortexM3\ARM_GCC_541\Debug\os_core.o
                0x00002ee8                OSSchedUnlock
 .text.OSStart  0x00002f50       0x5c .\CortexM3\ARM_GCC_541\Debug\os_core.o
                0x00002f50                OSStart
 .text.OS_IdleTaskInit
                0x00002fac       0x58 .\CortexM3\ARM_GCC_541\Debug\os_core.o
                0x00002fac                OS_IdleTaskInit
 .text.OS_PendDataInit
                0x00003004       0x28 .\CortexM3\ARM_GCC_541\Debug\os_core.o
                0x00003004                OS_PendDataInit
 .text.OS_PendDbgNameAdd
                0x0000302c       0x44 .\CortexM3\ARM_GCC_541\Debug\os_core.o
                0x0000302c                OS_PendDbgNameAdd
 .text.OS_PendDbgNameRemove
                0x00003070       0x1c .\CortexM3\ARM_GCC_541\Debug\os_core.o
                0x00003070                OS_PendDbgNameRemove
 .text.OS_PendListInit
                0x0000308c        0xc .\CortexM3\ARM_GCC_541\Debug\os_core.o
                0x0000308c                OS_PendListInit
 .text.OS_PendListInsertPrio
                0x00003098       0x5c .\CortexM3\ARM_GCC_541\Debug\os_core.o
                0x00003098                OS_PendListInsertPrio
 .text.OS_PendListRemove1
                0x000030f4       0x38 .\CortexM3\ARM_GCC_541\Debug\os_core.o
                0x000030f4                OS_PendListRemove1
 .text.OS_PendListRemove
                0x0000312c       0x28 .\CortexM3\ARM_GCC_541\Debug\os_core.o
                0x0000312c                OS_PendListRemove
 .text.OS_Post1
                0x00003154       0x28 .\CortexM3\ARM_GCC_541\Debug\os_core.o
                0x00003154                OS_Post1
 .text.OS_RdyListInit
                0x0000317c       0x28 .\CortexM3\ARM_GCC_541\Debug\os_core.o
                0x0000317c                OS_RdyListInit
 .text.OSInit   0x000031a4      0x154 .\CortexM3\ARM_GCC_541\Debug\os_core.o
                0x000031a4                OSInit
 .text.OS_RdyListInsertHead
                0x000032f8       0x54 .\CortexM3\ARM_GCC_541\Debug\os_core.o
                0x000032f8                OS_RdyListInsertHead
 .text.OS_RdyListInsertTail
                0x0000334c       0x54 .\CortexM3\ARM_GCC_541\Debug\os_core.o
                0x0000334c                OS_RdyListInsertTail
 .text.OS_RdyListInsert
                0x000033a0       0x2c .\CortexM3\ARM_GCC_541\Debug\os_core.o
                0x000033a0                OS_RdyListInsert
 .text.OS_RdyListMoveHeadToTail
                0x000033cc       0x38 .\CortexM3\ARM_GCC_541\Debug\os_core.o
                0x000033cc                OS_RdyListMoveHeadToTail
 .text.OS_RdyListRemove
                0x00003404       0x78 .\CortexM3\ARM_GCC_541\Debug\os_core.o
                0x00003404                OS_RdyListRemove
 .text.OS_SchedRoundRobin
                0x0000347c       0x88 .\CortexM3\ARM_GCC_541\Debug\os_core.o
                0x0000347c                OS_SchedRoundRobin
 .text.OS_TaskBlock
                0x00003504       0x3c .\CortexM3\ARM_GCC_541\Debug\os_core.o
                0x00003504                OS_TaskBlock
 .text.OS_Pend  0x00003540       0x54 .\CortexM3\ARM_GCC_541\Debug\os_core.o
                0x00003540                OS_Pend
 .text.OS_TaskRdy
                0x00003594       0x1c .\CortexM3\ARM_GCC_541\Debug\os_core.o
                0x00003594                OS_TaskRdy
 .text.OS_Post  0x000035b0       0xac .\CortexM3\ARM_GCC_541\Debug\os_core.o
                0x000035b0                OS_Post
 .text.OS_Dbg_Init
                0x0000365c        0x4 .\CortexM3\ARM_GCC_541\Debug\os_dbg.o
                0x0000365c                OS_Dbg_Init
 .text.OS_FlagInit
                0x00003660       0x18 .\CortexM3\ARM_GCC_541\Debug\os_flag.o
                0x00003660                OS_FlagInit
 .text.OSMemGet
                0x00003678       0x3c .\CortexM3\ARM_GCC_541\Debug\os_mem.o
                0x00003678                OSMemGet
 .text.OSMemPut
                0x000036b4       0x4c .\CortexM3\ARM_GCC_541\Debug\os_mem.o
                0x000036b4                OSMemPut
 .text.OS_MemDbgListAdd
                0x00003700       0x1c .\CortexM3\ARM_GCC_541\Debug\os_mem.o
                0x00003700                OS_MemDbgListAdd
 .text.OSMemCreate
                0x0000371c       0xe0 .\CortexM3\ARM_GCC_541\Debug\os_mem.o
                0x0000371c                OSMemCreate
 .text.OS_MemInit
                0x000037fc       0x18 .\CortexM3\ARM_GCC_541\Debug\os_mem.o
                0x000037fc                OS_MemInit
 .text.OS_MsgPoolInit
                0x00003814       0x68 .\CortexM3\ARM_GCC_541\Debug\os_msg.o
                0x00003814                OS_MsgPoolInit
 .text.OS_MsgQFreeAll
                0x0000387c       0x34 .\CortexM3\ARM_GCC_541\Debug\os_msg.o
                0x0000387c                OS_MsgQFreeAll
 .text.OS_MsgQInit
                0x000038b0       0x10 .\CortexM3\ARM_GCC_541\Debug\os_msg.o
                0x000038b0                OS_MsgQInit
 .text.OS_MsgQGet
                0x000038c0       0x5c .\CortexM3\ARM_GCC_541\Debug\os_msg.o
                0x000038c0                OS_MsgQGet
 .text.OS_MsgQPut
                0x0000391c       0x94 .\CortexM3\ARM_GCC_541\Debug\os_msg.o
                0x0000391c                OS_MsgQPut
 .text.OS_MutexInit
                0x000039b0       0x18 .\CortexM3\ARM_GCC_541\Debug\os_mutex.o
                0x000039b0                OS_MutexInit
 .text.bsp_delay_ms
                0x000039c8       0x6c .\CortexM3\ARM_GCC_541\Debug\max30102_interface.o
                0x000039c8                bsp_delay_ms
 .text.bsp_i2c_deinit
                0x00003a34       0x14 .\CortexM3\ARM_GCC_541\Debug\max30102_interface.o
 .text.bsp_i2c_init
                0x00003a48       0x14 .\CortexM3\ARM_GCC_541\Debug\max30102_interface.o
 .text.bsp_debug_print
                0x00003a5c       0x28 .\CortexM3\ARM_GCC_541\Debug\max30102_interface.o
                0x00003a5c                bsp_debug_print
 .text.max30102_receive_callback
                0x00003a84       0x40 .\CortexM3\ARM_GCC_541\Debug\max30102_interface.o
                0x00003a84                max30102_receive_callback
 .text.max30102_sensor_init
                0x00003ac4      0x1d8 .\CortexM3\ARM_GCC_541\Debug\max30102_interface.o
                0x00003ac4                max30102_sensor_init
 .text.max30102_init
                0x00003c9c      0x1ec .\CortexM3\ARM_GCC_541\Debug\driver_max30102.o
                0x00003c9c                max30102_init
 .text.max30102_read
                0x00003e88      0x1f8 .\CortexM3\ARM_GCC_541\Debug\driver_max30102.o
                0x00003e88                max30102_read
 .text.max30102_set_interrupt
                0x00004080       0xcc .\CortexM3\ARM_GCC_541\Debug\driver_max30102.o
                0x00004080                max30102_set_interrupt
 .text.max30102_set_fifo_sample_averaging
                0x0000414c       0x68 .\CortexM3\ARM_GCC_541\Debug\driver_max30102.o
                0x0000414c                max30102_set_fifo_sample_averaging
 .text.max30102_set_fifo_roll
                0x000041b4       0x68 .\CortexM3\ARM_GCC_541\Debug\driver_max30102.o
                0x000041b4                max30102_set_fifo_roll
 .text.max30102_set_mode
                0x0000421c       0x64 .\CortexM3\ARM_GCC_541\Debug\driver_max30102.o
                0x0000421c                max30102_set_mode
 .text.max30102_set_spo2_adc_range
                0x00004280       0x68 .\CortexM3\ARM_GCC_541\Debug\driver_max30102.o
                0x00004280                max30102_set_spo2_adc_range
 .text.max30102_set_spo2_sample_rate
                0x000042e8       0x68 .\CortexM3\ARM_GCC_541\Debug\driver_max30102.o
                0x000042e8                max30102_set_spo2_sample_rate
 .text.max30102_set_adc_resolution
                0x00004350       0x64 .\CortexM3\ARM_GCC_541\Debug\driver_max30102.o
                0x00004350                max30102_set_adc_resolution
 .text.max30102_set_led_red_pulse_amplitude
                0x000043b4       0x40 .\CortexM3\ARM_GCC_541\Debug\driver_max30102.o
                0x000043b4                max30102_set_led_red_pulse_amplitude
 .text.max30102_set_led_ir_pulse_amplitude
                0x000043f4       0x40 .\CortexM3\ARM_GCC_541\Debug\driver_max30102.o
                0x000043f4                max30102_set_led_ir_pulse_amplitude
 .text.max30102_set_slot
                0x00004434      0x150 .\CortexM3\ARM_GCC_541\Debug\driver_max30102.o
                0x00004434                max30102_set_slot
 .text.calc_temperature
                0x00004584       0x70 .\CortexM3\ARM_GCC_541\Debug\bme68x.o
 .text.calc_pressure
                0x000045f4       0xc4 .\CortexM3\ARM_GCC_541\Debug\bme68x.o
 .text.calc_humidity
                0x000046b8       0xc4 .\CortexM3\ARM_GCC_541\Debug\bme68x.o
 .text.calc_gas_resistance_low
                0x0000477c       0xac .\CortexM3\ARM_GCC_541\Debug\bme68x.o
 .text.calc_gas_resistance_high
                0x00004828       0x28 .\CortexM3\ARM_GCC_541\Debug\bme68x.o
 .text.calc_res_heat
                0x00004850       0xb0 .\CortexM3\ARM_GCC_541\Debug\bme68x.o
 .text.calc_gas_wait
                0x00004900       0x24 .\CortexM3\ARM_GCC_541\Debug\bme68x.o
 .text.null_ptr_check
                0x00004924       0x2c .\CortexM3\ARM_GCC_541\Debug\bme68x.o
 .text.set_mem_page
                0x00004950       0x70 .\CortexM3\ARM_GCC_541\Debug\bme68x.o
 .text.get_mem_page
                0x000049c0       0x38 .\CortexM3\ARM_GCC_541\Debug\bme68x.o
 .text.boundary_check
                0x000049f8       0x34 .\CortexM3\ARM_GCC_541\Debug\bme68x.o
 .text.calc_heatr_dur_shared
                0x00004a2c       0x44 .\CortexM3\ARM_GCC_541\Debug\bme68x.o
 .text.swap_fields
                0x00004a70       0x18 .\CortexM3\ARM_GCC_541\Debug\bme68x.o
 .text.sort_sensor_data
                0x00004a88       0x44 .\CortexM3\ARM_GCC_541\Debug\bme68x.o
 .text.analyze_sensor_data
                0x00004acc       0x8c .\CortexM3\ARM_GCC_541\Debug\bme68x.o
 .text.bme68x_set_regs
                0x00004b58       0xcc .\CortexM3\ARM_GCC_541\Debug\bme68x.o
                0x00004b58                bme68x_set_regs
 .text.set_conf
                0x00004c24      0x1a4 .\CortexM3\ARM_GCC_541\Debug\bme68x.o
 .text.bme68x_get_regs
                0x00004dc8       0x58 .\CortexM3\ARM_GCC_541\Debug\bme68x.o
                0x00004dc8                bme68x_get_regs
 .text.read_variant_id
                0x00004e20       0x28 .\CortexM3\ARM_GCC_541\Debug\bme68x.o
 .text.get_calib_data
                0x00004e48      0x154 .\CortexM3\ARM_GCC_541\Debug\bme68x.o
 .text.read_field_data
                0x00004f9c      0x198 .\CortexM3\ARM_GCC_541\Debug\bme68x.o
 .text.read_all_field_data
                0x00005134      0x244 .\CortexM3\ARM_GCC_541\Debug\bme68x.o
 .text.bme68x_soft_reset
                0x00005378       0x58 .\CortexM3\ARM_GCC_541\Debug\bme68x.o
                0x00005378                bme68x_soft_reset
 .text.bme68x_init
                0x000053d0       0x3c .\CortexM3\ARM_GCC_541\Debug\bme68x.o
                0x000053d0                bme68x_init
 .text.bme68x_get_conf
                0x0000540c       0x58 .\CortexM3\ARM_GCC_541\Debug\bme68x.o
                0x0000540c                bme68x_get_conf
 .text.bme68x_set_op_mode
                0x00005464       0x80 .\CortexM3\ARM_GCC_541\Debug\bme68x.o
                0x00005464                bme68x_set_op_mode
 .text.bme68x_get_op_mode
                0x000054e4       0x2c .\CortexM3\ARM_GCC_541\Debug\bme68x.o
                0x000054e4                bme68x_get_op_mode
 .text.bme68x_set_conf
                0x00005510      0x140 .\CortexM3\ARM_GCC_541\Debug\bme68x.o
                0x00005510                bme68x_set_conf
 .text.bme68x_get_meas_dur
                0x00005650       0x8c .\CortexM3\ARM_GCC_541\Debug\bme68x.o
                0x00005650                bme68x_get_meas_dur
 .text.bme68x_get_data
                0x000056dc      0x14c .\CortexM3\ARM_GCC_541\Debug\bme68x.o
                0x000056dc                bme68x_get_data
 .text.bme68x_set_heatr_conf
                0x00005828       0xb4 .\CortexM3\ARM_GCC_541\Debug\bme68x.o
                0x00005828                bme68x_set_heatr_conf
 .text.bme68x_selftest_check
                0x000058dc      0x154 .\CortexM3\ARM_GCC_541\Debug\bme68x.o
                0x000058dc                bme68x_selftest_check
 .text.CyClockStartupError
                0x00005a30        0x4 .\CortexM3\ARM_GCC_541\Debug\cyfitter_cfg.o
 .text.cfg_write_bytes32
                0x00005a34       0x34 .\CortexM3\ARM_GCC_541\Debug\cyfitter_cfg.o
 .text.AnalogSetDefault
                0x00005a68       0x28 .\CortexM3\ARM_GCC_541\Debug\cyfitter_cfg.o
 .text.CYMEMZERO
                0x00005a90        0xc .\CortexM3\ARM_GCC_541\Debug\cyfitter_cfg.o
 .text.ClockSetup
                0x00005a9c       0xc4 .\CortexM3\ARM_GCC_541\Debug\cyfitter_cfg.o
 .text.CYCONFIGCPY
                0x00005b60        0x8 .\CortexM3\ARM_GCC_541\Debug\cyfitter_cfg.o
 .text.cyfitter_cfg
                0x00005b68      0x120 .\CortexM3\ARM_GCC_541\Debug\cyfitter_cfg.o
                0x00005b68                cyfitter_cfg
 .text.IntDefaultHandler
                0x00005c88       0x10 .\CortexM3\ARM_GCC_541\Debug\Cm3Start.o
                0x00005c88                IntDefaultHandler
 .text._sbrk    0x00005c98       0x30 .\CortexM3\ARM_GCC_541\Debug\Cm3Start.o
                0x00005c98                _sbrk
 .text.Start_c  0x00005cc8       0x4c .\CortexM3\ARM_GCC_541\Debug\Cm3Start.o
                0x00005cc8                Start_c
 .text.initialize_psoc
                0x00005d14       0x68 .\CortexM3\ARM_GCC_541\Debug\Cm3Start.o
                0x00005d14                initialize_psoc
 .text          0x00005d7c       0x34 .\CortexM3\ARM_GCC_541\Debug\cpu_a.o
                0x00005d7c                CPU_IntDis
                0x00005d80                CPU_IntEn
                0x00005d84                CPU_SR_Save
                0x00005d8c                CPU_SR_Restore
                0x00005d92                CPU_WaitForInt
                0x00005d96                CPU_WaitForExcept
                0x00005d9a                CPU_CntLeadZeros
                0x00005da0                CPU_CntTrailZeros
                0x00005daa                CPU_RevBits
 .text          0x00005db0       0x84 .\CortexM3\ARM_GCC_541\Debug\os_cpu_a.o
                0x00005db0                OSStartHighRdy
                0x00005dd0                OS_CPU_PendSVHandler
 .text.UART_1_Init
                0x00005e34       0x5c .\CortexM3\ARM_GCC_541\Debug\esw_uCOS3_cykit.a(UART_1.o)
                0x00005e34                UART_1_Init
 .text.UART_1_Enable
                0x00005e90       0x50 .\CortexM3\ARM_GCC_541\Debug\esw_uCOS3_cykit.a(UART_1.o)
                0x00005e90                UART_1_Enable
 .text.UART_1_Start
                0x00005ee0       0x1c .\CortexM3\ARM_GCC_541\Debug\esw_uCOS3_cykit.a(UART_1.o)
                0x00005ee0                UART_1_Start
 .text.UART_1_PutChar
                0x00005efc       0x70 .\CortexM3\ARM_GCC_541\Debug\esw_uCOS3_cykit.a(UART_1.o)
                0x00005efc                UART_1_PutChar
 .text.UART_1_PutString
                0x00005f6c       0x24 .\CortexM3\ARM_GCC_541\Debug\esw_uCOS3_cykit.a(UART_1.o)
                0x00005f6c                UART_1_PutString
 .text.UART_1_RXISR
                0x00005f90       0x98 .\CortexM3\ARM_GCC_541\Debug\esw_uCOS3_cykit.a(UART_1_INT.o)
                0x00005f90                UART_1_RXISR
 .text.UART_1_TXISR
                0x00006028       0x58 .\CortexM3\ARM_GCC_541\Debug\esw_uCOS3_cykit.a(UART_1_INT.o)
                0x00006028                UART_1_TXISR
 .text.Pin_1_Write
                0x00006080       0x18 .\CortexM3\ARM_GCC_541\Debug\esw_uCOS3_cykit.a(Pin_1.o)
                0x00006080                Pin_1_Write
 .text.Pin_1_SetDriveMode
                0x00006098       0x18 .\CortexM3\ARM_GCC_541\Debug\esw_uCOS3_cykit.a(Pin_1.o)
                0x00006098                Pin_1_SetDriveMode
 .text.UART_1_IntClock_Start
                0x000060b0       0x1c .\CortexM3\ARM_GCC_541\Debug\esw_uCOS3_cykit.a(UART_1_IntClock.o)
                0x000060b0                UART_1_IntClock_Start
 .text.CyHalt   0x000060cc        0x4 .\CortexM3\ARM_GCC_541\Debug\esw_uCOS3_cykit.a(CyLib.o)
                0x000060cc                CyHalt
 .text.CyDelayUs
                0x000060d0       0x14 .\CortexM3\ARM_GCC_541\Debug\esw_uCOS3_cykit.a(CyLib.o)
                0x000060d0                CyDelayUs
 .text.CyIntSetVector
                0x000060e4       0x28 .\CortexM3\ARM_GCC_541\Debug\esw_uCOS3_cykit.a(CyLib.o)
                0x000060e4                CyIntSetVector
 .text.CyIntSetPriority
                0x0000610c       0x30 .\CortexM3\ARM_GCC_541\Debug\esw_uCOS3_cykit.a(CyLib.o)
                0x0000610c                CyIntSetPriority
 .text.Pin_2_Write
                0x0000613c       0x18 .\CortexM3\ARM_GCC_541\Debug\esw_uCOS3_cykit.a(Pin_2.o)
                0x0000613c                Pin_2_Write
 .text.Pin_2_SetDriveMode
                0x00006154       0x24 .\CortexM3\ARM_GCC_541\Debug\esw_uCOS3_cykit.a(Pin_2.o)
                0x00006154                Pin_2_SetDriveMode
 .text.push_button_Write
                0x00006178       0x18 .\CortexM3\ARM_GCC_541\Debug\esw_uCOS3_cykit.a(push_button.o)
                0x00006178                push_button_Write
 .text.push_button_SetDriveMode
                0x00006190       0x18 .\CortexM3\ARM_GCC_541\Debug\esw_uCOS3_cykit.a(push_button.o)
                0x00006190                push_button_SetDriveMode
 .text.push_button_Read
                0x000061a8       0x10 .\CortexM3\ARM_GCC_541\Debug\esw_uCOS3_cykit.a(push_button.o)
                0x000061a8                push_button_Read
 .text.I2C_1_Init
                0x000061b8       0x68 .\CortexM3\ARM_GCC_541\Debug\esw_uCOS3_cykit.a(I2C_1.o)
                0x000061b8                I2C_1_Init
 .text.I2C_1_Enable
                0x00006220       0x24 .\CortexM3\ARM_GCC_541\Debug\esw_uCOS3_cykit.a(I2C_1.o)
                0x00006220                I2C_1_Enable
 .text.I2C_1_Start
                0x00006244       0x28 .\CortexM3\ARM_GCC_541\Debug\esw_uCOS3_cykit.a(I2C_1.o)
                0x00006244                I2C_1_Start
 .text.I2C_1_ISR
                0x0000626c      0x2d0 .\CortexM3\ARM_GCC_541\Debug\esw_uCOS3_cykit.a(I2C_1_INT.o)
                0x0000626c                I2C_1_ISR
 .text.I2C_1_MasterSendStart
                0x0000653c       0x80 .\CortexM3\ARM_GCC_541\Debug\esw_uCOS3_cykit.a(I2C_1_MASTER.o)
                0x0000653c                I2C_1_MasterSendStart
 .text.I2C_1_MasterSendRestart
                0x000065bc       0x6c .\CortexM3\ARM_GCC_541\Debug\esw_uCOS3_cykit.a(I2C_1_MASTER.o)
                0x000065bc                I2C_1_MasterSendRestart
 .text.I2C_1_MasterSendStop
                0x00006628       0x38 .\CortexM3\ARM_GCC_541\Debug\esw_uCOS3_cykit.a(I2C_1_MASTER.o)
                0x00006628                I2C_1_MasterSendStop
 .text.I2C_1_MasterWriteByte
                0x00006660       0x58 .\CortexM3\ARM_GCC_541\Debug\esw_uCOS3_cykit.a(I2C_1_MASTER.o)
                0x00006660                I2C_1_MasterWriteByte
 .text.I2C_1_MasterReadByte
                0x000066b8       0x58 .\CortexM3\ARM_GCC_541\Debug\esw_uCOS3_cykit.a(I2C_1_MASTER.o)
                0x000066b8                I2C_1_MasterReadByte
 .text.Timer_1_Enable
                0x00006710       0x28 .\CortexM3\ARM_GCC_541\Debug\esw_uCOS3_cykit.a(Timer_1.o)
                0x00006710                Timer_1_Enable
 .text.Timer_1_SetInterruptMode
                0x00006738        0xc .\CortexM3\ARM_GCC_541\Debug\esw_uCOS3_cykit.a(Timer_1.o)
                0x00006738                Timer_1_SetInterruptMode
 .text.Timer_1_WritePeriod
                0x00006744        0xc .\CortexM3\ARM_GCC_541\Debug\esw_uCOS3_cykit.a(Timer_1.o)
                0x00006744                Timer_1_WritePeriod
 .text.Timer_1_WriteCounter
                0x00006750        0xc .\CortexM3\ARM_GCC_541\Debug\esw_uCOS3_cykit.a(Timer_1.o)
                0x00006750                Timer_1_WriteCounter
 .text.Timer_1_Init
                0x0000675c       0x68 .\CortexM3\ARM_GCC_541\Debug\esw_uCOS3_cykit.a(Timer_1.o)
                0x0000675c                Timer_1_Init
 .text.Timer_1_Start
                0x000067c4       0x1c .\CortexM3\ARM_GCC_541\Debug\esw_uCOS3_cykit.a(Timer_1.o)
                0x000067c4                Timer_1_Start
 .text.Timer_ISR_SetVector
                0x000067e0        0xc .\CortexM3\ARM_GCC_541\Debug\esw_uCOS3_cykit.a(Timer_ISR.o)
                0x000067e0                Timer_ISR_SetVector
 .text.Timer_ISR_SetPriority
                0x000067ec       0x10 .\CortexM3\ARM_GCC_541\Debug\esw_uCOS3_cykit.a(Timer_ISR.o)
                0x000067ec                Timer_ISR_SetPriority
 .text.Timer_ISR_Enable
                0x000067fc        0xc .\CortexM3\ARM_GCC_541\Debug\esw_uCOS3_cykit.a(Timer_ISR.o)
                0x000067fc                Timer_ISR_Enable
 .text.Timer_ISR_Disable
                0x00006808        0xc .\CortexM3\ARM_GCC_541\Debug\esw_uCOS3_cykit.a(Timer_ISR.o)
                0x00006808                Timer_ISR_Disable
 .text.Timer_ISR_StartEx
                0x00006814       0x1c .\CortexM3\ARM_GCC_541\Debug\esw_uCOS3_cykit.a(Timer_ISR.o)
                0x00006814                Timer_ISR_StartEx
 .text.Pin_Green_Led_1_Write
                0x00006830       0x18 .\CortexM3\ARM_GCC_541\Debug\esw_uCOS3_cykit.a(Pin_Green_Led_1.o)
                0x00006830                Pin_Green_Led_1_Write
 .text.Pin_Green_Led_1_Read
                0x00006848       0x10 .\CortexM3\ARM_GCC_541\Debug\esw_uCOS3_cykit.a(Pin_Green_Led_1.o)
                0x00006848                Pin_Green_Led_1_Read
 .text.PWM_Heartbeat_Enable
                0x00006858       0x10 .\CortexM3\ARM_GCC_541\Debug\esw_uCOS3_cykit.a(PWM_Heartbeat.o)
                0x00006858                PWM_Heartbeat_Enable
 .text.PWM_Heartbeat_WriteCounter
                0x00006868        0xc .\CortexM3\ARM_GCC_541\Debug\esw_uCOS3_cykit.a(PWM_Heartbeat.o)
                0x00006868                PWM_Heartbeat_WriteCounter
 .text.PWM_Heartbeat_WritePeriod
                0x00006874        0xc .\CortexM3\ARM_GCC_541\Debug\esw_uCOS3_cykit.a(PWM_Heartbeat.o)
                0x00006874                PWM_Heartbeat_WritePeriod
 .text.PWM_Heartbeat_WriteCompare
                0x00006880        0xc .\CortexM3\ARM_GCC_541\Debug\esw_uCOS3_cykit.a(PWM_Heartbeat.o)
                0x00006880                PWM_Heartbeat_WriteCompare
 .text.PWM_Heartbeat_SetInterruptMode
                0x0000688c        0xc .\CortexM3\ARM_GCC_541\Debug\esw_uCOS3_cykit.a(PWM_Heartbeat.o)
                0x0000688c                PWM_Heartbeat_SetInterruptMode
 .text.PWM_Heartbeat_ReadStatusRegister
                0x00006898        0xc .\CortexM3\ARM_GCC_541\Debug\esw_uCOS3_cykit.a(PWM_Heartbeat.o)
                0x00006898                PWM_Heartbeat_ReadStatusRegister
 .text.PWM_Heartbeat_ReadCapture
                0x000068a4        0xc .\CortexM3\ARM_GCC_541\Debug\esw_uCOS3_cykit.a(PWM_Heartbeat.o)
                0x000068a4                PWM_Heartbeat_ReadCapture
 .text.PWM_Heartbeat_ClearFIFO
                0x000068b0       0x14 .\CortexM3\ARM_GCC_541\Debug\esw_uCOS3_cykit.a(PWM_Heartbeat.o)
                0x000068b0                PWM_Heartbeat_ClearFIFO
 .text.PWM_Heartbeat_Init
                0x000068c4       0x50 .\CortexM3\ARM_GCC_541\Debug\esw_uCOS3_cykit.a(PWM_Heartbeat.o)
                0x000068c4                PWM_Heartbeat_Init
 .text.PWM_Heartbeat_Start
                0x00006914       0x1c .\CortexM3\ARM_GCC_541\Debug\esw_uCOS3_cykit.a(PWM_Heartbeat.o)
                0x00006914                PWM_Heartbeat_Start
 .text.PWM_SPO2_Enable
                0x00006930       0x10 .\CortexM3\ARM_GCC_541\Debug\esw_uCOS3_cykit.a(PWM_SPO2.o)
                0x00006930                PWM_SPO2_Enable
 .text.PWM_SPO2_WriteCounter
                0x00006940        0xc .\CortexM3\ARM_GCC_541\Debug\esw_uCOS3_cykit.a(PWM_SPO2.o)
                0x00006940                PWM_SPO2_WriteCounter
 .text.PWM_SPO2_WritePeriod
                0x0000694c        0xc .\CortexM3\ARM_GCC_541\Debug\esw_uCOS3_cykit.a(PWM_SPO2.o)
                0x0000694c                PWM_SPO2_WritePeriod
 .text.PWM_SPO2_WriteCompare
                0x00006958        0xc .\CortexM3\ARM_GCC_541\Debug\esw_uCOS3_cykit.a(PWM_SPO2.o)
                0x00006958                PWM_SPO2_WriteCompare
 .text.PWM_SPO2_SetInterruptMode
                0x00006964        0xc .\CortexM3\ARM_GCC_541\Debug\esw_uCOS3_cykit.a(PWM_SPO2.o)
                0x00006964                PWM_SPO2_SetInterruptMode
 .text.PWM_SPO2_ReadStatusRegister
                0x00006970        0xc .\CortexM3\ARM_GCC_541\Debug\esw_uCOS3_cykit.a(PWM_SPO2.o)
                0x00006970                PWM_SPO2_ReadStatusRegister
 .text.PWM_SPO2_ReadCapture
                0x0000697c        0xc .\CortexM3\ARM_GCC_541\Debug\esw_uCOS3_cykit.a(PWM_SPO2.o)
                0x0000697c                PWM_SPO2_ReadCapture
 .text.PWM_SPO2_ClearFIFO
                0x00006988       0x14 .\CortexM3\ARM_GCC_541\Debug\esw_uCOS3_cykit.a(PWM_SPO2.o)
                0x00006988                PWM_SPO2_ClearFIFO
 .text.PWM_SPO2_Init
                0x0000699c       0x50 .\CortexM3\ARM_GCC_541\Debug\esw_uCOS3_cykit.a(PWM_SPO2.o)
                0x0000699c                PWM_SPO2_Init
 .text.PWM_SPO2_Start
                0x000069ec       0x24 .\CortexM3\ARM_GCC_541\Debug\esw_uCOS3_cykit.a(PWM_SPO2.o)
                0x000069ec                PWM_SPO2_Start
 .text          0x00006a10       0x20 .\CortexM3\ARM_GCC_541\Debug\esw_uCOS3_cykit.a(CyBootAsmGnu.o)
                0x00006a10                CyDelayCycles
                0x00006a20                CyEnterCriticalSection
                0x00006a28                CyExitCriticalSection
 .text          0x00006a30       0xa0 c:/program files (x86)/cypress/psoc creator/4.4/psoc creator/import/gnu/arm/5.4.1/bin/../lib/gcc/arm-none-eabi/5.4.1/armv7-m\libgcc.a(_aeabi_ldivmod.o)
                0x00006a30                __aeabi_ldivmod
 .text          0x00006ad0      0x2ec c:/program files (x86)/cypress/psoc creator/4.4/psoc creator/import/gnu/arm/5.4.1/bin/../lib/gcc/arm-none-eabi/5.4.1/armv7-m\libgcc.a(_udivmoddi4.o)
                0x00006ad0                __udivmoddi4
 .text          0x00006dbc        0x4 c:/program files (x86)/cypress/psoc creator/4.4/psoc creator/import/gnu/arm/5.4.1/bin/../lib/gcc/arm-none-eabi/5.4.1/armv7-m\libgcc.a(_dvmd_tls.o)
                0x00006dbc                __aeabi_idiv0
                0x00006dbc                __aeabi_ldiv0
 .text.__errno  0x00006dc0        0xc c:/program files (x86)/cypress/psoc creator/4.4/psoc creator/import/gnu/arm/5.4.1/bin/../lib/gcc/arm-none-eabi/5.4.1/../../../../arm-none-eabi/lib/armv7-m\libg_nano.a(lib_a-errno.o)
                0x00006dc0                __errno
 .text.__libc_init_array
                0x00006dcc       0x4c c:/program files (x86)/cypress/psoc creator/4.4/psoc creator/import/gnu/arm/5.4.1/bin/../lib/gcc/arm-none-eabi/5.4.1/../../../../arm-none-eabi/lib/armv7-m\libg_nano.a(lib_a-init.o)
                0x00006dcc                __libc_init_array
 .text.memcmp   0x00006e18       0x1e c:/program files (x86)/cypress/psoc creator/4.4/psoc creator/import/gnu/arm/5.4.1/bin/../lib/gcc/arm-none-eabi/5.4.1/../../../../arm-none-eabi/lib/armv7-m\libg_nano.a(lib_a-memcmp.o)
                0x00006e18                memcmp
 .text.memcpy   0x00006e36       0x16 c:/program files (x86)/cypress/psoc creator/4.4/psoc creator/import/gnu/arm/5.4.1/bin/../lib/gcc/arm-none-eabi/5.4.1/../../../../arm-none-eabi/lib/armv7-m\libg_nano.a(lib_a-memcpy-stub.o)
                0x00006e36                memcpy
 .text.memset   0x00006e4c       0x10 c:/program files (x86)/cypress/psoc creator/4.4/psoc creator/import/gnu/arm/5.4.1/bin/../lib/gcc/arm-none-eabi/5.4.1/../../../../arm-none-eabi/lib/armv7-m\libg_nano.a(lib_a-memset.o)
                0x00006e4c                memset
 .text.snprintf
                0x00006e5c       0x64 c:/program files (x86)/cypress/psoc creator/4.4/psoc creator/import/gnu/arm/5.4.1/bin/../lib/gcc/arm-none-eabi/5.4.1/../../../../arm-none-eabi/lib/armv7-m\libg_nano.a(lib_a-snprintf.o)
                0x00006e5c                sniprintf
                0x00006e5c                snprintf
 .text.strncpy  0x00006ec0       0x26 c:/program files (x86)/cypress/psoc creator/4.4/psoc creator/import/gnu/arm/5.4.1/bin/../lib/gcc/arm-none-eabi/5.4.1/../../../../arm-none-eabi/lib/armv7-m\libg_nano.a(lib_a-strncpy.o)
                0x00006ec0                strncpy
 .text._vsnprintf_r
                0x00006ee6       0x56 c:/program files (x86)/cypress/psoc creator/4.4/psoc creator/import/gnu/arm/5.4.1/bin/../lib/gcc/arm-none-eabi/5.4.1/../../../../arm-none-eabi/lib/armv7-m\libg_nano.a(lib_a-vsnprintf.o)
                0x00006ee6                _vsniprintf_r
                0x00006ee6                _vsnprintf_r
 .text.vsnprintf
                0x00006f3c       0x1c c:/program files (x86)/cypress/psoc creator/4.4/psoc creator/import/gnu/arm/5.4.1/bin/../lib/gcc/arm-none-eabi/5.4.1/../../../../arm-none-eabi/lib/armv7-m\libg_nano.a(lib_a-vsnprintf.o)
                0x00006f3c                vsniprintf
                0x00006f3c                vsnprintf
 .text.__ssputs_r
                0x00006f58       0xb2 c:/program files (x86)/cypress/psoc creator/4.4/psoc creator/import/gnu/arm/5.4.1/bin/../lib/gcc/arm-none-eabi/5.4.1/../../../../arm-none-eabi/lib/armv7-m\libg_nano.a(lib_a-nano-svfprintf.o)
                0x00006f58                __ssputs_r
 *fill*         0x0000700a        0x2 
 .text._svfprintf_r
                0x0000700c      0x1e8 c:/program files (x86)/cypress/psoc creator/4.4/psoc creator/import/gnu/arm/5.4.1/bin/../lib/gcc/arm-none-eabi/5.4.1/../../../../arm-none-eabi/lib/armv7-m\libg_nano.a(lib_a-nano-svfprintf.o)
                0x0000700c                _svfiprintf_r
                0x0000700c                _svfprintf_r
 .text._printf_common
                0x000071f4       0xec c:/program files (x86)/cypress/psoc creator/4.4/psoc creator/import/gnu/arm/5.4.1/bin/../lib/gcc/arm-none-eabi/5.4.1/../../../../arm-none-eabi/lib/armv7-m\libg_nano.a(lib_a-nano-vfprintf_i.o)
                0x000071f4                _printf_common
 .text._printf_i
                0x000072e0      0x24c c:/program files (x86)/cypress/psoc creator/4.4/psoc creator/import/gnu/arm/5.4.1/bin/../lib/gcc/arm-none-eabi/5.4.1/../../../../arm-none-eabi/lib/armv7-m\libg_nano.a(lib_a-nano-vfprintf_i.o)
                0x000072e0                _printf_i
 .text.memchr   0x0000752c       0x1c c:/program files (x86)/cypress/psoc creator/4.4/psoc creator/import/gnu/arm/5.4.1/bin/../lib/gcc/arm-none-eabi/5.4.1/../../../../arm-none-eabi/lib/armv7-m\libg_nano.a(lib_a-memchr-stub.o)
                0x0000752c                memchr
 .text.memmove  0x00007548       0x36 c:/program files (x86)/cypress/psoc creator/4.4/psoc creator/import/gnu/arm/5.4.1/bin/../lib/gcc/arm-none-eabi/5.4.1/../../../../arm-none-eabi/lib/armv7-m\libg_nano.a(lib_a-memmove.o)
                0x00007548                memmove
 *fill*         0x0000757e        0x2 
 .text._free_r  0x00007580       0x98 c:/program files (x86)/cypress/psoc creator/4.4/psoc creator/import/gnu/arm/5.4.1/bin/../lib/gcc/arm-none-eabi/5.4.1/../../../../arm-none-eabi/lib/armv7-m\libg_nano.a(lib_a-nano-freer.o)
                0x00007580                _free_r
 .text._malloc_r
                0x00007618       0xbc c:/program files (x86)/cypress/psoc creator/4.4/psoc creator/import/gnu/arm/5.4.1/bin/../lib/gcc/arm-none-eabi/5.4.1/../../../../arm-none-eabi/lib/armv7-m\libg_nano.a(lib_a-nano-mallocr.o)
                0x00007618                _malloc_r
 .text._realloc_r
                0x000076d4       0x4c c:/program files (x86)/cypress/psoc creator/4.4/psoc creator/import/gnu/arm/5.4.1/bin/../lib/gcc/arm-none-eabi/5.4.1/../../../../arm-none-eabi/lib/armv7-m\libg_nano.a(lib_a-nano-reallocr.o)
                0x000076d4                _realloc_r
 .text._sbrk_r  0x00007720       0x20 c:/program files (x86)/cypress/psoc creator/4.4/psoc creator/import/gnu/arm/5.4.1/bin/../lib/gcc/arm-none-eabi/5.4.1/../../../../arm-none-eabi/lib/armv7-m\libg_nano.a(lib_a-sbrkr.o)
                0x00007720                _sbrk_r
 .text.__malloc_lock
                0x00007740        0x2 c:/program files (x86)/cypress/psoc creator/4.4/psoc creator/import/gnu/arm/5.4.1/bin/../lib/gcc/arm-none-eabi/5.4.1/../../../../arm-none-eabi/lib/armv7-m\libg_nano.a(lib_a-mlock.o)
                0x00007740                __malloc_lock
 .text.__malloc_unlock
                0x00007742        0x2 c:/program files (x86)/cypress/psoc creator/4.4/psoc creator/import/gnu/arm/5.4.1/bin/../lib/gcc/arm-none-eabi/5.4.1/../../../../arm-none-eabi/lib/armv7-m\libg_nano.a(lib_a-mlock.o)
                0x00007742                __malloc_unlock
 .text._malloc_usable_size_r
                0x00007744       0x14 c:/program files (x86)/cypress/psoc creator/4.4/psoc creator/import/gnu/arm/5.4.1/bin/../lib/gcc/arm-none-eabi/5.4.1/../../../../arm-none-eabi/lib/armv7-m\libg_nano.a(lib_a-nano-msizer.o)
                0x00007744                _malloc_usable_size_r
 *(.plt)
 *(.gnu.warning)
 *(.glue_7t)
 .glue_7t       0x00007758        0x0 linker stubs
 *(.glue_7)
 .glue_7        0x00007758        0x0 linker stubs
 *(.vfp11_veneer)
 .vfp11_veneer  0x00007758        0x0 linker stubs
 *(.bootloader)
 *(.ARM.extab* .gnu.linkonce.armextab.*)
 *(.gcc_except_table)

.v4_bx          0x00007758        0x0
 .v4_bx         0x00007758        0x0 linker stubs

.iplt           0x00007758        0x0
 .iplt          0x00007758        0x0 c:/program files (x86)/cypress/psoc creator/4.4/psoc creator/import/gnu/arm/5.4.1/bin/../lib/gcc/arm-none-eabi/5.4.1/armv7-m/crtbegin.o

.eh_frame_hdr
 *(.eh_frame_hdr)

.eh_frame       0x00007758        0x4
 *(.eh_frame)
 .eh_frame      0x00007758        0x0 c:/program files (x86)/cypress/psoc creator/4.4/psoc creator/import/gnu/arm/5.4.1/bin/../lib/gcc/arm-none-eabi/5.4.1/armv7-m/crtbegin.o
 .eh_frame      0x00007758        0x4 c:/program files (x86)/cypress/psoc creator/4.4/psoc creator/import/gnu/arm/5.4.1/bin/../lib/gcc/arm-none-eabi/5.4.1/armv7-m/crtend.o
                [!provide]                PROVIDE (__exidx_start, .)

.ARM.exidx      0x0000775c        0x8
 *(.ARM.exidx* .gnu.linkonce.armexidx.*)
 .ARM.exidx     0x0000775c        0x8 c:/program files (x86)/cypress/psoc creator/4.4/psoc creator/import/gnu/arm/5.4.1/bin/../lib/gcc/arm-none-eabi/5.4.1/armv7-m\libgcc.a(_udivmoddi4.o)
                0x00007764                __exidx_end = .

.rodata         0x00007764     0x1ae4
 *(.rodata .rodata.* .gnu.linkonce.r.*)
 .rodata.str1.4
                0x00007764       0x8e .\CortexM3\ARM_GCC_541\Debug\app.o
 *fill*         0x000077f2        0x2 
 .rodata.str1.4
                0x000077f4      0x21b .\CortexM3\ARM_GCC_541\Debug\log_task.o
                                0x21f (size before relaxing)
 *fill*         0x00007a0f        0x1 
 .rodata        0x00007a10       0x64 .\CortexM3\ARM_GCC_541\Debug\heartbeatSensor.o
 .rodata.str1.4
                0x00007a74      0x261 .\CortexM3\ARM_GCC_541\Debug\heartbeatSensor.o
 *fill*         0x00007cd5        0x3 
 .rodata.str1.4
                0x00007cd8      0x2bd .\CortexM3\ARM_GCC_541\Debug\environmentSensor.o
 *fill*         0x00007f95        0x3 
 .rodata.str1.4
                0x00007f98      0x1bc .\CortexM3\ARM_GCC_541\Debug\gpio_tasks.o
 .rodata.str1.4
                0x00008154      0x116 .\CortexM3\ARM_GCC_541\Debug\bsp_i2c.o
 *fill*         0x0000826a        0x2 
 .rodata.str1.4
                0x0000826c        0x6 .\CortexM3\ARM_GCC_541\Debug\os_q.o
 *fill*         0x00008272        0x2 
 .rodata.str1.4
                0x00008274        0x5 .\CortexM3\ARM_GCC_541\Debug\os_sem.o
                                  0xa (size before relaxing)
 *fill*         0x00008279        0x3 
 .rodata.str1.4
                0x0000827c       0x14 .\CortexM3\ARM_GCC_541\Debug\os_stat.o
 .rodata.str1.4
                0x00008290        0x6 .\CortexM3\ARM_GCC_541\Debug\os_task.o
                                  0xa (size before relaxing)
 *fill*         0x00008296        0x2 
 .rodata.str1.4
                0x00008298       0x14 .\CortexM3\ARM_GCC_541\Debug\os_tick.o
 .rodata.str1.4
                0x000082ac       0x1d .\CortexM3\ARM_GCC_541\Debug\os_tmr.o
 *fill*         0x000082c9        0x3 
 .rodata        0x000082cc       0xa4 .\CortexM3\ARM_GCC_541\Debug\os_cfg_app.o
                0x000082cc                OSCfg_DataSizeRAM
                0x000082d0                OSCfg_TmrWheelSizeRAM
                0x000082d4                OSCfg_TmrWheelSize
                0x000082d8                OSCfg_TmrTaskStkSizeRAM
                0x000082dc                OSCfg_TmrTaskStkSize
                0x000082e0                OSCfg_TmrTaskStkLimit
                0x000082e4                OSCfg_TmrTaskStkBasePtr
                0x000082e8                OSCfg_TmrTaskRate_Hz
                0x000082ec                OSCfg_TmrTaskPrio
                0x000082f0                OSCfg_TickWheelSizeRAM
                0x000082f4                OSCfg_TickWheelSize
                0x000082f8                OSCfg_TickTaskStkSizeRAM
                0x000082fc                OSCfg_TickTaskStkSize
                0x00008300                OSCfg_TickTaskStkLimit
                0x00008304                OSCfg_TickTaskStkBasePtr
                0x00008308                OSCfg_TickTaskPrio
                0x0000830c                OSCfg_TickRate_Hz
                0x00008310                OSCfg_StkSizeMin
                0x00008314                OSCfg_StatTaskStkSizeRAM
                0x00008318                OSCfg_StatTaskStkSize
                0x0000831c                OSCfg_StatTaskStkLimit
                0x00008320                OSCfg_StatTaskStkBasePtr
                0x00008324                OSCfg_StatTaskRate_Hz
                0x00008328                OSCfg_StatTaskPrio
                0x0000832c                OSCfg_MsgPoolBasePtr
                0x00008330                OSCfg_MsgPoolSizeRAM
                0x00008334                OSCfg_MsgPoolSize
                0x00008338                OSCfg_ISRStkSizeRAM
                0x0000833c                OSCfg_ISRStkSize
                0x00008340                OSCfg_ISRStkBasePtr
                0x00008344                OSCfg_IntQTaskStkSizeRAM
                0x00008348                OSCfg_IntQTaskStkSize
                0x0000834c                OSCfg_IntQTaskStkLimit
                0x00008350                OSCfg_IntQTaskStkBasePtr
                0x00008354                OSCfg_IntQSizeRAM
                0x00008358                OSCfg_IntQSize
                0x0000835c                OSCfg_IntQBasePtr
                0x00008360                OSCfg_IdleTaskStkSizeRAM
                0x00008364                OSCfg_IdleTaskStkSize
                0x00008368                OSCfg_IdleTaskStkLimit
                0x0000836c                OSCfg_IdleTaskStkBasePtr
 .rodata.str1.4
                0x00008370       0x25 .\CortexM3\ARM_GCC_541\Debug\os_core.o
                                 0x2a (size before relaxing)
 *fill*         0x00008395        0x3 
 .rodata.str1.4
                0x00008398      0x394 .\CortexM3\ARM_GCC_541\Debug\max30102_interface.o
 .rodata.str1.4
                0x0000872c      0x9d8 .\CortexM3\ARM_GCC_541\Debug\driver_max30102.o
 .rodata        0x00009104       0x92 .\CortexM3\ARM_GCC_541\Debug\bme68x.o
 *fill*         0x00009196        0x2 
 .rodata        0x00009198       0x42 .\CortexM3\ARM_GCC_541\Debug\cyfitter_cfg.o
 .rodata.str1.1
                0x000091da        0x2 c:/program files (x86)/cypress/psoc creator/4.4/psoc creator/import/gnu/arm/5.4.1/bin/../lib/gcc/arm-none-eabi/5.4.1/../../../../arm-none-eabi/lib/armv7-m\libg_nano.a(lib_a-impure.o)
 .rodata.str1.1
                0x000091dc       0x11 c:/program files (x86)/cypress/psoc creator/4.4/psoc creator/import/gnu/arm/5.4.1/bin/../lib/gcc/arm-none-eabi/5.4.1/../../../../arm-none-eabi/lib/armv7-m\libg_nano.a(lib_a-nano-svfprintf.o)
 .rodata.str1.1
                0x000091ed       0x22 c:/program files (x86)/cypress/psoc creator/4.4/psoc creator/import/gnu/arm/5.4.1/bin/../lib/gcc/arm-none-eabi/5.4.1/../../../../arm-none-eabi/lib/armv7-m\libg_nano.a(lib_a-nano-vfprintf_i.o)
                0x00009210                . = ALIGN (0x4)
 *fill*         0x0000920f        0x1 
 *(.init)
 .init          0x00009210        0x4 c:/program files (x86)/cypress/psoc creator/4.4/psoc creator/import/gnu/arm/5.4.1/bin/../lib/gcc/arm-none-eabi/5.4.1/armv7-m/crti.o
                0x00009210                _init
 .init          0x00009214        0x8 c:/program files (x86)/cypress/psoc creator/4.4/psoc creator/import/gnu/arm/5.4.1/bin/../lib/gcc/arm-none-eabi/5.4.1/armv7-m/crtn.o
                0x0000921c                . = ALIGN (0x4)
                0x0000921c                __preinit_array_start = .
 *(.preinit_array)
                0x0000921c                __preinit_array_end = .
                0x0000921c                . = ALIGN (0x4)
                0x0000921c                __init_array_start = .
 *(SORT(.init_array.*))
 *(.init_array)
 .init_array    0x0000921c        0x4 c:/program files (x86)/cypress/psoc creator/4.4/psoc creator/import/gnu/arm/5.4.1/bin/../lib/gcc/arm-none-eabi/5.4.1/armv7-m/crtbegin.o
 .init_array    0x00009220        0x4 .\CortexM3\ARM_GCC_541\Debug\Cm3Start.o
                0x00009224                __init_array_end = .
                0x00009224                . = ALIGN (0x4)
 *(.fini)
 .fini          0x00009224        0x4 c:/program files (x86)/cypress/psoc creator/4.4/psoc creator/import/gnu/arm/5.4.1/bin/../lib/gcc/arm-none-eabi/5.4.1/armv7-m/crti.o
                0x00009224                _fini
 .fini          0x00009228        0x8 c:/program files (x86)/cypress/psoc creator/4.4/psoc creator/import/gnu/arm/5.4.1/bin/../lib/gcc/arm-none-eabi/5.4.1/armv7-m/crtn.o
                0x00009230                . = ALIGN (0x4)
                0x00009230                __fini_array_start = .
 *(.fini_array)
 .fini_array    0x00009230        0x4 c:/program files (x86)/cypress/psoc creator/4.4/psoc creator/import/gnu/arm/5.4.1/bin/../lib/gcc/arm-none-eabi/5.4.1/armv7-m/crtbegin.o
 *(SORT(.fini_array.*))
                0x00009234                __fini_array_end = .
                0x00009234                . = ALIGN (0x4)
 *crtbegin.o(.ctors)
 *(EXCLUDE_FILE(*crtend.o) .ctors)
 *(SORT(.ctors.*))
 *crtend.o(.ctors)
                0x00009234                . = ALIGN (0x4)
 *crtbegin.o(.dtors)
 *(EXCLUDE_FILE(*crtend.o) .dtors)
 *(SORT(.dtors.*))
 *crtend.o(.dtors)
                0x00009234                . = ALIGN (0x4)
                0x00009234                __cy_regions = .
                0x00009234        0x4 LONG 0x9248 __cy_region_init_ram
                0x00009238        0x4 LONG 0x1fff80c8 __cy_region_start_data
                0x0000923c        0x4 LONG 0x88 __cy_region_init_size_ram
                0x00009240        0x4 LONG 0x6220 __cy_region_zero_size_ram
                0x00009244                __cy_regions_end = .
                0x00009248                . = ALIGN (0x8)
 *fill*         0x00009244        0x4 
                0x00009248                _etext = .

.cy_checksum_exclude
                0x00009248        0x0
 *(.cy_checksum_exclude)

.ramvectors     0x1fff8000       0xc0
                0x1fff8000                __cy_region_start_ram = .
 *(.ramvectors)
 .ramvectors    0x1fff8000       0xc0 .\CortexM3\ARM_GCC_541\Debug\Cm3Start.o
                0x1fff8000                CyRamVectors

.noinit         0x1fff80c0        0x1
 *(.noinit)
 .noinit        0x1fff80c0        0x1 .\CortexM3\ARM_GCC_541\Debug\esw_uCOS3_cykit.a(CyLib.o)
                0x1fff80c0                CyResetStatus

.data           0x1fff80c8       0x88 load address 0x00009248
                0x1fff80c8                __cy_region_start_data = .
 *(.jcr)
 .jcr           0x1fff80c8        0x0 c:/program files (x86)/cypress/psoc creator/4.4/psoc creator/import/gnu/arm/5.4.1/bin/../lib/gcc/arm-none-eabi/5.4.1/armv7-m/crtbegin.o
 .jcr           0x1fff80c8        0x4 c:/program files (x86)/cypress/psoc creator/4.4/psoc creator/import/gnu/arm/5.4.1/bin/../lib/gcc/arm-none-eabi/5.4.1/armv7-m/crtend.o
 *(.got.plt)
 *(.got)
 *(.shdata)
 *(.data .data.* .gnu.linkonce.d.*)
 .data          0x1fff80cc        0xc .\CortexM3\ARM_GCC_541\Debug\heartbeatSensor.o
                0x1fff80d4                spO2
 .data          0x1fff80d8        0x4 .\CortexM3\ARM_GCC_541\Debug\Cm3Start.o
 .data          0x1fff80dc       0x10 .\CortexM3\ARM_GCC_541\Debug\esw_uCOS3_cykit.a(CyLib.o)
                0x1fff80dc                cydelay_32k_ms
                0x1fff80e0                cydelay_freq_khz
                0x1fff80e4                cydelay_freq_mhz
                0x1fff80e8                cydelay_freq_hz
 .data.impure_data
                0x1fff80ec       0x60 c:/program files (x86)/cypress/psoc creator/4.4/psoc creator/import/gnu/arm/5.4.1/bin/../lib/gcc/arm-none-eabi/5.4.1/../../../../arm-none-eabi/lib/armv7-m\libg_nano.a(lib_a-impure.o)
 .data._impure_ptr
                0x1fff814c        0x4 c:/program files (x86)/cypress/psoc creator/4.4/psoc creator/import/gnu/arm/5.4.1/bin/../lib/gcc/arm-none-eabi/5.4.1/../../../../arm-none-eabi/lib/armv7-m\libg_nano.a(lib_a-impure.o)
                0x1fff814c                _impure_ptr
                0x1fff8150                . = ALIGN (0x8)
 *(.ram)
                0x1fff8150                _edata = .

.igot.plt       0x1fff8150        0x0 load address 0x000092d0
 .igot.plt      0x1fff8150        0x0 c:/program files (x86)/cypress/psoc creator/4.4/psoc creator/import/gnu/arm/5.4.1/bin/../lib/gcc/arm-none-eabi/5.4.1/armv7-m/crtbegin.o

.bss            0x1fff8150     0x6220 load address 0x000092d0
                0x1fff8150                PROVIDE (__bss_start__, .)
 *(.shbss)
 *(.bss .bss.* .gnu.linkonce.b.*)
 .bss           0x1fff8150       0x1c c:/program files (x86)/cypress/psoc creator/4.4/psoc creator/import/gnu/arm/5.4.1/bin/../lib/gcc/arm-none-eabi/5.4.1/armv7-m/crtbegin.o
 .bss           0x1fff816c      0x4c0 .\CortexM3\ARM_GCC_541\Debug\app.o
 .bss           0x1fff862c       0xd8 .\CortexM3\ARM_GCC_541\Debug\heartbeatSensor.o
                0x1fff862c                IR_AC_Signal_Current
                0x1fff8630                IR_AC_Signal_Previous
                0x1fff8634                last_peak_timestamp
                0x1fff8638                cycle_started
                0x1fff863c                IR_AC_Min
                0x1fff8640                heart_rate_index
                0x1fff8644                heart_rate_history
                0x1fff8680                heart_rate_sum
                0x1fff8684                IR_DC_Signal_Current
                0x1fff8688                RED_DC_Signal_Current
                0x1fff868c                RED_AC_Signal_Current
                0x1fff86f8                ir_avg_reg
                0x1fff86fc                red_avg_reg
                0x1fff8700                IR_AC_Max
 .bss           0x1fff8704        0x1 .\CortexM3\ARM_GCC_541\Debug\gpio_tasks.o
                0x1fff8704                toggle_state
 *fill*         0x1fff8705        0x3 
 .bss           0x1fff8708        0x4 .\CortexM3\ARM_GCC_541\Debug\bsp_i2c.o
                0x1fff8708                current_timestamp
 .bss           0x1fff870c        0x9 .\CortexM3\ARM_GCC_541\Debug\esw_uCOS3_cykit.a(UART_1.o)
                0x1fff870c                UART_1_errorStatus
                0x1fff870d                UART_1_initVar
                0x1fff870e                UART_1_rxBufferRead
                0x1fff870f                UART_1_rxBufferWrite
                0x1fff8710                UART_1_rxBufferLoopDetect
                0x1fff8711                UART_1_rxBufferOverflow
                0x1fff8712                UART_1_txBufferRead
                0x1fff8713                UART_1_txBufferWrite
 .bss           0x1fff8715        0x1 .\CortexM3\ARM_GCC_541\Debug\esw_uCOS3_cykit.a(I2C_1.o)
                0x1fff8715                I2C_1_initVar
 .bss           0x1fff8716        0x1 .\CortexM3\ARM_GCC_541\Debug\esw_uCOS3_cykit.a(Timer_1.o)
                0x1fff8716                Timer_1_initVar
 .bss           0x1fff8717        0x1 .\CortexM3\ARM_GCC_541\Debug\esw_uCOS3_cykit.a(PWM_Heartbeat.o)
                0x1fff8717                PWM_Heartbeat_initVar
 .bss           0x1fff8718        0x1 .\CortexM3\ARM_GCC_541\Debug\esw_uCOS3_cykit.a(PWM_SPO2.o)
                0x1fff8718                PWM_SPO2_initVar
 *fill*         0x1fff8719        0x3 
 .bss.__malloc_sbrk_start
                0x1fff871c        0x4 c:/program files (x86)/cypress/psoc creator/4.4/psoc creator/import/gnu/arm/5.4.1/bin/../lib/gcc/arm-none-eabi/5.4.1/../../../../arm-none-eabi/lib/armv7-m\libg_nano.a(lib_a-nano-mallocr.o)
                0x1fff871c                __malloc_sbrk_start
 .bss.__malloc_free_list
                0x1fff8720        0x4 c:/program files (x86)/cypress/psoc creator/4.4/psoc creator/import/gnu/arm/5.4.1/bin/../lib/gcc/arm-none-eabi/5.4.1/../../../../arm-none-eabi/lib/armv7-m\libg_nano.a(lib_a-nano-mallocr.o)
                0x1fff8720                __malloc_free_list
 *(COMMON)
 COMMON         0x1fff8724      0x630 .\CortexM3\ARM_GCC_541\Debug\app.o
                0x1fff8724                LedG_Task_TCB
                0x1fff87e4                LedRB_TaskStk
                0x1fff88e4                CommQI2CSPO2
                0x1fff8914                BUT_Task_TCB
                0x1fff89d4                LedRB_Task_TCB
                0x1fff8a94                CommQProcessedEnvironmentData
                0x1fff8ac4                CommQI2CHeartRate
                0x1fff8af4                BUT_TaskStk
                0x1fff8bf4                CommQSPIData
                0x1fff8c24                CommQProcessedOximeterData
                0x1fff8c54                LedG_TaskStk
 COMMON         0x1fff8d54     0x24c8 .\CortexM3\ARM_GCC_541\Debug\log_task.o
                0x1fff8d54                Log_TaskStk
                0x1fff9554                LogTaskSem
                0x1fff957c                Log_Task_TCB
                0x1fff963c                MsgMemPoolStorage
                0x1fffb1cc                MsgMemPool
                0x1fffb1ec                Log_Queue
 COMMON         0x1fffb21c     0x1528 .\CortexM3\ARM_GCC_541\Debug\heartbeatSensor.o
                0x1fffb21c                MsgMemPoolHeart
                0x1fffb23c                MAX30102_Task_TCB
                0x1fffb2fc                MsgMemPoolStorageHeart
                0x1fffc2fc                i2c_rx_buffer
                0x1fffc33c                MAX30102_TaskStk
                0x1fffc73c                Global_spO2
                0x1fffc740                Global_heart_rate
 COMMON         0x1fffc744      0x4c4 .\CortexM3\ARM_GCC_541\Debug\environmentSensor.o
                0x1fffc744                GlobalGreen
                0x1fffc748                BME688_Task_TCB
                0x1fffc808                BME688_TaskStk
 COMMON         0x1fffcc08       0x28 .\CortexM3\ARM_GCC_541\Debug\bsp_i2c.o
                0x1fffcc08                I2C_Sem
 COMMON         0x1fffcc30       0x14 .\CortexM3\ARM_GCC_541\Debug\cpu_core.o
                0x1fffcc30                CPU_TS_TmrFreq_Hz
                0x1fffcc34                CPU_Name
 COMMON         0x1fffcc44        0x4 .\CortexM3\ARM_GCC_541\Debug\os_cpu_c.o
                0x1fffcc44                OS_CPU_ExceptStkBase
 COMMON         0x1fffcc48        0x4 .\CortexM3\ARM_GCC_541\Debug\os_prio.o
                0x1fffcc48                OSPrioTbl
 COMMON         0x1fffcc4c      0x538 .\CortexM3\ARM_GCC_541\Debug\os_var.o
                0x1fffcc4c                OSSchedLockNestingCtr
                0x1fffcc50                OS_AppTaskReturnHookPtr
                0x1fffcc54                OSStatTaskTimeMax
                0x1fffcc58                OSStatTaskCtr
                0x1fffcc5c                OSTaskRegNextAvailID
                0x1fffcc5d                OSRunning
                0x1fffcc60                OSRdyList
                0x1fffcde0                OSPrioHighRdy
                0x1fffcde1                OSStatTaskRdy
                0x1fffcde4                OSSemDbgListPtr
                0x1fffcde8                OS_AppTaskCreateHookPtr
                0x1fffcdec                OSPrioCur
                0x1fffcdf0                OSTickTaskTCB
                0x1fffceb0                OSTmrTickCtr
                0x1fffceb4                OSTCBCurPtr
                0x1fffceb8                OSQQty
                0x1fffceba                OSStatTaskCPUUsageMax
                0x1fffcebc                OSPrioSaved
                0x1fffcec0                OSTCBHighRdyPtr
                0x1fffcec4                OSTaskDbgListPtr
                0x1fffcec8                OSTmrTaskTimeMax
                0x1fffcecc                OS_AppTaskDelHookPtr
                0x1fffced0                OS_AppTimeTickHookPtr
                0x1fffced4                OSTaskCtxSwCtr
                0x1fffced8                OSStatTaskCPUUsage
                0x1fffceda                OSIntNestingCtr
                0x1fffcedc                OSTaskQty
                0x1fffcee0                OSTmrTaskTCB
                0x1fffcfa0                OSMsgPool
                0x1fffcfac                OSIdleTaskTCB
                0x1fffd06c                OSQDbgListPtr
                0x1fffd070                OSSemQty
                0x1fffd074                OSMemDbgListPtr
                0x1fffd078                OSSchedRoundRobinDfltTimeQuanta
                0x1fffd07c                OS_AppIdleTaskHookPtr
                0x1fffd080                OSStatTaskCtrMax
                0x1fffd084                OSTickCtr
                0x1fffd088                OS_AppTaskSwHookPtr
                0x1fffd08c                OSTmrQty
                0x1fffd090                OSIdleTaskCtr
                0x1fffd094                OSStatTaskCtrRun
                0x1fffd098                OS_AppStatTaskHookPtr
                0x1fffd09c                OSFlagQty
                0x1fffd0a0                OSFlagDbgListPtr
                0x1fffd0a4                OSStatResetFlag
                0x1fffd0a6                OSMemQty
                0x1fffd0a8                OSMutexQty
                0x1fffd0ac                OSStatTaskTCB
                0x1fffd16c                OSTmrDbgListPtr
                0x1fffd170                OSTickTaskTimeMax
                0x1fffd174                OSTmrUpdateCnt
                0x1fffd178                OSSchedRoundRobinEn
                0x1fffd17c                OSMutexDbgListPtr
                0x1fffd180                OSTmrUpdateCtr
 COMMON         0x1fffd184     0x1150 .\CortexM3\ARM_GCC_541\Debug\os_cfg_app.o
                0x1fffd184                OSCfg_StatTaskStk
                0x1fffd384                OSCfg_TickWheel
                0x1fffd40c                OSCfg_MsgPool
                0x1fffda4c                OSCfg_TmrTaskStk
                0x1fffdc4c                OSCfg_TmrWheel
                0x1fffdcd4                OSCfg_ISRStk
                0x1fffded4                OSCfg_TickTaskStk
                0x1fffe0d4                OSCfg_IdleTaskStk
 COMMON         0x1fffe2d4       0x80 .\CortexM3\ARM_GCC_541\Debug\esw_uCOS3_cykit.a(UART_1.o)
                0x1fffe2d4                UART_1_txBuffer
                0x1fffe314                UART_1_rxBuffer
 COMMON         0x1fffe354        0x1 .\CortexM3\ARM_GCC_541\Debug\esw_uCOS3_cykit.a(I2C_1.o)
                0x1fffe354                I2C_1_state
 *fill*         0x1fffe355        0x3 
 COMMON         0x1fffe358       0x11 .\CortexM3\ARM_GCC_541\Debug\esw_uCOS3_cykit.a(I2C_1_MASTER.o)
                0x1fffe358                I2C_1_mstrWrBufIndex
                0x1fffe359                I2C_1_mstrControl
                0x1fffe35a                I2C_1_mstrStatus
                0x1fffe35b                I2C_1_mstrWrBufSize
                0x1fffe35c                I2C_1_mstrRdBufIndex
                0x1fffe360                I2C_1_mstrWrBufPtr
                0x1fffe364                I2C_1_mstrRdBufPtr
                0x1fffe368                I2C_1_mstrRdBufSize
 *fill*         0x1fffe369        0x3 
 COMMON         0x1fffe36c        0x4 c:/program files (x86)/cypress/psoc creator/4.4/psoc creator/import/gnu/arm/5.4.1/bin/../lib/gcc/arm-none-eabi/5.4.1/../../../../arm-none-eabi/lib/armv7-m\libg_nano.a(lib_a-reent.o)
                0x1fffe36c                errno
                0x1fffe370                . = ALIGN (0x8)
 *(.ram.b)
                0x1fffe370                _end = .
                0x1fffe370                __end = .
                0x1fffe370                PROVIDE (end, .)
                0x1fffe370                PROVIDE (__bss_end__, .)
                0x00009248                __cy_region_init_ram = LOADADDR (.data)
                0x00000088                __cy_region_init_size_ram = (_edata - ADDR (.data))
                0x00006220                __cy_region_zero_size_ram = (_end - _edata)

.heap           0x1fffe370       0x80 load address 0x000092d0
                0x1fffe370                . = _end
                0x1fffe3f0                . = (. + 0x80)
 *fill*         0x1fffe370       0x80 
                0x1fffe3f0                __cy_heap_limit = .

.stack          0x20007800      0x800
                0x20007800                __cy_stack_limit = .
                0x20008000                . = (. + 0x800)
 *fill*         0x20007800      0x800 
                0x00000001                ASSERT ((__cy_stack_limit >= __cy_heap_limit), region RAM overflowed with stack)
                0x00000000                cy_checksum_exclude_size = (CY_APPL_LOADABLE == 0x1)?SIZEOF (.cy_checksum_exclude):0x0
                0x00000001                ASSERT ((cy_checksum_exclude_size <= CY_CHECKSUM_EXCLUDE_SIZE), CY_BOOT: Section .cy_checksum_exclude size exceedes specified limit.)

.cyloadermeta
 *(.cyloadermeta)

.cyloadablemeta
 *(.cyloadablemeta)

.cyconfigecc    0x80000000      0x508
 *(.cyconfigecc)
 .cyconfigecc   0x80000000      0x508 .\CortexM3\ARM_GCC_541\Debug\cymetadata.o
                0x80000000                cy_meta_configecc

.cycustnvl      0x90000000        0x4
 *(.cycustnvl)
 .cycustnvl     0x90000000        0x4 .\CortexM3\ARM_GCC_541\Debug\cymetadata.o
                0x90000000                cy_meta_custnvl

.cywolatch      0x90100000        0x4
 *(.cywolatch)
 .cywolatch     0x90100000        0x4 .\CortexM3\ARM_GCC_541\Debug\cymetadata.o
                0x90100000                cy_meta_wonvl

.cyeeprom       0x90200000        0x0
 *(.cyeeprom)
                0x00000001                ASSERT ((. <= ((0x90200000 + ee_offset) + ee_size)), .cyeeprom data will not fit in EEPROM)

.cyflashprotect
                0x90400000      0x100
 *(.cyflashprotect)
 .cyflashprotect
                0x90400000      0x100 .\CortexM3\ARM_GCC_541\Debug\cymetadata.o
                0x90400000                cy_meta_flashprotect

.cymeta         0x90500000        0xc
 *(.cymeta)
 .cymeta        0x90500000        0xc .\CortexM3\ARM_GCC_541\Debug\cymetadata.o
                0x90500000                cy_metadata

.rel.dyn        0x000092d0        0x0 load address 0x9050000c
 .rel.iplt      0x000092d0        0x0 c:/program files (x86)/cypress/psoc creator/4.4/psoc creator/import/gnu/arm/5.4.1/bin/../lib/gcc/arm-none-eabi/5.4.1/armv7-m/crtbegin.o

.stab
 *(.stab)

.stabstr
 *(.stabstr)

.debug
 *(.debug)

.line
 *(.line)

.debug_srcinfo
 *(.debug_srcinfo)

.debug_sfnames
 *(.debug_sfnames)

.debug_aranges  0x00000000     0x1bc8
 *(.debug_aranges)
 .debug_aranges
                0x00000000       0x28 .\CortexM3\ARM_GCC_541\Debug\app.o
 .debug_aranges
                0x00000028       0x68 .\CortexM3\ARM_GCC_541\Debug\os_app_hooks.o
 .debug_aranges
                0x00000090       0x40 .\CortexM3\ARM_GCC_541\Debug\log_task.o
 .debug_aranges
                0x000000d0       0x78 .\CortexM3\ARM_GCC_541\Debug\heartbeatSensor.o
 .debug_aranges
                0x00000148       0x60 .\CortexM3\ARM_GCC_541\Debug\environmentSensor.o
 .debug_aranges
                0x000001a8       0x50 .\CortexM3\ARM_GCC_541\Debug\data_processing_task.o
 .debug_aranges
                0x000001f8       0x48 .\CortexM3\ARM_GCC_541\Debug\gpio_tasks.o
 .debug_aranges
                0x00000240       0x38 .\CortexM3\ARM_GCC_541\Debug\bsp_os.o
 .debug_aranges
                0x00000278       0x58 .\CortexM3\ARM_GCC_541\Debug\bsp.o
 .debug_aranges
                0x000002d0       0x30 .\CortexM3\ARM_GCC_541\Debug\cpu_bsp.o
 .debug_aranges
                0x00000300       0x30 .\CortexM3\ARM_GCC_541\Debug\bsp_uart.o
 .debug_aranges
                0x00000330       0x30 .\CortexM3\ARM_GCC_541\Debug\bsp_gpio.o
 .debug_aranges
                0x00000360       0x38 .\CortexM3\ARM_GCC_541\Debug\bsp_i2c.o
 .debug_aranges
                0x00000398       0x38 .\CortexM3\ARM_GCC_541\Debug\bsp_pwm.o
 .debug_aranges
                0x000003d0       0x50 .\CortexM3\ARM_GCC_541\Debug\cpu_c.o
 .debug_aranges
                0x00000420       0xb0 .\CortexM3\ARM_GCC_541\Debug\cpu_core.o
 .debug_aranges
                0x000004d0       0x38 .\CortexM3\ARM_GCC_541\Debug\lib_math.o
 .debug_aranges
                0x00000508       0x48 .\CortexM3\ARM_GCC_541\Debug\lib_mem.o
 .debug_aranges
                0x00000550       0xd8 .\CortexM3\ARM_GCC_541\Debug\lib_str.o
 .debug_aranges
                0x00000628       0x98 .\CortexM3\ARM_GCC_541\Debug\lib_ascii.o
 .debug_aranges
                0x000006c0       0x70 .\CortexM3\ARM_GCC_541\Debug\os_cpu_c.o
 .debug_aranges
                0x00000730       0x38 .\CortexM3\ARM_GCC_541\Debug\os_pend_multi.o
 .debug_aranges
                0x00000768       0x38 .\CortexM3\ARM_GCC_541\Debug\os_prio.o
 .debug_aranges
                0x000007a0       0x70 .\CortexM3\ARM_GCC_541\Debug\os_q.o
 .debug_aranges
                0x00000810       0x70 .\CortexM3\ARM_GCC_541\Debug\os_sem.o
 .debug_aranges
                0x00000880       0x38 .\CortexM3\ARM_GCC_541\Debug\os_stat.o
 .debug_aranges
                0x000008b8       0xf0 .\CortexM3\ARM_GCC_541\Debug\os_task.o
 .debug_aranges
                0x000009a8       0x50 .\CortexM3\ARM_GCC_541\Debug\os_tick.o
 .debug_aranges
                0x000009f8       0x48 .\CortexM3\ARM_GCC_541\Debug\os_time.o
 .debug_aranges
                0x00000a40       0x88 .\CortexM3\ARM_GCC_541\Debug\os_tmr.o
 .debug_aranges
                0x00000ac8       0x18 .\CortexM3\ARM_GCC_541\Debug\os_var.o
 .debug_aranges
                0x00000ae0       0x20 .\CortexM3\ARM_GCC_541\Debug\os_cfg_app.o
 .debug_aranges
                0x00000b00      0x140 .\CortexM3\ARM_GCC_541\Debug\os_core.o
 .debug_aranges
                0x00000c40       0x20 .\CortexM3\ARM_GCC_541\Debug\os_dbg.o
 .debug_aranges
                0x00000c60       0x80 .\CortexM3\ARM_GCC_541\Debug\os_flag.o
 .debug_aranges
                0x00000ce0       0x18 .\CortexM3\ARM_GCC_541\Debug\os_int.o
 .debug_aranges
                0x00000cf8       0x40 .\CortexM3\ARM_GCC_541\Debug\os_mem.o
 .debug_aranges
                0x00000d38       0x40 .\CortexM3\ARM_GCC_541\Debug\os_msg.o
 .debug_aranges
                0x00000d78       0x60 .\CortexM3\ARM_GCC_541\Debug\os_mutex.o
 .debug_aranges
                0x00000dd8       0x48 .\CortexM3\ARM_GCC_541\Debug\max30102_interface.o
 .debug_aranges
                0x00000e20      0x180 .\CortexM3\ARM_GCC_541\Debug\driver_max30102.o
 .debug_aranges
                0x00000fa0      0x120 .\CortexM3\ARM_GCC_541\Debug\bme68x.o
 .debug_aranges
                0x000010c0       0x58 .\CortexM3\ARM_GCC_541\Debug\cyfitter_cfg.o
 .debug_aranges
                0x00001118       0x18 .\CortexM3\ARM_GCC_541\Debug\cymetadata.o
 .debug_aranges
                0x00001130       0x48 .\CortexM3\ARM_GCC_541\Debug\Cm3Start.o
 .debug_aranges
                0x00001178       0x20 .\CortexM3\ARM_GCC_541\Debug\cpu_a.o
 .debug_aranges
                0x00001198       0x20 .\CortexM3\ARM_GCC_541\Debug\os_cpu_a.o
 .debug_aranges
                0x000011b8       0xf0 .\CortexM3\ARM_GCC_541\Debug\esw_uCOS3_cykit.a(UART_1.o)
 .debug_aranges
                0x000012a8       0x28 .\CortexM3\ARM_GCC_541\Debug\esw_uCOS3_cykit.a(UART_1_INT.o)
 .debug_aranges
                0x000012d0       0x38 .\CortexM3\ARM_GCC_541\Debug\esw_uCOS3_cykit.a(Pin_1.o)
 .debug_aranges
                0x00001308       0x70 .\CortexM3\ARM_GCC_541\Debug\esw_uCOS3_cykit.a(UART_1_IntClock.o)
 .debug_aranges
                0x00001378      0x2a0 .\CortexM3\ARM_GCC_541\Debug\esw_uCOS3_cykit.a(CyLib.o)
 .debug_aranges
                0x00001618       0x98 .\CortexM3\ARM_GCC_541\Debug\esw_uCOS3_cykit.a(cyPm.o)
 .debug_aranges
                0x000016b0       0x38 .\CortexM3\ARM_GCC_541\Debug\esw_uCOS3_cykit.a(Pin_2.o)
 .debug_aranges
                0x000016e8       0x38 .\CortexM3\ARM_GCC_541\Debug\esw_uCOS3_cykit.a(push_button.o)
 .debug_aranges
                0x00001720       0x38 .\CortexM3\ARM_GCC_541\Debug\esw_uCOS3_cykit.a(I2C_1.o)
 .debug_aranges
                0x00001758       0x20 .\CortexM3\ARM_GCC_541\Debug\esw_uCOS3_cykit.a(I2C_1_INT.o)
 .debug_aranges
                0x00001778       0x38 .\CortexM3\ARM_GCC_541\Debug\esw_uCOS3_cykit.a(I2C_1_PM.o)
 .debug_aranges
                0x000017b0       0x80 .\CortexM3\ARM_GCC_541\Debug\esw_uCOS3_cykit.a(I2C_1_MASTER.o)
 .debug_aranges
                0x00001830       0x88 .\CortexM3\ARM_GCC_541\Debug\esw_uCOS3_cykit.a(Timer_1.o)
 .debug_aranges
                0x000018b8       0x80 .\CortexM3\ARM_GCC_541\Debug\esw_uCOS3_cykit.a(Timer_ISR.o)
 .debug_aranges
                0x00001938       0x38 .\CortexM3\ARM_GCC_541\Debug\esw_uCOS3_cykit.a(Pin_Green_Led_1.o)
 .debug_aranges
                0x00001970       0x98 .\CortexM3\ARM_GCC_541\Debug\esw_uCOS3_cykit.a(PWM_Heartbeat.o)
 .debug_aranges
                0x00001a08       0x98 .\CortexM3\ARM_GCC_541\Debug\esw_uCOS3_cykit.a(PWM_SPO2.o)
 .debug_aranges
                0x00001aa0       0x20 .\CortexM3\ARM_GCC_541\Debug\esw_uCOS3_cykit.a(CyBootAsmGnu.o)
 .debug_aranges
                0x00001ac0       0x88 .\CortexM3\ARM_GCC_541\Debug\esw_uCOS3_cykit.a(CyFlash.o)
 .debug_aranges
                0x00001b48       0x80 .\CortexM3\ARM_GCC_541\Debug\esw_uCOS3_cykit.a(CySpc.o)

.debug_pubnames
 *(.debug_pubnames)

.debug_info     0x00000000    0x2ea4c
 *(.debug_info .gnu.linkonce.wi.*)
 .debug_info    0x00000000     0x10c0 .\CortexM3\ARM_GCC_541\Debug\app.o
 .debug_info    0x000010c0      0x894 .\CortexM3\ARM_GCC_541\Debug\os_app_hooks.o
 .debug_info    0x00001954     0x151b .\CortexM3\ARM_GCC_541\Debug\log_task.o
 .debug_info    0x00002e6f     0x190c .\CortexM3\ARM_GCC_541\Debug\heartbeatSensor.o
 .debug_info    0x0000477b     0x1b74 .\CortexM3\ARM_GCC_541\Debug\environmentSensor.o
 .debug_info    0x000062ef     0x1522 .\CortexM3\ARM_GCC_541\Debug\data_processing_task.o
 .debug_info    0x00007811     0x1519 .\CortexM3\ARM_GCC_541\Debug\gpio_tasks.o
 .debug_info    0x00008d2a      0xe09 .\CortexM3\ARM_GCC_541\Debug\bsp_os.o
 .debug_info    0x00009b33      0xb90 .\CortexM3\ARM_GCC_541\Debug\bsp.o
 .debug_info    0x0000a6c3      0x178 .\CortexM3\ARM_GCC_541\Debug\cpu_bsp.o
 .debug_info    0x0000a83b      0x12b .\CortexM3\ARM_GCC_541\Debug\bsp_uart.o
 .debug_info    0x0000a966      0xa7c .\CortexM3\ARM_GCC_541\Debug\bsp_gpio.o
 .debug_info    0x0000b3e2     0x12de .\CortexM3\ARM_GCC_541\Debug\bsp_i2c.o
 .debug_info    0x0000c6c0      0x23c .\CortexM3\ARM_GCC_541\Debug\bsp_pwm.o
 .debug_info    0x0000c8fc      0x5f2 .\CortexM3\ARM_GCC_541\Debug\cpu_c.o
 .debug_info    0x0000ceee      0x71b .\CortexM3\ARM_GCC_541\Debug\cpu_core.o
 .debug_info    0x0000d609      0x1e9 .\CortexM3\ARM_GCC_541\Debug\lib_math.o
 .debug_info    0x0000d7f2      0x4df .\CortexM3\ARM_GCC_541\Debug\lib_mem.o
 .debug_info    0x0000dcd1     0x10d7 .\CortexM3\ARM_GCC_541\Debug\lib_str.o
 .debug_info    0x0000eda8      0x43b .\CortexM3\ARM_GCC_541\Debug\lib_ascii.o
 .debug_info    0x0000f1e3      0xa1f .\CortexM3\ARM_GCC_541\Debug\os_cpu_c.o
 .debug_info    0x0000fc02     0x1032 .\CortexM3\ARM_GCC_541\Debug\os_pend_multi.o
 .debug_info    0x00010c34      0x1f0 .\CortexM3\ARM_GCC_541\Debug\os_prio.o
 .debug_info    0x00010e24     0x14dd .\CortexM3\ARM_GCC_541\Debug\os_q.o
 .debug_info    0x00012301     0x13bd .\CortexM3\ARM_GCC_541\Debug\os_sem.o
 .debug_info    0x000136be     0x1219 .\CortexM3\ARM_GCC_541\Debug\os_stat.o
 .debug_info    0x000148d7     0x20a8 .\CortexM3\ARM_GCC_541\Debug\os_task.o
 .debug_info    0x0001697f      0xfe0 .\CortexM3\ARM_GCC_541\Debug\os_tick.o
 .debug_info    0x0001795f     0x10d8 .\CortexM3\ARM_GCC_541\Debug\os_time.o
 .debug_info    0x00018a37     0x16b7 .\CortexM3\ARM_GCC_541\Debug\os_tmr.o
 .debug_info    0x0001a0ee      0xf4c .\CortexM3\ARM_GCC_541\Debug\os_var.o
 .debug_info    0x0001b03a      0xbda .\CortexM3\ARM_GCC_541\Debug\os_cfg_app.o
 .debug_info    0x0001bc14     0x1f24 .\CortexM3\ARM_GCC_541\Debug\os_core.o
 .debug_info    0x0001db38     0x1379 .\CortexM3\ARM_GCC_541\Debug\os_dbg.o