Archive member included to satisfy reference by file (symbol)

.\CortexM3\ARM_GCC_541\Debug\esw_uCOS3_cykit.a(UART_1.o)
                              .\CortexM3\ARM_GCC_541\Debug\bsp_uart.o (UART_1_Start)
.\CortexM3\ARM_GCC_541\Debug\esw_uCOS3_cykit.a(UART_1_INT.o)
                              .\CortexM3\ARM_GCC_541\Debug\esw_uCOS3_cykit.a(UART_1.o) (UART_1_RXISR)
.\CortexM3\ARM_GCC_541\Debug\esw_uCOS3_cykit.a(Pin_1.o)
                              .\CortexM3\ARM_GCC_541\Debug\bsp_gpio.o (Pin_1_Write)
.\CortexM3\ARM_GCC_541\Debug\esw_uCOS3_cykit.a(UART_1_IntClock.o)
                              .\CortexM3\ARM_GCC_541\Debug\esw_uCOS3_cykit.a(UART_1.o) (UART_1_IntClock_Start)
.\CortexM3\ARM_GCC_541\Debug\esw_uCOS3_cykit.a(CyDmac.o)
                              .\CortexM3\ARM_GCC_541\Debug\Cm3Start.o (CyDmacConfigure)
.\CortexM3\ARM_GCC_541\Debug\esw_uCOS3_cykit.a(CyLib.o)
                              .\CortexM3\ARM_GCC_541\Debug\Cm3Start.o (CyHalt)
.\CortexM3\ARM_GCC_541\Debug\esw_uCOS3_cykit.a(cyPm.o)
                              .\CortexM3\ARM_GCC_541\Debug\esw_uCOS3_cykit.a(CyLib.o) (CyPmReadStatus)
.\CortexM3\ARM_GCC_541\Debug\esw_uCOS3_cykit.a(Pin_2.o)
                              .\CortexM3\ARM_GCC_541\Debug\bsp_gpio.o (Pin_2_Write)
.\CortexM3\ARM_GCC_541\Debug\esw_uCOS3_cykit.a(push_button.o)
                              .\CortexM3\ARM_GCC_541\Debug\bsp_gpio.o (push_button_Write)
.\CortexM3\ARM_GCC_541\Debug\esw_uCOS3_cykit.a(I2C_1.o)
                              .\CortexM3\ARM_GCC_541\Debug\bsp_i2c.o (I2C_1_Start)
.\CortexM3\ARM_GCC_541\Debug\esw_uCOS3_cykit.a(I2C_1_INT.o)
                              .\CortexM3\ARM_GCC_541\Debug\esw_uCOS3_cykit.a(I2C_1.o) (I2C_1_ISR)
.\CortexM3\ARM_GCC_541\Debug\esw_uCOS3_cykit.a(I2C_1_PM.o)
                              .\CortexM3\ARM_GCC_541\Debug\esw_uCOS3_cykit.a(I2C_1.o) (I2C_1_backup)
.\CortexM3\ARM_GCC_541\Debug\esw_uCOS3_cykit.a(I2C_1_MASTER.o)
                              .\CortexM3\ARM_GCC_541\Debug\esw_uCOS3_cykit.a(I2C_1.o) (I2C_1_mstrStatus)
.\CortexM3\ARM_GCC_541\Debug\esw_uCOS3_cykit.a(Timer_1.o)
                              .\CortexM3\ARM_GCC_541\Debug\bsp_i2c.o (Timer_1_Start)
.\CortexM3\ARM_GCC_541\Debug\esw_uCOS3_cykit.a(Timer_ISR.o)
                              .\CortexM3\ARM_GCC_541\Debug\bsp_i2c.o (Timer_ISR_StartEx)
.\CortexM3\ARM_GCC_541\Debug\esw_uCOS3_cykit.a(CyBootAsmGnu.o)
                              .\CortexM3\ARM_GCC_541\Debug\cyfitter_cfg.o (CyDelayCycles)
.\CortexM3\ARM_GCC_541\Debug\esw_uCOS3_cykit.a(CyFlash.o)
                              .\CortexM3\ARM_GCC_541\Debug\esw_uCOS3_cykit.a(cyPm.o) (CyFlash_SetWaitCycles)
.\CortexM3\ARM_GCC_541\Debug\esw_uCOS3_cykit.a(CySpc.o)
                              .\CortexM3\ARM_GCC_541\Debug\esw_uCOS3_cykit.a(CyFlash.o) (CySpcStart)
c:/program files (x86)/cypress/psoc creator/4.4/psoc creator/import/gnu/arm/5.4.1/bin/../lib/gcc/arm-none-eabi/5.4.1/armv7-m\libgcc.a(_arm_addsubsf3.o)
                              .\CortexM3\ARM_GCC_541\Debug\driver_max30102.o (__aeabi_fadd)
c:/program files (x86)/cypress/psoc creator/4.4/psoc creator/import/gnu/arm/5.4.1/bin/../lib/gcc/arm-none-eabi/5.4.1/armv7-m\libgcc.a(_arm_muldivsf3.o)
                              .\CortexM3\ARM_GCC_541\Debug\driver_max30102.o (__aeabi_fmul)
c:/program files (x86)/cypress/psoc creator/4.4/psoc creator/import/gnu/arm/5.4.1/bin/../lib/gcc/arm-none-eabi/5.4.1/../../../../arm-none-eabi/lib/armv7-m\libg_nano.a(lib_a-errno.o)
                              .\CortexM3\ARM_GCC_541\Debug\Cm3Start.o (__errno)
c:/program files (x86)/cypress/psoc creator/4.4/psoc creator/import/gnu/arm/5.4.1/bin/../lib/gcc/arm-none-eabi/5.4.1/../../../../arm-none-eabi/lib/armv7-m\libg_nano.a(lib_a-exit.o)
                              c:/program files (x86)/cypress/psoc creator/4.4/psoc creator/import/gnu/arm/5.4.1/bin/../lib/gcc/arm-none-eabi/5.4.1/../../../../arm-none-eabi/lib/armv7-m/crt0.o (exit)
c:/program files (x86)/cypress/psoc creator/4.4/psoc creator/import/gnu/arm/5.4.1/bin/../lib/gcc/arm-none-eabi/5.4.1/../../../../arm-none-eabi/lib/armv7-m\libg_nano.a(lib_a-impure.o)
                              c:/program files (x86)/cypress/psoc creator/4.4/psoc creator/import/gnu/arm/5.4.1/bin/../lib/gcc/arm-none-eabi/5.4.1/../../../../arm-none-eabi/lib/armv7-m\libg_nano.a(lib_a-exit.o) (_global_impure_ptr)
c:/program files (x86)/cypress/psoc creator/4.4/psoc creator/import/gnu/arm/5.4.1/bin/../lib/gcc/arm-none-eabi/5.4.1/../../../../arm-none-eabi/lib/armv7-m\libg_nano.a(lib_a-init.o)
                              c:/program files (x86)/cypress/psoc creator/4.4/psoc creator/import/gnu/arm/5.4.1/bin/../lib/gcc/arm-none-eabi/5.4.1/../../../../arm-none-eabi/lib/armv7-m/crt0.o (__libc_init_array)
c:/program files (x86)/cypress/psoc creator/4.4/psoc creator/import/gnu/arm/5.4.1/bin/../lib/gcc/arm-none-eabi/5.4.1/../../../../arm-none-eabi/lib/armv7-m\libg_nano.a(lib_a-memcpy-stub.o)
[...]
Memory Configuration

Name             Origin             Length             Attributes
rom              0x00000000         0x00040000         xr
ram              0x1fff8000         0x00010000         xrw
*default*        0x00000000         0xffffffff

Linker script and memory map

LOAD c:/program files (x86)/cypress/psoc creator/4.4/psoc creator/import/gnu/arm/5.4.1/bin/../lib/gcc/arm-none-eabi/5.4.1/armv7-m/crti.o
LOAD c:/program files (x86)/cypress/psoc creator/4.4/psoc creator/import/gnu/arm/5.4.1/bin/../lib/gcc/arm-none-eabi/5.4.1/armv7-m/crtbegin.o
LOAD c:/program files (x86)/cypress/psoc creator/4.4/psoc creator/import/gnu/arm/5.4.1/bin/../lib/gcc/arm-none-eabi/5.4.1/../../../../arm-none-eabi/lib/armv7-m/crt0.o
START GROUP
LOAD .\CortexM3\ARM_GCC_541\Debug\app.o
LOAD .\CortexM3\ARM_GCC_541\Debug\os_app_hooks.o
LOAD .\CortexM3\ARM_GCC_541\Debug\log_task.o
LOAD .\CortexM3\ARM_GCC_541\Debug\heartbeatSensor.o
LOAD .\CortexM3\ARM_GCC_541\Debug\bsp_os.o
LOAD .\CortexM3\ARM_GCC_541\Debug\bsp.o
LOAD .\CortexM3\ARM_GCC_541\Debug\cpu_bsp.o
LOAD .\CortexM3\ARM_GCC_541\Debug\bsp_uart.o
LOAD .\CortexM3\ARM_GCC_541\Debug\bsp_gpio.o
LOAD .\CortexM3\ARM_GCC_541\Debug\bsp_i2c.o
LOAD .\CortexM3\ARM_GCC_541\Debug\cpu_c.o
LOAD .\CortexM3\ARM_GCC_541\Debug\cpu_core.o
LOAD .\CortexM3\ARM_GCC_541\Debug\lib_math.o
LOAD .\CortexM3\ARM_GCC_541\Debug\lib_mem.o
LOAD .\CortexM3\ARM_GCC_541\Debug\lib_str.o
LOAD .\CortexM3\ARM_GCC_541\Debug\lib_ascii.o
LOAD .\CortexM3\ARM_GCC_541\Debug\os_cpu_c.o
LOAD .\CortexM3\ARM_GCC_541\Debug\os_pend_multi.o
LOAD .\CortexM3\ARM_GCC_541\Debug\os_prio.o
LOAD .\CortexM3\ARM_GCC_541\Debug\os_q.o
LOAD .\CortexM3\ARM_GCC_541\Debug\os_sem.o
LOAD .\CortexM3\ARM_GCC_541\Debug\os_stat.o
LOAD .\CortexM3\ARM_GCC_541\Debug\os_task.o
LOAD .\CortexM3\ARM_GCC_541\Debug\os_tick.o
LOAD .\CortexM3\ARM_GCC_541\Debug\os_time.o
LOAD .\CortexM3\ARM_GCC_541\Debug\os_tmr.o
LOAD .\CortexM3\ARM_GCC_541\Debug\os_var.o
LOAD .\CortexM3\ARM_GCC_541\Debug\os_cfg_app.o
LOAD .\CortexM3\ARM_GCC_541\Debug\os_core.o
LOAD .\CortexM3\ARM_GCC_541\Debug\os_dbg.o
LOAD .\CortexM3\ARM_GCC_541\Debug\os_flag.o
LOAD .\CortexM3\ARM_GCC_541\Debug\os_int.o
LOAD .\CortexM3\ARM_GCC_541\Debug\os_mem.o
LOAD .\CortexM3\ARM_GCC_541\Debug\os_msg.o
LOAD .\CortexM3\ARM_GCC_541\Debug\os_mutex.o
LOAD .\CortexM3\ARM_GCC_541\Debug\max30102_interface.o
LOAD .\CortexM3\ARM_GCC_541\Debug\driver_max30102.o
LOAD .\CortexM3\ARM_GCC_541\Debug\cyfitter_cfg.o
LOAD .\CortexM3\ARM_GCC_541\Debug\cymetadata.o
LOAD .\CortexM3\ARM_GCC_541\Debug\Cm3Start.o
LOAD .\CortexM3\ARM_GCC_541\Debug\cpu_a.o
LOAD .\CortexM3\ARM_GCC_541\Debug\os_cpu_a.o
LOAD .\CortexM3\ARM_GCC_541\Debug\esw_uCOS3_cykit.a
LOAD C:\Program Files (x86)\Cypress\PSoC Creator\4.4\PSoC Creator\psoc\content\cycomponentlibrary\CyComponentLibrary.cylib\CortexM3\ARM_GCC_541\Debug\CyComponentLibrary.a
END GROUP
START GROUP
LOAD c:/program files (x86)/cypress/psoc creator/4.4/psoc creator/import/gnu/arm/5.4.1/bin/../lib/gcc/arm-none-eabi/5.4.1/armv7-m\libgcc.a
LOAD c:/program files (x86)/cypress/psoc creator/4.4/psoc creator/import/gnu/arm/5.4.1/bin/../lib/gcc/arm-none-eabi/5.4.1/../../../../arm-none-eabi/lib/armv7-m\libg_nano.a
LOAD c:/program files (x86)/cypress/psoc creator/4.4/psoc creator/import/gnu/arm/5.4.1/bin/../lib/gcc/arm-none-eabi/5.4.1/../../../../arm-none-eabi/lib/armv7-m\libc_nano.a
END GROUP
START GROUP
LOAD c:/program files (x86)/cypress/psoc creator/4.4/psoc creator/import/gnu/arm/5.4.1/bin/../lib/gcc/arm-none-eabi/5.4.1/armv7-m\libgcc.a
LOAD c:/program files (x86)/cypress/psoc creator/4.4/psoc creator/import/gnu/arm/5.4.1/bin/../lib/gcc/arm-none-eabi/5.4.1/../../../../arm-none-eabi/lib/armv7-m\libc_nano.a
END GROUP
LOAD c:/program files (x86)/cypress/psoc creator/4.4/psoc creator/import/gnu/arm/5.4.1/bin/../lib/gcc/arm-none-eabi/5.4.1/armv7-m/crtend.o
LOAD c:/program files (x86)/cypress/psoc creator/4.4/psoc creator/import/gnu/arm/5.4.1/bin/../lib/gcc/arm-none-eabi/5.4.1/armv7-m/crtn.o
START GROUP
LOAD c:/program files (x86)/cypress/psoc creator/4.4/psoc creator/import/gnu/arm/5.4.1/bin/../lib/gcc/arm-none-eabi/5.4.1/armv7-m\libgcc.a
LOAD c:/program files (x86)/cypress/psoc creator/4.4/psoc creator/import/gnu/arm/5.4.1/bin/../lib/gcc/arm-none-eabi/5.4.1/../../../../arm-none-eabi/lib/armv7-m\libc.a
LOAD c:/program files (x86)/cypress/psoc creator/4.4/psoc creator/import/gnu/arm/5.4.1/bin/../lib/gcc/arm-none-eabi/5.4.1/../../../../arm-none-eabi/lib/armv7-m\libnosys.a
END GROUP
                0x00000000                CY_APPL_ORIGIN = 0x0
                0x00000100                CY_FLASH_ROW_SIZE = 0x100
                0x00000020                CY_ECC_ROW_SIZE = 0x20
                0x00000000                CY_EE_IN_BTLDR = 0x0
                0x00000000                CY_APPL_LOADABLE = 0x0
                0x00000800                CY_EE_SIZE = 0x800
                0x00000001                CY_APPL_NUM = 0x1
                0x00000001                CY_APPL_MAX = 0x1
                0x00000040                CY_METADATA_SIZE = 0x40
                0x00000000                CY_APPL_LOADABLE = 0x0
                0x00000000                CY_CHECKSUM_EXCLUDE_SIZE = ALIGN (0x0, CY_FLASH_ROW_SIZE)
                [!provide]                PROVIDE (__cy_heap_start, _end)
                0x00000001                PROVIDE (__cy_region_num, ((__cy_regions_end - __cy_regions) / 0x10))
                0x20008000                PROVIDE (__cy_stack, (ORIGIN (ram) + LENGTH (ram)))
                [!provide]                PROVIDE (__cy_heap_end, (__cy_stack - 0x800))

.cybootloader   0x00000000        0x0
 *(.cybootloader)
                0x00000000                appl1_start = CY_APPL_ORIGIN?CY_APPL_ORIGIN:ALIGN (CY_FLASH_ROW_SIZE)
                0x0001ff00                appl2_start = (appl1_start + ALIGN ((((LENGTH (rom) - appl1_start) - (0x2 * CY_FLASH_ROW_SIZE)) / 0x2), CY_FLASH_ROW_SIZE))
                0x00000000                appl_start = (CY_APPL_NUM == 0x1)?appl1_start:appl2_start
                0x00000000                ecc_offset = ((appl_start / CY_FLASH_ROW_SIZE) * CY_ECC_ROW_SIZE)
                0x00000000                ee_offset = (CY_APPL_LOADABLE && ! (CY_EE_IN_BTLDR))?((CY_EE_SIZE / CY_APPL_MAX) * (CY_APPL_NUM - 0x1)):0x0
                0x00000800                ee_size = (CY_APPL_LOADABLE && ! (CY_EE_IN_BTLDR))?(CY_EE_SIZE / CY_APPL_MAX):CY_EE_SIZE
                [!provide]                PROVIDE (CY_ECC_OFFSET, ecc_offset)

.text           0x00000000     0x5474
 CREATE_OBJECT_SYMBOLS
                0x00000000                PROVIDE (__cy_interrupt_vector, RomVectors)
 *(.romvectors)
 .romvectors    0x00000000       0x10 .\CortexM3\ARM_GCC_541\Debug\Cm3Start.o
                0x00000000                RomVectors
                0x00000001                ASSERT ((. != __cy_interrupt_vector), No interrupt vector)
                0x00000001                ASSERT (CY_APPL_ORIGIN?(SIZEOF (.cybootloader) <= CY_APPL_ORIGIN):0x1, Wrong image location)
                0x00000010                PROVIDE (__cy_reset, Reset)
 *(.text.Reset)
 .text.Reset    0x00000010       0x18 .\CortexM3\ARM_GCC_541\Debug\Cm3Start.o
                0x00000010                Reset
                0x00000001                ASSERT ((. != __cy_reset), No reset code)
 *(.dma_init)
                0x00000001                ASSERT ((((appl_start + .) <= 0x10000) || 0x1), DMA Init must be within the first 64k of flash)
 *(.text .text.* .gnu.linkonce.t.*)
 .text          0x00000028       0x5c c:/program files (x86)/cypress/psoc creator/4.4/psoc creator/import/gnu/arm/5.4.1/bin/../lib/gcc/arm-none-eabi/5.4.1/armv7-m/crtbegin.o
 .text.App_TaskStart
                0x00000084       0x64 .\CortexM3\ARM_GCC_541\Debug\app.o
 .text.main     0x000000e8       0x60 .\CortexM3\ARM_GCC_541\Debug\app.o
                0x000000e8                main
 .text.Log_LevelToString
                0x00000148       0xac .\CortexM3\ARM_GCC_541\Debug\log_task.o
 .text.Log_PrintErrorWithCode
                0x000001f4       0x2c .\CortexM3\ARM_GCC_541\Debug\log_task.o
 .text.Log_Task
                0x00000220       0xe8 .\CortexM3\ARM_GCC_541\Debug\log_task.o
 .text.Log_Init
                0x00000308       0x58 .\CortexM3\ARM_GCC_541\Debug\log_task.o
                0x00000308                Log_Init
 .text.Log_Write
                0x00000360       0xbc .\CortexM3\ARM_GCC_541\Debug\log_task.o
                0x00000360                Log_Write
 .text.MAX30102_Init
                0x0000041c       0x78 .\CortexM3\ARM_GCC_541\Debug\heartbeatSensor.o
                0x0000041c                MAX30102_Init
 .text.updateHeartRate
                0x00000494       0xc8 .\CortexM3\ARM_GCC_541\Debug\heartbeatSensor.o
                0x00000494                updateHeartRate
 .text.calculateSpO2
                0x0000055c       0x58 .\CortexM3\ARM_GCC_541\Debug\heartbeatSensor.o
                0x0000055c                calculateSpO2
 .text.updateSpO2
                0x000005b4       0x20 .\CortexM3\ARM_GCC_541\Debug\heartbeatSensor.o
                0x000005b4                updateSpO2
 .text.averageDCEstimator
                0x000005d4       0x14 .\CortexM3\ARM_GCC_541\Debug\heartbeatSensor.o
                0x000005d4                averageDCEstimator
 .text.mul16    0x000005e8        0x8 .\CortexM3\ARM_GCC_541\Debug\heartbeatSensor.o
                0x000005e8                mul16
 .text.lowPassFIRFilter
                0x000005f0       0x80 .\CortexM3\ARM_GCC_541\Debug\heartbeatSensor.o
                0x000005f0                lowPassFIRFilter
 .text.processSignals
                0x00000670       0x48 .\CortexM3\ARM_GCC_541\Debug\heartbeatSensor.o
                0x00000670                processSignals
 .text.max30102_Task
                0x000006b8       0x7c .\CortexM3\ARM_GCC_541\Debug\heartbeatSensor.o
 .text.BSP_PreInit
                0x00000734       0x20 .\CortexM3\ARM_GCC_541\Debug\bsp.o
                0x00000734                BSP_PreInit
 .text.BSP_PostInit
                0x00000754        0xc .\CortexM3\ARM_GCC_541\Debug\bsp.o
                0x00000754                BSP_PostInit
 .text.BSP_CPU_ClkFreq
                0x00000760        0x8 .\CortexM3\ARM_GCC_541\Debug\bsp.o
                0x00000760                BSP_CPU_ClkFreq
 .text.BSP_CPU_TickInit
                0x00000768       0x18 .\CortexM3\ARM_GCC_541\Debug\bsp.o
                0x00000768                BSP_CPU_TickInit
 .text.CPU_TS_TmrInit
                0x00000780       0x28 .\CortexM3\ARM_GCC_541\Debug\cpu_bsp.o
                0x00000780                CPU_TS_TmrInit
 .text.CPU_TS_TmrRd
                0x000007a8        0xc .\CortexM3\ARM_GCC_541\Debug\cpu_bsp.o
                0x000007a8                CPU_TS_TmrRd
 .text.init_uart
                0x000007b4        0x8 .\CortexM3\ARM_GCC_541\Debug\bsp_uart.o
                0x000007b4                init_uart
 .text.init_gpio
                0x000007bc       0x1c .\CortexM3\ARM_GCC_541\Debug\bsp_gpio.o
                0x000007bc                init_gpio
 .text.Timer_ISR
                0x000007d8       0x10 .\CortexM3\ARM_GCC_541\Debug\bsp_i2c.o
                0x000007d8                Timer_ISR
 .text.I2C_Init
                0x000007e8       0x34 .\CortexM3\ARM_GCC_541\Debug\bsp_i2c.o
                0x000007e8                I2C_Init
 .text.bsp_i2c_read
                0x0000081c       0x68 .\CortexM3\ARM_GCC_541\Debug\bsp_i2c.o
                0x0000081c                bsp_i2c_read
 .text.bsp_i2c_write
                0x00000884       0x44 .\CortexM3\ARM_GCC_541\Debug\bsp_i2c.o
                0x00000884                bsp_i2c_write
 .text.CPU_TS_Init
                0x000008c8       0x14 .\CortexM3\ARM_GCC_541\Debug\cpu_core.o
 .text.CPU_NameClr
                0x000008dc       0x1c .\CortexM3\ARM_GCC_541\Debug\cpu_core.o
                0x000008dc                CPU_NameClr
 .text.CPU_NameInit
                0x000008f8        0x8 .\CortexM3\ARM_GCC_541\Debug\cpu_core.o
 .text.CPU_Init
                0x00000900        0xc .\CortexM3\ARM_GCC_541\Debug\cpu_core.o
                0x00000900                CPU_Init
 .text.CPU_TS_TmrFreqSet
                0x0000090c        0xc .\CortexM3\ARM_GCC_541\Debug\cpu_core.o
                0x0000090c                CPU_TS_TmrFreqSet
 .text.Mem_Set  0x00000918       0x44 .\CortexM3\ARM_GCC_541\Debug\lib_mem.o
                0x00000918                Mem_Set
 .text.Mem_Clr  0x0000095c        0xc .\CortexM3\ARM_GCC_541\Debug\lib_mem.o
                0x0000095c                Mem_Clr
 .text.OSIdleTaskHook
                0x00000968       0x10 .\CortexM3\ARM_GCC_541\Debug\os_cpu_c.o
                0x00000968                OSIdleTaskHook
 .text.OSInitHook
                0x00000978       0x3c .\CortexM3\ARM_GCC_541\Debug\os_cpu_c.o
                0x00000978                OSInitHook
 .text.OSStatTaskHook
                0x000009b4       0x10 .\CortexM3\ARM_GCC_541\Debug\os_cpu_c.o
                0x000009b4                OSStatTaskHook
 .text.OSTaskCreateHook
                0x000009c4       0x10 .\CortexM3\ARM_GCC_541\Debug\os_cpu_c.o
                0x000009c4                OSTaskCreateHook
 .text.OSTaskDelHook
                0x000009d4       0x10 .\CortexM3\ARM_GCC_541\Debug\os_cpu_c.o
                0x000009d4                OSTaskDelHook
 .text.OSTaskReturnHook
                0x000009e4       0x10 .\CortexM3\ARM_GCC_541\Debug\os_cpu_c.o
                0x000009e4                OSTaskReturnHook
 .text.OSTaskStkInit
                0x000009f4       0x88 .\CortexM3\ARM_GCC_541\Debug\os_cpu_c.o
                0x000009f4                OSTaskStkInit
 .text.OSTaskSwHook
                0x00000a7c       0x40 .\CortexM3\ARM_GCC_541\Debug\os_cpu_c.o
                0x00000a7c                OSTaskSwHook
 .text.OSTimeTickHook
                0x00000abc       0x10 .\CortexM3\ARM_GCC_541\Debug\os_cpu_c.o
                0x00000abc                OSTimeTickHook
 .text.OS_CPU_SysTickHandler
                0x00000acc       0x20 .\CortexM3\ARM_GCC_541\Debug\os_cpu_c.o
                0x00000acc                OS_CPU_SysTickHandler
 .text.OS_CPU_SysTickInit
                0x00000aec       0x30 .\CortexM3\ARM_GCC_541\Debug\os_cpu_c.o
                0x00000aec                OS_CPU_SysTickInit
 .text.OS_PrioInit
                0x00000b1c       0x18 .\CortexM3\ARM_GCC_541\Debug\os_prio.o
                0x00000b1c                OS_PrioInit
 .text.OS_PrioGetHighest
                0x00000b34       0x24 .\CortexM3\ARM_GCC_541\Debug\os_prio.o
                0x00000b34                OS_PrioGetHighest
 .text.OS_PrioInsert
                0x00000b58       0x24 .\CortexM3\ARM_GCC_541\Debug\os_prio.o
                0x00000b58                OS_PrioInsert
 .text.OS_PrioRemove
                0x00000b7c       0x24 .\CortexM3\ARM_GCC_541\Debug\os_prio.o
                0x00000b7c                OS_PrioRemove
 .text.OSQPend  0x00000ba0      0x164 .\CortexM3\ARM_GCC_541\Debug\os_q.o
                0x00000ba0                OSQPend
 .text.OS_QDbgListAdd
                0x00000d04       0x24 .\CortexM3\ARM_GCC_541\Debug\os_q.o
                0x00000d04                OS_QDbgListAdd
 .text.OSQCreate
                0x00000d28       0x7c .\CortexM3\ARM_GCC_541\Debug\os_q.o
                0x00000d28                OSQCreate
 .text.OS_QInit
                0x00000da4       0x18 .\CortexM3\ARM_GCC_541\Debug\os_q.o
                0x00000da4                OS_QInit
 .text.OS_QPost
                0x00000dbc       0x84 .\CortexM3\ARM_GCC_541\Debug\os_q.o
                0x00000dbc                OS_QPost
 .text.OSQPost  0x00000e40       0x74 .\CortexM3\ARM_GCC_541\Debug\os_q.o
                0x00000e40                OSQPost
 .text.OSSemPend
                0x00000eb4      0x128 .\CortexM3\ARM_GCC_541\Debug\os_sem.o
                0x00000eb4                OSSemPend
 .text.OS_SemDbgListAdd
                0x00000fdc       0x24 .\CortexM3\ARM_GCC_541\Debug\os_sem.o
                0x00000fdc                OS_SemDbgListAdd
 .text.OSSemCreate
                0x00001000       0x68 .\CortexM3\ARM_GCC_541\Debug\os_sem.o
                0x00001000                OSSemCreate
 .text.OS_SemInit
                0x00001068       0x18 .\CortexM3\ARM_GCC_541\Debug\os_sem.o
                0x00001068                OS_SemInit
 .text.OS_SemPost
                0x00001080       0x88 .\CortexM3\ARM_GCC_541\Debug\os_sem.o
                0x00001080                OS_SemPost
 .text.OSSemPost
                0x00001108       0x48 .\CortexM3\ARM_GCC_541\Debug\os_sem.o
                0x00001108                OSSemPost
 .text.OSStatReset
                0x00001150       0xb8 .\CortexM3\ARM_GCC_541\Debug\os_stat.o
                0x00001150                OSStatReset
 .text.OS_StatTask
                0x00001208      0x230 .\CortexM3\ARM_GCC_541\Debug\os_stat.o
                0x00001208                OS_StatTask
 .text.OS_StatTaskInit
                0x00001438       0xa8 .\CortexM3\ARM_GCC_541\Debug\os_stat.o
                0x00001438                OS_StatTaskInit
 .text.OSTaskSemPend
                0x000014e0      0x130 .\CortexM3\ARM_GCC_541\Debug\os_task.o
                0x000014e0                OSTaskSemPend
 .text.OSTaskStkChk
                0x00001610       0x90 .\CortexM3\ARM_GCC_541\Debug\os_task.o
                0x00001610                OSTaskStkChk
 .text.OS_TaskDbgListAdd
                0x000016a0       0x24 .\CortexM3\ARM_GCC_541\Debug\os_task.o
                0x000016a0                OS_TaskDbgListAdd
 .text.OS_TaskDbgListRemove
                0x000016c4       0x44 .\CortexM3\ARM_GCC_541\Debug\os_task.o
                0x000016c4                OS_TaskDbgListRemove
 .text.OS_TaskInit
                0x00001708       0x20 .\CortexM3\ARM_GCC_541\Debug\os_task.o
                0x00001708                OS_TaskInit
 .text.OS_TaskInitTCB
                0x00001728       0xcc .\CortexM3\ARM_GCC_541\Debug\os_task.o
                0x00001728                OS_TaskInitTCB
 .text.OSTaskCreate
                0x000017f4      0x1a8 .\CortexM3\ARM_GCC_541\Debug\os_task.o
                0x000017f4                OSTaskCreate
 .text.OSTaskDel
                0x0000199c       0xcc .\CortexM3\ARM_GCC_541\Debug\os_task.o
                0x0000199c                OSTaskDel
 .text.OS_TaskReturn
                0x00001a68       0x20 .\CortexM3\ARM_GCC_541\Debug\os_task.o
                0x00001a68                OS_TaskReturn
 .text.OS_TaskSemPost
                0x00001a88       0xc0 .\CortexM3\ARM_GCC_541\Debug\os_task.o
                0x00001a88                OS_TaskSemPost
 .text.OSTaskSemPost
                0x00001b48       0x2c .\CortexM3\ARM_GCC_541\Debug\os_task.o
                0x00001b48                OSTaskSemPost
 .text.OS_TickListInit
                0x00001b74       0x2c .\CortexM3\ARM_GCC_541\Debug\os_tick.o
                0x00001b74                OS_TickListInit
 .text.OS_TickTaskInit
                0x00001ba0       0x98 .\CortexM3\ARM_GCC_541\Debug\os_tick.o
                0x00001ba0                OS_TickTaskInit
 .text.OS_TickListInsert
                0x00001c38      0x120 .\CortexM3\ARM_GCC_541\Debug\os_tick.o
                0x00001c38                OS_TickListInsert
 .text.OS_TickListRemove
                0x00001d58       0x38 .\CortexM3\ARM_GCC_541\Debug\os_tick.o
                0x00001d58                OS_TickListRemove
 .text.OS_TickListResetPeak
                0x00001d90       0x24 .\CortexM3\ARM_GCC_541\Debug\os_tick.o
                0x00001d90                OS_TickListResetPeak
 .text.OS_TickListUpdate
                0x00001db4      0x144 .\CortexM3\ARM_GCC_541\Debug\os_tick.o
                0x00001db4                OS_TickListUpdate
 .text.OS_TickTask
                0x00001ef8       0x2c .\CortexM3\ARM_GCC_541\Debug\os_tick.o
                0x00001ef8                OS_TickTask
 .text.OSTimeDly
                0x00001f24       0x94 .\CortexM3\ARM_GCC_541\Debug\os_time.o
                0x00001f24                OSTimeDly
 .text.OSTimeDlyHMSM
                0x00001fb8      0x164 .\CortexM3\ARM_GCC_541\Debug\os_time.o
                0x00001fb8                OSTimeDlyHMSM
 .text.OSTimeTick
                0x0000211c       0x64 .\CortexM3\ARM_GCC_541\Debug\os_time.o
                0x0000211c                OSTimeTick
 .text.OS_TmrInit
                0x00002180      0x100 .\CortexM3\ARM_GCC_541\Debug\os_tmr.o
                0x00002180                OS_TmrInit
 .text.OS_TmrLink
                0x00002280       0xe8 .\CortexM3\ARM_GCC_541\Debug\os_tmr.o
                0x00002280                OS_TmrLink
 .text.OS_TmrResetPeak
                0x00002368       0x24 .\CortexM3\ARM_GCC_541\Debug\os_tmr.o
                0x00002368                OS_TmrResetPeak
 .text.OS_TmrUnlink
                0x0000238c       0x58 .\CortexM3\ARM_GCC_541\Debug\os_tmr.o
                0x0000238c                OS_TmrUnlink
 .text.OS_TmrTask
                0x000023e4       0xb0 .\CortexM3\ARM_GCC_541\Debug\os_tmr.o
                0x000023e4                OS_TmrTask
 .text.OSCfg_Init
                0x00002494        0x4 .\CortexM3\ARM_GCC_541\Debug\os_cfg_app.o
                0x00002494                OSCfg_Init
 .text.OS_IdleTask
                0x00002498       0x28 .\CortexM3\ARM_GCC_541\Debug\os_core.o
                0x00002498                OS_IdleTask
 .text.OSIntExit
                0x000024c0       0xa8 .\CortexM3\ARM_GCC_541\Debug\os_core.o
                0x000024c0                OSIntExit
 .text.OSSched  0x00002568       0x80 .\CortexM3\ARM_GCC_541\Debug\os_core.o
                0x00002568                OSSched
 .text.OSSchedLock
                0x000025e8       0x54 .\CortexM3\ARM_GCC_541\Debug\os_core.o
                0x000025e8                OSSchedLock
 .text.OSSchedUnlock
                0x0000263c       0x68 .\CortexM3\ARM_GCC_541\Debug\os_core.o
                0x0000263c                OSSchedUnlock
 .text.OSStart  0x000026a4       0x5c .\CortexM3\ARM_GCC_541\Debug\os_core.o
                0x000026a4                OSStart
 .text.OS_IdleTaskInit
                0x00002700       0x58 .\CortexM3\ARM_GCC_541\Debug\os_core.o
                0x00002700                OS_IdleTaskInit
 .text.OS_PendDataInit
                0x00002758       0x28 .\CortexM3\ARM_GCC_541\Debug\os_core.o
                0x00002758                OS_PendDataInit
 .text.OS_PendDbgNameAdd
                0x00002780       0x44 .\CortexM3\ARM_GCC_541\Debug\os_core.o
                0x00002780                OS_PendDbgNameAdd
 .text.OS_PendDbgNameRemove
                0x000027c4       0x1c .\CortexM3\ARM_GCC_541\Debug\os_core.o
                0x000027c4                OS_PendDbgNameRemove
 .text.OS_PendListInit
                0x000027e0        0xc .\CortexM3\ARM_GCC_541\Debug\os_core.o
                0x000027e0                OS_PendListInit
 .text.OS_PendListInsertPrio
                0x000027ec       0x5c .\CortexM3\ARM_GCC_541\Debug\os_core.o
                0x000027ec                OS_PendListInsertPrio
 .text.OS_PendListRemove1
                0x00002848       0x38 .\CortexM3\ARM_GCC_541\Debug\os_core.o
                0x00002848                OS_PendListRemove1
 .text.OS_PendListRemove
                0x00002880       0x28 .\CortexM3\ARM_GCC_541\Debug\os_core.o
                0x00002880                OS_PendListRemove
 .text.OS_Post1
                0x000028a8       0x28 .\CortexM3\ARM_GCC_541\Debug\os_core.o
                0x000028a8                OS_Post1
 .text.OS_RdyListInit
                0x000028d0       0x28 .\CortexM3\ARM_GCC_541\Debug\os_core.o
                0x000028d0                OS_RdyListInit
 .text.OSInit   0x000028f8      0x154 .\CortexM3\ARM_GCC_541\Debug\os_core.o
                0x000028f8                OSInit
 .text.OS_RdyListInsertHead
                0x00002a4c       0x54 .\CortexM3\ARM_GCC_541\Debug\os_core.o
                0x00002a4c                OS_RdyListInsertHead
 .text.OS_RdyListInsertTail
                0x00002aa0       0x54 .\CortexM3\ARM_GCC_541\Debug\os_core.o
                0x00002aa0                OS_RdyListInsertTail
 .text.OS_RdyListInsert
                0x00002af4       0x2c .\CortexM3\ARM_GCC_541\Debug\os_core.o
                0x00002af4                OS_RdyListInsert
 .text.OS_RdyListMoveHeadToTail
                0x00002b20       0x38 .\CortexM3\ARM_GCC_541\Debug\os_core.o
                0x00002b20                OS_RdyListMoveHeadToTail
 .text.OS_RdyListRemove
                0x00002b58       0x78 .\CortexM3\ARM_GCC_541\Debug\os_core.o
                0x00002b58                OS_RdyListRemove
 .text.OS_SchedRoundRobin
                0x00002bd0       0x88 .\CortexM3\ARM_GCC_541\Debug\os_core.o
                0x00002bd0                OS_SchedRoundRobin
 .text.OS_TaskBlock
                0x00002c58       0x3c .\CortexM3\ARM_GCC_541\Debug\os_core.o
                0x00002c58                OS_TaskBlock
 .text.OS_Pend  0x00002c94       0x54 .\CortexM3\ARM_GCC_541\Debug\os_core.o
                0x00002c94                OS_Pend
 .text.OS_TaskRdy
                0x00002ce8       0x1c .\CortexM3\ARM_GCC_541\Debug\os_core.o
                0x00002ce8                OS_TaskRdy
 .text.OS_Post  0x00002d04       0xac .\CortexM3\ARM_GCC_541\Debug\os_core.o
                0x00002d04                OS_Post
 .text.OS_Dbg_Init
                0x00002db0        0x4 .\CortexM3\ARM_GCC_541\Debug\os_dbg.o
                0x00002db0                OS_Dbg_Init
 .text.OS_FlagInit
                0x00002db4       0x18 .\CortexM3\ARM_GCC_541\Debug\os_flag.o
                0x00002db4                OS_FlagInit
 .text.OSMemGet
                0x00002dcc       0x3c .\CortexM3\ARM_GCC_541\Debug\os_mem.o
                0x00002dcc                OSMemGet
 .text.OSMemPut
                0x00002e08       0x4c .\CortexM3\ARM_GCC_541\Debug\os_mem.o
                0x00002e08                OSMemPut
 .text.OS_MemDbgListAdd
                0x00002e54       0x1c .\CortexM3\ARM_GCC_541\Debug\os_mem.o
                0x00002e54                OS_MemDbgListAdd
 .text.OSMemCreate
                0x00002e70       0xe0 .\CortexM3\ARM_GCC_541\Debug\os_mem.o
                0x00002e70                OSMemCreate
 .text.OS_MemInit
                0x00002f50       0x18 .\CortexM3\ARM_GCC_541\Debug\os_mem.o
                0x00002f50                OS_MemInit
 .text.OS_MsgPoolInit
                0x00002f68       0x68 .\CortexM3\ARM_GCC_541\Debug\os_msg.o
                0x00002f68                OS_MsgPoolInit
 .text.OS_MsgQFreeAll
                0x00002fd0       0x34 .\CortexM3\ARM_GCC_541\Debug\os_msg.o
                0x00002fd0                OS_MsgQFreeAll
 .text.OS_MsgQInit
                0x00003004       0x10 .\CortexM3\ARM_GCC_541\Debug\os_msg.o
                0x00003004                OS_MsgQInit
 .text.OS_MsgQGet
                0x00003014       0x5c .\CortexM3\ARM_GCC_541\Debug\os_msg.o
                0x00003014                OS_MsgQGet
 .text.OS_MsgQPut
                0x00003070       0x94 .\CortexM3\ARM_GCC_541\Debug\os_msg.o
                0x00003070                OS_MsgQPut
 .text.OS_MutexInit
                0x00003104       0x18 .\CortexM3\ARM_GCC_541\Debug\os_mutex.o
                0x00003104                OS_MutexInit
 .text.bsp_delay_ms
                0x0000311c       0x6c .\CortexM3\ARM_GCC_541\Debug\max30102_interface.o
                0x0000311c                bsp_delay_ms
 .text.bsp_i2c_deinit
                0x00003188       0x14 .\CortexM3\ARM_GCC_541\Debug\max30102_interface.o
 .text.bsp_i2c_init
                0x0000319c       0x14 .\CortexM3\ARM_GCC_541\Debug\max30102_interface.o
 .text.bsp_debug_print
                0x000031b0       0x28 .\CortexM3\ARM_GCC_541\Debug\max30102_interface.o
                0x000031b0                bsp_debug_print
 .text.max30102_receive_callback
                0x000031d8       0x40 .\CortexM3\ARM_GCC_541\Debug\max30102_interface.o
                0x000031d8                max30102_receive_callback
 .text.max30102_sensor_init
                0x00003218      0x1d8 .\CortexM3\ARM_GCC_541\Debug\max30102_interface.o
                0x00003218                max30102_sensor_init
 .text.max30102_init
                0x000033f0      0x1ec .\CortexM3\ARM_GCC_541\Debug\driver_max30102.o
                0x000033f0                max30102_init
 .text.max30102_read
                0x000035dc      0x1f8 .\CortexM3\ARM_GCC_541\Debug\driver_max30102.o
                0x000035dc                max30102_read
 .text.max30102_set_interrupt
                0x000037d4       0xcc .\CortexM3\ARM_GCC_541\Debug\driver_max30102.o
                0x000037d4                max30102_set_interrupt
 .text.max30102_set_fifo_sample_averaging
                0x000038a0       0x68 .\CortexM3\ARM_GCC_541\Debug\driver_max30102.o
                0x000038a0                max30102_set_fifo_sample_averaging
 .text.max30102_set_fifo_roll
                0x00003908       0x68 .\CortexM3\ARM_GCC_541\Debug\driver_max30102.o
                0x00003908                max30102_set_fifo_roll
 .text.max30102_set_mode
                0x00003970       0x64 .\CortexM3\ARM_GCC_541\Debug\driver_max30102.o
                0x00003970                max30102_set_mode
 .text.max30102_set_spo2_adc_range
                0x000039d4       0x68 .\CortexM3\ARM_GCC_541\Debug\driver_max30102.o
                0x000039d4                max30102_set_spo2_adc_range
 .text.max30102_set_spo2_sample_rate
                0x00003a3c       0x68 .\CortexM3\ARM_GCC_541\Debug\driver_max30102.o
                0x00003a3c                max30102_set_spo2_sample_rate
 .text.max30102_set_adc_resolution
                0x00003aa4       0x64 .\CortexM3\ARM_GCC_541\Debug\driver_max30102.o
                0x00003aa4                max30102_set_adc_resolution
 .text.max30102_set_led_red_pulse_amplitude
                0x00003b08       0x40 .\CortexM3\ARM_GCC_541\Debug\driver_max30102.o
                0x00003b08                max30102_set_led_red_pulse_amplitude
 .text.max30102_set_led_ir_pulse_amplitude
                0x00003b48       0x40 .\CortexM3\ARM_GCC_541\Debug\driver_max30102.o
                0x00003b48                max30102_set_led_ir_pulse_amplitude
 .text.max30102_set_slot
                0x00003b88      0x150 .\CortexM3\ARM_GCC_541\Debug\driver_max30102.o
                0x00003b88                max30102_set_slot
 .text.CyClockStartupError
                0x00003cd8        0x4 .\CortexM3\ARM_GCC_541\Debug\cyfitter_cfg.o
 .text.cfg_write_bytes32
                0x00003cdc       0x34 .\CortexM3\ARM_GCC_541\Debug\cyfitter_cfg.o
 .text.AnalogSetDefault
                0x00003d10       0x28 .\CortexM3\ARM_GCC_541\Debug\cyfitter_cfg.o
 .text.CYMEMZERO
                0x00003d38        0xc .\CortexM3\ARM_GCC_541\Debug\cyfitter_cfg.o
 .text.ClockSetup
                0x00003d44       0xc4 .\CortexM3\ARM_GCC_541\Debug\cyfitter_cfg.o
 .text.CYCONFIGCPY
                0x00003e08        0x8 .\CortexM3\ARM_GCC_541\Debug\cyfitter_cfg.o
 .text.cyfitter_cfg
                0x00003e10      0x13c .\CortexM3\ARM_GCC_541\Debug\cyfitter_cfg.o
                0x00003e10                cyfitter_cfg
 .text.IntDefaultHandler
                0x00003f4c       0x10 .\CortexM3\ARM_GCC_541\Debug\Cm3Start.o
                0x00003f4c                IntDefaultHandler
 .text._sbrk    0x00003f5c       0x30 .\CortexM3\ARM_GCC_541\Debug\Cm3Start.o
                0x00003f5c                _sbrk
 .text.Start_c  0x00003f8c       0x4c .\CortexM3\ARM_GCC_541\Debug\Cm3Start.o
                0x00003f8c                Start_c
 .text.initialize_psoc
                0x00003fd8       0x6c .\CortexM3\ARM_GCC_541\Debug\Cm3Start.o
                0x00003fd8                initialize_psoc
 .text          0x00004044       0x34 .\CortexM3\ARM_GCC_541\Debug\cpu_a.o
                0x00004044                CPU_IntDis
                0x00004048                CPU_IntEn
                0x0000404c                CPU_SR_Save
                0x00004054                CPU_SR_Restore
                0x0000405a                CPU_WaitForInt
                0x0000405e                CPU_WaitForExcept
                0x00004062                CPU_CntLeadZeros
                0x00004068                CPU_CntTrailZeros
                0x00004072                CPU_RevBits
 .text          0x00004078       0x84 .\CortexM3\ARM_GCC_541\Debug\os_cpu_a.o
                0x00004078                OSStartHighRdy
                0x00004098                OS_CPU_PendSVHandler
 .text.UART_1_Init
                0x000040fc       0x5c .\CortexM3\ARM_GCC_541\Debug\esw_uCOS3_cykit.a(UART_1.o)
                0x000040fc                UART_1_Init
 .text.UART_1_Enable
                0x00004158       0x50 .\CortexM3\ARM_GCC_541\Debug\esw_uCOS3_cykit.a(UART_1.o)
                0x00004158                UART_1_Enable
 .text.UART_1_Start
                0x000041a8       0x1c .\CortexM3\ARM_GCC_541\Debug\esw_uCOS3_cykit.a(UART_1.o)
                0x000041a8                UART_1_Start
 .text.UART_1_PutChar
                0x000041c4       0x70 .\CortexM3\ARM_GCC_541\Debug\esw_uCOS3_cykit.a(UART_1.o)
                0x000041c4                UART_1_PutChar
 .text.UART_1_PutString
                0x00004234       0x24 .\CortexM3\ARM_GCC_541\Debug\esw_uCOS3_cykit.a(UART_1.o)
                0x00004234                UART_1_PutString
 .text.UART_1_RXISR
                0x00004258       0x98 .\CortexM3\ARM_GCC_541\Debug\esw_uCOS3_cykit.a(UART_1_INT.o)
                0x00004258                UART_1_RXISR
 .text.UART_1_TXISR
                0x000042f0       0x58 .\CortexM3\ARM_GCC_541\Debug\esw_uCOS3_cykit.a(UART_1_INT.o)
                0x000042f0                UART_1_TXISR
 .text.Pin_1_SetDriveMode
                0x00004348       0x18 .\CortexM3\ARM_GCC_541\Debug\esw_uCOS3_cykit.a(Pin_1.o)
                0x00004348                Pin_1_SetDriveMode
 .text.UART_1_IntClock_Start
                0x00004360       0x1c .\CortexM3\ARM_GCC_541\Debug\esw_uCOS3_cykit.a(UART_1_IntClock.o)
                0x00004360                UART_1_IntClock_Start
 .text.CyDmacConfigure
                0x0000437c       0x34 .\CortexM3\ARM_GCC_541\Debug\esw_uCOS3_cykit.a(CyDmac.o)
                0x0000437c                CyDmacConfigure
 .text.CyHalt   0x000043b0        0x4 .\CortexM3\ARM_GCC_541\Debug\esw_uCOS3_cykit.a(CyLib.o)
                0x000043b0                CyHalt
 .text.CyIntSetVector
                0x000043b4       0x28 .\CortexM3\ARM_GCC_541\Debug\esw_uCOS3_cykit.a(CyLib.o)
                0x000043b4                CyIntSetVector
 .text.CyIntSetPriority
                0x000043dc       0x30 .\CortexM3\ARM_GCC_541\Debug\esw_uCOS3_cykit.a(CyLib.o)
                0x000043dc                CyIntSetPriority
 .text.Pin_2_SetDriveMode
                0x0000440c       0x24 .\CortexM3\ARM_GCC_541\Debug\esw_uCOS3_cykit.a(Pin_2.o)
                0x0000440c                Pin_2_SetDriveMode
 .text.push_button_Write
                0x00004430       0x18 .\CortexM3\ARM_GCC_541\Debug\esw_uCOS3_cykit.a(push_button.o)
                0x00004430                push_button_Write
 .text.push_button_SetDriveMode
                0x00004448       0x18 .\CortexM3\ARM_GCC_541\Debug\esw_uCOS3_cykit.a(push_button.o)
                0x00004448                push_button_SetDriveMode
 .text.I2C_1_Init
                0x00004460       0x68 .\CortexM3\ARM_GCC_541\Debug\esw_uCOS3_cykit.a(I2C_1.o)
                0x00004460                I2C_1_Init
 .text.I2C_1_Enable
                0x000044c8       0x24 .\CortexM3\ARM_GCC_541\Debug\esw_uCOS3_cykit.a(I2C_1.o)
                0x000044c8                I2C_1_Enable
 .text.I2C_1_Start
                0x000044ec       0x28 .\CortexM3\ARM_GCC_541\Debug\esw_uCOS3_cykit.a(I2C_1.o)
                0x000044ec                I2C_1_Start
 .text.I2C_1_ISR
                0x00004514      0x2d0 .\CortexM3\ARM_GCC_541\Debug\esw_uCOS3_cykit.a(I2C_1_INT.o)
                0x00004514                I2C_1_ISR
 .text.I2C_1_MasterSendStart
                0x000047e4       0x80 .\CortexM3\ARM_GCC_541\Debug\esw_uCOS3_cykit.a(I2C_1_MASTER.o)
                0x000047e4                I2C_1_MasterSendStart
 .text.I2C_1_MasterSendRestart
                0x00004864       0x6c .\CortexM3\ARM_GCC_541\Debug\esw_uCOS3_cykit.a(I2C_1_MASTER.o)
                0x00004864                I2C_1_MasterSendRestart
 .text.I2C_1_MasterSendStop
                0x000048d0       0x38 .\CortexM3\ARM_GCC_541\Debug\esw_uCOS3_cykit.a(I2C_1_MASTER.o)
                0x000048d0                I2C_1_MasterSendStop
 .text.I2C_1_MasterWriteByte
                0x00004908       0x58 .\CortexM3\ARM_GCC_541\Debug\esw_uCOS3_cykit.a(I2C_1_MASTER.o)
                0x00004908                I2C_1_MasterWriteByte
 .text.I2C_1_MasterReadByte
                0x00004960       0x58 .\CortexM3\ARM_GCC_541\Debug\esw_uCOS3_cykit.a(I2C_1_MASTER.o)
                0x00004960                I2C_1_MasterReadByte
 .text.Timer_1_Enable
                0x000049b8       0x28 .\CortexM3\ARM_GCC_541\Debug\esw_uCOS3_cykit.a(Timer_1.o)
                0x000049b8                Timer_1_Enable
 .text.Timer_1_SetInterruptMode
                0x000049e0        0xc .\CortexM3\ARM_GCC_541\Debug\esw_uCOS3_cykit.a(Timer_1.o)
                0x000049e0                Timer_1_SetInterruptMode
 .text.Timer_1_WritePeriod
                0x000049ec        0xc .\CortexM3\ARM_GCC_541\Debug\esw_uCOS3_cykit.a(Timer_1.o)
                0x000049ec                Timer_1_WritePeriod
 .text.Timer_1_WriteCounter
                0x000049f8        0xc .\CortexM3\ARM_GCC_541\Debug\esw_uCOS3_cykit.a(Timer_1.o)
                0x000049f8                Timer_1_WriteCounter
 .text.Timer_1_Init
                0x00004a04       0x68 .\CortexM3\ARM_GCC_541\Debug\esw_uCOS3_cykit.a(Timer_1.o)
                0x00004a04                Timer_1_Init
 .text.Timer_1_Start
                0x00004a6c       0x1c .\CortexM3\ARM_GCC_541\Debug\esw_uCOS3_cykit.a(Timer_1.o)
                0x00004a6c                Timer_1_Start
 .text.Timer_ISR_SetVector
                0x00004a88        0xc .\CortexM3\ARM_GCC_541\Debug\esw_uCOS3_cykit.a(Timer_ISR.o)
                0x00004a88                Timer_ISR_SetVector
 .text.Timer_ISR_SetPriority
                0x00004a94       0x10 .\CortexM3\ARM_GCC_541\Debug\esw_uCOS3_cykit.a(Timer_ISR.o)
                0x00004a94                Timer_ISR_SetPriority
 .text.Timer_ISR_Enable
                0x00004aa4        0xc .\CortexM3\ARM_GCC_541\Debug\esw_uCOS3_cykit.a(Timer_ISR.o)
                0x00004aa4                Timer_ISR_Enable
 .text.Timer_ISR_Disable
                0x00004ab0        0xc .\CortexM3\ARM_GCC_541\Debug\esw_uCOS3_cykit.a(Timer_ISR.o)
                0x00004ab0                Timer_ISR_Disable
 .text.Timer_ISR_StartEx
                0x00004abc       0x1c .\CortexM3\ARM_GCC_541\Debug\esw_uCOS3_cykit.a(Timer_ISR.o)
                0x00004abc                Timer_ISR_StartEx
 .text          0x00004ad8       0x20 .\CortexM3\ARM_GCC_541\Debug\esw_uCOS3_cykit.a(CyBootAsmGnu.o)
                0x00004ad8                CyDelayCycles
                0x00004ae8                CyEnterCriticalSection
                0x00004af0                CyExitCriticalSection
 .text.__errno  0x00004af8        0xc c:/program files (x86)/cypress/psoc creator/4.4/psoc creator/import/gnu/arm/5.4.1/bin/../lib/gcc/arm-none-eabi/5.4.1/../../../../arm-none-eabi/lib/armv7-m\libg_nano.a(lib_a-errno.o)
                0x00004af8                __errno
 .text.__libc_init_array
                0x00004b04       0x4c c:/program files (x86)/cypress/psoc creator/4.4/psoc creator/import/gnu/arm/5.4.1/bin/../lib/gcc/arm-none-eabi/5.4.1/../../../../arm-none-eabi/lib/armv7-m\libg_nano.a(lib_a-init.o)
                0x00004b04                __libc_init_array
 .text.memcpy   0x00004b50       0x16 c:/program files (x86)/cypress/psoc creator/4.4/psoc creator/import/gnu/arm/5.4.1/bin/../lib/gcc/arm-none-eabi/5.4.1/../../../../arm-none-eabi/lib/armv7-m\libg_nano.a(lib_a-memcpy-stub.o)
                0x00004b50                memcpy
 .text.memset   0x00004b66       0x10 c:/program files (x86)/cypress/psoc creator/4.4/psoc creator/import/gnu/arm/5.4.1/bin/../lib/gcc/arm-none-eabi/5.4.1/../../../../arm-none-eabi/lib/armv7-m\libg_nano.a(lib_a-memset.o)
                0x00004b66                memset
 *fill*         0x00004b76        0x2 
 .text.snprintf
                0x00004b78       0x64 c:/program files (x86)/cypress/psoc creator/4.4/psoc creator/import/gnu/arm/5.4.1/bin/../lib/gcc/arm-none-eabi/5.4.1/../../../../arm-none-eabi/lib/armv7-m\libg_nano.a(lib_a-snprintf.o)
                0x00004b78                sniprintf
                0x00004b78                snprintf
 .text.strncpy  0x00004bdc       0x26 c:/program files (x86)/cypress/psoc creator/4.4/psoc creator/import/gnu/arm/5.4.1/bin/../lib/gcc/arm-none-eabi/5.4.1/../../../../arm-none-eabi/lib/armv7-m\libg_nano.a(lib_a-strncpy.o)
                0x00004bdc                strncpy
 .text._vsnprintf_r
                0x00004c02       0x56 c:/program files (x86)/cypress/psoc creator/4.4/psoc creator/import/gnu/arm/5.4.1/bin/../lib/gcc/arm-none-eabi/5.4.1/../../../../arm-none-eabi/lib/armv7-m\libg_nano.a(lib_a-vsnprintf.o)
                0x00004c02                _vsniprintf_r
                0x00004c02                _vsnprintf_r
 .text.vsnprintf
                0x00004c58       0x1c c:/program files (x86)/cypress/psoc creator/4.4/psoc creator/import/gnu/arm/5.4.1/bin/../lib/gcc/arm-none-eabi/5.4.1/../../../../arm-none-eabi/lib/armv7-m\libg_nano.a(lib_a-vsnprintf.o)
                0x00004c58                vsniprintf
                0x00004c58                vsnprintf
 .text.__ssputs_r
                0x00004c74       0xb2 c:/program files (x86)/cypress/psoc creator/4.4/psoc creator/import/gnu/arm/5.4.1/bin/../lib/gcc/arm-none-eabi/5.4.1/../../../../arm-none-eabi/lib/armv7-m\libg_nano.a(lib_a-nano-svfprintf.o)
                0x00004c74                __ssputs_r
 *fill*         0x00004d26        0x2 
 .text._svfprintf_r
                0x00004d28      0x1e8 c:/program files (x86)/cypress/psoc creator/4.4/psoc creator/import/gnu/arm/5.4.1/bin/../lib/gcc/arm-none-eabi/5.4.1/../../../../arm-none-eabi/lib/armv7-m\libg_nano.a(lib_a-nano-svfprintf.o)
                0x00004d28                _svfiprintf_r
                0x00004d28                _svfprintf_r
 .text._printf_common
                0x00004f10       0xec c:/program files (x86)/cypress/psoc creator/4.4/psoc creator/import/gnu/arm/5.4.1/bin/../lib/gcc/arm-none-eabi/5.4.1/../../../../arm-none-eabi/lib/armv7-m\libg_nano.a(lib_a-nano-vfprintf_i.o)
                0x00004f10                _printf_common
 .text._printf_i
                0x00004ffc      0x24c c:/program files (x86)/cypress/psoc creator/4.4/psoc creator/import/gnu/arm/5.4.1/bin/../lib/gcc/arm-none-eabi/5.4.1/../../../../arm-none-eabi/lib/armv7-m\libg_nano.a(lib_a-nano-vfprintf_i.o)
                0x00004ffc                _printf_i
 .text.memchr   0x00005248       0x1c c:/program files (x86)/cypress/psoc creator/4.4/psoc creator/import/gnu/arm/5.4.1/bin/../lib/gcc/arm-none-eabi/5.4.1/../../../../arm-none-eabi/lib/armv7-m\libg_nano.a(lib_a-memchr-stub.o)
                0x00005248                memchr
 .text.memmove  0x00005264       0x36 c:/program files (x86)/cypress/psoc creator/4.4/psoc creator/import/gnu/arm/5.4.1/bin/../lib/gcc/arm-none-eabi/5.4.1/../../../../arm-none-eabi/lib/armv7-m\libg_nano.a(lib_a-memmove.o)
                0x00005264                memmove
 *fill*         0x0000529a        0x2 
 .text._free_r  0x0000529c       0x98 c:/program files (x86)/cypress/psoc creator/4.4/psoc creator/import/gnu/arm/5.4.1/bin/../lib/gcc/arm-none-eabi/5.4.1/../../../../arm-none-eabi/lib/armv7-m\libg_nano.a(lib_a-nano-freer.o)
                0x0000529c                _free_r
 .text._malloc_r
                0x00005334       0xbc c:/program files (x86)/cypress/psoc creator/4.4/psoc creator/import/gnu/arm/5.4.1/bin/../lib/gcc/arm-none-eabi/5.4.1/../../../../arm-none-eabi/lib/armv7-m\libg_nano.a(lib_a-nano-mallocr.o)
                0x00005334                _malloc_r
 .text._realloc_r
                0x000053f0       0x4c c:/program files (x86)/cypress/psoc creator/4.4/psoc creator/import/gnu/arm/5.4.1/bin/../lib/gcc/arm-none-eabi/5.4.1/../../../../arm-none-eabi/lib/armv7-m\libg_nano.a(lib_a-nano-reallocr.o)
                0x000053f0                _realloc_r
 .text._sbrk_r  0x0000543c       0x20 c:/program files (x86)/cypress/psoc creator/4.4/psoc creator/import/gnu/arm/5.4.1/bin/../lib/gcc/arm-none-eabi/5.4.1/../../../../arm-none-eabi/lib/armv7-m\libg_nano.a(lib_a-sbrkr.o)
                0x0000543c                _sbrk_r
 .text.__malloc_lock
                0x0000545c        0x2 c:/program files (x86)/cypress/psoc creator/4.4/psoc creator/import/gnu/arm/5.4.1/bin/../lib/gcc/arm-none-eabi/5.4.1/../../../../arm-none-eabi/lib/armv7-m\libg_nano.a(lib_a-mlock.o)
                0x0000545c                __malloc_lock
 .text.__malloc_unlock
                0x0000545e        0x2 c:/program files (x86)/cypress/psoc creator/4.4/psoc creator/import/gnu/arm/5.4.1/bin/../lib/gcc/arm-none-eabi/5.4.1/../../../../arm-none-eabi/lib/armv7-m\libg_nano.a(lib_a-mlock.o)
                0x0000545e                __malloc_unlock
 .text._malloc_usable_size_r
                0x00005460       0x14 c:/program files (x86)/cypress/psoc creator/4.4/psoc creator/import/gnu/arm/5.4.1/bin/../lib/gcc/arm-none-eabi/5.4.1/../../../../arm-none-eabi/lib/armv7-m\libg_nano.a(lib_a-nano-msizer.o)
                0x00005460                _malloc_usable_size_r
 *(.plt)
 *(.gnu.warning)
 *(.glue_7t)
 .glue_7t       0x00005474        0x0 linker stubs
 *(.glue_7)
 .glue_7        0x00005474        0x0 linker stubs
 *(.vfp11_veneer)
 .vfp11_veneer  0x00005474        0x0 linker stubs
 *(.bootloader)
 *(.ARM.extab* .gnu.linkonce.armextab.*)
 *(.gcc_except_table)

.v4_bx          0x00005474        0x0
 .v4_bx         0x00005474        0x0 linker stubs

.iplt           0x00005474        0x0
 .iplt          0x00005474        0x0 c:/program files (x86)/cypress/psoc creator/4.4/psoc creator/import/gnu/arm/5.4.1/bin/../lib/gcc/arm-none-eabi/5.4.1/armv7-m/crtbegin.o

.eh_frame_hdr
 *(.eh_frame_hdr)

.eh_frame       0x00005474        0x4
 *(.eh_frame)
 .eh_frame      0x00005474        0x0 c:/program files (x86)/cypress/psoc creator/4.4/psoc creator/import/gnu/arm/5.4.1/bin/../lib/gcc/arm-none-eabi/5.4.1/armv7-m/crtbegin.o
 .eh_frame      0x00005474        0x4 c:/program files (x86)/cypress/psoc creator/4.4/psoc creator/import/gnu/arm/5.4.1/bin/../lib/gcc/arm-none-eabi/5.4.1/armv7-m/crtend.o
                [!provide]                PROVIDE (__exidx_start, .)

.ARM.exidx
 *(.ARM.exidx* .gnu.linkonce.armexidx.*)
                0x00005478                __exidx_end = .

.rodata         0x00005478     0x13a8
 *(.rodata .rodata.* .gnu.linkonce.r.*)
 .rodata.str1.4
                0x00005478       0x4e .\CortexM3\ARM_GCC_541\Debug\app.o
 *fill*         0x000054c6        0x2 
 .rodata.str1.4
                0x000054c8      0x203 .\CortexM3\ARM_GCC_541\Debug\log_task.o
                                0x207 (size before relaxing)
 *fill*         0x000056cb        0x1 
 .rodata        0x000056cc       0x64 .\CortexM3\ARM_GCC_541\Debug\heartbeatSensor.o
 .rodata.str1.4
                0x00005730       0xfd .\CortexM3\ARM_GCC_541\Debug\heartbeatSensor.o
 *fill*         0x0000582d        0x3 
 .rodata.str1.4
                0x00005830       0x86 .\CortexM3\ARM_GCC_541\Debug\bsp_i2c.o
 *fill*         0x000058b6        0x2 
 .rodata.str1.4
                0x000058b8        0x6 .\CortexM3\ARM_GCC_541\Debug\os_q.o
 *fill*         0x000058be        0x2 
 .rodata.str1.4
                0x000058c0        0x5 .\CortexM3\ARM_GCC_541\Debug\os_sem.o
                                  0xa (size before relaxing)
 *fill*         0x000058c5        0x3 
 .rodata.str1.4
                0x000058c8       0x14 .\CortexM3\ARM_GCC_541\Debug\os_stat.o
 .rodata.str1.4
                0x000058dc        0x6 .\CortexM3\ARM_GCC_541\Debug\os_task.o
                                  0xa (size before relaxing)
 *fill*         0x000058e2        0x2 
 .rodata.str1.4
                0x000058e4       0x14 .\CortexM3\ARM_GCC_541\Debug\os_tick.o
 .rodata.str1.4
                0x000058f8       0x1d .\CortexM3\ARM_GCC_541\Debug\os_tmr.o
 *fill*         0x00005915        0x3 
 .rodata        0x00005918       0xa4 .\CortexM3\ARM_GCC_541\Debug\os_cfg_app.o
                0x00005918                OSCfg_DataSizeRAM
                0x0000591c                OSCfg_TmrWheelSizeRAM
                0x00005920                OSCfg_TmrWheelSize
                0x00005924                OSCfg_TmrTaskStkSizeRAM
                0x00005928                OSCfg_TmrTaskStkSize
                0x0000592c                OSCfg_TmrTaskStkLimit
                0x00005930                OSCfg_TmrTaskStkBasePtr
                0x00005934                OSCfg_TmrTaskRate_Hz
                0x00005938                OSCfg_TmrTaskPrio
                0x0000593c                OSCfg_TickWheelSizeRAM
                0x00005940                OSCfg_TickWheelSize
                0x00005944                OSCfg_TickTaskStkSizeRAM
                0x00005948                OSCfg_TickTaskStkSize
                0x0000594c                OSCfg_TickTaskStkLimit
                0x00005950                OSCfg_TickTaskStkBasePtr
                0x00005954                OSCfg_TickTaskPrio
                0x00005958                OSCfg_TickRate_Hz
                0x0000595c                OSCfg_StkSizeMin
                0x00005960                OSCfg_StatTaskStkSizeRAM
                0x00005964                OSCfg_StatTaskStkSize
                0x00005968                OSCfg_StatTaskStkLimit
                0x0000596c                OSCfg_StatTaskStkBasePtr
                0x00005970                OSCfg_StatTaskRate_Hz
                0x00005974                OSCfg_StatTaskPrio
                0x00005978                OSCfg_MsgPoolBasePtr
                0x0000597c                OSCfg_MsgPoolSizeRAM
                0x00005980                OSCfg_MsgPoolSize
                0x00005984                OSCfg_ISRStkSizeRAM
                0x00005988                OSCfg_ISRStkSize
                0x0000598c                OSCfg_ISRStkBasePtr
                0x00005990                OSCfg_IntQTaskStkSizeRAM
                0x00005994                OSCfg_IntQTaskStkSize
                0x00005998                OSCfg_IntQTaskStkLimit
                0x0000599c                OSCfg_IntQTaskStkBasePtr
                0x000059a0                OSCfg_IntQSizeRAM
                0x000059a4                OSCfg_IntQSize
                0x000059a8                OSCfg_IntQBasePtr
                0x000059ac                OSCfg_IdleTaskStkSizeRAM
                0x000059b0                OSCfg_IdleTaskStkSize
                0x000059b4                OSCfg_IdleTaskStkLimit
                0x000059b8                OSCfg_IdleTaskStkBasePtr
 .rodata.str1.4
                0x000059bc       0x25 .\CortexM3\ARM_GCC_541\Debug\os_core.o
                                 0x2a (size before relaxing)
 *fill*         0x000059e1        0x3 
 .rodata.str1.4
                0x000059e4      0x394 .\CortexM3\ARM_GCC_541\Debug\max30102_interface.o
 .rodata.str1.4
                0x00005d78      0x9d8 .\CortexM3\ARM_GCC_541\Debug\driver_max30102.o
 .rodata        0x00006750       0x62 .\CortexM3\ARM_GCC_541\Debug\cyfitter_cfg.o
 .rodata.str1.1
                0x000067b2        0x2 c:/program files (x86)/cypress/psoc creator/4.4/psoc creator/import/gnu/arm/5.4.1/bin/../lib/gcc/arm-none-eabi/5.4.1/../../../../arm-none-eabi/lib/armv7-m\libg_nano.a(lib_a-impure.o)
 .rodata.str1.1
                0x000067b4       0x11 c:/program files (x86)/cypress/psoc creator/4.4/psoc creator/import/gnu/arm/5.4.1/bin/../lib/gcc/arm-none-eabi/5.4.1/../../../../arm-none-eabi/lib/armv7-m\libg_nano.a(lib_a-nano-svfprintf.o)
 .rodata.str1.1
                0x000067c5       0x22 c:/program files (x86)/cypress/psoc creator/4.4/psoc creator/import/gnu/arm/5.4.1/bin/../lib/gcc/arm-none-eabi/5.4.1/../../../../arm-none-eabi/lib/armv7-m\libg_nano.a(lib_a-nano-vfprintf_i.o)
                0x000067e8                . = ALIGN (0x4)
 *fill*         0x000067e7        0x1 
 *(.init)
 .init          0x000067e8        0x4 c:/program files (x86)/cypress/psoc creator/4.4/psoc creator/import/gnu/arm/5.4.1/bin/../lib/gcc/arm-none-eabi/5.4.1/armv7-m/crti.o
                0x000067e8                _init
 .init          0x000067ec        0x8 c:/program files (x86)/cypress/psoc creator/4.4/psoc creator/import/gnu/arm/5.4.1/bin/../lib/gcc/arm-none-eabi/5.4.1/armv7-m/crtn.o
                0x000067f4                . = ALIGN (0x4)
                0x000067f4                __preinit_array_start = .
 *(.preinit_array)
                0x000067f4                __preinit_array_end = .
                0x000067f4                . = ALIGN (0x4)
                0x000067f4                __init_array_start = .
 *(SORT(.init_array.*))
 *(.init_array)
 .init_array    0x000067f4        0x4 c:/program files (x86)/cypress/psoc creator/4.4/psoc creator/import/gnu/arm/5.4.1/bin/../lib/gcc/arm-none-eabi/5.4.1/armv7-m/crtbegin.o
 .init_array    0x000067f8        0x4 .\CortexM3\ARM_GCC_541\Debug\Cm3Start.o
                0x000067fc                __init_array_end = .
                0x000067fc                . = ALIGN (0x4)
 *(.fini)
 .fini          0x000067fc        0x4 c:/program files (x86)/cypress/psoc creator/4.4/psoc creator/import/gnu/arm/5.4.1/bin/../lib/gcc/arm-none-eabi/5.4.1/armv7-m/crti.o
                0x000067fc                _fini
 .fini          0x00006800        0x8 c:/program files (x86)/cypress/psoc creator/4.4/psoc creator/import/gnu/arm/5.4.1/bin/../lib/gcc/arm-none-eabi/5.4.1/armv7-m/crtn.o
                0x00006808                . = ALIGN (0x4)
                0x00006808                __fini_array_start = .
 *(.fini_array)
 .fini_array    0x00006808        0x4 c:/program files (x86)/cypress/psoc creator/4.4/psoc creator/import/gnu/arm/5.4.1/bin/../lib/gcc/arm-none-eabi/5.4.1/armv7-m/crtbegin.o
 *(SORT(.fini_array.*))
                0x0000680c                __fini_array_end = .
                0x0000680c                . = ALIGN (0x4)
 *crtbegin.o(.ctors)
 *(EXCLUDE_FILE(*crtend.o) .ctors)
 *(SORT(.ctors.*))
 *crtend.o(.ctors)
                0x0000680c                . = ALIGN (0x4)
 *crtbegin.o(.dtors)
 *(EXCLUDE_FILE(*crtend.o) .dtors)
 *(SORT(.dtors.*))
 *crtend.o(.dtors)
                0x0000680c                . = ALIGN (0x4)
                0x0000680c                __cy_regions = .
                0x0000680c        0x4 LONG 0x6820 __cy_region_init_ram
                0x00006810        0x4 LONG 0x1fff80c8 __cy_region_start_data
                0x00006814        0x4 LONG 0x78 __cy_region_init_size_ram
                0x00006818        0x4 LONG 0x4ad8 __cy_region_zero_size_ram
                0x0000681c                __cy_regions_end = .
                0x00006820                . = ALIGN (0x8)
 *fill*         0x0000681c        0x4 
                0x00006820                _etext = .

.cy_checksum_exclude
                0x00006820        0x0
 *(.cy_checksum_exclude)

.ramvectors     0x1fff8000       0xc0
                0x1fff8000                __cy_region_start_ram = .
 *(.ramvectors)
 .ramvectors    0x1fff8000       0xc0 .\CortexM3\ARM_GCC_541\Debug\Cm3Start.o
                0x1fff8000                CyRamVectors

.noinit         0x1fff80c0        0x1
 *(.noinit)
 .noinit        0x1fff80c0        0x1 .\CortexM3\ARM_GCC_541\Debug\esw_uCOS3_cykit.a(CyLib.o)
                0x1fff80c0                CyResetStatus

.data           0x1fff80c8       0x78 load address 0x00006820
                0x1fff80c8                __cy_region_start_data = .
 *(.jcr)
 .jcr           0x1fff80c8        0x0 c:/program files (x86)/cypress/psoc creator/4.4/psoc creator/import/gnu/arm/5.4.1/bin/../lib/gcc/arm-none-eabi/5.4.1/armv7-m/crtbegin.o
 .jcr           0x1fff80c8        0x4 c:/program files (x86)/cypress/psoc creator/4.4/psoc creator/import/gnu/arm/5.4.1/bin/../lib/gcc/arm-none-eabi/5.4.1/armv7-m/crtend.o
 *(.got.plt)
 *(.got)
 *(.shdata)
 *(.data .data.* .gnu.linkonce.d.*)
 .data          0x1fff80cc        0x4 .\CortexM3\ARM_GCC_541\Debug\heartbeatSensor.o
                0x1fff80cc                spO2
 .data          0x1fff80d0        0x4 .\CortexM3\ARM_GCC_541\Debug\Cm3Start.o
 .data          0x1fff80d4        0x8 .\CortexM3\ARM_GCC_541\Debug\esw_uCOS3_cykit.a(CyDmac.o)
 .data.impure_data
                0x1fff80dc       0x60 c:/program files (x86)/cypress/psoc creator/4.4/psoc creator/import/gnu/arm/5.4.1/bin/../lib/gcc/arm-none-eabi/5.4.1/../../../../arm-none-eabi/lib/armv7-m\libg_nano.a(lib_a-impure.o)
 .data._impure_ptr
                0x1fff813c        0x4 c:/program files (x86)/cypress/psoc creator/4.4/psoc creator/import/gnu/arm/5.4.1/bin/../lib/gcc/arm-none-eabi/5.4.1/../../../../arm-none-eabi/lib/armv7-m\libg_nano.a(lib_a-impure.o)
                0x1fff813c                _impure_ptr
                0x1fff8140                . = ALIGN (0x8)
 *(.ram)
                0x1fff8140                _edata = .

.igot.plt       0x1fff8140        0x0 load address 0x00006898
 .igot.plt      0x1fff8140        0x0 c:/program files (x86)/cypress/psoc creator/4.4/psoc creator/import/gnu/arm/5.4.1/bin/../lib/gcc/arm-none-eabi/5.4.1/armv7-m/crtbegin.o

.bss            0x1fff8140     0x4ad8 load address 0x00006898
                0x1fff8140                PROVIDE (__bss_start__, .)
 *(.shbss)
 *(.bss .bss.* .gnu.linkonce.b.*)
 .bss           0x1fff8140       0x1c c:/program files (x86)/cypress/psoc creator/4.4/psoc creator/import/gnu/arm/5.4.1/bin/../lib/gcc/arm-none-eabi/5.4.1/armv7-m/crtbegin.o
 .bss           0x1fff815c      0x4c0 .\CortexM3\ARM_GCC_541\Debug\app.o
 .bss           0x1fff861c       0xd8 .\CortexM3\ARM_GCC_541\Debug\heartbeatSensor.o
                0x1fff861c                IR_AC_Signal_Current
                0x1fff8620                IR_AC_Signal_Previous
                0x1fff8624                last_peak_timestamp
                0x1fff8628                cycle_started
                0x1fff862c                IR_AC_Min
                0x1fff8630                heart_rate_index
                0x1fff8634                heart_rate_history
                0x1fff8670                heart_rate_sum
                0x1fff8674                IR_DC_Signal_Current
                0x1fff8678                RED_DC_Signal_Current
                0x1fff867c                RED_AC_Signal_Current
                0x1fff86e8                ir_avg_reg
                0x1fff86ec                red_avg_reg
                0x1fff86f0                IR_AC_Max
 .bss           0x1fff86f4        0x4 .\CortexM3\ARM_GCC_541\Debug\bsp_i2c.o
                0x1fff86f4                current_timestamp
 .bss           0x1fff86f8        0x9 .\CortexM3\ARM_GCC_541\Debug\esw_uCOS3_cykit.a(UART_1.o)
                0x1fff86f8                UART_1_errorStatus
                0x1fff86f9                UART_1_initVar
                0x1fff86fa                UART_1_rxBufferRead
                0x1fff86fb                UART_1_rxBufferWrite
                0x1fff86fc                UART_1_rxBufferLoopDetect
                0x1fff86fd                UART_1_rxBufferOverflow
                0x1fff86fe                UART_1_txBufferRead
                0x1fff86ff                UART_1_txBufferWrite
 .bss           0x1fff8701        0x1 .\CortexM3\ARM_GCC_541\Debug\esw_uCOS3_cykit.a(I2C_1.o)
                0x1fff8701                I2C_1_initVar
 .bss           0x1fff8702        0x1 .\CortexM3\ARM_GCC_541\Debug\esw_uCOS3_cykit.a(Timer_1.o)
                0x1fff8702                Timer_1_initVar
 *fill*         0x1fff8703        0x1 
 .bss.__malloc_sbrk_start
                0x1fff8704        0x4 c:/program files (x86)/cypress/psoc creator/4.4/psoc creator/import/gnu/arm/5.4.1/bin/../lib/gcc/arm-none-eabi/5.4.1/../../../../arm-none-eabi/lib/armv7-m\libg_nano.a(lib_a-nano-mallocr.o)
                0x1fff8704                __malloc_sbrk_start
 .bss.__malloc_free_list
                0x1fff8708        0x4 c:/program files (x86)/cypress/psoc creator/4.4/psoc creator/import/gnu/arm/5.4.1/bin/../lib/gcc/arm-none-eabi/5.4.1/../../../../arm-none-eabi/lib/armv7-m\libg_nano.a(lib_a-nano-mallocr.o)
                0x1fff8708                __malloc_free_list
 *(COMMON)
 COMMON         0x1fff870c     0x24c8 .\CortexM3\ARM_GCC_541\Debug\log_task.o
                0x1fff870c                Log_TaskStk
                0x1fff8f0c                LogTaskSem
                0x1fff8f34                Log_Task_TCB
                0x1fff8ff4                MsgMemPoolStorage
                0x1fffab84                MsgMemPool
                0x1fffaba4                Log_Queue
 COMMON         0x1fffabd4      0x900 .\CortexM3\ARM_GCC_541\Debug\heartbeatSensor.o
                0x1fffabd4                MAX30102_Task_TCB
                0x1fffac94                i2c_rx_buffer
                0x1fffacd4                MAX30102_TaskStk
 COMMON         0x1fffb4d4       0x14 .\CortexM3\ARM_GCC_541\Debug\cpu_core.o
                0x1fffb4d4                CPU_TS_TmrFreq_Hz
                0x1fffb4d8                CPU_Name
 COMMON         0x1fffb4e8        0x4 .\CortexM3\ARM_GCC_541\Debug\os_cpu_c.o
                0x1fffb4e8                OS_CPU_ExceptStkBase
 COMMON         0x1fffb4ec        0x4 .\CortexM3\ARM_GCC_541\Debug\os_prio.o
                0x1fffb4ec                OSPrioTbl
 COMMON         0x1fffb4f0      0x538 .\CortexM3\ARM_GCC_541\Debug\os_var.o
                0x1fffb4f0                OSSchedLockNestingCtr
                0x1fffb4f4                OS_AppTaskReturnHookPtr
                0x1fffb4f8                OSStatTaskTimeMax
                0x1fffb4fc                OSStatTaskCtr
                0x1fffb500                OSTaskRegNextAvailID
                0x1fffb501                OSRunning
                0x1fffb504                OSRdyList
                0x1fffb684                OSPrioHighRdy
                0x1fffb685                OSStatTaskRdy
                0x1fffb688                OSSemDbgListPtr
                0x1fffb68c                OS_AppTaskCreateHookPtr
                0x1fffb690                OSPrioCur
                0x1fffb694                OSTickTaskTCB
                0x1fffb754                OSTmrTickCtr
                0x1fffb758                OSTCBCurPtr
                0x1fffb75c                OSQQty
                0x1fffb75e                OSStatTaskCPUUsageMax
                0x1fffb760                OSPrioSaved
                0x1fffb764                OSTCBHighRdyPtr
                0x1fffb768                OSTaskDbgListPtr
                0x1fffb76c                OSTmrTaskTimeMax
                0x1fffb770                OS_AppTaskDelHookPtr
                0x1fffb774                OS_AppTimeTickHookPtr
                0x1fffb778                OSTaskCtxSwCtr
                0x1fffb77c                OSStatTaskCPUUsage
                0x1fffb77e                OSIntNestingCtr
                0x1fffb780                OSTaskQty
                0x1fffb784                OSTmrTaskTCB
                0x1fffb844                OSMsgPool
                0x1fffb850                OSIdleTaskTCB
                0x1fffb910                OSQDbgListPtr
                0x1fffb914                OSSemQty
                0x1fffb918                OSMemDbgListPtr
                0x1fffb91c                OSSchedRoundRobinDfltTimeQuanta
                0x1fffb920                OS_AppIdleTaskHookPtr
                0x1fffb924                OSStatTaskCtrMax
                0x1fffb928                OSTickCtr
                0x1fffb92c                OS_AppTaskSwHookPtr
                0x1fffb930                OSTmrQty
                0x1fffb934                OSIdleTaskCtr
                0x1fffb938                OSStatTaskCtrRun
                0x1fffb93c                OS_AppStatTaskHookPtr
                0x1fffb940                OSFlagQty
                0x1fffb944                OSFlagDbgListPtr
                0x1fffb948                OSStatResetFlag
                0x1fffb94a                OSMemQty
                0x1fffb94c                OSMutexQty
                0x1fffb950                OSStatTaskTCB
                0x1fffba10                OSTmrDbgListPtr
                0x1fffba14                OSTickTaskTimeMax
                0x1fffba18                OSTmrUpdateCnt
                0x1fffba1c                OSSchedRoundRobinEn
                0x1fffba20                OSMutexDbgListPtr
                0x1fffba24                OSTmrUpdateCtr
 COMMON         0x1fffba28     0x1150 .\CortexM3\ARM_GCC_541\Debug\os_cfg_app.o
                0x1fffba28                OSCfg_StatTaskStk
                0x1fffbc28                OSCfg_TickWheel
                0x1fffbcb0                OSCfg_MsgPool
                0x1fffc2f0                OSCfg_TmrTaskStk
                0x1fffc4f0                OSCfg_TmrWheel
                0x1fffc578                OSCfg_ISRStk
                0x1fffc778                OSCfg_TickTaskStk
                0x1fffc978                OSCfg_IdleTaskStk
 COMMON         0x1fffcb78       0x80 .\CortexM3\ARM_GCC_541\Debug\esw_uCOS3_cykit.a(UART_1.o)
                0x1fffcb78                UART_1_txBuffer
                0x1fffcbb8                UART_1_rxBuffer
 COMMON         0x1fffcbf8        0x1 .\CortexM3\ARM_GCC_541\Debug\esw_uCOS3_cykit.a(I2C_1.o)
                0x1fffcbf8                I2C_1_state
 *fill*         0x1fffcbf9        0x3 
 COMMON         0x1fffcbfc       0x11 .\CortexM3\ARM_GCC_541\Debug\esw_uCOS3_cykit.a(I2C_1_MASTER.o)
                0x1fffcbfc                I2C_1_mstrWrBufIndex
                0x1fffcbfd                I2C_1_mstrControl
                0x1fffcbfe                I2C_1_mstrStatus
                0x1fffcbff                I2C_1_mstrWrBufSize
                0x1fffcc00                I2C_1_mstrRdBufIndex
                0x1fffcc04                I2C_1_mstrWrBufPtr
                0x1fffcc08                I2C_1_mstrRdBufPtr
                0x1fffcc0c                I2C_1_mstrRdBufSize
 *fill*         0x1fffcc0d        0x3 
 COMMON         0x1fffcc10        0x4 c:/program files (x86)/cypress/psoc creator/4.4/psoc creator/import/gnu/arm/5.4.1/bin/../lib/gcc/arm-none-eabi/5.4.1/../../../../arm-none-eabi/lib/armv7-m\libg_nano.a(lib_a-reent.o)
                0x1fffcc10                errno
                0x1fffcc18                . = ALIGN (0x8)
 *fill*         0x1fffcc14        0x4 
 *(.ram.b)
                0x1fffcc18                _end = .
                0x1fffcc18                __end = .
                0x1fffcc18                PROVIDE (end, .)
                0x1fffcc18                PROVIDE (__bss_end__, .)
                0x00006820                __cy_region_init_ram = LOADADDR (.data)
                0x00000078                __cy_region_init_size_ram = (_edata - ADDR (.data))
                0x00004ad8                __cy_region_zero_size_ram = (_end - _edata)

.heap           0x1fffcc18       0x80 load address 0x00006898
                0x1fffcc18                . = _end
                0x1fffcc98                . = (. + 0x80)
 *fill*         0x1fffcc18       0x80 
                0x1fffcc98                __cy_heap_limit = .

.stack          0x20007800      0x800
                0x20007800                __cy_stack_limit = .
                0x20008000                . = (. + 0x800)
 *fill*         0x20007800      0x800 
                0x00000001                ASSERT ((__cy_stack_limit >= __cy_heap_limit), region RAM overflowed with stack)
                0x00000000                cy_checksum_exclude_size = (CY_APPL_LOADABLE == 0x1)?SIZEOF (.cy_checksum_exclude):0x0
                0x00000001                ASSERT ((cy_checksum_exclude_size <= CY_CHECKSUM_EXCLUDE_SIZE), CY_BOOT: Section .cy_checksum_exclude size exceedes specified limit.)

.cyloadermeta
 *(.cyloadermeta)

.cyloadablemeta
 *(.cyloadablemeta)

.cyconfigecc    0x80000000      0x698
 *(.cyconfigecc)
 .cyconfigecc   0x80000000      0x698 .\CortexM3\ARM_GCC_541\Debug\cymetadata.o
                0x80000000                cy_meta_configecc

.cycustnvl      0x90000000        0x4
 *(.cycustnvl)
 .cycustnvl     0x90000000        0x4 .\CortexM3\ARM_GCC_541\Debug\cymetadata.o
                0x90000000                cy_meta_custnvl

.cywolatch      0x90100000        0x4
 *(.cywolatch)
 .cywolatch     0x90100000        0x4 .\CortexM3\ARM_GCC_541\Debug\cymetadata.o
                0x90100000                cy_meta_wonvl

.cyeeprom       0x90200000        0x0
 *(.cyeeprom)
                0x00000001                ASSERT ((. <= ((0x90200000 + ee_offset) + ee_size)), .cyeeprom data will not fit in EEPROM)

.cyflashprotect
                0x90400000      0x100
 *(.cyflashprotect)
 .cyflashprotect
                0x90400000      0x100 .\CortexM3\ARM_GCC_541\Debug\cymetadata.o
                0x90400000                cy_meta_flashprotect

.cymeta         0x90500000        0xc
 *(.cymeta)
 .cymeta        0x90500000        0xc .\CortexM3\ARM_GCC_541\Debug\cymetadata.o
                0x90500000                cy_metadata

.rel.dyn        0x00006898        0x0 load address 0x9050000c
 .rel.iplt      0x00006898        0x0 c:/program files (x86)/cypress/psoc creator/4.4/psoc creator/import/gnu/arm/5.4.1/bin/../lib/gcc/arm-none-eabi/5.4.1/armv7-m/crtbegin.o

.stab
 *(.stab)

.stabstr
 *(.stabstr)

.debug
 *(.debug)

.line
 *(.line)

.debug_srcinfo
 *(.debug_srcinfo)

.debug_sfnames
 *(.debug_sfnames)

.debug_aranges  0x00000000     0x18e8
 *(.debug_aranges)
 .debug_aranges
                0x00000000       0x28 .\CortexM3\ARM_GCC_541\Debug\app.o
 .debug_aranges
                0x00000028       0x68 .\CortexM3\ARM_GCC_541\Debug\os_app_hooks.o
 .debug_aranges
                0x00000090       0x40 .\CortexM3\ARM_GCC_541\Debug\log_task.o
 .debug_aranges
                0x000000d0       0x70 .\CortexM3\ARM_GCC_541\Debug\heartbeatSensor.o
 .debug_aranges
                0x00000140       0x38 .\CortexM3\ARM_GCC_541\Debug\bsp_os.o
 .debug_aranges
                0x00000178       0x58 .\CortexM3\ARM_GCC_541\Debug\bsp.o
 .debug_aranges
                0x000001d0       0x30 .\CortexM3\ARM_GCC_541\Debug\cpu_bsp.o
 .debug_aranges
                0x00000200       0x30 .\CortexM3\ARM_GCC_541\Debug\bsp_uart.o
 .debug_aranges
                0x00000230       0x38 .\CortexM3\ARM_GCC_541\Debug\bsp_gpio.o
 .debug_aranges
                0x00000268       0x38 .\CortexM3\ARM_GCC_541\Debug\bsp_i2c.o
 .debug_aranges
                0x000002a0       0x50 .\CortexM3\ARM_GCC_541\Debug\cpu_c.o
 .debug_aranges
                0x000002f0       0xb0 .\CortexM3\ARM_GCC_541\Debug\cpu_core.o
 .debug_aranges
                0x000003a0       0x38 .\CortexM3\ARM_GCC_541\Debug\lib_math.o
 .debug_aranges
                0x000003d8       0x48 .\CortexM3\ARM_GCC_541\Debug\lib_mem.o
 .debug_aranges
                0x00000420       0xd8 .\CortexM3\ARM_GCC_541\Debug\lib_str.o
 .debug_aranges
                0x000004f8       0x98 .\CortexM3\ARM_GCC_541\Debug\lib_ascii.o
 .debug_aranges
                0x00000590       0x70 .\CortexM3\ARM_GCC_541\Debug\os_cpu_c.o
 .debug_aranges
                0x00000600       0x38 .\CortexM3\ARM_GCC_541\Debug\os_pend_multi.o
 .debug_aranges
                0x00000638       0x38 .\CortexM3\ARM_GCC_541\Debug\os_prio.o
 .debug_aranges
                0x00000670       0x70 .\CortexM3\ARM_GCC_541\Debug\os_q.o
 .debug_aranges
                0x000006e0       0x70 .\CortexM3\ARM_GCC_541\Debug\os_sem.o
 .debug_aranges
                0x00000750       0x38 .\CortexM3\ARM_GCC_541\Debug\os_stat.o
 .debug_aranges
                0x00000788       0xf0 .\CortexM3\ARM_GCC_541\Debug\os_task.o
 .debug_aranges
                0x00000878       0x50 .\CortexM3\ARM_GCC_541\Debug\os_tick.o
 .debug_aranges
                0x000008c8       0x48 .\CortexM3\ARM_GCC_541\Debug\os_time.o
 .debug_aranges
                0x00000910       0x88 .\CortexM3\ARM_GCC_541\Debug\os_tmr.o
 .debug_aranges
                0x00000998       0x18 .\CortexM3\ARM_GCC_541\Debug\os_var.o
 .debug_aranges
                0x000009b0       0x20 .\CortexM3\ARM_GCC_541\Debug\os_cfg_app.o
 .debug_aranges
                0x000009d0      0x140 .\CortexM3\ARM_GCC_541\Debug\os_core.o
 .debug_aranges
                0x00000b10       0x20 .\CortexM3\ARM_GCC_541\Debug\os_dbg.o
 .debug_aranges
                0x00000b30       0x80 .\CortexM3\ARM_GCC_541\Debug\os_flag.o
 .debug_aranges
                0x00000bb0       0x18 .\CortexM3\ARM_GCC_541\Debug\os_int.o
 .debug_aranges
                0x00000bc8       0x40 .\CortexM3\ARM_GCC_541\Debug\os_mem.o
 .debug_aranges
                0x00000c08       0x40 .\CortexM3\ARM_GCC_541\Debug\os_msg.o
 .debug_aranges
                0x00000c48       0x60 .\CortexM3\ARM_GCC_541\Debug\os_mutex.o
 .debug_aranges
                0x00000ca8       0x48 .\CortexM3\ARM_GCC_541\Debug\max30102_interface.o
 .debug_aranges
                0x00000cf0      0x180 .\CortexM3\ARM_GCC_541\Debug\driver_max30102.o
 .debug_aranges
                0x00000e70       0x58 .\CortexM3\ARM_GCC_541\Debug\cyfitter_cfg.o
 .debug_aranges
                0x00000ec8       0x18 .\CortexM3\ARM_GCC_541\Debug\cymetadata.o
 .debug_aranges
                0x00000ee0       0x48 .\CortexM3\ARM_GCC_541\Debug\Cm3Start.o
 .debug_aranges
                0x00000f28       0x20 .\CortexM3\ARM_GCC_541\Debug\cpu_a.o
 .debug_aranges
                0x00000f48       0x20 .\CortexM3\ARM_GCC_541\Debug\os_cpu_a.o
 .debug_aranges
                0x00000f68       0xf0 .\CortexM3\ARM_GCC_541\Debug\esw_uCOS3_cykit.a(UART_1.o)
 .debug_aranges
                0x00001058       0x28 .\CortexM3\ARM_GCC_541\Debug\esw_uCOS3_cykit.a(UART_1_INT.o)
 .debug_aranges
                0x00001080       0x38 .\CortexM3\ARM_GCC_541\Debug\esw_uCOS3_cykit.a(Pin_1.o)
 .debug_aranges
                0x000010b8       0x70 .\CortexM3\ARM_GCC_541\Debug\esw_uCOS3_cykit.a(UART_1_IntClock.o)
 .debug_aranges
                0x00001128       0xd8 .\CortexM3\ARM_GCC_541\Debug\esw_uCOS3_cykit.a(CyDmac.o)
 .debug_aranges
                0x00001200      0x2a0 .\CortexM3\ARM_GCC_541\Debug\esw_uCOS3_cykit.a(CyLib.o)
 .debug_aranges
                0x000014a0       0x98 .\CortexM3\ARM_GCC_541\Debug\esw_uCOS3_cykit.a(cyPm.o)
 .debug_aranges
                0x00001538       0x38 .\CortexM3\ARM_GCC_541\Debug\esw_uCOS3_cykit.a(Pin_2.o)
 .debug_aranges
                0x00001570       0x38 .\CortexM3\ARM_GCC_541\Debug\esw_uCOS3_cykit.a(push_button.o)
 .debug_aranges
                0x000015a8       0x38 .\CortexM3\ARM_GCC_541\Debug\esw_uCOS3_cykit.a(I2C_1.o)
 .debug_aranges
                0x000015e0       0x20 .\CortexM3\ARM_GCC_541\Debug\esw_uCOS3_cykit.a(I2C_1_INT.o)
 .debug_aranges
                0x00001600       0x38 .\CortexM3\ARM_GCC_541\Debug\esw_uCOS3_cykit.a(I2C_1_PM.o)
 .debug_aranges
                0x00001638       0x80 .\CortexM3\ARM_GCC_541\Debug\esw_uCOS3_cykit.a(I2C_1_MASTER.o)
 .debug_aranges
                0x000016b8       0x88 .\CortexM3\ARM_GCC_541\Debug\esw_uCOS3_cykit.a(Timer_1.o)
 .debug_aranges
                0x00001740       0x80 .\CortexM3\ARM_GCC_541\Debug\esw_uCOS3_cykit.a(Timer_ISR.o)
 .debug_aranges
                0x000017c0       0x20 .\CortexM3\ARM_GCC_541\Debug\esw_uCOS3_cykit.a(CyBootAsmGnu.o)
 .debug_aranges
                0x000017e0       0x88 .\CortexM3\ARM_GCC_541\Debug\esw_uCOS3_cykit.a(CyFlash.o)
 .debug_aranges
                0x00001868       0x80 .\CortexM3\ARM_GCC_541\Debug\esw_uCOS3_cykit.a(CySpc.o)

.debug_pubnames
 *(.debug_pubnames)

.debug_info     0x00000000    0x25957
 *(.debug_info .gnu.linkonce.wi.*)
 .debug_info    0x00000000      0xf20 .\CortexM3\ARM_GCC_541\Debug\app.o
 .debug_info    0x00000f20      0x894 .\CortexM3\ARM_GCC_541\Debug\os_app_hooks.o
 .debug_info    0x000017b4     0x13ab .\CortexM3\ARM_GCC_541\Debug\log_task.o
 .debug_info    0x00002b5f     0x1474 .\CortexM3\ARM_GCC_541\Debug\heartbeatSensor.o
 .debug_info    0x00003fd3      0xe09 .\CortexM3\ARM_GCC_541\Debug\bsp_os.o
 .debug_info    0x00004ddc      0x392 .\CortexM3\ARM_GCC_541\Debug\bsp.o
 .debug_info    0x0000516e      0x178 .\CortexM3\ARM_GCC_541\Debug\cpu_bsp.o
 .debug_info    0x000052e6      0x12b .\CortexM3\ARM_GCC_541\Debug\bsp_uart.o
 .debug_info    0x00005411      0x28c .\CortexM3\ARM_GCC_541\Debug\bsp_gpio.o
 .debug_info    0x0000569d      0x870 .\CortexM3\ARM_GCC_541\Debug\bsp_i2c.o
 .debug_info    0x00005f0d      0x5f2 .\CortexM3\ARM_GCC_541\Debug\cpu_c.o
 .debug_info    0x000064ff      0x71b .\CortexM3\ARM_GCC_541\Debug\cpu_core.o
 .debug_info    0x00006c1a      0x1e9 .\CortexM3\ARM_GCC_541\Debug\lib_math.o
 .debug_info    0x00006e03      0x4df .\CortexM3\ARM_GCC_541\Debug\lib_mem.o
 .debug_info    0x000072e2     0x10d7 .\CortexM3\ARM_GCC_541\Debug\lib_str.o
 .debug_info    0x000083b9      0x43b .\CortexM3\ARM_GCC_541\Debug\lib_ascii.o
 .debug_info    0x000087f4      0xa1f .\CortexM3\ARM_GCC_541\Debug\os_cpu_c.o
 .debug_info    0x00009213     0x1032 .\CortexM3\ARM_GCC_541\Debug\os_pend_multi.o
 .debug_info    0x0000a245      0x1f0 .\CortexM3\ARM_GCC_541\Debug\os_prio.o
 .debug_info    0x0000a435     0x14dd .\CortexM3\ARM_GCC_541\Debug\os_q.o
 .debug_info    0x0000b912     0x13bd .\CortexM3\ARM_GCC_541\Debug\os_sem.o
 .debug_info    0x0000cccf     0x1219 .\CortexM3\ARM_GCC_541\Debug\os_stat.o
 .debug_info    0x0000dee8     0x20a8 .\CortexM3\ARM_GCC_541\Debug\os_task.o
 .debug_info    0x0000ff90      0xfe0 .\CortexM3\ARM_GCC_541\Debug\os_tick.o
 .debug_info    0x00010f70     0x10d8 .\CortexM3\ARM_GCC_541\Debug\os_time.o
 .debug_info    0x00012048     0x16b7 .\CortexM3\ARM_GCC_541\Debug\os_tmr.o
 .debug_info    0x000136ff      0xf4c .\CortexM3\ARM_GCC_541\Debug\os_var.o
 .debug_info    0x0001464b      0xbda .\CortexM3\ARM_GCC_541\Debug\os_cfg_app.o
 .debug_info    0x00015225     0x1f24 .\CortexM3\ARM_GCC_541\Debug\os_core.o
 .debug_info    0x00017149     0x1379 .\CortexM3\ARM_GCC_541\Debug\os_dbg.o
 .debug_info    0x000184c2     0x178f .\CortexM3\ARM_GCC_541\Debug\os_flag.o
 .debug_info    0x00019c51       0x87 .\CortexM3\ARM_GCC_541\Debug\os_int.o
 .debug_info    0x00019cd8      0x89b .\CortexM3\ARM_GCC_541\Debug\os_mem.o
 .debug_info    0x0001a573      0x87b .\CortexM3\ARM_GCC_541\Debug\os_msg.o
 .debug_info    0x0001adee     0x13bd .\CortexM3\ARM_GCC_541\Debug\os_mutex.o
 .debug_info    0x0001c1ab     0x103e .\CortexM3\ARM_GCC_541\Debug\max30102_interface.o
 .debug_info    0x0001d1e9     0x2959 .\CortexM3\ARM_GCC_541\Debug\driver_max30102.o
 .debug_info    0x0001fb42      0x605 .\CortexM3\ARM_GCC_541\Debug\cyfitter_cfg.o
 .debug_info    0x00020147      0x138 .\CortexM3\ARM_GCC_541\Debug\cymetadata.o
 .debug_info    0x0002027f      0x3cf .\CortexM3\ARM_GCC_541\Debug\Cm3Start.o
 .debug_info    0x0002064e       0x90 .\CortexM3\ARM_GCC_541\Debug\cpu_a.o
 .debug_info    0x000206de       0xa3 .\CortexM3\ARM_GCC_541\Debug\os_cpu_a.o
 .debug_info    0x00020781      0x7ae .\CortexM3\ARM_GCC_541\Debug\esw_uCOS3_cykit.a(UART_1.o)
 .debug_info    0x00020f2f      0x186 .\CortexM3\ARM_GCC_541\Debug\esw_uCOS3_cykit.a(UART_1_INT.o)
 .debug_info    0x000210b5      0x11f .\CortexM3\ARM_GCC_541\Debug\esw_uCOS3_cykit.a(Pin_1.o)
 .debug_info    0x000211d4      0x283 .\CortexM3\ARM_GCC_541\Debug\esw_uCOS3_cykit.a(UART_1_IntClock.o)
 .debug_info    0x00021457      0x94e .\CortexM3\ARM_GCC_541\Debug\esw_uCOS3_cykit.a(CyDmac.o)
 .debug_info    0x00021da5     0x1374 .\CortexM3\ARM_GCC_541\Debug\esw_uCOS3_cykit.a(CyLib.o)
 .debug_info    0x00023119      0xa2a .\CortexM3\ARM_GCC_541\Debug\esw_uCOS3_cykit.a(cyPm.o)
 .debug_info    0x00023b43      0x11f .\CortexM3\ARM_GCC_541\Debug\esw_uCOS3_cykit.a(Pin_2.o)
 .debug_info    0x00023c62      0x11f .\CortexM3\ARM_GCC_541\Debug\esw_uCOS3_cykit.a(push_button.o)
 .debug_info    0x00023d81      0x2ab .\CortexM3\ARM_GCC_541\Debug\esw_uCOS3_cykit.a(I2C_1.o)
 .debug_info    0x0002402c      0x184 .\CortexM3\ARM_GCC_541\Debug\esw_uCOS3_cykit.a(I2C_1_INT.o)
 .debug_info    0x000241b0      0x207 .\CortexM3\ARM_GCC_541\Debug\esw_uCOS3_cykit.a(I2C_1_PM.o)
 .debug_info    0x000243b7      0x407 .\CortexM3\ARM_GCC_541\Debug\esw_uCOS3_cykit.a(I2C_1_MASTER.o)
 .debug_info    0x000247be      0x295 .\CortexM3\ARM_GCC_541\Debug\esw_uCOS3_cykit.a(Timer_1.o)
 .debug_info    0x00024a53      0x2d2 .\CortexM3\ARM_GCC_541\Debug\esw_uCOS3_cykit.a(Timer_ISR.o)
 .debug_info    0x00024d25       0x95 .\CortexM3\ARM_GCC_541\Debug\esw_uCOS3_cykit.a(CyBootAsmGnu.o)
 .debug_info    0x00024dba      0x64d .\CortexM3\ARM_GCC_541\Debug\esw_uCOS3_cykit.a(CyFlash.o)
 .debug_info    0x00025407      0x550 .\CortexM3\ARM_GCC_541\Debug\esw_uCOS3_cykit.a(CySpc.o)

.debug_abbrev   0x00000000     0x5435
 *(.debug_abbrev)
 .debug_abbrev  0x00000000      0x1ba .\CortexM3\ARM_GCC_541\Debug\app.o
 .debug_abbrev  0x000001ba      0x127 .\CortexM3\ARM_GCC_541\Debug\os_app_hooks.o
 .debug_abbrev  0x000002e1      0x251 .\CortexM3\ARM_GCC_541\Debug\log_task.o
 .debug_abbrev  0x00000532      0x2d7 .\CortexM3\ARM_GCC_541\Debug\heartbeatSensor.o
 .debug_abbrev  0x00000809      0x187 .\CortexM3\ARM_GCC_541\Debug\bsp_os.o
 .debug_abbrev  0x00000990      0x174 .\CortexM3\ARM_GCC_541\Debug\bsp.o
 .debug_abbrev  0x00000b04       0xce .\CortexM3\ARM_GCC_541\Debug\cpu_bsp.o
 .debug_abbrev  0x00000bd2       0x98 .\CortexM3\ARM_GCC_541\Debug\bsp_uart.o
 .debug_abbrev  0x00000c6a       0xe7 .\CortexM3\ARM_GCC_541\Debug\bsp_gpio.o
 .debug_abbrev  0x00000d51      0x184 .\CortexM3\ARM_GCC_541\Debug\bsp_i2c.o
 .debug_abbrev  0x00000ed5      0x155 .\CortexM3\ARM_GCC_541\Debug\cpu_c.o
 .debug_abbrev  0x0000102a      0x1fa .\CortexM3\ARM_GCC_541\Debug\cpu_core.o
 .debug_abbrev  0x00001224      0x116 .\CortexM3\ARM_GCC_541\Debug\lib_math.o
 .debug_abbrev  0x0000133a      0x12a .\CortexM3\ARM_GCC_541\Debug\lib_mem.o
 .debug_abbrev  0x00001464      0x19d .\CortexM3\ARM_GCC_541\Debug\lib_str.o
 .debug_abbrev  0x00001601      0x105 .\CortexM3\ARM_GCC_541\Debug\lib_ascii.o
 .debug_abbrev  0x00001706      0x21d .\CortexM3\ARM_GCC_541\Debug\os_cpu_c.o
 .debug_abbrev  0x00001923      0x1f0 .\CortexM3\ARM_GCC_541\Debug\os_pend_multi.o
 .debug_abbrev  0x00001b13       0xf1 .\CortexM3\ARM_GCC_541\Debug\os_prio.o
 .debug_abbrev  0x00001c04      0x228 .\CortexM3\ARM_GCC_541\Debug\os_q.o
 .debug_abbrev  0x00001e2c      0x226 .\CortexM3\ARM_GCC_541\Debug\os_sem.o
 .debug_abbrev  0x00002052      0x1f6 .\CortexM3\ARM_GCC_541\Debug\os_stat.o
 .debug_abbrev  0x00002248      0x1f3 .\CortexM3\ARM_GCC_541\Debug\os_task.o
 .debug_abbrev  0x0000243b      0x224 .\CortexM3\ARM_GCC_541\Debug\os_tick.o
 .debug_abbrev  0x0000265f      0x1c8 .\CortexM3\ARM_GCC_541\Debug\os_time.o
 .debug_abbrev  0x00002827      0x269 .\CortexM3\ARM_GCC_541\Debug\os_tmr.o
 .debug_abbrev  0x00002a90       0xb7 .\CortexM3\ARM_GCC_541\Debug\os_var.o
 .debug_abbrev  0x00002b47       0xdc .\CortexM3\ARM_GCC_541\Debug\os_cfg_app.o
 .debug_abbrev  0x00002c23      0x265 .\CortexM3\ARM_GCC_541\Debug\os_core.o
 .debug_abbrev  0x00002e88       0xfa .\CortexM3\ARM_GCC_541\Debug\os_dbg.o
 .debug_abbrev  0x00002f82      0x226 .\CortexM3\ARM_GCC_541\Debug\os_flag.o
 .debug_abbrev  0x000031a8       0x26 .\CortexM3\ARM_GCC_541\Debug\os_int.o
 .debug_abbrev  0x000031ce      0x190 .\CortexM3\ARM_GCC_541\Debug\os_mem.o
 .debug_abbrev  0x0000335e      0x184 .\CortexM3\ARM_GCC_541\Debug\os_msg.o
 .debug_abbrev  0x000034e2      0x219 .\CortexM3\ARM_GCC_541\Debug\os_mutex.o
 .debug_abbrev  0x000036fb      0x219 .\CortexM3\ARM_GCC_541\Debug\max30102_interface.o
 .debug_abbrev  0x00003914      0x20c .\CortexM3\ARM_GCC_541\Debug\driver_max30102.o
 .debug_abbrev  0x00003b20      0x20d .\CortexM3\ARM_GCC_541\Debug\cyfitter_cfg.o
 .debug_abbrev  0x00003d2d       0x77 .\CortexM3\ARM_GCC_541\Debug\cymetadata.o
 .debug_abbrev  0x00003da4      0x1e8 .\CortexM3\ARM_GCC_541\Debug\Cm3Start.o
 .debug_abbrev  0x00003f8c       0x14 .\CortexM3\ARM_GCC_541\Debug\cpu_a.o
 .debug_abbrev  0x00003fa0       0x14 .\CortexM3\ARM_GCC_541\Debug\os_cpu_a.o
 .debug_abbrev  0x00003fb4      0x16f .\CortexM3\ARM_GCC_541\Debug\esw_uCOS3_cykit.a(UART_1.o)
 .debug_abbrev  0x00004123       0xa2 .\CortexM3\ARM_GCC_541\Debug\esw_uCOS3_cykit.a(UART_1_INT.o)
 .debug_abbrev  0x000041c5       0x90 .\CortexM3\ARM_GCC_541\Debug\esw_uCOS3_cykit.a(Pin_1.o)
 .debug_abbrev  0x00004255      0x139 .\CortexM3\ARM_GCC_541\Debug\esw_uCOS3_cykit.a(UART_1_IntClock.o)
 .debug_abbrev  0x0000438e      0x1b2 .\CortexM3\ARM_GCC_541\Debug\esw_uCOS3_cykit.a(CyDmac.o)
 .debug_abbrev  0x00004540      0x254 .\CortexM3\ARM_GCC_541\Debug\esw_uCOS3_cykit.a(CyLib.o)
 .debug_abbrev  0x00004794      0x1ab .\CortexM3\ARM_GCC_541\Debug\esw_uCOS3_cykit.a(cyPm.o)
 .debug_abbrev  0x0000493f       0x90 .\CortexM3\ARM_GCC_541\Debug\esw_uCOS3_cykit.a(Pin_2.o)
 .debug_abbrev  0x000049cf       0x90 .\CortexM3\ARM_GCC_541\Debug\esw_uCOS3_cykit.a(push_button.o)
 .debug_abbrev  0x00004a5f      0x10a .\CortexM3\ARM_GCC_541\Debug\esw_uCOS3_cykit.a(I2C_1.o)
 .debug_abbrev  0x00004b69       0xb6 .\CortexM3\ARM_GCC_541\Debug\esw_uCOS3_cykit.a(I2C_1_INT.o)
 .debug_abbrev  0x00004c1f       0xfe .\CortexM3\ARM_GCC_541\Debug\esw_uCOS3_cykit.a(I2C_1_PM.o)
 .debug_abbrev  0x00004d1d      0x13c .\CortexM3\ARM_GCC_541\Debug\esw_uCOS3_cykit.a(I2C_1_MASTER.o)
 .debug_abbrev  0x00004e59      0x11a .\CortexM3\ARM_GCC_541\Debug\esw_uCOS3_cykit.a(Timer_1.o)
 .debug_abbrev  0x00004f73      0x173 .\CortexM3\ARM_GCC_541\Debug\esw_uCOS3_cykit.a(Timer_ISR.o)
 .debug_abbrev  0x000050e6       0x14 .\CortexM3\ARM_GCC_541\Debug\esw_uCOS3_cykit.a(CyBootAsmGnu.o)
 .debug_abbrev  0x000050fa      0x1a7 .\CortexM3\ARM_GCC_541\Debug\esw_uCOS3_cykit.a(CyFlash.o)
 .debug_abbrev  0x000052a1      0x194 .\CortexM3\ARM_GCC_541\Debug\esw_uCOS3_cykit.a(CySpc.o)

.debug_line     0x00000000     0x7a87
 *(.debug_line)
 .debug_line    0x00000000      0x229 .\CortexM3\ARM_GCC_541\Debug\app.o
 .debug_line    0x00000229      0x147 .\CortexM3\ARM_GCC_541\Debug\os_app_hooks.o
 .debug_line    0x00000370      0x38b .\CortexM3\ARM_GCC_541\Debug\log_task.o
 .debug_line    0x000006fb      0x3df .\CortexM3\ARM_GCC_541\Debug\heartbeatSensor.o
 .debug_line    0x00000ada      0x112 .\CortexM3\ARM_GCC_541\Debug\bsp_os.o
 .debug_line    0x00000bec      0x176 .\CortexM3\ARM_GCC_541\Debug\bsp.o
 .debug_line    0x00000d62       0xaf .\CortexM3\ARM_GCC_541\Debug\cpu_bsp.o
 .debug_line    0x00000e11       0xa4 .\CortexM3\ARM_GCC_541\Debug\bsp_uart.o
 .debug_line    0x00000eb5      0x114 .\CortexM3\ARM_GCC_541\Debug\bsp_gpio.o
 .debug_line    0x00000fc9      0x239 .\CortexM3\ARM_GCC_541\Debug\bsp_i2c.o
 .debug_line    0x00001202      0x1a8 .\CortexM3\ARM_GCC_541\Debug\cpu_c.o
 .debug_line    0x000013aa      0x260 .\CortexM3\ARM_GCC_541\Debug\cpu_core.o
 .debug_line    0x0000160a       0xb9 .\CortexM3\ARM_GCC_541\Debug\lib_math.o
 .debug_line    0x000016c3      0x197 .\CortexM3\ARM_GCC_541\Debug\lib_mem.o
 .debug_line    0x0000185a      0x4f8 .\CortexM3\ARM_GCC_541\Debug\lib_str.o
 .debug_line    0x00001d52      0x20e .\CortexM3\ARM_GCC_541\Debug\lib_ascii.o
 .debug_line    0x00001f60      0x1e6 .\CortexM3\ARM_GCC_541\Debug\os_cpu_c.o
 .debug_line    0x00002146      0x191 .\CortexM3\ARM_GCC_541\Debug\os_pend_multi.o
 .debug_line    0x000022d7       0xf6 .\CortexM3\ARM_GCC_541\Debug\os_prio.o
 .debug_line    0x000023cd      0x264 .\CortexM3\ARM_GCC_541\Debug\os_q.o
 .debug_line    0x00002631      0x25e .\CortexM3\ARM_GCC_541\Debug\os_sem.o
 .debug_line    0x0000288f      0x1a7 .\CortexM3\ARM_GCC_541\Debug\os_stat.o
 .debug_line    0x00002a36      0x53b .\CortexM3\ARM_GCC_541\Debug\os_task.o
 .debug_line    0x00002f71      0x1f2 .\CortexM3\ARM_GCC_541\Debug\os_tick.o
 .debug_line    0x00003163      0x198 .\CortexM3\ARM_GCC_541\Debug\os_time.o
 .debug_line    0x000032fb      0x317 .\CortexM3\ARM_GCC_541\Debug\os_tmr.o
 .debug_line    0x00003612       0x7f .\CortexM3\ARM_GCC_541\Debug\os_var.o
 .debug_line    0x00003691       0xaf .\CortexM3\ARM_GCC_541\Debug\os_cfg_app.o
 .debug_line    0x00003740      0x5c9 .\CortexM3\ARM_GCC_541\Debug\os_core.o
 .debug_line    0x00003d09       0xab .\CortexM3\ARM_GCC_541\Debug\os_dbg.o
 .debug_line    0x00003db4      0x301 .\CortexM3\ARM_GCC_541\Debug\os_flag.o
 .debug_line    0x000040b5       0x1d .\CortexM3\ARM_GCC_541\Debug\os_int.o
 .debug_line    0x000040d2      0x14a .\CortexM3\ARM_GCC_541\Debug\os_mem.o
 .debug_line    0x0000421c      0x17a .\CortexM3\ARM_GCC_541\Debug\os_msg.o
 .debug_line    0x00004396      0x25b .\CortexM3\ARM_GCC_541\Debug\os_mutex.o
 .debug_line    0x000045f1      0x39b .\CortexM3\ARM_GCC_541\Debug\max30102_interface.o
 .debug_line    0x0000498c      0x8d1 .\CortexM3\ARM_GCC_541\Debug\driver_max30102.o
 .debug_line    0x0000525d      0x1f8 .\CortexM3\ARM_GCC_541\Debug\cyfitter_cfg.o
 .debug_line    0x00005455      0x141 .\CortexM3\ARM_GCC_541\Debug\cymetadata.o
 .debug_line    0x00005596      0x241 .\CortexM3\ARM_GCC_541\Debug\Cm3Start.o
 .debug_line    0x000057d7       0x70 .\CortexM3\ARM_GCC_541\Debug\cpu_a.o
 .debug_line    0x00005847       0x9a .\CortexM3\ARM_GCC_541\Debug\os_cpu_a.o
 .debug_line    0x000058e1      0x33f .\CortexM3\ARM_GCC_541\Debug\esw_uCOS3_cykit.a(UART_1.o)
 .debug_line    0x00005c20       0xa9 .\CortexM3\ARM_GCC_541\Debug\esw_uCOS3_cykit.a(UART_1_INT.o)
 .debug_line    0x00005cc9       0x92 .\CortexM3\ARM_GCC_541\Debug\esw_uCOS3_cykit.a(Pin_1.o)
 .debug_line    0x00005d5b      0x17e .\CortexM3\ARM_GCC_541\Debug\esw_uCOS3_cykit.a(UART_1_IntClock.o)
 .debug_line    0x00005ed9      0x2e4 .\CortexM3\ARM_GCC_541\Debug\esw_uCOS3_cykit.a(CyDmac.o)
 .debug_line    0x000061bd      0x816 .\CortexM3\ARM_GCC_541\Debug\esw_uCOS3_cykit.a(CyLib.o)
 .debug_line    0x000069d3      0x367 .\CortexM3\ARM_GCC_541\Debug\esw_uCOS3_cykit.a(cyPm.o)
 .debug_line    0x00006d3a       0x93 .\CortexM3\ARM_GCC_541\Debug\esw_uCOS3_cykit.a(Pin_2.o)
 .debug_line    0x00006dcd       0x98 .\CortexM3\ARM_GCC_541\Debug\esw_uCOS3_cykit.a(push_button.o)
 .debug_line    0x00006e65       0xdf .\CortexM3\ARM_GCC_541\Debug\esw_uCOS3_cykit.a(I2C_1.o)
 .debug_line    0x00006f44      0x118 .\CortexM3\ARM_GCC_541\Debug\esw_uCOS3_cykit.a(I2C_1_INT.o)
 .debug_line    0x0000705c       0xbf .\CortexM3\ARM_GCC_541\Debug\esw_uCOS3_cykit.a(I2C_1_PM.o)
 .debug_line    0x0000711b      0x201 .\CortexM3\ARM_GCC_541\Debug\esw_uCOS3_cykit.a(I2C_1_MASTER.o)
 .debug_line    0x0000731c      0x155 .\CortexM3\ARM_GCC_541\Debug\esw_uCOS3_cykit.a(Timer_1.o)
 .debug_line    0x00007471      0x136 .\CortexM3\ARM_GCC_541\Debug\esw_uCOS3_cykit.a(Timer_ISR.o)
 .debug_line    0x000075a7       0x66 .\CortexM3\ARM_GCC_541\Debug\esw_uCOS3_cykit.a(CyBootAsmGnu.o)
 .debug_line    0x0000760d      0x21a .\CortexM3\ARM_GCC_541\Debug\esw_uCOS3_cykit.a(CyFlash.o)
 .debug_line    0x00007827      0x260 .\CortexM3\ARM_GCC_541\Debug\esw_uCOS3_cykit.a(CySpc.o)

.debug_frame    0x00000000     0x4a78
 *(.debug_frame)
 .debug_frame   0x00000000       0x54 .\CortexM3\ARM_GCC_541\Debug\app.o
 .debug_frame   0x00000054       0xc8 .\CortexM3\ARM_GCC_541\Debug\os_app_hooks.o
 .debug_frame   0x0000011c       0xc0 .\CortexM3\ARM_GCC_541\Debug\log_task.o
 .debug_frame   0x000001dc      0x134 .\CortexM3\ARM_GCC_541\Debug\heartbeatSensor.o
 .debug_frame   0x00000310       0x88 .\CortexM3\ARM_GCC_541\Debug\bsp_os.o
 .debug_frame   0x00000398       0xdc .\CortexM3\ARM_GCC_541\Debug\bsp.o
 .debug_frame   0x00000474       0x4c .\CortexM3\ARM_GCC_541\Debug\cpu_bsp.o
 .debug_frame   0x000004c0       0x64 .\CortexM3\ARM_GCC_541\Debug\bsp_uart.o
 .debug_frame   0x00000524       0x84 .\CortexM3\ARM_GCC_541\Debug\bsp_gpio.o
 .debug_frame   0x000005a8       0x84 .\CortexM3\ARM_GCC_541\Debug\bsp_i2c.o
 .debug_frame   0x0000062c       0xdc .\CortexM3\ARM_GCC_541\Debug\cpu_c.o
 .debug_frame   0x00000708      0x208 .\CortexM3\ARM_GCC_541\Debug\cpu_core.o
 .debug_frame   0x00000910       0x78 .\CortexM3\ARM_GCC_541\Debug\lib_math.o
 .debug_frame   0x00000988       0xcc .\CortexM3\ARM_GCC_541\Debug\lib_mem.o
 .debug_frame   0x00000a54      0x41c .\CortexM3\ARM_GCC_541\Debug\lib_str.o
 .debug_frame   0x00000e70      0x120 .\CortexM3\ARM_GCC_541\Debug\lib_ascii.o
 .debug_frame   0x00000f90      0x138 .\CortexM3\ARM_GCC_541\Debug\os_cpu_c.o
 .debug_frame   0x000010c8       0xa4 .\CortexM3\ARM_GCC_541\Debug\os_pend_multi.o
 .debug_frame   0x0000116c       0x5c .\CortexM3\ARM_GCC_541\Debug\os_prio.o
 .debug_frame   0x000011c8      0x194 .\CortexM3\ARM_GCC_541\Debug\os_q.o
 .debug_frame   0x0000135c      0x180 .\CortexM3\ARM_GCC_541\Debug\os_sem.o
 .debug_frame   0x000014dc       0xa4 .\CortexM3\ARM_GCC_541\Debug\os_stat.o
 .debug_frame   0x00001580      0x3b8 .\CortexM3\ARM_GCC_541\Debug\os_task.o
 .debug_frame   0x00001938       0xd0 .\CortexM3\ARM_GCC_541\Debug\os_tick.o
 .debug_frame   0x00001a08       0xdc .\CortexM3\ARM_GCC_541\Debug\os_time.o
 .debug_frame   0x00001ae4      0x1c0 .\CortexM3\ARM_GCC_541\Debug\os_tmr.o
 .debug_frame   0x00001ca4       0x20 .\CortexM3\ARM_GCC_541\Debug\os_cfg_app.o
 .debug_frame   0x00001cc4      0x424 .\CortexM3\ARM_GCC_541\Debug\os_core.o
 .debug_frame   0x000020e8       0x20 .\CortexM3\ARM_GCC_541\Debug\os_dbg.o
 .debug_frame   0x00002108      0x1bc .\CortexM3\ARM_GCC_541\Debug\os_flag.o
 .debug_frame   0x000022c4       0x9c .\CortexM3\ARM_GCC_541\Debug\os_mem.o
 .debug_frame   0x00002360       0xb8 .\CortexM3\ARM_GCC_541\Debug\os_msg.o
 .debug_frame   0x00002418      0x13c .\CortexM3\ARM_GCC_541\Debug\os_mutex.o
 .debug_frame   0x00002554       0xe0 .\CortexM3\ARM_GCC_541\Debug\max30102_interface.o
 .debug_frame   0x00002634      0x740 .\CortexM3\ARM_GCC_541\Debug\driver_max30102.o
 .debug_frame   0x00002d74       0xe4 .\CortexM3\ARM_GCC_541\Debug\cyfitter_cfg.o
 .debug_frame   0x00002e58       0xb8 .\CortexM3\ARM_GCC_541\Debug\Cm3Start.o
 .debug_frame   0x00002f10      0x25c .\CortexM3\ARM_GCC_541\Debug\esw_uCOS3_cykit.a(UART_1.o)
 .debug_frame   0x0000316c       0x30 .\CortexM3\ARM_GCC_541\Debug\esw_uCOS3_cykit.a(UART_1_INT.o)
 .debug_frame   0x0000319c       0x50 .\CortexM3\ARM_GCC_541\Debug\esw_uCOS3_cykit.a(Pin_1.o)
 .debug_frame   0x000031ec       0xe0 .\CortexM3\ARM_GCC_541\Debug\esw_uCOS3_cykit.a(UART_1_IntClock.o)
 .debug_frame   0x000032cc      0x1f8 .\CortexM3\ARM_GCC_541\Debug\esw_uCOS3_cykit.a(CyDmac.o)
 .debug_frame   0x000034c4      0x738 .\CortexM3\ARM_GCC_541\Debug\esw_uCOS3_cykit.a(CyLib.o)