Archive member included to satisfy reference by file (symbol)

.\CortexM3\ARM_GCC_541\Debug\esw_uCOS3_cykit.a(UART_1.o)
                              .\CortexM3\ARM_GCC_541\Debug\bsp_uart.o (UART_1_Start)
.\CortexM3\ARM_GCC_541\Debug\esw_uCOS3_cykit.a(UART_1_INT.o)
                              .\CortexM3\ARM_GCC_541\Debug\esw_uCOS3_cykit.a(UART_1.o) (UART_1_RXISR)
.\CortexM3\ARM_GCC_541\Debug\esw_uCOS3_cykit.a(Pin_1.o)
                              .\CortexM3\ARM_GCC_541\Debug\bsp_gpio.o (Pin_1_Write)
.\CortexM3\ARM_GCC_541\Debug\esw_uCOS3_cykit.a(UART_1_IntClock.o)
                              .\CortexM3\ARM_GCC_541\Debug\esw_uCOS3_cykit.a(UART_1.o) (UART_1_IntClock_Start)
.\CortexM3\ARM_GCC_541\Debug\esw_uCOS3_cykit.a(CyLib.o)
                              .\CortexM3\ARM_GCC_541\Debug\Cm3Start.o (CyHalt)
.\CortexM3\ARM_GCC_541\Debug\esw_uCOS3_cykit.a(cyPm.o)
                              .\CortexM3\ARM_GCC_541\Debug\esw_uCOS3_cykit.a(CyLib.o) (CyPmReadStatus)
.\CortexM3\ARM_GCC_541\Debug\esw_uCOS3_cykit.a(Pin_2.o)
                              .\CortexM3\ARM_GCC_541\Debug\bsp_gpio.o (Pin_2_Write)
.\CortexM3\ARM_GCC_541\Debug\esw_uCOS3_cykit.a(push_button.o)
                              .\CortexM3\ARM_GCC_541\Debug\gpio_tasks.o (push_button_Write)
.\CortexM3\ARM_GCC_541\Debug\esw_uCOS3_cykit.a(I2C_1.o)
                              .\CortexM3\ARM_GCC_541\Debug\bsp_i2c.o (I2C_1_Start)
.\CortexM3\ARM_GCC_541\Debug\esw_uCOS3_cykit.a(I2C_1_INT.o)
                              .\CortexM3\ARM_GCC_541\Debug\esw_uCOS3_cykit.a(I2C_1.o) (I2C_1_ISR)
.\CortexM3\ARM_GCC_541\Debug\esw_uCOS3_cykit.a(I2C_1_PM.o)
                              .\CortexM3\ARM_GCC_541\Debug\esw_uCOS3_cykit.a(I2C_1.o) (I2C_1_backup)
.\CortexM3\ARM_GCC_541\Debug\esw_uCOS3_cykit.a(I2C_1_MASTER.o)
                              .\CortexM3\ARM_GCC_541\Debug\esw_uCOS3_cykit.a(I2C_1.o) (I2C_1_mstrStatus)
.\CortexM3\ARM_GCC_541\Debug\esw_uCOS3_cykit.a(Timer_1.o)
                              .\CortexM3\ARM_GCC_541\Debug\bsp_i2c.o (Timer_1_Start)
.\CortexM3\ARM_GCC_541\Debug\esw_uCOS3_cykit.a(Timer_ISR.o)
                              .\CortexM3\ARM_GCC_541\Debug\bsp_i2c.o (Timer_ISR_StartEx)
.\CortexM3\ARM_GCC_541\Debug\esw_uCOS3_cykit.a(PWM_Heartbeat.o)
                              .\CortexM3\ARM_GCC_541\Debug\gpio_tasks.o (PWM_Heartbeat_Start)
.\CortexM3\ARM_GCC_541\Debug\esw_uCOS3_cykit.a(PWM_Environment.o)
                              .\CortexM3\ARM_GCC_541\Debug\gpio_tasks.o (PWM_Environment_Start)
.\CortexM3\ARM_GCC_541\Debug\esw_uCOS3_cykit.a(CyBootAsmGnu.o)
                              .\CortexM3\ARM_GCC_541\Debug\cyfitter_cfg.o (CyDelayCycles)
.\CortexM3\ARM_GCC_541\Debug\esw_uCOS3_cykit.a(CyFlash.o)
                              .\CortexM3\ARM_GCC_541\Debug\esw_uCOS3_cykit.a(cyPm.o) (CyFlash_SetWaitCycles)
.\CortexM3\ARM_GCC_541\Debug\esw_uCOS3_cykit.a(CySpc.o)
                              .\CortexM3\ARM_GCC_541\Debug\esw_uCOS3_cykit.a(CyFlash.o) (CySpcStart)
c:/program files (x86)/cypress/psoc creator/4.4/psoc creator/import/gnu/arm/5.4.1/bin/../lib/gcc/arm-none-eabi/5.4.1/armv7-m\libgcc.a(_arm_addsubsf3.o)
                              .\CortexM3\ARM_GCC_541\Debug\driver_max30102.o (__aeabi_fadd)
c:/program files (x86)/cypress/psoc creator/4.4/psoc creator/import/gnu/arm/5.4.1/bin/../lib/gcc/arm-none-eabi/5.4.1/armv7-m\libgcc.a(_arm_muldivsf3.o)
                              .\CortexM3\ARM_GCC_541\Debug\driver_max30102.o (__aeabi_fmul)
c:/program files (x86)/cypress/psoc creator/4.4/psoc creator/import/gnu/arm/5.4.1/bin/../lib/gcc/arm-none-eabi/5.4.1/armv7-m\libgcc.a(_aeabi_ldivmod.o)
                              .\CortexM3\ARM_GCC_541\Debug\bme68x.o (__aeabi_ldivmod)
c:/program files (x86)/cypress/psoc creator/4.4/psoc creator/import/gnu/arm/5.4.1/bin/../lib/gcc/arm-none-eabi/5.4.1/armv7-m\libgcc.a(_udivmoddi4.o)
                              c:/program files (x86)/cypress/psoc creator/4.4/psoc creator/import/gnu/arm/5.4.1/bin/../lib/gcc/arm-none-eabi/5.4.1/armv7-m\libgcc.a(_aeabi_ldivmod.o) (__udivmoddi4)
c:/program files (x86)/cypress/psoc creator/4.4/psoc creator/import/gnu/arm/5.4.1/bin/../lib/gcc/arm-none-eabi/5.4.1/armv7-m\libgcc.a(_dvmd_tls.o)
                              c:/program files (x86)/cypress/psoc creator/4.4/psoc creator/import/gnu/arm/5.4.1/bin/../lib/gcc/arm-none-eabi/5.4.1/armv7-m\libgcc.a(_aeabi_ldivmod.o) (__aeabi_ldiv0)
c:/program files (x86)/cypress/psoc creator/4.4/psoc creator/import/gnu/arm/5.4.1/bin/../lib/gcc/arm-none-eabi/5.4.1/../../../../arm-none-eabi/lib/armv7-m\libg_nano.a(lib_a-errno.o)
                              .\CortexM3\ARM_GCC_541\Debug\Cm3Start.o (__errno)
c:/program files (x86)/cypress/psoc creator/4.4/psoc creator/import/gnu/arm/5.4.1/bin/../lib/gcc/arm-none-eabi/5.4.1/../../../../arm-none-eabi/lib/armv7-m\libg_nano.a(lib_a-exit.o)
[...]
Memory Configuration

Name             Origin             Length             Attributes
rom              0x00000000         0x00040000         xr
ram              0x1fff8000         0x00010000         xrw
*default*        0x00000000         0xffffffff

Linker script and memory map

LOAD c:/program files (x86)/cypress/psoc creator/4.4/psoc creator/import/gnu/arm/5.4.1/bin/../lib/gcc/arm-none-eabi/5.4.1/armv7-m/crti.o
LOAD c:/program files (x86)/cypress/psoc creator/4.4/psoc creator/import/gnu/arm/5.4.1/bin/../lib/gcc/arm-none-eabi/5.4.1/armv7-m/crtbegin.o
LOAD c:/program files (x86)/cypress/psoc creator/4.4/psoc creator/import/gnu/arm/5.4.1/bin/../lib/gcc/arm-none-eabi/5.4.1/../../../../arm-none-eabi/lib/armv7-m/crt0.o
START GROUP
LOAD .\CortexM3\ARM_GCC_541\Debug\app.o
LOAD .\CortexM3\ARM_GCC_541\Debug\os_app_hooks.o
LOAD .\CortexM3\ARM_GCC_541\Debug\log_task.o
LOAD .\CortexM3\ARM_GCC_541\Debug\heartbeatSensor.o
LOAD .\CortexM3\ARM_GCC_541\Debug\environmentSensor.o
LOAD .\CortexM3\ARM_GCC_541\Debug\data_processing_task.o
LOAD .\CortexM3\ARM_GCC_541\Debug\gpio_tasks.o
LOAD .\CortexM3\ARM_GCC_541\Debug\bsp_os.o
LOAD .\CortexM3\ARM_GCC_541\Debug\bsp.o
LOAD .\CortexM3\ARM_GCC_541\Debug\cpu_bsp.o
LOAD .\CortexM3\ARM_GCC_541\Debug\bsp_uart.o
LOAD .\CortexM3\ARM_GCC_541\Debug\bsp_gpio.o
LOAD .\CortexM3\ARM_GCC_541\Debug\bsp_i2c.o
LOAD .\CortexM3\ARM_GCC_541\Debug\bsp_pwm.o
LOAD .\CortexM3\ARM_GCC_541\Debug\cpu_c.o
LOAD .\CortexM3\ARM_GCC_541\Debug\cpu_core.o
LOAD .\CortexM3\ARM_GCC_541\Debug\lib_math.o
LOAD .\CortexM3\ARM_GCC_541\Debug\lib_mem.o
LOAD .\CortexM3\ARM_GCC_541\Debug\lib_str.o
LOAD .\CortexM3\ARM_GCC_541\Debug\lib_ascii.o
LOAD .\CortexM3\ARM_GCC_541\Debug\os_cpu_c.o
LOAD .\CortexM3\ARM_GCC_541\Debug\os_pend_multi.o
LOAD .\CortexM3\ARM_GCC_541\Debug\os_prio.o
LOAD .\CortexM3\ARM_GCC_541\Debug\os_q.o
LOAD .\CortexM3\ARM_GCC_541\Debug\os_sem.o
LOAD .\CortexM3\ARM_GCC_541\Debug\os_stat.o
LOAD .\CortexM3\ARM_GCC_541\Debug\os_task.o
LOAD .\CortexM3\ARM_GCC_541\Debug\os_tick.o
LOAD .\CortexM3\ARM_GCC_541\Debug\os_time.o
LOAD .\CortexM3\ARM_GCC_541\Debug\os_tmr.o
LOAD .\CortexM3\ARM_GCC_541\Debug\os_var.o
LOAD .\CortexM3\ARM_GCC_541\Debug\os_cfg_app.o
LOAD .\CortexM3\ARM_GCC_541\Debug\os_core.o
LOAD .\CortexM3\ARM_GCC_541\Debug\os_dbg.o
LOAD .\CortexM3\ARM_GCC_541\Debug\os_flag.o
LOAD .\CortexM3\ARM_GCC_541\Debug\os_int.o
LOAD .\CortexM3\ARM_GCC_541\Debug\os_mem.o
LOAD .\CortexM3\ARM_GCC_541\Debug\os_msg.o
LOAD .\CortexM3\ARM_GCC_541\Debug\os_mutex.o
LOAD .\CortexM3\ARM_GCC_541\Debug\max30102_interface.o
LOAD .\CortexM3\ARM_GCC_541\Debug\driver_max30102.o
LOAD .\CortexM3\ARM_GCC_541\Debug\bme68x.o
LOAD .\CortexM3\ARM_GCC_541\Debug\cyfitter_cfg.o
LOAD .\CortexM3\ARM_GCC_541\Debug\cymetadata.o
LOAD .\CortexM3\ARM_GCC_541\Debug\Cm3Start.o
LOAD .\CortexM3\ARM_GCC_541\Debug\cpu_a.o
LOAD .\CortexM3\ARM_GCC_541\Debug\os_cpu_a.o
LOAD .\CortexM3\ARM_GCC_541\Debug\esw_uCOS3_cykit.a
LOAD C:\Program Files (x86)\Cypress\PSoC Creator\4.4\PSoC Creator\psoc\content\cycomponentlibrary\CyComponentLibrary.cylib\CortexM3\ARM_GCC_541\Debug\CyComponentLibrary.a
END GROUP
START GROUP
LOAD c:/program files (x86)/cypress/psoc creator/4.4/psoc creator/import/gnu/arm/5.4.1/bin/../lib/gcc/arm-none-eabi/5.4.1/armv7-m\libgcc.a
LOAD c:/program files (x86)/cypress/psoc creator/4.4/psoc creator/import/gnu/arm/5.4.1/bin/../lib/gcc/arm-none-eabi/5.4.1/../../../../arm-none-eabi/lib/armv7-m\libg_nano.a
LOAD c:/program files (x86)/cypress/psoc creator/4.4/psoc creator/import/gnu/arm/5.4.1/bin/../lib/gcc/arm-none-eabi/5.4.1/../../../../arm-none-eabi/lib/armv7-m\libc_nano.a
END GROUP
START GROUP
LOAD c:/program files (x86)/cypress/psoc creator/4.4/psoc creator/import/gnu/arm/5.4.1/bin/../lib/gcc/arm-none-eabi/5.4.1/armv7-m\libgcc.a
LOAD c:/program files (x86)/cypress/psoc creator/4.4/psoc creator/import/gnu/arm/5.4.1/bin/../lib/gcc/arm-none-eabi/5.4.1/../../../../arm-none-eabi/lib/armv7-m\libc_nano.a
END GROUP
LOAD c:/program files (x86)/cypress/psoc creator/4.4/psoc creator/import/gnu/arm/5.4.1/bin/../lib/gcc/arm-none-eabi/5.4.1/armv7-m/crtend.o
LOAD c:/program files (x86)/cypress/psoc creator/4.4/psoc creator/import/gnu/arm/5.4.1/bin/../lib/gcc/arm-none-eabi/5.4.1/armv7-m/crtn.o
START GROUP
LOAD c:/program files (x86)/cypress/psoc creator/4.4/psoc creator/import/gnu/arm/5.4.1/bin/../lib/gcc/arm-none-eabi/5.4.1/armv7-m\libgcc.a
LOAD c:/program files (x86)/cypress/psoc creator/4.4/psoc creator/import/gnu/arm/5.4.1/bin/../lib/gcc/arm-none-eabi/5.4.1/../../../../arm-none-eabi/lib/armv7-m\libc.a
LOAD c:/program files (x86)/cypress/psoc creator/4.4/psoc creator/import/gnu/arm/5.4.1/bin/../lib/gcc/arm-none-eabi/5.4.1/../../../../arm-none-eabi/lib/armv7-m\libnosys.a
END GROUP
                0x00000000                CY_APPL_ORIGIN = 0x0
                0x00000100                CY_FLASH_ROW_SIZE = 0x100
                0x00000020                CY_ECC_ROW_SIZE = 0x20
                0x00000000                CY_EE_IN_BTLDR = 0x0
                0x00000000                CY_APPL_LOADABLE = 0x0
                0x00000800                CY_EE_SIZE = 0x800
                0x00000001                CY_APPL_NUM = 0x1
                0x00000001                CY_APPL_MAX = 0x1
                0x00000040                CY_METADATA_SIZE = 0x40
                0x00000000                CY_APPL_LOADABLE = 0x0
                0x00000000                CY_CHECKSUM_EXCLUDE_SIZE = ALIGN (0x0, CY_FLASH_ROW_SIZE)
                [!provide]                PROVIDE (__cy_heap_start, _end)
                0x00000001                PROVIDE (__cy_region_num, ((__cy_regions_end - __cy_regions) / 0x10))
                0x20008000                PROVIDE (__cy_stack, (ORIGIN (ram) + LENGTH (ram)))
                [!provide]                PROVIDE (__cy_heap_end, (__cy_stack - 0x800))

.cybootloader   0x00000000        0x0
 *(.cybootloader)
                0x00000000                appl1_start = CY_APPL_ORIGIN?CY_APPL_ORIGIN:ALIGN (CY_FLASH_ROW_SIZE)
                0x0001ff00                appl2_start = (appl1_start + ALIGN ((((LENGTH (rom) - appl1_start) - (0x2 * CY_FLASH_ROW_SIZE)) / 0x2), CY_FLASH_ROW_SIZE))
                0x00000000                appl_start = (CY_APPL_NUM == 0x1)?appl1_start:appl2_start
                0x00000000                ecc_offset = ((appl_start / CY_FLASH_ROW_SIZE) * CY_ECC_ROW_SIZE)
                0x00000000                ee_offset = (CY_APPL_LOADABLE && ! (CY_EE_IN_BTLDR))?((CY_EE_SIZE / CY_APPL_MAX) * (CY_APPL_NUM - 0x1)):0x0
                0x00000800                ee_size = (CY_APPL_LOADABLE && ! (CY_EE_IN_BTLDR))?(CY_EE_SIZE / CY_APPL_MAX):CY_EE_SIZE
                [!provide]                PROVIDE (CY_ECC_OFFSET, ecc_offset)

.text           0x00000000     0x7650
 CREATE_OBJECT_SYMBOLS
                0x00000000                PROVIDE (__cy_interrupt_vector, RomVectors)
 *(.romvectors)
 .romvectors    0x00000000       0x10 .\CortexM3\ARM_GCC_541\Debug\Cm3Start.o
                0x00000000                RomVectors
                0x00000001                ASSERT ((. != __cy_interrupt_vector), No interrupt vector)
                0x00000001                ASSERT (CY_APPL_ORIGIN?(SIZEOF (.cybootloader) <= CY_APPL_ORIGIN):0x1, Wrong image location)
                0x00000010                PROVIDE (__cy_reset, Reset)
 *(.text.Reset)
 .text.Reset    0x00000010       0x18 .\CortexM3\ARM_GCC_541\Debug\Cm3Start.o
                0x00000010                Reset
                0x00000001                ASSERT ((. != __cy_reset), No reset code)
 *(.dma_init)
                0x00000001                ASSERT ((((appl_start + .) <= 0x10000) || 0x1), DMA Init must be within the first 64k of flash)
 *(.text .text.* .gnu.linkonce.t.*)
 .text          0x00000028       0x5c c:/program files (x86)/cypress/psoc creator/4.4/psoc creator/import/gnu/arm/5.4.1/bin/../lib/gcc/arm-none-eabi/5.4.1/armv7-m/crtbegin.o
 .text.App_TaskStart
                0x00000084       0x78 .\CortexM3\ARM_GCC_541\Debug\app.o
 .text.main     0x000000fc       0x60 .\CortexM3\ARM_GCC_541\Debug\app.o
                0x000000fc                main
 .text.Log_LevelToString
                0x0000015c       0x88 .\CortexM3\ARM_GCC_541\Debug\log_task.o
 .text.Log_PrintErrorWithCode
                0x000001e4       0x2c .\CortexM3\ARM_GCC_541\Debug\log_task.o
 .text.Log_Task
                0x00000210       0xe8 .\CortexM3\ARM_GCC_541\Debug\log_task.o
 .text.Log_Init
                0x000002f8       0x58 .\CortexM3\ARM_GCC_541\Debug\log_task.o
                0x000002f8                Log_Init
 .text.Log_Write
                0x00000350       0xc0 .\CortexM3\ARM_GCC_541\Debug\log_task.o
                0x00000350                Log_Write
 .text.initializeMessageQueueOximiter
                0x00000410       0x70 .\CortexM3\ARM_GCC_541\Debug\heartbeatSensor.o
                0x00000410                initializeMessageQueueOximiter
 .text.MAX30102_Init
                0x00000480       0x78 .\CortexM3\ARM_GCC_541\Debug\heartbeatSensor.o
                0x00000480                MAX30102_Init
 .text.enqueueHeartRate
                0x000004f8       0x90 .\CortexM3\ARM_GCC_541\Debug\heartbeatSensor.o
                0x000004f8                enqueueHeartRate
 .text.updateHeartRate
                0x00000588       0xd0 .\CortexM3\ARM_GCC_541\Debug\heartbeatSensor.o
                0x00000588                updateHeartRate
 .text.enqueueSpO2
                0x00000658       0x80 .\CortexM3\ARM_GCC_541\Debug\heartbeatSensor.o
                0x00000658                enqueueSpO2
 .text.calculateSpO2
                0x000006d8       0x58 .\CortexM3\ARM_GCC_541\Debug\heartbeatSensor.o
                0x000006d8                calculateSpO2
 .text.updateSpO2
                0x00000730       0x28 .\CortexM3\ARM_GCC_541\Debug\heartbeatSensor.o
                0x00000730                updateSpO2
 .text.averageDCEstimator
                0x00000758       0x14 .\CortexM3\ARM_GCC_541\Debug\heartbeatSensor.o
                0x00000758                averageDCEstimator
 .text.mul16    0x0000076c        0x8 .\CortexM3\ARM_GCC_541\Debug\heartbeatSensor.o
                0x0000076c                mul16
 .text.lowPassFIRFilter
                0x00000774       0x80 .\CortexM3\ARM_GCC_541\Debug\heartbeatSensor.o
                0x00000774                lowPassFIRFilter
 .text.processSignals
                0x000007f4       0x48 .\CortexM3\ARM_GCC_541\Debug\heartbeatSensor.o
                0x000007f4                processSignals
 .text.max30102_Task
                0x0000083c       0x98 .\CortexM3\ARM_GCC_541\Debug\heartbeatSensor.o
 .text.bsp_i2c_read_bme
                0x000008d4       0x28 .\CortexM3\ARM_GCC_541\Debug\environmentSensor.o
                0x000008d4                bsp_i2c_read_bme
 .text.bsp_i2c_write_bme
                0x000008fc       0x28 .\CortexM3\ARM_GCC_541\Debug\environmentSensor.o
                0x000008fc                bsp_i2c_write_bme
 .text.us_Delay
                0x00000924        0xc .\CortexM3\ARM_GCC_541\Debug\environmentSensor.o
                0x00000924                us_Delay
 .text.initializeMessageQueueEnvironment
                0x00000930       0x40 .\CortexM3\ARM_GCC_541\Debug\environmentSensor.o
                0x00000930                initializeMessageQueueEnvironment
 .text.BME688_Init_Task
                0x00000970       0x78 .\CortexM3\ARM_GCC_541\Debug\environmentSensor.o
                0x00000970                BME688_Init_Task
 .text.enqueueEnvironmentData
                0x000009e8       0x70 .\CortexM3\ARM_GCC_541\Debug\environmentSensor.o
                0x000009e8                enqueueEnvironmentData
 .text.sendDataViaUartForCSV
                0x00000a58       0x38 .\CortexM3\ARM_GCC_541\Debug\environmentSensor.o
                0x00000a58                sendDataViaUartForCSV
 .text.Init_BME688_Sensor
                0x00000a90       0xf0 .\CortexM3\ARM_GCC_541\Debug\environmentSensor.o
                0x00000a90                Init_BME688_Sensor
 .text.bme688_Task
                0x00000b80      0x120 .\CortexM3\ARM_GCC_541\Debug\environmentSensor.o
 .text.BUT_Task
                0x00000ca0       0x7c .\CortexM3\ARM_GCC_541\Debug\gpio_tasks.o
 .text.init_gpio
                0x00000d1c       0x94 .\CortexM3\ARM_GCC_541\Debug\gpio_tasks.o
                0x00000d1c                init_gpio
 .text.BSP_PreInit
                0x00000db0       0x20 .\CortexM3\ARM_GCC_541\Debug\bsp.o
                0x00000db0                BSP_PreInit
 .text.BSP_PostInit
                0x00000dd0        0x8 .\CortexM3\ARM_GCC_541\Debug\bsp.o
                0x00000dd0                BSP_PostInit
 .text.BSP_CPU_ClkFreq
                0x00000dd8        0x8 .\CortexM3\ARM_GCC_541\Debug\bsp.o
                0x00000dd8                BSP_CPU_ClkFreq
 .text.BSP_CPU_TickInit
                0x00000de0       0x18 .\CortexM3\ARM_GCC_541\Debug\bsp.o
                0x00000de0                BSP_CPU_TickInit
 .text.BSP_PB_StatusGet
                0x00000df8       0x18 .\CortexM3\ARM_GCC_541\Debug\bsp.o
                0x00000df8                BSP_PB_StatusGet
 .text.CPU_TS_TmrInit
                0x00000e10       0x28 .\CortexM3\ARM_GCC_541\Debug\cpu_bsp.o
                0x00000e10                CPU_TS_TmrInit
 .text.CPU_TS_TmrRd
                0x00000e38        0xc .\CortexM3\ARM_GCC_541\Debug\cpu_bsp.o
                0x00000e38                CPU_TS_TmrRd
 .text.init_uart
                0x00000e44        0x8 .\CortexM3\ARM_GCC_541\Debug\bsp_uart.o
                0x00000e44                init_uart
 .text.gpio_read
                0x00000e4c       0x20 .\CortexM3\ARM_GCC_541\Debug\bsp_gpio.o
                0x00000e4c                gpio_read
 .text.Timer_ISR
                0x00000e6c       0x10 .\CortexM3\ARM_GCC_541\Debug\bsp_i2c.o
                0x00000e6c                Timer_ISR
 .text.I2C_Init
                0x00000e7c       0x50 .\CortexM3\ARM_GCC_541\Debug\bsp_i2c.o
                0x00000e7c                I2C_Init
 .text.bsp_i2c_read
                0x00000ecc       0xd0 .\CortexM3\ARM_GCC_541\Debug\bsp_i2c.o
                0x00000ecc                bsp_i2c_read
 .text.bsp_i2c_write
                0x00000f9c       0xa0 .\CortexM3\ARM_GCC_541\Debug\bsp_i2c.o
                0x00000f9c                bsp_i2c_write
 .text.CPU_TS_Init
                0x0000103c       0x14 .\CortexM3\ARM_GCC_541\Debug\cpu_core.o
 .text.CPU_NameClr
                0x00001050       0x1c .\CortexM3\ARM_GCC_541\Debug\cpu_core.o
                0x00001050                CPU_NameClr
 .text.CPU_NameInit
                0x0000106c        0x8 .\CortexM3\ARM_GCC_541\Debug\cpu_core.o
 .text.CPU_Init
                0x00001074        0xc .\CortexM3\ARM_GCC_541\Debug\cpu_core.o
                0x00001074                CPU_Init
 .text.CPU_TS_TmrFreqSet
                0x00001080        0xc .\CortexM3\ARM_GCC_541\Debug\cpu_core.o
                0x00001080                CPU_TS_TmrFreqSet
 .text.Mem_Set  0x0000108c       0x44 .\CortexM3\ARM_GCC_541\Debug\lib_mem.o
                0x0000108c                Mem_Set
 .text.Mem_Clr  0x000010d0        0xc .\CortexM3\ARM_GCC_541\Debug\lib_mem.o
                0x000010d0                Mem_Clr
 .text.OSIdleTaskHook
                0x000010dc       0x10 .\CortexM3\ARM_GCC_541\Debug\os_cpu_c.o
                0x000010dc                OSIdleTaskHook
 .text.OSInitHook
                0x000010ec       0x3c .\CortexM3\ARM_GCC_541\Debug\os_cpu_c.o
                0x000010ec                OSInitHook
 .text.OSStatTaskHook
                0x00001128       0x10 .\CortexM3\ARM_GCC_541\Debug\os_cpu_c.o
                0x00001128                OSStatTaskHook
 .text.OSTaskCreateHook
                0x00001138       0x10 .\CortexM3\ARM_GCC_541\Debug\os_cpu_c.o
                0x00001138                OSTaskCreateHook
 .text.OSTaskDelHook
                0x00001148       0x10 .\CortexM3\ARM_GCC_541\Debug\os_cpu_c.o
                0x00001148                OSTaskDelHook
 .text.OSTaskReturnHook
                0x00001158       0x10 .\CortexM3\ARM_GCC_541\Debug\os_cpu_c.o
                0x00001158                OSTaskReturnHook
 .text.OSTaskStkInit
                0x00001168       0x88 .\CortexM3\ARM_GCC_541\Debug\os_cpu_c.o
                0x00001168                OSTaskStkInit
 .text.OSTaskSwHook
                0x000011f0       0x40 .\CortexM3\ARM_GCC_541\Debug\os_cpu_c.o
                0x000011f0                OSTaskSwHook
 .text.OSTimeTickHook
                0x00001230       0x10 .\CortexM3\ARM_GCC_541\Debug\os_cpu_c.o
                0x00001230                OSTimeTickHook
 .text.OS_CPU_SysTickHandler
                0x00001240       0x20 .\CortexM3\ARM_GCC_541\Debug\os_cpu_c.o
                0x00001240                OS_CPU_SysTickHandler
 .text.OS_CPU_SysTickInit
                0x00001260       0x30 .\CortexM3\ARM_GCC_541\Debug\os_cpu_c.o
                0x00001260                OS_CPU_SysTickInit
 .text.OS_PrioInit
                0x00001290       0x18 .\CortexM3\ARM_GCC_541\Debug\os_prio.o
                0x00001290                OS_PrioInit
 .text.OS_PrioGetHighest
                0x000012a8       0x24 .\CortexM3\ARM_GCC_541\Debug\os_prio.o
                0x000012a8                OS_PrioGetHighest
 .text.OS_PrioInsert
                0x000012cc       0x24 .\CortexM3\ARM_GCC_541\Debug\os_prio.o
                0x000012cc                OS_PrioInsert
 .text.OS_PrioRemove
                0x000012f0       0x24 .\CortexM3\ARM_GCC_541\Debug\os_prio.o
                0x000012f0                OS_PrioRemove
 .text.OSQFlush
                0x00001314       0x44 .\CortexM3\ARM_GCC_541\Debug\os_q.o
                0x00001314                OSQFlush
 .text.OSQPend  0x00001358      0x164 .\CortexM3\ARM_GCC_541\Debug\os_q.o
                0x00001358                OSQPend
 .text.OS_QDbgListAdd
                0x000014bc       0x24 .\CortexM3\ARM_GCC_541\Debug\os_q.o
                0x000014bc                OS_QDbgListAdd
 .text.OSQCreate
                0x000014e0       0x7c .\CortexM3\ARM_GCC_541\Debug\os_q.o
                0x000014e0                OSQCreate
 .text.OS_QInit
                0x0000155c       0x18 .\CortexM3\ARM_GCC_541\Debug\os_q.o
                0x0000155c                OS_QInit
 .text.OS_QPost
                0x00001574       0x84 .\CortexM3\ARM_GCC_541\Debug\os_q.o
                0x00001574                OS_QPost
 .text.OSQPost  0x000015f8       0x74 .\CortexM3\ARM_GCC_541\Debug\os_q.o
                0x000015f8                OSQPost
 .text.OSSemPend
                0x0000166c      0x128 .\CortexM3\ARM_GCC_541\Debug\os_sem.o
                0x0000166c                OSSemPend
 .text.OS_SemDbgListAdd
                0x00001794       0x24 .\CortexM3\ARM_GCC_541\Debug\os_sem.o
                0x00001794                OS_SemDbgListAdd
 .text.OSSemCreate
                0x000017b8       0x68 .\CortexM3\ARM_GCC_541\Debug\os_sem.o
                0x000017b8                OSSemCreate
 .text.OS_SemInit
                0x00001820       0x18 .\CortexM3\ARM_GCC_541\Debug\os_sem.o
                0x00001820                OS_SemInit
 .text.OS_SemPost
                0x00001838       0x88 .\CortexM3\ARM_GCC_541\Debug\os_sem.o
                0x00001838                OS_SemPost
 .text.OSSemPost
                0x000018c0       0x48 .\CortexM3\ARM_GCC_541\Debug\os_sem.o
                0x000018c0                OSSemPost
 .text.OSStatReset
                0x00001908       0xb8 .\CortexM3\ARM_GCC_541\Debug\os_stat.o
                0x00001908                OSStatReset
 .text.OS_StatTask
                0x000019c0      0x230 .\CortexM3\ARM_GCC_541\Debug\os_stat.o
                0x000019c0                OS_StatTask
 .text.OS_StatTaskInit
                0x00001bf0       0xa8 .\CortexM3\ARM_GCC_541\Debug\os_stat.o
                0x00001bf0                OS_StatTaskInit
 .text.OSTaskSemPend
                0x00001c98      0x130 .\CortexM3\ARM_GCC_541\Debug\os_task.o
                0x00001c98                OSTaskSemPend
 .text.OSTaskStkChk
                0x00001dc8       0x90 .\CortexM3\ARM_GCC_541\Debug\os_task.o
                0x00001dc8                OSTaskStkChk
 .text.OS_TaskDbgListAdd
                0x00001e58       0x24 .\CortexM3\ARM_GCC_541\Debug\os_task.o
                0x00001e58                OS_TaskDbgListAdd
 .text.OS_TaskDbgListRemove
                0x00001e7c       0x44 .\CortexM3\ARM_GCC_541\Debug\os_task.o
                0x00001e7c                OS_TaskDbgListRemove
 .text.OS_TaskInit
                0x00001ec0       0x20 .\CortexM3\ARM_GCC_541\Debug\os_task.o
                0x00001ec0                OS_TaskInit
 .text.OS_TaskInitTCB
                0x00001ee0       0xcc .\CortexM3\ARM_GCC_541\Debug\os_task.o
                0x00001ee0                OS_TaskInitTCB
 .text.OSTaskCreate
                0x00001fac      0x1a8 .\CortexM3\ARM_GCC_541\Debug\os_task.o
                0x00001fac                OSTaskCreate
 .text.OSTaskDel
                0x00002154       0xcc .\CortexM3\ARM_GCC_541\Debug\os_task.o
                0x00002154                OSTaskDel
 .text.OS_TaskReturn
                0x00002220       0x20 .\CortexM3\ARM_GCC_541\Debug\os_task.o
                0x00002220                OS_TaskReturn
 .text.OS_TaskSemPost
                0x00002240       0xc0 .\CortexM3\ARM_GCC_541\Debug\os_task.o
                0x00002240                OS_TaskSemPost
 .text.OSTaskSemPost
                0x00002300       0x2c .\CortexM3\ARM_GCC_541\Debug\os_task.o
                0x00002300                OSTaskSemPost
 .text.OS_TickListInit
                0x0000232c       0x2c .\CortexM3\ARM_GCC_541\Debug\os_tick.o
                0x0000232c                OS_TickListInit
 .text.OS_TickTaskInit
                0x00002358       0x98 .\CortexM3\ARM_GCC_541\Debug\os_tick.o
                0x00002358                OS_TickTaskInit
 .text.OS_TickListInsert
                0x000023f0      0x120 .\CortexM3\ARM_GCC_541\Debug\os_tick.o
                0x000023f0                OS_TickListInsert
 .text.OS_TickListRemove
                0x00002510       0x38 .\CortexM3\ARM_GCC_541\Debug\os_tick.o
                0x00002510                OS_TickListRemove
 .text.OS_TickListResetPeak
                0x00002548       0x24 .\CortexM3\ARM_GCC_541\Debug\os_tick.o
                0x00002548                OS_TickListResetPeak
 .text.OS_TickListUpdate
                0x0000256c      0x144 .\CortexM3\ARM_GCC_541\Debug\os_tick.o
                0x0000256c                OS_TickListUpdate
 .text.OS_TickTask
                0x000026b0       0x2c .\CortexM3\ARM_GCC_541\Debug\os_tick.o
                0x000026b0                OS_TickTask
 .text.OSTimeDly
                0x000026dc       0x94 .\CortexM3\ARM_GCC_541\Debug\os_time.o
                0x000026dc                OSTimeDly
 .text.OSTimeDlyHMSM
                0x00002770      0x164 .\CortexM3\ARM_GCC_541\Debug\os_time.o
                0x00002770                OSTimeDlyHMSM
 .text.OSTimeTick
                0x000028d4       0x64 .\CortexM3\ARM_GCC_541\Debug\os_time.o
                0x000028d4                OSTimeTick
 .text.OS_TmrInit
                0x00002938      0x100 .\CortexM3\ARM_GCC_541\Debug\os_tmr.o
                0x00002938                OS_TmrInit
 .text.OS_TmrLink
                0x00002a38       0xe8 .\CortexM3\ARM_GCC_541\Debug\os_tmr.o
                0x00002a38                OS_TmrLink
 .text.OS_TmrResetPeak
                0x00002b20       0x24 .\CortexM3\ARM_GCC_541\Debug\os_tmr.o
                0x00002b20                OS_TmrResetPeak
 .text.OS_TmrUnlink
                0x00002b44       0x58 .\CortexM3\ARM_GCC_541\Debug\os_tmr.o
                0x00002b44                OS_TmrUnlink
 .text.OS_TmrTask
                0x00002b9c       0xb0 .\CortexM3\ARM_GCC_541\Debug\os_tmr.o
                0x00002b9c                OS_TmrTask
 .text.OSCfg_Init
                0x00002c4c        0x4 .\CortexM3\ARM_GCC_541\Debug\os_cfg_app.o
                0x00002c4c                OSCfg_Init
 .text.OS_IdleTask
                0x00002c50       0x28 .\CortexM3\ARM_GCC_541\Debug\os_core.o
                0x00002c50                OS_IdleTask
 .text.OSIntExit
                0x00002c78       0xa8 .\CortexM3\ARM_GCC_541\Debug\os_core.o
                0x00002c78                OSIntExit
 .text.OSSched  0x00002d20       0x80 .\CortexM3\ARM_GCC_541\Debug\os_core.o
                0x00002d20                OSSched
 .text.OSSchedLock
                0x00002da0       0x54 .\CortexM3\ARM_GCC_541\Debug\os_core.o
                0x00002da0                OSSchedLock
 .text.OSSchedUnlock
                0x00002df4       0x68 .\CortexM3\ARM_GCC_541\Debug\os_core.o
                0x00002df4                OSSchedUnlock
 .text.OSStart  0x00002e5c       0x5c .\CortexM3\ARM_GCC_541\Debug\os_core.o
                0x00002e5c                OSStart
 .text.OS_IdleTaskInit
                0x00002eb8       0x58 .\CortexM3\ARM_GCC_541\Debug\os_core.o
                0x00002eb8                OS_IdleTaskInit
 .text.OS_PendDataInit
                0x00002f10       0x28 .\CortexM3\ARM_GCC_541\Debug\os_core.o
                0x00002f10                OS_PendDataInit
 .text.OS_PendDbgNameAdd
                0x00002f38       0x44 .\CortexM3\ARM_GCC_541\Debug\os_core.o
                0x00002f38                OS_PendDbgNameAdd
 .text.OS_PendDbgNameRemove
                0x00002f7c       0x1c .\CortexM3\ARM_GCC_541\Debug\os_core.o
                0x00002f7c                OS_PendDbgNameRemove
 .text.OS_PendListInit
                0x00002f98        0xc .\CortexM3\ARM_GCC_541\Debug\os_core.o
                0x00002f98                OS_PendListInit
 .text.OS_PendListInsertPrio
                0x00002fa4       0x5c .\CortexM3\ARM_GCC_541\Debug\os_core.o
                0x00002fa4                OS_PendListInsertPrio
 .text.OS_PendListRemove1
                0x00003000       0x38 .\CortexM3\ARM_GCC_541\Debug\os_core.o
                0x00003000                OS_PendListRemove1
 .text.OS_PendListRemove
                0x00003038       0x28 .\CortexM3\ARM_GCC_541\Debug\os_core.o
                0x00003038                OS_PendListRemove
 .text.OS_Post1
                0x00003060       0x28 .\CortexM3\ARM_GCC_541\Debug\os_core.o
                0x00003060                OS_Post1
 .text.OS_RdyListInit
                0x00003088       0x28 .\CortexM3\ARM_GCC_541\Debug\os_core.o
                0x00003088                OS_RdyListInit
 .text.OSInit   0x000030b0      0x154 .\CortexM3\ARM_GCC_541\Debug\os_core.o
                0x000030b0                OSInit
 .text.OS_RdyListInsertHead
                0x00003204       0x54 .\CortexM3\ARM_GCC_541\Debug\os_core.o
                0x00003204                OS_RdyListInsertHead
 .text.OS_RdyListInsertTail
                0x00003258       0x54 .\CortexM3\ARM_GCC_541\Debug\os_core.o
                0x00003258                OS_RdyListInsertTail
 .text.OS_RdyListInsert
                0x000032ac       0x2c .\CortexM3\ARM_GCC_541\Debug\os_core.o
                0x000032ac                OS_RdyListInsert
 .text.OS_RdyListMoveHeadToTail
                0x000032d8       0x38 .\CortexM3\ARM_GCC_541\Debug\os_core.o
                0x000032d8                OS_RdyListMoveHeadToTail
 .text.OS_RdyListRemove
                0x00003310       0x78 .\CortexM3\ARM_GCC_541\Debug\os_core.o
                0x00003310                OS_RdyListRemove
 .text.OS_SchedRoundRobin
                0x00003388       0x88 .\CortexM3\ARM_GCC_541\Debug\os_core.o
                0x00003388                OS_SchedRoundRobin
 .text.OS_TaskBlock
                0x00003410       0x3c .\CortexM3\ARM_GCC_541\Debug\os_core.o
                0x00003410                OS_TaskBlock
 .text.OS_Pend  0x0000344c       0x54 .\CortexM3\ARM_GCC_541\Debug\os_core.o
                0x0000344c                OS_Pend
 .text.OS_TaskRdy
                0x000034a0       0x1c .\CortexM3\ARM_GCC_541\Debug\os_core.o
                0x000034a0                OS_TaskRdy
 .text.OS_Post  0x000034bc       0xac .\CortexM3\ARM_GCC_541\Debug\os_core.o
                0x000034bc                OS_Post
 .text.OS_Dbg_Init
                0x00003568        0x4 .\CortexM3\ARM_GCC_541\Debug\os_dbg.o
                0x00003568                OS_Dbg_Init
 .text.OS_FlagInit
                0x0000356c       0x18 .\CortexM3\ARM_GCC_541\Debug\os_flag.o
                0x0000356c                OS_FlagInit
 .text.OSMemGet
                0x00003584       0x3c .\CortexM3\ARM_GCC_541\Debug\os_mem.o
                0x00003584                OSMemGet
 .text.OSMemPut
                0x000035c0       0x4c .\CortexM3\ARM_GCC_541\Debug\os_mem.o
                0x000035c0                OSMemPut
 .text.OS_MemDbgListAdd
                0x0000360c       0x1c .\CortexM3\ARM_GCC_541\Debug\os_mem.o
                0x0000360c                OS_MemDbgListAdd
 .text.OSMemCreate
                0x00003628       0xe0 .\CortexM3\ARM_GCC_541\Debug\os_mem.o
                0x00003628                OSMemCreate
 .text.OS_MemInit
                0x00003708       0x18 .\CortexM3\ARM_GCC_541\Debug\os_mem.o
                0x00003708                OS_MemInit
 .text.OS_MsgPoolInit
                0x00003720       0x68 .\CortexM3\ARM_GCC_541\Debug\os_msg.o
                0x00003720                OS_MsgPoolInit
 .text.OS_MsgQFreeAll
                0x00003788       0x34 .\CortexM3\ARM_GCC_541\Debug\os_msg.o
                0x00003788                OS_MsgQFreeAll
 .text.OS_MsgQInit
                0x000037bc       0x10 .\CortexM3\ARM_GCC_541\Debug\os_msg.o
                0x000037bc                OS_MsgQInit
 .text.OS_MsgQGet
                0x000037cc       0x5c .\CortexM3\ARM_GCC_541\Debug\os_msg.o
                0x000037cc                OS_MsgQGet
 .text.OS_MsgQPut
                0x00003828       0x94 .\CortexM3\ARM_GCC_541\Debug\os_msg.o
                0x00003828                OS_MsgQPut
 .text.OS_MutexInit
                0x000038bc       0x18 .\CortexM3\ARM_GCC_541\Debug\os_mutex.o
                0x000038bc                OS_MutexInit
 .text.bsp_delay_ms
                0x000038d4       0x6c .\CortexM3\ARM_GCC_541\Debug\max30102_interface.o
                0x000038d4                bsp_delay_ms
 .text.bsp_i2c_deinit
                0x00003940       0x14 .\CortexM3\ARM_GCC_541\Debug\max30102_interface.o
 .text.bsp_i2c_init
                0x00003954       0x14 .\CortexM3\ARM_GCC_541\Debug\max30102_interface.o
 .text.bsp_debug_print
                0x00003968       0x28 .\CortexM3\ARM_GCC_541\Debug\max30102_interface.o
                0x00003968                bsp_debug_print
 .text.max30102_receive_callback
                0x00003990       0x40 .\CortexM3\ARM_GCC_541\Debug\max30102_interface.o
                0x00003990                max30102_receive_callback
 .text.max30102_sensor_init
                0x000039d0      0x1d8 .\CortexM3\ARM_GCC_541\Debug\max30102_interface.o
                0x000039d0                max30102_sensor_init
 .text.max30102_init
                0x00003ba8      0x1ec .\CortexM3\ARM_GCC_541\Debug\driver_max30102.o
                0x00003ba8                max30102_init
 .text.max30102_read
                0x00003d94      0x1f8 .\CortexM3\ARM_GCC_541\Debug\driver_max30102.o
                0x00003d94                max30102_read
 .text.max30102_set_interrupt
                0x00003f8c       0xcc .\CortexM3\ARM_GCC_541\Debug\driver_max30102.o
                0x00003f8c                max30102_set_interrupt
 .text.max30102_set_fifo_sample_averaging
                0x00004058       0x68 .\CortexM3\ARM_GCC_541\Debug\driver_max30102.o
                0x00004058                max30102_set_fifo_sample_averaging
 .text.max30102_set_fifo_roll
                0x000040c0       0x68 .\CortexM3\ARM_GCC_541\Debug\driver_max30102.o
                0x000040c0                max30102_set_fifo_roll
 .text.max30102_set_mode
                0x00004128       0x64 .\CortexM3\ARM_GCC_541\Debug\driver_max30102.o
                0x00004128                max30102_set_mode
 .text.max30102_set_spo2_adc_range
                0x0000418c       0x68 .\CortexM3\ARM_GCC_541\Debug\driver_max30102.o
                0x0000418c                max30102_set_spo2_adc_range
 .text.max30102_set_spo2_sample_rate
                0x000041f4       0x68 .\CortexM3\ARM_GCC_541\Debug\driver_max30102.o
                0x000041f4                max30102_set_spo2_sample_rate
 .text.max30102_set_adc_resolution
                0x0000425c       0x64 .\CortexM3\ARM_GCC_541\Debug\driver_max30102.o
                0x0000425c                max30102_set_adc_resolution
 .text.max30102_set_led_red_pulse_amplitude
                0x000042c0       0x40 .\CortexM3\ARM_GCC_541\Debug\driver_max30102.o
                0x000042c0                max30102_set_led_red_pulse_amplitude
 .text.max30102_set_led_ir_pulse_amplitude
                0x00004300       0x40 .\CortexM3\ARM_GCC_541\Debug\driver_max30102.o
                0x00004300                max30102_set_led_ir_pulse_amplitude
 .text.max30102_set_slot
                0x00004340      0x150 .\CortexM3\ARM_GCC_541\Debug\driver_max30102.o
                0x00004340                max30102_set_slot
 .text.calc_temperature
                0x00004490       0x70 .\CortexM3\ARM_GCC_541\Debug\bme68x.o
 .text.calc_pressure
                0x00004500       0xc4 .\CortexM3\ARM_GCC_541\Debug\bme68x.o
 .text.calc_humidity
                0x000045c4       0xc4 .\CortexM3\ARM_GCC_541\Debug\bme68x.o
 .text.calc_gas_resistance_low
                0x00004688       0xac .\CortexM3\ARM_GCC_541\Debug\bme68x.o
 .text.calc_gas_resistance_high
                0x00004734       0x28 .\CortexM3\ARM_GCC_541\Debug\bme68x.o
 .text.calc_res_heat
                0x0000475c       0xb0 .\CortexM3\ARM_GCC_541\Debug\bme68x.o
 .text.calc_gas_wait
                0x0000480c       0x24 .\CortexM3\ARM_GCC_541\Debug\bme68x.o
 .text.null_ptr_check
                0x00004830       0x2c .\CortexM3\ARM_GCC_541\Debug\bme68x.o
 .text.set_mem_page
                0x0000485c       0x70 .\CortexM3\ARM_GCC_541\Debug\bme68x.o
 .text.get_mem_page
                0x000048cc       0x38 .\CortexM3\ARM_GCC_541\Debug\bme68x.o
 .text.boundary_check
                0x00004904       0x34 .\CortexM3\ARM_GCC_541\Debug\bme68x.o
 .text.calc_heatr_dur_shared
                0x00004938       0x44 .\CortexM3\ARM_GCC_541\Debug\bme68x.o
 .text.swap_fields
                0x0000497c       0x18 .\CortexM3\ARM_GCC_541\Debug\bme68x.o
 .text.sort_sensor_data
                0x00004994       0x44 .\CortexM3\ARM_GCC_541\Debug\bme68x.o
 .text.analyze_sensor_data
                0x000049d8       0x8c .\CortexM3\ARM_GCC_541\Debug\bme68x.o
 .text.bme68x_set_regs
                0x00004a64       0xcc .\CortexM3\ARM_GCC_541\Debug\bme68x.o
                0x00004a64                bme68x_set_regs
 .text.set_conf
                0x00004b30      0x1a4 .\CortexM3\ARM_GCC_541\Debug\bme68x.o
 .text.bme68x_get_regs
                0x00004cd4       0x58 .\CortexM3\ARM_GCC_541\Debug\bme68x.o
                0x00004cd4                bme68x_get_regs
 .text.read_variant_id
                0x00004d2c       0x28 .\CortexM3\ARM_GCC_541\Debug\bme68x.o
 .text.get_calib_data
                0x00004d54      0x154 .\CortexM3\ARM_GCC_541\Debug\bme68x.o
 .text.read_field_data
                0x00004ea8      0x198 .\CortexM3\ARM_GCC_541\Debug\bme68x.o
 .text.read_all_field_data
                0x00005040      0x244 .\CortexM3\ARM_GCC_541\Debug\bme68x.o
 .text.bme68x_soft_reset
                0x00005284       0x58 .\CortexM3\ARM_GCC_541\Debug\bme68x.o
                0x00005284                bme68x_soft_reset
 .text.bme68x_init
                0x000052dc       0x3c .\CortexM3\ARM_GCC_541\Debug\bme68x.o
                0x000052dc                bme68x_init
 .text.bme68x_get_conf
                0x00005318       0x58 .\CortexM3\ARM_GCC_541\Debug\bme68x.o
                0x00005318                bme68x_get_conf
 .text.bme68x_set_op_mode
                0x00005370       0x80 .\CortexM3\ARM_GCC_541\Debug\bme68x.o
                0x00005370                bme68x_set_op_mode
 .text.bme68x_get_op_mode
                0x000053f0       0x2c .\CortexM3\ARM_GCC_541\Debug\bme68x.o
                0x000053f0                bme68x_get_op_mode
 .text.bme68x_set_conf
                0x0000541c      0x140 .\CortexM3\ARM_GCC_541\Debug\bme68x.o
                0x0000541c                bme68x_set_conf
 .text.bme68x_get_meas_dur
                0x0000555c       0x8c .\CortexM3\ARM_GCC_541\Debug\bme68x.o
                0x0000555c                bme68x_get_meas_dur
 .text.bme68x_get_data
                0x000055e8      0x14c .\CortexM3\ARM_GCC_541\Debug\bme68x.o
                0x000055e8                bme68x_get_data
 .text.bme68x_set_heatr_conf
                0x00005734       0xb4 .\CortexM3\ARM_GCC_541\Debug\bme68x.o
                0x00005734                bme68x_set_heatr_conf
 .text.bme68x_selftest_check
                0x000057e8      0x154 .\CortexM3\ARM_GCC_541\Debug\bme68x.o
                0x000057e8                bme68x_selftest_check
 .text.CyClockStartupError
                0x0000593c        0x4 .\CortexM3\ARM_GCC_541\Debug\cyfitter_cfg.o
 .text.cfg_write_bytes32
                0x00005940       0x34 .\CortexM3\ARM_GCC_541\Debug\cyfitter_cfg.o
 .text.AnalogSetDefault
                0x00005974       0x28 .\CortexM3\ARM_GCC_541\Debug\cyfitter_cfg.o
 .text.CYMEMZERO
                0x0000599c        0xc .\CortexM3\ARM_GCC_541\Debug\cyfitter_cfg.o
 .text.ClockSetup
                0x000059a8       0xc4 .\CortexM3\ARM_GCC_541\Debug\cyfitter_cfg.o
 .text.CYCONFIGCPY
                0x00005a6c        0x8 .\CortexM3\ARM_GCC_541\Debug\cyfitter_cfg.o
 .text.cyfitter_cfg
                0x00005a74      0x120 .\CortexM3\ARM_GCC_541\Debug\cyfitter_cfg.o
                0x00005a74                cyfitter_cfg
 .text.IntDefaultHandler
                0x00005b94       0x10 .\CortexM3\ARM_GCC_541\Debug\Cm3Start.o
                0x00005b94                IntDefaultHandler
 .text._sbrk    0x00005ba4       0x30 .\CortexM3\ARM_GCC_541\Debug\Cm3Start.o
                0x00005ba4                _sbrk
 .text.Start_c  0x00005bd4       0x4c .\CortexM3\ARM_GCC_541\Debug\Cm3Start.o
                0x00005bd4                Start_c
 .text.initialize_psoc
                0x00005c20       0x68 .\CortexM3\ARM_GCC_541\Debug\Cm3Start.o
                0x00005c20                initialize_psoc
 .text          0x00005c88       0x34 .\CortexM3\ARM_GCC_541\Debug\cpu_a.o
                0x00005c88                CPU_IntDis
                0x00005c8c                CPU_IntEn
                0x00005c90                CPU_SR_Save
                0x00005c98                CPU_SR_Restore
                0x00005c9e                CPU_WaitForInt
                0x00005ca2                CPU_WaitForExcept
                0x00005ca6                CPU_CntLeadZeros
                0x00005cac                CPU_CntTrailZeros
                0x00005cb6                CPU_RevBits
 .text          0x00005cbc       0x84 .\CortexM3\ARM_GCC_541\Debug\os_cpu_a.o
                0x00005cbc                OSStartHighRdy
                0x00005cdc                OS_CPU_PendSVHandler
 .text.UART_1_Init
                0x00005d40       0x5c .\CortexM3\ARM_GCC_541\Debug\esw_uCOS3_cykit.a(UART_1.o)
                0x00005d40                UART_1_Init
 .text.UART_1_Enable
                0x00005d9c       0x50 .\CortexM3\ARM_GCC_541\Debug\esw_uCOS3_cykit.a(UART_1.o)
                0x00005d9c                UART_1_Enable
 .text.UART_1_Start
                0x00005dec       0x1c .\CortexM3\ARM_GCC_541\Debug\esw_uCOS3_cykit.a(UART_1.o)
                0x00005dec                UART_1_Start
 .text.UART_1_PutChar
                0x00005e08       0x70 .\CortexM3\ARM_GCC_541\Debug\esw_uCOS3_cykit.a(UART_1.o)
                0x00005e08                UART_1_PutChar
 .text.UART_1_PutString
                0x00005e78       0x24 .\CortexM3\ARM_GCC_541\Debug\esw_uCOS3_cykit.a(UART_1.o)
                0x00005e78                UART_1_PutString
 .text.UART_1_RXISR
                0x00005e9c       0x98 .\CortexM3\ARM_GCC_541\Debug\esw_uCOS3_cykit.a(UART_1_INT.o)
                0x00005e9c                UART_1_RXISR
 .text.UART_1_TXISR
                0x00005f34       0x58 .\CortexM3\ARM_GCC_541\Debug\esw_uCOS3_cykit.a(UART_1_INT.o)
                0x00005f34                UART_1_TXISR
 .text.Pin_1_SetDriveMode
                0x00005f8c       0x18 .\CortexM3\ARM_GCC_541\Debug\esw_uCOS3_cykit.a(Pin_1.o)
                0x00005f8c                Pin_1_SetDriveMode
 .text.UART_1_IntClock_Start
                0x00005fa4       0x1c .\CortexM3\ARM_GCC_541\Debug\esw_uCOS3_cykit.a(UART_1_IntClock.o)
                0x00005fa4                UART_1_IntClock_Start
 .text.CyHalt   0x00005fc0        0x4 .\CortexM3\ARM_GCC_541\Debug\esw_uCOS3_cykit.a(CyLib.o)
                0x00005fc0                CyHalt
 .text.CyDelayUs
                0x00005fc4       0x14 .\CortexM3\ARM_GCC_541\Debug\esw_uCOS3_cykit.a(CyLib.o)
                0x00005fc4                CyDelayUs
 .text.CyIntSetVector
                0x00005fd8       0x28 .\CortexM3\ARM_GCC_541\Debug\esw_uCOS3_cykit.a(CyLib.o)
                0x00005fd8                CyIntSetVector
 .text.CyIntSetPriority
                0x00006000       0x30 .\CortexM3\ARM_GCC_541\Debug\esw_uCOS3_cykit.a(CyLib.o)
                0x00006000                CyIntSetPriority
 .text.Pin_2_SetDriveMode
                0x00006030       0x24 .\CortexM3\ARM_GCC_541\Debug\esw_uCOS3_cykit.a(Pin_2.o)
                0x00006030                Pin_2_SetDriveMode
 .text.push_button_Write
                0x00006054       0x18 .\CortexM3\ARM_GCC_541\Debug\esw_uCOS3_cykit.a(push_button.o)
                0x00006054                push_button_Write
 .text.push_button_SetDriveMode
                0x0000606c       0x18 .\CortexM3\ARM_GCC_541\Debug\esw_uCOS3_cykit.a(push_button.o)
                0x0000606c                push_button_SetDriveMode
 .text.push_button_Read
                0x00006084       0x10 .\CortexM3\ARM_GCC_541\Debug\esw_uCOS3_cykit.a(push_button.o)
                0x00006084                push_button_Read
 .text.I2C_1_Init
                0x00006094       0x68 .\CortexM3\ARM_GCC_541\Debug\esw_uCOS3_cykit.a(I2C_1.o)
                0x00006094                I2C_1_Init
 .text.I2C_1_Enable
                0x000060fc       0x24 .\CortexM3\ARM_GCC_541\Debug\esw_uCOS3_cykit.a(I2C_1.o)
                0x000060fc                I2C_1_Enable
 .text.I2C_1_Start
                0x00006120       0x28 .\CortexM3\ARM_GCC_541\Debug\esw_uCOS3_cykit.a(I2C_1.o)
                0x00006120                I2C_1_Start
 .text.I2C_1_ISR
                0x00006148      0x2d0 .\CortexM3\ARM_GCC_541\Debug\esw_uCOS3_cykit.a(I2C_1_INT.o)
                0x00006148                I2C_1_ISR
 .text.I2C_1_MasterSendStart
                0x00006418       0x80 .\CortexM3\ARM_GCC_541\Debug\esw_uCOS3_cykit.a(I2C_1_MASTER.o)
                0x00006418                I2C_1_MasterSendStart
 .text.I2C_1_MasterSendRestart
                0x00006498       0x6c .\CortexM3\ARM_GCC_541\Debug\esw_uCOS3_cykit.a(I2C_1_MASTER.o)
                0x00006498                I2C_1_MasterSendRestart
 .text.I2C_1_MasterSendStop
                0x00006504       0x38 .\CortexM3\ARM_GCC_541\Debug\esw_uCOS3_cykit.a(I2C_1_MASTER.o)
                0x00006504                I2C_1_MasterSendStop
 .text.I2C_1_MasterWriteByte
                0x0000653c       0x58 .\CortexM3\ARM_GCC_541\Debug\esw_uCOS3_cykit.a(I2C_1_MASTER.o)
                0x0000653c                I2C_1_MasterWriteByte
 .text.I2C_1_MasterReadByte
                0x00006594       0x58 .\CortexM3\ARM_GCC_541\Debug\esw_uCOS3_cykit.a(I2C_1_MASTER.o)
                0x00006594                I2C_1_MasterReadByte
 .text.Timer_1_Enable
                0x000065ec       0x28 .\CortexM3\ARM_GCC_541\Debug\esw_uCOS3_cykit.a(Timer_1.o)
                0x000065ec                Timer_1_Enable
 .text.Timer_1_SetInterruptMode
                0x00006614        0xc .\CortexM3\ARM_GCC_541\Debug\esw_uCOS3_cykit.a(Timer_1.o)
                0x00006614                Timer_1_SetInterruptMode
 .text.Timer_1_WritePeriod
                0x00006620        0xc .\CortexM3\ARM_GCC_541\Debug\esw_uCOS3_cykit.a(Timer_1.o)
                0x00006620                Timer_1_WritePeriod
 .text.Timer_1_WriteCounter
                0x0000662c        0xc .\CortexM3\ARM_GCC_541\Debug\esw_uCOS3_cykit.a(Timer_1.o)
                0x0000662c                Timer_1_WriteCounter
 .text.Timer_1_Init
                0x00006638       0x68 .\CortexM3\ARM_GCC_541\Debug\esw_uCOS3_cykit.a(Timer_1.o)
                0x00006638                Timer_1_Init
 .text.Timer_1_Start
                0x000066a0       0x1c .\CortexM3\ARM_GCC_541\Debug\esw_uCOS3_cykit.a(Timer_1.o)
                0x000066a0                Timer_1_Start
 .text.Timer_ISR_SetVector
                0x000066bc        0xc .\CortexM3\ARM_GCC_541\Debug\esw_uCOS3_cykit.a(Timer_ISR.o)
                0x000066bc                Timer_ISR_SetVector
 .text.Timer_ISR_SetPriority
                0x000066c8       0x10 .\CortexM3\ARM_GCC_541\Debug\esw_uCOS3_cykit.a(Timer_ISR.o)
                0x000066c8                Timer_ISR_SetPriority
 .text.Timer_ISR_Enable
                0x000066d8        0xc .\CortexM3\ARM_GCC_541\Debug\esw_uCOS3_cykit.a(Timer_ISR.o)
                0x000066d8                Timer_ISR_Enable
 .text.Timer_ISR_Disable
                0x000066e4        0xc .\CortexM3\ARM_GCC_541\Debug\esw_uCOS3_cykit.a(Timer_ISR.o)
                0x000066e4                Timer_ISR_Disable
 .text.Timer_ISR_StartEx
                0x000066f0       0x1c .\CortexM3\ARM_GCC_541\Debug\esw_uCOS3_cykit.a(Timer_ISR.o)
                0x000066f0                Timer_ISR_StartEx
 .text.PWM_Heartbeat_Enable
                0x0000670c       0x10 .\CortexM3\ARM_GCC_541\Debug\esw_uCOS3_cykit.a(PWM_Heartbeat.o)
                0x0000670c                PWM_Heartbeat_Enable
 .text.PWM_Heartbeat_WriteCounter
                0x0000671c        0xc .\CortexM3\ARM_GCC_541\Debug\esw_uCOS3_cykit.a(PWM_Heartbeat.o)
                0x0000671c                PWM_Heartbeat_WriteCounter
 .text.PWM_Heartbeat_WritePeriod
                0x00006728        0xc .\CortexM3\ARM_GCC_541\Debug\esw_uCOS3_cykit.a(PWM_Heartbeat.o)
                0x00006728                PWM_Heartbeat_WritePeriod
 .text.PWM_Heartbeat_WriteCompare
                0x00006734        0xc .\CortexM3\ARM_GCC_541\Debug\esw_uCOS3_cykit.a(PWM_Heartbeat.o)
                0x00006734                PWM_Heartbeat_WriteCompare
 .text.PWM_Heartbeat_SetInterruptMode
                0x00006740        0xc .\CortexM3\ARM_GCC_541\Debug\esw_uCOS3_cykit.a(PWM_Heartbeat.o)
                0x00006740                PWM_Heartbeat_SetInterruptMode
 .text.PWM_Heartbeat_ReadStatusRegister
                0x0000674c        0xc .\CortexM3\ARM_GCC_541\Debug\esw_uCOS3_cykit.a(PWM_Heartbeat.o)
                0x0000674c                PWM_Heartbeat_ReadStatusRegister
 .text.PWM_Heartbeat_ReadCapture
                0x00006758        0xc .\CortexM3\ARM_GCC_541\Debug\esw_uCOS3_cykit.a(PWM_Heartbeat.o)
                0x00006758                PWM_Heartbeat_ReadCapture
 .text.PWM_Heartbeat_ClearFIFO
                0x00006764       0x14 .\CortexM3\ARM_GCC_541\Debug\esw_uCOS3_cykit.a(PWM_Heartbeat.o)
                0x00006764                PWM_Heartbeat_ClearFIFO
 .text.PWM_Heartbeat_Init
                0x00006778       0x50 .\CortexM3\ARM_GCC_541\Debug\esw_uCOS3_cykit.a(PWM_Heartbeat.o)
                0x00006778                PWM_Heartbeat_Init
 .text.PWM_Heartbeat_Start
                0x000067c8       0x1c .\CortexM3\ARM_GCC_541\Debug\esw_uCOS3_cykit.a(PWM_Heartbeat.o)
                0x000067c8                PWM_Heartbeat_Start
 .text.PWM_Environment_Enable
                0x000067e4       0x10 .\CortexM3\ARM_GCC_541\Debug\esw_uCOS3_cykit.a(PWM_Environment.o)
                0x000067e4                PWM_Environment_Enable
 .text.PWM_Environment_WriteCounter
                0x000067f4        0xc .\CortexM3\ARM_GCC_541\Debug\esw_uCOS3_cykit.a(PWM_Environment.o)
                0x000067f4                PWM_Environment_WriteCounter
 .text.PWM_Environment_WritePeriod
                0x00006800        0xc .\CortexM3\ARM_GCC_541\Debug\esw_uCOS3_cykit.a(PWM_Environment.o)
                0x00006800                PWM_Environment_WritePeriod
 .text.PWM_Environment_WriteCompare
                0x0000680c        0xc .\CortexM3\ARM_GCC_541\Debug\esw_uCOS3_cykit.a(PWM_Environment.o)
                0x0000680c                PWM_Environment_WriteCompare
 .text.PWM_Environment_SetInterruptMode
                0x00006818        0xc .\CortexM3\ARM_GCC_541\Debug\esw_uCOS3_cykit.a(PWM_Environment.o)
                0x00006818                PWM_Environment_SetInterruptMode
 .text.PWM_Environment_ReadStatusRegister
                0x00006824        0xc .\CortexM3\ARM_GCC_541\Debug\esw_uCOS3_cykit.a(PWM_Environment.o)
                0x00006824                PWM_Environment_ReadStatusRegister
 .text.PWM_Environment_ReadCapture
                0x00006830        0xc .\CortexM3\ARM_GCC_541\Debug\esw_uCOS3_cykit.a(PWM_Environment.o)
                0x00006830                PWM_Environment_ReadCapture
 .text.PWM_Environment_ClearFIFO
                0x0000683c       0x14 .\CortexM3\ARM_GCC_541\Debug\esw_uCOS3_cykit.a(PWM_Environment.o)
                0x0000683c                PWM_Environment_ClearFIFO
 .text.PWM_Environment_Init
                0x00006850       0x50 .\CortexM3\ARM_GCC_541\Debug\esw_uCOS3_cykit.a(PWM_Environment.o)
                0x00006850                PWM_Environment_Init
 .text.PWM_Environment_Start
                0x000068a0       0x1c .\CortexM3\ARM_GCC_541\Debug\esw_uCOS3_cykit.a(PWM_Environment.o)
                0x000068a0                PWM_Environment_Start
 *fill*         0x000068bc        0x4 
 .text          0x000068c0       0x20 .\CortexM3\ARM_GCC_541\Debug\esw_uCOS3_cykit.a(CyBootAsmGnu.o)
                0x000068c0                CyDelayCycles
                0x000068d0                CyEnterCriticalSection
                0x000068d8                CyExitCriticalSection
 .text          0x000068e0       0xa0 c:/program files (x86)/cypress/psoc creator/4.4/psoc creator/import/gnu/arm/5.4.1/bin/../lib/gcc/arm-none-eabi/5.4.1/armv7-m\libgcc.a(_aeabi_ldivmod.o)
                0x000068e0                __aeabi_ldivmod
 .text          0x00006980      0x2ec c:/program files (x86)/cypress/psoc creator/4.4/psoc creator/import/gnu/arm/5.4.1/bin/../lib/gcc/arm-none-eabi/5.4.1/armv7-m\libgcc.a(_udivmoddi4.o)
                0x00006980                __udivmoddi4
 .text          0x00006c6c        0x4 c:/program files (x86)/cypress/psoc creator/4.4/psoc creator/import/gnu/arm/5.4.1/bin/../lib/gcc/arm-none-eabi/5.4.1/armv7-m\libgcc.a(_dvmd_tls.o)
                0x00006c6c                __aeabi_idiv0
                0x00006c6c                __aeabi_ldiv0
 .text.__errno  0x00006c70        0xc c:/program files (x86)/cypress/psoc creator/4.4/psoc creator/import/gnu/arm/5.4.1/bin/../lib/gcc/arm-none-eabi/5.4.1/../../../../arm-none-eabi/lib/armv7-m\libg_nano.a(lib_a-errno.o)
                0x00006c70                __errno
 .text.__libc_init_array
                0x00006c7c       0x4c c:/program files (x86)/cypress/psoc creator/4.4/psoc creator/import/gnu/arm/5.4.1/bin/../lib/gcc/arm-none-eabi/5.4.1/../../../../arm-none-eabi/lib/armv7-m\libg_nano.a(lib_a-init.o)
                0x00006c7c                __libc_init_array
 .text.memcmp   0x00006cc8       0x1e c:/program files (x86)/cypress/psoc creator/4.4/psoc creator/import/gnu/arm/5.4.1/bin/../lib/gcc/arm-none-eabi/5.4.1/../../../../arm-none-eabi/lib/armv7-m\libg_nano.a(lib_a-memcmp.o)
                0x00006cc8                memcmp
 .text.memcpy   0x00006ce6       0x16 c:/program files (x86)/cypress/psoc creator/4.4/psoc creator/import/gnu/arm/5.4.1/bin/../lib/gcc/arm-none-eabi/5.4.1/../../../../arm-none-eabi/lib/armv7-m\libg_nano.a(lib_a-memcpy-stub.o)
                0x00006ce6                memcpy
 .text.memset   0x00006cfc       0x10 c:/program files (x86)/cypress/psoc creator/4.4/psoc creator/import/gnu/arm/5.4.1/bin/../lib/gcc/arm-none-eabi/5.4.1/../../../../arm-none-eabi/lib/armv7-m\libg_nano.a(lib_a-memset.o)
                0x00006cfc                memset
 .text.snprintf
                0x00006d0c       0x64 c:/program files (x86)/cypress/psoc creator/4.4/psoc creator/import/gnu/arm/5.4.1/bin/../lib/gcc/arm-none-eabi/5.4.1/../../../../arm-none-eabi/lib/armv7-m\libg_nano.a(lib_a-snprintf.o)
                0x00006d0c                sniprintf
                0x00006d0c                snprintf
 .text.sprintf  0x00006d70       0x48 c:/program files (x86)/cypress/psoc creator/4.4/psoc creator/import/gnu/arm/5.4.1/bin/../lib/gcc/arm-none-eabi/5.4.1/../../../../arm-none-eabi/lib/armv7-m\libg_nano.a(lib_a-sprintf.o)
                0x00006d70                siprintf
                0x00006d70                sprintf
 .text.strncpy  0x00006db8       0x26 c:/program files (x86)/cypress/psoc creator/4.4/psoc creator/import/gnu/arm/5.4.1/bin/../lib/gcc/arm-none-eabi/5.4.1/../../../../arm-none-eabi/lib/armv7-m\libg_nano.a(lib_a-strncpy.o)
                0x00006db8                strncpy
 .text._vsnprintf_r
                0x00006dde       0x56 c:/program files (x86)/cypress/psoc creator/4.4/psoc creator/import/gnu/arm/5.4.1/bin/../lib/gcc/arm-none-eabi/5.4.1/../../../../arm-none-eabi/lib/armv7-m\libg_nano.a(lib_a-vsnprintf.o)
                0x00006dde                _vsniprintf_r
                0x00006dde                _vsnprintf_r
 .text.vsnprintf
                0x00006e34       0x1c c:/program files (x86)/cypress/psoc creator/4.4/psoc creator/import/gnu/arm/5.4.1/bin/../lib/gcc/arm-none-eabi/5.4.1/../../../../arm-none-eabi/lib/armv7-m\libg_nano.a(lib_a-vsnprintf.o)
                0x00006e34                vsniprintf
                0x00006e34                vsnprintf
 .text.__ssputs_r
                0x00006e50       0xb2 c:/program files (x86)/cypress/psoc creator/4.4/psoc creator/import/gnu/arm/5.4.1/bin/../lib/gcc/arm-none-eabi/5.4.1/../../../../arm-none-eabi/lib/armv7-m\libg_nano.a(lib_a-nano-svfprintf.o)
                0x00006e50                __ssputs_r
 *fill*         0x00006f02        0x2 
 .text._svfprintf_r
                0x00006f04      0x1e8 c:/program files (x86)/cypress/psoc creator/4.4/psoc creator/import/gnu/arm/5.4.1/bin/../lib/gcc/arm-none-eabi/5.4.1/../../../../arm-none-eabi/lib/armv7-m\libg_nano.a(lib_a-nano-svfprintf.o)
                0x00006f04                _svfiprintf_r
                0x00006f04                _svfprintf_r
 .text._printf_common
                0x000070ec       0xec c:/program files (x86)/cypress/psoc creator/4.4/psoc creator/import/gnu/arm/5.4.1/bin/../lib/gcc/arm-none-eabi/5.4.1/../../../../arm-none-eabi/lib/armv7-m\libg_nano.a(lib_a-nano-vfprintf_i.o)
                0x000070ec                _printf_common
 .text._printf_i
                0x000071d8      0x24c c:/program files (x86)/cypress/psoc creator/4.4/psoc creator/import/gnu/arm/5.4.1/bin/../lib/gcc/arm-none-eabi/5.4.1/../../../../arm-none-eabi/lib/armv7-m\libg_nano.a(lib_a-nano-vfprintf_i.o)
                0x000071d8                _printf_i
 .text.memchr   0x00007424       0x1c c:/program files (x86)/cypress/psoc creator/4.4/psoc creator/import/gnu/arm/5.4.1/bin/../lib/gcc/arm-none-eabi/5.4.1/../../../../arm-none-eabi/lib/armv7-m\libg_nano.a(lib_a-memchr-stub.o)
                0x00007424                memchr
 .text.memmove  0x00007440       0x36 c:/program files (x86)/cypress/psoc creator/4.4/psoc creator/import/gnu/arm/5.4.1/bin/../lib/gcc/arm-none-eabi/5.4.1/../../../../arm-none-eabi/lib/armv7-m\libg_nano.a(lib_a-memmove.o)
                0x00007440                memmove
 *fill*         0x00007476        0x2 
 .text._free_r  0x00007478       0x98 c:/program files (x86)/cypress/psoc creator/4.4/psoc creator/import/gnu/arm/5.4.1/bin/../lib/gcc/arm-none-eabi/5.4.1/../../../../arm-none-eabi/lib/armv7-m\libg_nano.a(lib_a-nano-freer.o)
                0x00007478                _free_r
 .text._malloc_r
                0x00007510       0xbc c:/program files (x86)/cypress/psoc creator/4.4/psoc creator/import/gnu/arm/5.4.1/bin/../lib/gcc/arm-none-eabi/5.4.1/../../../../arm-none-eabi/lib/armv7-m\libg_nano.a(lib_a-nano-mallocr.o)
                0x00007510                _malloc_r
 .text._realloc_r
                0x000075cc       0x4c c:/program files (x86)/cypress/psoc creator/4.4/psoc creator/import/gnu/arm/5.4.1/bin/../lib/gcc/arm-none-eabi/5.4.1/../../../../arm-none-eabi/lib/armv7-m\libg_nano.a(lib_a-nano-reallocr.o)
                0x000075cc                _realloc_r
 .text._sbrk_r  0x00007618       0x20 c:/program files (x86)/cypress/psoc creator/4.4/psoc creator/import/gnu/arm/5.4.1/bin/../lib/gcc/arm-none-eabi/5.4.1/../../../../arm-none-eabi/lib/armv7-m\libg_nano.a(lib_a-sbrkr.o)
                0x00007618                _sbrk_r
 .text.__malloc_lock
                0x00007638        0x2 c:/program files (x86)/cypress/psoc creator/4.4/psoc creator/import/gnu/arm/5.4.1/bin/../lib/gcc/arm-none-eabi/5.4.1/../../../../arm-none-eabi/lib/armv7-m\libg_nano.a(lib_a-mlock.o)
                0x00007638                __malloc_lock
 .text.__malloc_unlock
                0x0000763a        0x2 c:/program files (x86)/cypress/psoc creator/4.4/psoc creator/import/gnu/arm/5.4.1/bin/../lib/gcc/arm-none-eabi/5.4.1/../../../../arm-none-eabi/lib/armv7-m\libg_nano.a(lib_a-mlock.o)
                0x0000763a                __malloc_unlock
 .text._malloc_usable_size_r
                0x0000763c       0x14 c:/program files (x86)/cypress/psoc creator/4.4/psoc creator/import/gnu/arm/5.4.1/bin/../lib/gcc/arm-none-eabi/5.4.1/../../../../arm-none-eabi/lib/armv7-m\libg_nano.a(lib_a-nano-msizer.o)
                0x0000763c                _malloc_usable_size_r
 *(.plt)
 *(.gnu.warning)
 *(.glue_7t)
 .glue_7t       0x00007650        0x0 linker stubs
 *(.glue_7)
 .glue_7        0x00007650        0x0 linker stubs
 *(.vfp11_veneer)
 .vfp11_veneer  0x00007650        0x0 linker stubs
 *(.bootloader)
 *(.ARM.extab* .gnu.linkonce.armextab.*)
 *(.gcc_except_table)

.v4_bx          0x00007650        0x0
 .v4_bx         0x00007650        0x0 linker stubs

.iplt           0x00007650        0x0
 .iplt          0x00007650        0x0 c:/program files (x86)/cypress/psoc creator/4.4/psoc creator/import/gnu/arm/5.4.1/bin/../lib/gcc/arm-none-eabi/5.4.1/armv7-m/crtbegin.o

.eh_frame_hdr
 *(.eh_frame_hdr)

.eh_frame       0x00007650        0x4
 *(.eh_frame)
 .eh_frame      0x00007650        0x0 c:/program files (x86)/cypress/psoc creator/4.4/psoc creator/import/gnu/arm/5.4.1/bin/../lib/gcc/arm-none-eabi/5.4.1/armv7-m/crtbegin.o
 .eh_frame      0x00007650        0x4 c:/program files (x86)/cypress/psoc creator/4.4/psoc creator/import/gnu/arm/5.4.1/bin/../lib/gcc/arm-none-eabi/5.4.1/armv7-m/crtend.o
                [!provide]                PROVIDE (__exidx_start, .)

.ARM.exidx      0x00007654        0x8
 *(.ARM.exidx* .gnu.linkonce.armexidx.*)
 .ARM.exidx     0x00007654        0x8 c:/program files (x86)/cypress/psoc creator/4.4/psoc creator/import/gnu/arm/5.4.1/bin/../lib/gcc/arm-none-eabi/5.4.1/armv7-m\libgcc.a(_udivmoddi4.o)
                0x0000765c                __exidx_end = .

.rodata         0x0000765c     0x1b2c
 *(.rodata .rodata.* .gnu.linkonce.r.*)
 .rodata.str1.4
                0x0000765c       0x8e .\CortexM3\ARM_GCC_541\Debug\app.o
 *fill*         0x000076ea        0x2 
 .rodata.str1.4
                0x000076ec      0x21b .\CortexM3\ARM_GCC_541\Debug\log_task.o
                                0x21f (size before relaxing)
 *fill*         0x00007907        0x1 
 .rodata        0x00007908       0x64 .\CortexM3\ARM_GCC_541\Debug\heartbeatSensor.o
 .rodata.str1.4
                0x0000796c      0x2f1 .\CortexM3\ARM_GCC_541\Debug\heartbeatSensor.o
 *fill*         0x00007c5d        0x3 
 .rodata.str1.4
                0x00007c60      0x344 .\CortexM3\ARM_GCC_541\Debug\environmentSensor.o
                                0x394 (size before relaxing)
 .rodata.str1.4
                0x00007fa4       0xf0 .\CortexM3\ARM_GCC_541\Debug\gpio_tasks.o
 .rodata.str1.4
                0x00008094      0x116 .\CortexM3\ARM_GCC_541\Debug\bsp_i2c.o
 *fill*         0x000081aa        0x2 
 .rodata.str1.4
                0x000081ac        0x6 .\CortexM3\ARM_GCC_541\Debug\os_q.o
 *fill*         0x000081b2        0x2 
 .rodata.str1.4
                0x000081b4        0x5 .\CortexM3\ARM_GCC_541\Debug\os_sem.o
                                  0xa (size before relaxing)
 *fill*         0x000081b9        0x3 
 .rodata.str1.4
                0x000081bc       0x14 .\CortexM3\ARM_GCC_541\Debug\os_stat.o
 .rodata.str1.4
                0x000081d0        0x6 .\CortexM3\ARM_GCC_541\Debug\os_task.o
                                  0xa (size before relaxing)
 *fill*         0x000081d6        0x2 
 .rodata.str1.4
                0x000081d8       0x14 .\CortexM3\ARM_GCC_541\Debug\os_tick.o
 .rodata.str1.4
                0x000081ec       0x1d .\CortexM3\ARM_GCC_541\Debug\os_tmr.o
 *fill*         0x00008209        0x3 
 .rodata        0x0000820c       0xa4 .\CortexM3\ARM_GCC_541\Debug\os_cfg_app.o
                0x0000820c                OSCfg_DataSizeRAM
                0x00008210                OSCfg_TmrWheelSizeRAM
                0x00008214                OSCfg_TmrWheelSize
                0x00008218                OSCfg_TmrTaskStkSizeRAM
                0x0000821c                OSCfg_TmrTaskStkSize
                0x00008220                OSCfg_TmrTaskStkLimit
                0x00008224                OSCfg_TmrTaskStkBasePtr
                0x00008228                OSCfg_TmrTaskRate_Hz
                0x0000822c                OSCfg_TmrTaskPrio
                0x00008230                OSCfg_TickWheelSizeRAM
                0x00008234                OSCfg_TickWheelSize
                0x00008238                OSCfg_TickTaskStkSizeRAM
                0x0000823c                OSCfg_TickTaskStkSize
                0x00008240                OSCfg_TickTaskStkLimit
                0x00008244                OSCfg_TickTaskStkBasePtr
                0x00008248                OSCfg_TickTaskPrio
                0x0000824c                OSCfg_TickRate_Hz
                0x00008250                OSCfg_StkSizeMin
                0x00008254                OSCfg_StatTaskStkSizeRAM
                0x00008258                OSCfg_StatTaskStkSize
                0x0000825c                OSCfg_StatTaskStkLimit
                0x00008260                OSCfg_StatTaskStkBasePtr
                0x00008264                OSCfg_StatTaskRate_Hz
                0x00008268                OSCfg_StatTaskPrio
                0x0000826c                OSCfg_MsgPoolBasePtr
                0x00008270                OSCfg_MsgPoolSizeRAM
                0x00008274                OSCfg_MsgPoolSize
                0x00008278                OSCfg_ISRStkSizeRAM
                0x0000827c                OSCfg_ISRStkSize
                0x00008280                OSCfg_ISRStkBasePtr
                0x00008284                OSCfg_IntQTaskStkSizeRAM
                0x00008288                OSCfg_IntQTaskStkSize
                0x0000828c                OSCfg_IntQTaskStkLimit
                0x00008290                OSCfg_IntQTaskStkBasePtr
                0x00008294                OSCfg_IntQSizeRAM
                0x00008298                OSCfg_IntQSize
                0x0000829c                OSCfg_IntQBasePtr
                0x000082a0                OSCfg_IdleTaskStkSizeRAM
                0x000082a4                OSCfg_IdleTaskStkSize
                0x000082a8                OSCfg_IdleTaskStkLimit
                0x000082ac                OSCfg_IdleTaskStkBasePtr
 .rodata.str1.4
                0x000082b0       0x25 .\CortexM3\ARM_GCC_541\Debug\os_core.o
                                 0x2a (size before relaxing)
 *fill*         0x000082d5        0x3 
 .rodata.str1.4
                0x000082d8      0x394 .\CortexM3\ARM_GCC_541\Debug\max30102_interface.o
 .rodata.str1.4
                0x0000866c      0x9d8 .\CortexM3\ARM_GCC_541\Debug\driver_max30102.o
 .rodata        0x00009044       0x92 .\CortexM3\ARM_GCC_541\Debug\bme68x.o
 *fill*         0x000090d6        0x2 
 .rodata        0x000090d8       0x42 .\CortexM3\ARM_GCC_541\Debug\cyfitter_cfg.o
 .rodata.str1.1
                0x0000911a        0x2 c:/program files (x86)/cypress/psoc creator/4.4/psoc creator/import/gnu/arm/5.4.1/bin/../lib/gcc/arm-none-eabi/5.4.1/../../../../arm-none-eabi/lib/armv7-m\libg_nano.a(lib_a-impure.o)
 .rodata.str1.1
                0x0000911c       0x11 c:/program files (x86)/cypress/psoc creator/4.4/psoc creator/import/gnu/arm/5.4.1/bin/../lib/gcc/arm-none-eabi/5.4.1/../../../../arm-none-eabi/lib/armv7-m\libg_nano.a(lib_a-nano-svfprintf.o)
 .rodata.str1.1
                0x0000912d       0x22 c:/program files (x86)/cypress/psoc creator/4.4/psoc creator/import/gnu/arm/5.4.1/bin/../lib/gcc/arm-none-eabi/5.4.1/../../../../arm-none-eabi/lib/armv7-m\libg_nano.a(lib_a-nano-vfprintf_i.o)
                0x00009150                . = ALIGN (0x4)
 *fill*         0x0000914f        0x1 
 *(.init)
 .init          0x00009150        0x4 c:/program files (x86)/cypress/psoc creator/4.4/psoc creator/import/gnu/arm/5.4.1/bin/../lib/gcc/arm-none-eabi/5.4.1/armv7-m/crti.o
                0x00009150                _init
 .init          0x00009154        0x8 c:/program files (x86)/cypress/psoc creator/4.4/psoc creator/import/gnu/arm/5.4.1/bin/../lib/gcc/arm-none-eabi/5.4.1/armv7-m/crtn.o
                0x0000915c                . = ALIGN (0x4)
                0x0000915c                __preinit_array_start = .
 *(.preinit_array)
                0x0000915c                __preinit_array_end = .
                0x0000915c                . = ALIGN (0x4)
                0x0000915c                __init_array_start = .
 *(SORT(.init_array.*))
 *(.init_array)
 .init_array    0x0000915c        0x4 c:/program files (x86)/cypress/psoc creator/4.4/psoc creator/import/gnu/arm/5.4.1/bin/../lib/gcc/arm-none-eabi/5.4.1/armv7-m/crtbegin.o
 .init_array    0x00009160        0x4 .\CortexM3\ARM_GCC_541\Debug\Cm3Start.o
                0x00009164                __init_array_end = .
                0x00009164                . = ALIGN (0x4)
 *(.fini)
 .fini          0x00009164        0x4 c:/program files (x86)/cypress/psoc creator/4.4/psoc creator/import/gnu/arm/5.4.1/bin/../lib/gcc/arm-none-eabi/5.4.1/armv7-m/crti.o
                0x00009164                _fini
 .fini          0x00009168        0x8 c:/program files (x86)/cypress/psoc creator/4.4/psoc creator/import/gnu/arm/5.4.1/bin/../lib/gcc/arm-none-eabi/5.4.1/armv7-m/crtn.o
                0x00009170                . = ALIGN (0x4)
                0x00009170                __fini_array_start = .
 *(.fini_array)
 .fini_array    0x00009170        0x4 c:/program files (x86)/cypress/psoc creator/4.4/psoc creator/import/gnu/arm/5.4.1/bin/../lib/gcc/arm-none-eabi/5.4.1/armv7-m/crtbegin.o
 *(SORT(.fini_array.*))
                0x00009174                __fini_array_end = .
                0x00009174                . = ALIGN (0x4)
 *crtbegin.o(.ctors)
 *(EXCLUDE_FILE(*crtend.o) .ctors)
 *(SORT(.ctors.*))
 *crtend.o(.ctors)
                0x00009174                . = ALIGN (0x4)
 *crtbegin.o(.dtors)
 *(EXCLUDE_FILE(*crtend.o) .dtors)
 *(SORT(.dtors.*))
 *crtend.o(.dtors)
                0x00009174                . = ALIGN (0x4)
                0x00009174                __cy_regions = .
                0x00009174        0x4 LONG 0x9188 __cy_region_init_ram
                0x00009178        0x4 LONG 0x1fff80c8 __cy_region_start_data
                0x0000917c        0x4 LONG 0x88 __cy_region_init_size_ram
                0x00009180        0x4 LONG 0x51f8 __cy_region_zero_size_ram
                0x00009184                __cy_regions_end = .
                0x00009188                . = ALIGN (0x8)
 *fill*         0x00009184        0x4 
                0x00009188                _etext = .

.cy_checksum_exclude
                0x00009188        0x0
 *(.cy_checksum_exclude)

.ramvectors     0x1fff8000       0xc0
                0x1fff8000                __cy_region_start_ram = .
 *(.ramvectors)
 .ramvectors    0x1fff8000       0xc0 .\CortexM3\ARM_GCC_541\Debug\Cm3Start.o
                0x1fff8000                CyRamVectors

.noinit         0x1fff80c0        0x1
 *(.noinit)
 .noinit        0x1fff80c0        0x1 .\CortexM3\ARM_GCC_541\Debug\esw_uCOS3_cykit.a(CyLib.o)
                0x1fff80c0                CyResetStatus

.data           0x1fff80c8       0x88 load address 0x00009188
                0x1fff80c8                __cy_region_start_data = .
 *(.jcr)
 .jcr           0x1fff80c8        0x0 c:/program files (x86)/cypress/psoc creator/4.4/psoc creator/import/gnu/arm/5.4.1/bin/../lib/gcc/arm-none-eabi/5.4.1/armv7-m/crtbegin.o
 .jcr           0x1fff80c8        0x4 c:/program files (x86)/cypress/psoc creator/4.4/psoc creator/import/gnu/arm/5.4.1/bin/../lib/gcc/arm-none-eabi/5.4.1/armv7-m/crtend.o
 *(.got.plt)
 *(.got)
 *(.shdata)
 *(.data .data.* .gnu.linkonce.d.*)
 .data          0x1fff80cc        0x8 .\CortexM3\ARM_GCC_541\Debug\heartbeatSensor.o
                0x1fff80d0                spO2
 .data          0x1fff80d4        0x4 .\CortexM3\ARM_GCC_541\Debug\Cm3Start.o
 .data          0x1fff80d8       0x10 .\CortexM3\ARM_GCC_541\Debug\esw_uCOS3_cykit.a(CyLib.o)
                0x1fff80d8                cydelay_32k_ms
                0x1fff80dc                cydelay_freq_khz
                0x1fff80e0                cydelay_freq_mhz
                0x1fff80e4                cydelay_freq_hz
 .data.impure_data
                0x1fff80e8       0x60 c:/program files (x86)/cypress/psoc creator/4.4/psoc creator/import/gnu/arm/5.4.1/bin/../lib/gcc/arm-none-eabi/5.4.1/../../../../arm-none-eabi/lib/armv7-m\libg_nano.a(lib_a-impure.o)
 .data._impure_ptr
                0x1fff8148        0x4 c:/program files (x86)/cypress/psoc creator/4.4/psoc creator/import/gnu/arm/5.4.1/bin/../lib/gcc/arm-none-eabi/5.4.1/../../../../arm-none-eabi/lib/armv7-m\libg_nano.a(lib_a-impure.o)
                0x1fff8148                _impure_ptr
                0x1fff8150                . = ALIGN (0x8)
 *fill*         0x1fff814c        0x4 
 *(.ram)
                0x1fff8150                _edata = .

.igot.plt       0x1fff8150        0x0 load address 0x00009210
 .igot.plt      0x1fff8150        0x0 c:/program files (x86)/cypress/psoc creator/4.4/psoc creator/import/gnu/arm/5.4.1/bin/../lib/gcc/arm-none-eabi/5.4.1/armv7-m/crtbegin.o

.bss            0x1fff8150     0x51f8 load address 0x00009210
                0x1fff8150                PROVIDE (__bss_start__, .)
 *(.shbss)
 *(.bss .bss.* .gnu.linkonce.b.*)
 .bss           0x1fff8150       0x1c c:/program files (x86)/cypress/psoc creator/4.4/psoc creator/import/gnu/arm/5.4.1/bin/../lib/gcc/arm-none-eabi/5.4.1/armv7-m/crtbegin.o
 .bss           0x1fff816c      0x4c0 .\CortexM3\ARM_GCC_541\Debug\app.o
 .bss           0x1fff862c       0xdc .\CortexM3\ARM_GCC_541\Debug\heartbeatSensor.o
                0x1fff8630                IR_AC_Signal_Current
                0x1fff8634                IR_AC_Signal_Previous
                0x1fff8638                last_peak_timestamp
                0x1fff863c                cycle_started
                0x1fff8640                IR_AC_Min
                0x1fff8644                heart_rate_index
                0x1fff8648                heart_rate_history
                0x1fff8684                heart_rate_sum
                0x1fff8688                IR_DC_Signal_Current
                0x1fff868c                RED_DC_Signal_Current
                0x1fff8690                RED_AC_Signal_Current
                0x1fff86fc                ir_avg_reg
                0x1fff8700                red_avg_reg
                0x1fff8704                IR_AC_Max
 .bss           0x1fff8708        0x1 .\CortexM3\ARM_GCC_541\Debug\gpio_tasks.o
                0x1fff8708                toggle_state
 *fill*         0x1fff8709        0x3 
 .bss           0x1fff870c        0x4 .\CortexM3\ARM_GCC_541\Debug\bsp_i2c.o
                0x1fff870c                current_timestamp
 .bss           0x1fff8710        0x9 .\CortexM3\ARM_GCC_541\Debug\esw_uCOS3_cykit.a(UART_1.o)
                0x1fff8710                UART_1_errorStatus
                0x1fff8711                UART_1_initVar
                0x1fff8712                UART_1_rxBufferRead
                0x1fff8713                UART_1_rxBufferWrite
                0x1fff8714                UART_1_rxBufferLoopDetect
                0x1fff8715                UART_1_rxBufferOverflow
                0x1fff8716                UART_1_txBufferRead
                0x1fff8717                UART_1_txBufferWrite
 .bss           0x1fff8719        0x1 .\CortexM3\ARM_GCC_541\Debug\esw_uCOS3_cykit.a(I2C_1.o)
                0x1fff8719                I2C_1_initVar
 .bss           0x1fff871a        0x1 .\CortexM3\ARM_GCC_541\Debug\esw_uCOS3_cykit.a(Timer_1.o)
                0x1fff871a                Timer_1_initVar
 .bss           0x1fff871b        0x1 .\CortexM3\ARM_GCC_541\Debug\esw_uCOS3_cykit.a(PWM_Heartbeat.o)
                0x1fff871b                PWM_Heartbeat_initVar
 .bss           0x1fff871c        0x1 .\CortexM3\ARM_GCC_541\Debug\esw_uCOS3_cykit.a(PWM_Environment.o)
                0x1fff871c                PWM_Environment_initVar
 *fill*         0x1fff871d        0x3 
 .bss.__malloc_sbrk_start
                0x1fff8720        0x4 c:/program files (x86)/cypress/psoc creator/4.4/psoc creator/import/gnu/arm/5.4.1/bin/../lib/gcc/arm-none-eabi/5.4.1/../../../../arm-none-eabi/lib/armv7-m\libg_nano.a(lib_a-nano-mallocr.o)
                0x1fff8720                __malloc_sbrk_start
 .bss.__malloc_free_list
                0x1fff8724        0x4 c:/program files (x86)/cypress/psoc creator/4.4/psoc creator/import/gnu/arm/5.4.1/bin/../lib/gcc/arm-none-eabi/5.4.1/../../../../arm-none-eabi/lib/armv7-m\libg_nano.a(lib_a-nano-mallocr.o)
                0x1fff8724                __malloc_free_list
 *(COMMON)
 COMMON         0x1fff8728      0x630 .\CortexM3\ARM_GCC_541\Debug\app.o
                0x1fff8728                LedG_Task_TCB
                0x1fff87e8                LedRB_TaskStk
                0x1fff88e8                CommQI2CSPO2
                0x1fff8918                BUT_Task_TCB
                0x1fff89d8                LedRB_Task_TCB
                0x1fff8a98                CommQProcessedEnvironmentData
                0x1fff8ac8                CommQI2CHeartRate
                0x1fff8af8                BUT_TaskStk
                0x1fff8bf8                CommQSPIData
                0x1fff8c28                CommQProcessedOximeterData
                0x1fff8c58                LedG_TaskStk
 COMMON         0x1fff8d58     0x24c8 .\CortexM3\ARM_GCC_541\Debug\log_task.o
                0x1fff8d58                Log_TaskStk
                0x1fff9558                LogTaskSem
                0x1fff9580                Log_Task_TCB
                0x1fff9640                MsgMemPoolStorage
                0x1fffb1d0                MsgMemPool
                0x1fffb1f0                Log_Queue
 COMMON         0x1fffb220      0x500 .\CortexM3\ARM_GCC_541\Debug\heartbeatSensor.o
                0x1fffb220                MAX30102_Task_TCB
                0x1fffb2e0                i2c_rx_buffer
                0x1fffb320                MAX30102_TaskStk
 COMMON         0x1fffb720      0x4c0 .\CortexM3\ARM_GCC_541\Debug\environmentSensor.o
                0x1fffb720                BME688_Task_TCB
                0x1fffb7e0                BME688_TaskStk
 COMMON         0x1fffbbe0       0x28 .\CortexM3\ARM_GCC_541\Debug\bsp_i2c.o
                0x1fffbbe0                I2C_Sem
 COMMON         0x1fffbc08       0x14 .\CortexM3\ARM_GCC_541\Debug\cpu_core.o
                0x1fffbc08                CPU_TS_TmrFreq_Hz
                0x1fffbc0c                CPU_Name
 COMMON         0x1fffbc1c        0x4 .\CortexM3\ARM_GCC_541\Debug\os_cpu_c.o
                0x1fffbc1c                OS_CPU_ExceptStkBase
 COMMON         0x1fffbc20        0x4 .\CortexM3\ARM_GCC_541\Debug\os_prio.o
                0x1fffbc20                OSPrioTbl
 COMMON         0x1fffbc24      0x538 .\CortexM3\ARM_GCC_541\Debug\os_var.o
                0x1fffbc24                OSSchedLockNestingCtr
                0x1fffbc28                OS_AppTaskReturnHookPtr
                0x1fffbc2c                OSStatTaskTimeMax
                0x1fffbc30                OSStatTaskCtr
                0x1fffbc34                OSTaskRegNextAvailID
                0x1fffbc35                OSRunning
                0x1fffbc38                OSRdyList
                0x1fffbdb8                OSPrioHighRdy
                0x1fffbdb9                OSStatTaskRdy
                0x1fffbdbc                OSSemDbgListPtr
                0x1fffbdc0                OS_AppTaskCreateHookPtr
                0x1fffbdc4                OSPrioCur
                0x1fffbdc8                OSTickTaskTCB
                0x1fffbe88                OSTmrTickCtr
                0x1fffbe8c                OSTCBCurPtr
                0x1fffbe90                OSQQty
                0x1fffbe92                OSStatTaskCPUUsageMax
                0x1fffbe94                OSPrioSaved
                0x1fffbe98                OSTCBHighRdyPtr
                0x1fffbe9c                OSTaskDbgListPtr
                0x1fffbea0                OSTmrTaskTimeMax
                0x1fffbea4                OS_AppTaskDelHookPtr
                0x1fffbea8                OS_AppTimeTickHookPtr
                0x1fffbeac                OSTaskCtxSwCtr
                0x1fffbeb0                OSStatTaskCPUUsage
                0x1fffbeb2                OSIntNestingCtr
                0x1fffbeb4                OSTaskQty
                0x1fffbeb8                OSTmrTaskTCB
                0x1fffbf78                OSMsgPool
                0x1fffbf84                OSIdleTaskTCB
                0x1fffc044                OSQDbgListPtr
                0x1fffc048                OSSemQty
                0x1fffc04c                OSMemDbgListPtr
                0x1fffc050                OSSchedRoundRobinDfltTimeQuanta
                0x1fffc054                OS_AppIdleTaskHookPtr
                0x1fffc058                OSStatTaskCtrMax
                0x1fffc05c                OSTickCtr
                0x1fffc060                OS_AppTaskSwHookPtr
                0x1fffc064                OSTmrQty
                0x1fffc068                OSIdleTaskCtr
                0x1fffc06c                OSStatTaskCtrRun
                0x1fffc070                OS_AppStatTaskHookPtr
                0x1fffc074                OSFlagQty
                0x1fffc078                OSFlagDbgListPtr
                0x1fffc07c                OSStatResetFlag
                0x1fffc07e                OSMemQty
                0x1fffc080                OSMutexQty
                0x1fffc084                OSStatTaskTCB
                0x1fffc144                OSTmrDbgListPtr
                0x1fffc148                OSTickTaskTimeMax
                0x1fffc14c                OSTmrUpdateCnt
                0x1fffc150                OSSchedRoundRobinEn
                0x1fffc154                OSMutexDbgListPtr
                0x1fffc158                OSTmrUpdateCtr
 COMMON         0x1fffc15c     0x1150 .\CortexM3\ARM_GCC_541\Debug\os_cfg_app.o
                0x1fffc15c                OSCfg_StatTaskStk
                0x1fffc35c                OSCfg_TickWheel
                0x1fffc3e4                OSCfg_MsgPool
                0x1fffca24                OSCfg_TmrTaskStk
                0x1fffcc24                OSCfg_TmrWheel
                0x1fffccac                OSCfg_ISRStk
                0x1fffceac                OSCfg_TickTaskStk
                0x1fffd0ac                OSCfg_IdleTaskStk
 COMMON         0x1fffd2ac       0x80 .\CortexM3\ARM_GCC_541\Debug\esw_uCOS3_cykit.a(UART_1.o)
                0x1fffd2ac                UART_1_txBuffer
                0x1fffd2ec                UART_1_rxBuffer
 COMMON         0x1fffd32c        0x1 .\CortexM3\ARM_GCC_541\Debug\esw_uCOS3_cykit.a(I2C_1.o)
                0x1fffd32c                I2C_1_state
 *fill*         0x1fffd32d        0x3 
 COMMON         0x1fffd330       0x11 .\CortexM3\ARM_GCC_541\Debug\esw_uCOS3_cykit.a(I2C_1_MASTER.o)
                0x1fffd330                I2C_1_mstrWrBufIndex
                0x1fffd331                I2C_1_mstrControl
                0x1fffd332                I2C_1_mstrStatus
                0x1fffd333                I2C_1_mstrWrBufSize
                0x1fffd334                I2C_1_mstrRdBufIndex
                0x1fffd338                I2C_1_mstrWrBufPtr
                0x1fffd33c                I2C_1_mstrRdBufPtr
                0x1fffd340                I2C_1_mstrRdBufSize
 *fill*         0x1fffd341        0x3 
 COMMON         0x1fffd344        0x4 c:/program files (x86)/cypress/psoc creator/4.4/psoc creator/import/gnu/arm/5.4.1/bin/../lib/gcc/arm-none-eabi/5.4.1/../../../../arm-none-eabi/lib/armv7-m\libg_nano.a(lib_a-reent.o)
                0x1fffd344                errno
                0x1fffd348                . = ALIGN (0x8)
 *(.ram.b)
                0x1fffd348                _end = .
                0x1fffd348                __end = .
                0x1fffd348                PROVIDE (end, .)
                0x1fffd348                PROVIDE (__bss_end__, .)
                0x00009188                __cy_region_init_ram = LOADADDR (.data)
                0x00000088                __cy_region_init_size_ram = (_edata - ADDR (.data))
                0x000051f8                __cy_region_zero_size_ram = (_end - _edata)

.heap           0x1fffd348       0x80 load address 0x00009210
                0x1fffd348                . = _end
                0x1fffd3c8                . = (. + 0x80)
 *fill*         0x1fffd348       0x80 
                0x1fffd3c8                __cy_heap_limit = .

.stack          0x20007800      0x800
                0x20007800                __cy_stack_limit = .
                0x20008000                . = (. + 0x800)
 *fill*         0x20007800      0x800 
                0x00000001                ASSERT ((__cy_stack_limit >= __cy_heap_limit), region RAM overflowed with stack)
                0x00000000                cy_checksum_exclude_size = (CY_APPL_LOADABLE == 0x1)?SIZEOF (.cy_checksum_exclude):0x0
                0x00000001                ASSERT ((cy_checksum_exclude_size <= CY_CHECKSUM_EXCLUDE_SIZE), CY_BOOT: Section .cy_checksum_exclude size exceedes specified limit.)

.cyloadermeta
 *(.cyloadermeta)

.cyloadablemeta
 *(.cyloadablemeta)

.cyconfigecc    0x80000000      0x50c
 *(.cyconfigecc)
 .cyconfigecc   0x80000000      0x50c .\CortexM3\ARM_GCC_541\Debug\cymetadata.o
                0x80000000                cy_meta_configecc

.cycustnvl      0x90000000        0x4
 *(.cycustnvl)
 .cycustnvl     0x90000000        0x4 .\CortexM3\ARM_GCC_541\Debug\cymetadata.o
                0x90000000                cy_meta_custnvl

.cywolatch      0x90100000        0x4
 *(.cywolatch)
 .cywolatch     0x90100000        0x4 .\CortexM3\ARM_GCC_541\Debug\cymetadata.o
                0x90100000                cy_meta_wonvl

.cyeeprom       0x90200000        0x0
 *(.cyeeprom)
                0x00000001                ASSERT ((. <= ((0x90200000 + ee_offset) + ee_size)), .cyeeprom data will not fit in EEPROM)

.cyflashprotect
                0x90400000      0x100
 *(.cyflashprotect)
 .cyflashprotect
                0x90400000      0x100 .\CortexM3\ARM_GCC_541\Debug\cymetadata.o
                0x90400000                cy_meta_flashprotect

.cymeta         0x90500000        0xc
 *(.cymeta)
 .cymeta        0x90500000        0xc .\CortexM3\ARM_GCC_541\Debug\cymetadata.o
                0x90500000                cy_metadata

.rel.dyn        0x00009210        0x0 load address 0x9050000c
 .rel.iplt      0x00009210        0x0 c:/program files (x86)/cypress/psoc creator/4.4/psoc creator/import/gnu/arm/5.4.1/bin/../lib/gcc/arm-none-eabi/5.4.1/armv7-m/crtbegin.o

.stab
 *(.stab)

.stabstr
 *(.stabstr)

.debug
 *(.debug)

.line
 *(.line)

.debug_srcinfo
 *(.debug_srcinfo)

.debug_sfnames
 *(.debug_sfnames)

.debug_aranges  0x00000000     0x1b80
 *(.debug_aranges)
 .debug_aranges
                0x00000000       0x28 .\CortexM3\ARM_GCC_541\Debug\app.o
 .debug_aranges
                0x00000028       0x68 .\CortexM3\ARM_GCC_541\Debug\os_app_hooks.o
 .debug_aranges
                0x00000090       0x40 .\CortexM3\ARM_GCC_541\Debug\log_task.o
 .debug_aranges
                0x000000d0       0x78 .\CortexM3\ARM_GCC_541\Debug\heartbeatSensor.o
 .debug_aranges
                0x00000148       0x60 .\CortexM3\ARM_GCC_541\Debug\environmentSensor.o
 .debug_aranges
                0x000001a8       0x50 .\CortexM3\ARM_GCC_541\Debug\data_processing_task.o
 .debug_aranges
                0x000001f8       0x38 .\CortexM3\ARM_GCC_541\Debug\gpio_tasks.o
 .debug_aranges
                0x00000230       0x38 .\CortexM3\ARM_GCC_541\Debug\bsp_os.o
 .debug_aranges
                0x00000268       0x58 .\CortexM3\ARM_GCC_541\Debug\bsp.o
 .debug_aranges
                0x000002c0       0x30 .\CortexM3\ARM_GCC_541\Debug\cpu_bsp.o
 .debug_aranges
                0x000002f0       0x30 .\CortexM3\ARM_GCC_541\Debug\bsp_uart.o
 .debug_aranges
                0x00000320       0x30 .\CortexM3\ARM_GCC_541\Debug\bsp_gpio.o
 .debug_aranges
                0x00000350       0x38 .\CortexM3\ARM_GCC_541\Debug\bsp_i2c.o
 .debug_aranges
                0x00000388       0x38 .\CortexM3\ARM_GCC_541\Debug\bsp_pwm.o
 .debug_aranges
                0x000003c0       0x50 .\CortexM3\ARM_GCC_541\Debug\cpu_c.o
 .debug_aranges
                0x00000410       0xb0 .\CortexM3\ARM_GCC_541\Debug\cpu_core.o
 .debug_aranges
                0x000004c0       0x38 .\CortexM3\ARM_GCC_541\Debug\lib_math.o
 .debug_aranges
                0x000004f8       0x48 .\CortexM3\ARM_GCC_541\Debug\lib_mem.o
 .debug_aranges
                0x00000540       0xd8 .\CortexM3\ARM_GCC_541\Debug\lib_str.o
 .debug_aranges
                0x00000618       0x98 .\CortexM3\ARM_GCC_541\Debug\lib_ascii.o
 .debug_aranges
                0x000006b0       0x70 .\CortexM3\ARM_GCC_541\Debug\os_cpu_c.o
 .debug_aranges
                0x00000720       0x38 .\CortexM3\ARM_GCC_541\Debug\os_pend_multi.o
 .debug_aranges
                0x00000758       0x38 .\CortexM3\ARM_GCC_541\Debug\os_prio.o
 .debug_aranges
                0x00000790       0x70 .\CortexM3\ARM_GCC_541\Debug\os_q.o
 .debug_aranges
                0x00000800       0x70 .\CortexM3\ARM_GCC_541\Debug\os_sem.o
 .debug_aranges
                0x00000870       0x38 .\CortexM3\ARM_GCC_541\Debug\os_stat.o
 .debug_aranges
                0x000008a8       0xf0 .\CortexM3\ARM_GCC_541\Debug\os_task.o
 .debug_aranges
                0x00000998       0x50 .\CortexM3\ARM_GCC_541\Debug\os_tick.o
 .debug_aranges
                0x000009e8       0x48 .\CortexM3\ARM_GCC_541\Debug\os_time.o
 .debug_aranges
                0x00000a30       0x88 .\CortexM3\ARM_GCC_541\Debug\os_tmr.o
 .debug_aranges
                0x00000ab8       0x18 .\CortexM3\ARM_GCC_541\Debug\os_var.o
 .debug_aranges
                0x00000ad0       0x20 .\CortexM3\ARM_GCC_541\Debug\os_cfg_app.o
 .debug_aranges
                0x00000af0      0x140 .\CortexM3\ARM_GCC_541\Debug\os_core.o
 .debug_aranges
                0x00000c30       0x20 .\CortexM3\ARM_GCC_541\Debug\os_dbg.o
 .debug_aranges
                0x00000c50       0x80 .\CortexM3\ARM_GCC_541\Debug\os_flag.o
 .debug_aranges
                0x00000cd0       0x18 .\CortexM3\ARM_GCC_541\Debug\os_int.o
 .debug_aranges
                0x00000ce8       0x40 .\CortexM3\ARM_GCC_541\Debug\os_mem.o
 .debug_aranges
                0x00000d28       0x40 .\CortexM3\ARM_GCC_541\Debug\os_msg.o
 .debug_aranges
                0x00000d68       0x60 .\CortexM3\ARM_GCC_541\Debug\os_mutex.o
 .debug_aranges
                0x00000dc8       0x48 .\CortexM3\ARM_GCC_541\Debug\max30102_interface.o
 .debug_aranges
                0x00000e10      0x180 .\CortexM3\ARM_GCC_541\Debug\driver_max30102.o
 .debug_aranges
                0x00000f90      0x120 .\CortexM3\ARM_GCC_541\Debug\bme68x.o
 .debug_aranges
                0x000010b0       0x58 .\CortexM3\ARM_GCC_541\Debug\cyfitter_cfg.o
 .debug_aranges
                0x00001108       0x18 .\CortexM3\ARM_GCC_541\Debug\cymetadata.o
 .debug_aranges
                0x00001120       0x48 .\CortexM3\ARM_GCC_541\Debug\Cm3Start.o
 .debug_aranges
                0x00001168       0x20 .\CortexM3\ARM_GCC_541\Debug\cpu_a.o
 .debug_aranges
                0x00001188       0x20 .\CortexM3\ARM_GCC_541\Debug\os_cpu_a.o
 .debug_aranges
                0x000011a8       0xf0 .\CortexM3\ARM_GCC_541\Debug\esw_uCOS3_cykit.a(UART_1.o)
 .debug_aranges
                0x00001298       0x28 .\CortexM3\ARM_GCC_541\Debug\esw_uCOS3_cykit.a(UART_1_INT.o)
 .debug_aranges
                0x000012c0       0x38 .\CortexM3\ARM_GCC_541\Debug\esw_uCOS3_cykit.a(Pin_1.o)
 .debug_aranges
                0x000012f8       0x70 .\CortexM3\ARM_GCC_541\Debug\esw_uCOS3_cykit.a(UART_1_IntClock.o)
 .debug_aranges
                0x00001368      0x2a0 .\CortexM3\ARM_GCC_541\Debug\esw_uCOS3_cykit.a(CyLib.o)
 .debug_aranges
                0x00001608       0x98 .\CortexM3\ARM_GCC_541\Debug\esw_uCOS3_cykit.a(cyPm.o)
 .debug_aranges
                0x000016a0       0x38 .\CortexM3\ARM_GCC_541\Debug\esw_uCOS3_cykit.a(Pin_2.o)
 .debug_aranges
                0x000016d8       0x38 .\CortexM3\ARM_GCC_541\Debug\esw_uCOS3_cykit.a(push_button.o)
 .debug_aranges
                0x00001710       0x38 .\CortexM3\ARM_GCC_541\Debug\esw_uCOS3_cykit.a(I2C_1.o)
 .debug_aranges
                0x00001748       0x20 .\CortexM3\ARM_GCC_541\Debug\esw_uCOS3_cykit.a(I2C_1_INT.o)
 .debug_aranges
                0x00001768       0x38 .\CortexM3\ARM_GCC_541\Debug\esw_uCOS3_cykit.a(I2C_1_PM.o)
 .debug_aranges
                0x000017a0       0x80 .\CortexM3\ARM_GCC_541\Debug\esw_uCOS3_cykit.a(I2C_1_MASTER.o)
 .debug_aranges
                0x00001820       0x88 .\CortexM3\ARM_GCC_541\Debug\esw_uCOS3_cykit.a(Timer_1.o)
 .debug_aranges
                0x000018a8       0x80 .\CortexM3\ARM_GCC_541\Debug\esw_uCOS3_cykit.a(Timer_ISR.o)
 .debug_aranges
                0x00001928       0x98 .\CortexM3\ARM_GCC_541\Debug\esw_uCOS3_cykit.a(PWM_Heartbeat.o)
 .debug_aranges
                0x000019c0       0x98 .\CortexM3\ARM_GCC_541\Debug\esw_uCOS3_cykit.a(PWM_Environment.o)
 .debug_aranges
                0x00001a58       0x20 .\CortexM3\ARM_GCC_541\Debug\esw_uCOS3_cykit.a(CyBootAsmGnu.o)
 .debug_aranges
                0x00001a78       0x88 .\CortexM3\ARM_GCC_541\Debug\esw_uCOS3_cykit.a(CyFlash.o)
 .debug_aranges
                0x00001b00       0x80 .\CortexM3\ARM_GCC_541\Debug\esw_uCOS3_cykit.a(CySpc.o)

.debug_pubnames
 *(.debug_pubnames)

.debug_info     0x00000000    0x2e0ed
 *(.debug_info .gnu.linkonce.wi.*)
 .debug_info    0x00000000     0x10c0 .\CortexM3\ARM_GCC_541\Debug\app.o
 .debug_info    0x000010c0      0x894 .\CortexM3\ARM_GCC_541\Debug\os_app_hooks.o
 .debug_info    0x00001954     0x1491 .\CortexM3\ARM_GCC_541\Debug\log_task.o
 .debug_info    0x00002de5     0x18fd .\CortexM3\ARM_GCC_541\Debug\heartbeatSensor.o
 .debug_info    0x000046e2     0x1bb3 .\CortexM3\ARM_GCC_541\Debug\environmentSensor.o
 .debug_info    0x00006295     0x14f1 .\CortexM3\ARM_GCC_541\Debug\data_processing_task.o
 .debug_info    0x00007786      0xfe0 .\CortexM3\ARM_GCC_541\Debug\gpio_tasks.o
 .debug_info    0x00008766      0xe09 .\CortexM3\ARM_GCC_541\Debug\bsp_os.o
 .debug_info    0x0000956f      0xb06 .\CortexM3\ARM_GCC_541\Debug\bsp.o
 .debug_info    0x0000a075      0x178 .\CortexM3\ARM_GCC_541\Debug\cpu_bsp.o
 .debug_info    0x0000a1ed      0x12b .\CortexM3\ARM_GCC_541\Debug\bsp_uart.o
 .debug_info    0x0000a318      0x9ad .\CortexM3\ARM_GCC_541\Debug\bsp_gpio.o
 .debug_info    0x0000acc5     0x1254 .\CortexM3\ARM_GCC_541\Debug\bsp_i2c.o
 .debug_info    0x0000bf19      0x23c .\CortexM3\ARM_GCC_541\Debug\bsp_pwm.o
 .debug_info    0x0000c155      0x5f2 .\CortexM3\ARM_GCC_541\Debug\cpu_c.o
 .debug_info    0x0000c747      0x71b .\CortexM3\ARM_GCC_541\Debug\cpu_core.o
 .debug_info    0x0000ce62      0x1e9 .\CortexM3\ARM_GCC_541\Debug\lib_math.o
 .debug_info    0x0000d04b      0x4df .\CortexM3\ARM_GCC_541\Debug\lib_mem.o
 .debug_info    0x0000d52a     0x10d7 .\CortexM3\ARM_GCC_541\Debug\lib_str.o
 .debug_info    0x0000e601      0x43b .\CortexM3\ARM_GCC_541\Debug\lib_ascii.o
 .debug_info    0x0000ea3c      0xa1f .\CortexM3\ARM_GCC_541\Debug\os_cpu_c.o
 .debug_info    0x0000f45b     0x1032 .\CortexM3\ARM_GCC_541\Debug\os_pend_multi.o
 .debug_info    0x0001048d      0x1f0 .\CortexM3\ARM_GCC_541\Debug\os_prio.o
 .debug_info    0x0001067d     0x14dd .\CortexM3\ARM_GCC_541\Debug\os_q.o
 .debug_info    0x00011b5a     0x13bd .\CortexM3\ARM_GCC_541\Debug\os_sem.o
 .debug_info    0x00012f17     0x1219 .\CortexM3\ARM_GCC_541\Debug\os_stat.o
 .debug_info    0x00014130     0x20a8 .\CortexM3\ARM_GCC_541\Debug\os_task.o
 .debug_info    0x000161d8      0xfe0 .\CortexM3\ARM_GCC_541\Debug\os_tick.o
 .debug_info    0x000171b8     0x10d8 .\CortexM3\ARM_GCC_541\Debug\os_time.o
 .debug_info    0x00018290     0x16b7 .\CortexM3\ARM_GCC_541\Debug\os_tmr.o
 .debug_info    0x00019947      0xf4c .\CortexM3\ARM_GCC_541\Debug\os_var.o
 .debug_info    0x0001a893      0xbda .\CortexM3\ARM_GCC_541\Debug\os_cfg_app.o
 .debug_info    0x0001b46d     0x1f24 .\CortexM3\ARM_GCC_541\Debug\os_core.o
 .debug_info    0x0001d391     0x1379 .\CortexM3\ARM_GCC_541\Debug\os_dbg.o
 .debug_info    0x0001e70a     0x178f .\CortexM3\ARM_GCC_541\Debug\os_flag.o
 .debug_info    0x0001fe99       0x87 .\CortexM3\ARM_GCC_541\Debug\os_int.o
 .debug_info    0x0001ff20      0x89b .\CortexM3\ARM_GCC_541\Debug\os_mem.o
 .debug_info    0x000207bb      0x87b .\CortexM3\ARM_GCC_541\Debug\os_msg.o
 .debug_info    0x00021036     0x13bd .\CortexM3\ARM_GCC_541\Debug\os_mutex.o
 .debug_info    0x000223f3     0x17b3 .\CortexM3\ARM_GCC_541\Debug\max30102_interface.o
 .debug_info    0x00023ba6     0x2959 .\CortexM3\ARM_GCC_541\Debug\driver_max30102.o
 .debug_info    0x000264ff     0x2123 .\CortexM3\ARM_GCC_541\Debug\bme68x.o
 .debug_info    0x00028622      0x5b9 .\CortexM3\ARM_GCC_541\Debug\cyfitter_cfg.o