Archive member included to satisfy reference by file (symbol)

.\CortexM3\ARM_GCC_541\Debug\esw_uCOS3_cykit.a(UART_1.o)
                              .\CortexM3\ARM_GCC_541\Debug\bsp_uart.o (UART_1_Start)
.\CortexM3\ARM_GCC_541\Debug\esw_uCOS3_cykit.a(UART_1_INT.o)
                              .\CortexM3\ARM_GCC_541\Debug\esw_uCOS3_cykit.a(UART_1.o) (UART_1_RXISR)
.\CortexM3\ARM_GCC_541\Debug\esw_uCOS3_cykit.a(Pin_1.o)
                              .\CortexM3\ARM_GCC_541\Debug\bsp_gpio.o (Pin_1_Write)
.\CortexM3\ARM_GCC_541\Debug\esw_uCOS3_cykit.a(UART_1_IntClock.o)
                              .\CortexM3\ARM_GCC_541\Debug\esw_uCOS3_cykit.a(UART_1.o) (UART_1_IntClock_Start)
.\CortexM3\ARM_GCC_541\Debug\esw_uCOS3_cykit.a(CyDmac.o)
                              .\CortexM3\ARM_GCC_541\Debug\Cm3Start.o (CyDmacConfigure)
.\CortexM3\ARM_GCC_541\Debug\esw_uCOS3_cykit.a(CyLib.o)
                              .\CortexM3\ARM_GCC_541\Debug\Cm3Start.o (CyHalt)
.\CortexM3\ARM_GCC_541\Debug\esw_uCOS3_cykit.a(cyPm.o)
                              .\CortexM3\ARM_GCC_541\Debug\esw_uCOS3_cykit.a(CyLib.o) (CyPmReadStatus)
.\CortexM3\ARM_GCC_541\Debug\esw_uCOS3_cykit.a(Pin_2.o)
                              .\CortexM3\ARM_GCC_541\Debug\bsp_gpio.o (Pin_2_Write)
.\CortexM3\ARM_GCC_541\Debug\esw_uCOS3_cykit.a(push_button.o)
                              .\CortexM3\ARM_GCC_541\Debug\bsp_gpio.o (push_button_Write)
.\CortexM3\ARM_GCC_541\Debug\esw_uCOS3_cykit.a(I2C_1.o)
                              .\CortexM3\ARM_GCC_541\Debug\bsp_i2c.o (I2C_1_Start)
.\CortexM3\ARM_GCC_541\Debug\esw_uCOS3_cykit.a(I2C_1_INT.o)
                              .\CortexM3\ARM_GCC_541\Debug\esw_uCOS3_cykit.a(I2C_1.o) (I2C_1_ISR)
.\CortexM3\ARM_GCC_541\Debug\esw_uCOS3_cykit.a(I2C_1_PM.o)
                              .\CortexM3\ARM_GCC_541\Debug\esw_uCOS3_cykit.a(I2C_1.o) (I2C_1_backup)
.\CortexM3\ARM_GCC_541\Debug\esw_uCOS3_cykit.a(I2C_1_MASTER.o)
                              .\CortexM3\ARM_GCC_541\Debug\esw_uCOS3_cykit.a(I2C_1.o) (I2C_1_mstrStatus)
.\CortexM3\ARM_GCC_541\Debug\esw_uCOS3_cykit.a(Timer_1.o)
                              .\CortexM3\ARM_GCC_541\Debug\bsp_i2c.o (Timer_1_Start)
.\CortexM3\ARM_GCC_541\Debug\esw_uCOS3_cykit.a(Timer_ISR.o)
                              .\CortexM3\ARM_GCC_541\Debug\bsp_i2c.o (Timer_ISR_StartEx)
.\CortexM3\ARM_GCC_541\Debug\esw_uCOS3_cykit.a(CyBootAsmGnu.o)
                              .\CortexM3\ARM_GCC_541\Debug\cyfitter_cfg.o (CyDelayCycles)
.\CortexM3\ARM_GCC_541\Debug\esw_uCOS3_cykit.a(CyFlash.o)
                              .\CortexM3\ARM_GCC_541\Debug\esw_uCOS3_cykit.a(cyPm.o) (CyFlash_SetWaitCycles)
.\CortexM3\ARM_GCC_541\Debug\esw_uCOS3_cykit.a(CySpc.o)
                              .\CortexM3\ARM_GCC_541\Debug\esw_uCOS3_cykit.a(CyFlash.o) (CySpcStart)
c:/program files (x86)/cypress/psoc creator/4.4/psoc creator/import/gnu/arm/5.4.1/bin/../lib/gcc/arm-none-eabi/5.4.1/armv7-m\libgcc.a(_arm_addsubsf3.o)
                              .\CortexM3\ARM_GCC_541\Debug\driver_max30102.o (__aeabi_fadd)
c:/program files (x86)/cypress/psoc creator/4.4/psoc creator/import/gnu/arm/5.4.1/bin/../lib/gcc/arm-none-eabi/5.4.1/armv7-m\libgcc.a(_arm_muldivsf3.o)
                              .\CortexM3\ARM_GCC_541\Debug\driver_max30102.o (__aeabi_fmul)
c:/program files (x86)/cypress/psoc creator/4.4/psoc creator/import/gnu/arm/5.4.1/bin/../lib/gcc/arm-none-eabi/5.4.1/armv7-m\libgcc.a(_aeabi_ldivmod.o)
                              .\CortexM3\ARM_GCC_541\Debug\bme68x.o (__aeabi_ldivmod)
c:/program files (x86)/cypress/psoc creator/4.4/psoc creator/import/gnu/arm/5.4.1/bin/../lib/gcc/arm-none-eabi/5.4.1/armv7-m\libgcc.a(_udivmoddi4.o)
                              c:/program files (x86)/cypress/psoc creator/4.4/psoc creator/import/gnu/arm/5.4.1/bin/../lib/gcc/arm-none-eabi/5.4.1/armv7-m\libgcc.a(_aeabi_ldivmod.o) (__udivmoddi4)
c:/program files (x86)/cypress/psoc creator/4.4/psoc creator/import/gnu/arm/5.4.1/bin/../lib/gcc/arm-none-eabi/5.4.1/armv7-m\libgcc.a(_dvmd_tls.o)
                              c:/program files (x86)/cypress/psoc creator/4.4/psoc creator/import/gnu/arm/5.4.1/bin/../lib/gcc/arm-none-eabi/5.4.1/armv7-m\libgcc.a(_aeabi_ldivmod.o) (__aeabi_ldiv0)
c:/program files (x86)/cypress/psoc creator/4.4/psoc creator/import/gnu/arm/5.4.1/bin/../lib/gcc/arm-none-eabi/5.4.1/../../../../arm-none-eabi/lib/armv7-m\libg_nano.a(lib_a-errno.o)
                              .\CortexM3\ARM_GCC_541\Debug\Cm3Start.o (__errno)
c:/program files (x86)/cypress/psoc creator/4.4/psoc creator/import/gnu/arm/5.4.1/bin/../lib/gcc/arm-none-eabi/5.4.1/../../../../arm-none-eabi/lib/armv7-m\libg_nano.a(lib_a-exit.o)
                              c:/program files (x86)/cypress/psoc creator/4.4/psoc creator/import/gnu/arm/5.4.1/bin/../lib/gcc/arm-none-eabi/5.4.1/../../../../arm-none-eabi/lib/armv7-m/crt0.o (exit)
[...]
Memory Configuration

Name             Origin             Length             Attributes
rom              0x00000000         0x00040000         xr
ram              0x1fff8000         0x00010000         xrw
*default*        0x00000000         0xffffffff

Linker script and memory map

LOAD c:/program files (x86)/cypress/psoc creator/4.4/psoc creator/import/gnu/arm/5.4.1/bin/../lib/gcc/arm-none-eabi/5.4.1/armv7-m/crti.o
LOAD c:/program files (x86)/cypress/psoc creator/4.4/psoc creator/import/gnu/arm/5.4.1/bin/../lib/gcc/arm-none-eabi/5.4.1/armv7-m/crtbegin.o
LOAD c:/program files (x86)/cypress/psoc creator/4.4/psoc creator/import/gnu/arm/5.4.1/bin/../lib/gcc/arm-none-eabi/5.4.1/../../../../arm-none-eabi/lib/armv7-m/crt0.o
START GROUP
LOAD .\CortexM3\ARM_GCC_541\Debug\app.o
LOAD .\CortexM3\ARM_GCC_541\Debug\os_app_hooks.o
LOAD .\CortexM3\ARM_GCC_541\Debug\log_task.o
LOAD .\CortexM3\ARM_GCC_541\Debug\heartbeatSensor.o
LOAD .\CortexM3\ARM_GCC_541\Debug\environmentSensor.o
LOAD .\CortexM3\ARM_GCC_541\Debug\data_processing_task.o
LOAD .\CortexM3\ARM_GCC_541\Debug\bsp_os.o
LOAD .\CortexM3\ARM_GCC_541\Debug\bsp.o
LOAD .\CortexM3\ARM_GCC_541\Debug\cpu_bsp.o
LOAD .\CortexM3\ARM_GCC_541\Debug\bsp_uart.o
LOAD .\CortexM3\ARM_GCC_541\Debug\bsp_gpio.o
LOAD .\CortexM3\ARM_GCC_541\Debug\bsp_i2c.o
LOAD .\CortexM3\ARM_GCC_541\Debug\cpu_c.o
LOAD .\CortexM3\ARM_GCC_541\Debug\cpu_core.o
LOAD .\CortexM3\ARM_GCC_541\Debug\lib_math.o
LOAD .\CortexM3\ARM_GCC_541\Debug\lib_mem.o
LOAD .\CortexM3\ARM_GCC_541\Debug\lib_str.o
LOAD .\CortexM3\ARM_GCC_541\Debug\lib_ascii.o
LOAD .\CortexM3\ARM_GCC_541\Debug\os_cpu_c.o
LOAD .\CortexM3\ARM_GCC_541\Debug\os_pend_multi.o
LOAD .\CortexM3\ARM_GCC_541\Debug\os_prio.o
LOAD .\CortexM3\ARM_GCC_541\Debug\os_q.o
LOAD .\CortexM3\ARM_GCC_541\Debug\os_sem.o
LOAD .\CortexM3\ARM_GCC_541\Debug\os_stat.o
LOAD .\CortexM3\ARM_GCC_541\Debug\os_task.o
LOAD .\CortexM3\ARM_GCC_541\Debug\os_tick.o
LOAD .\CortexM3\ARM_GCC_541\Debug\os_time.o
LOAD .\CortexM3\ARM_GCC_541\Debug\os_tmr.o
LOAD .\CortexM3\ARM_GCC_541\Debug\os_var.o
LOAD .\CortexM3\ARM_GCC_541\Debug\os_cfg_app.o
LOAD .\CortexM3\ARM_GCC_541\Debug\os_core.o
LOAD .\CortexM3\ARM_GCC_541\Debug\os_dbg.o
LOAD .\CortexM3\ARM_GCC_541\Debug\os_flag.o
LOAD .\CortexM3\ARM_GCC_541\Debug\os_int.o
LOAD .\CortexM3\ARM_GCC_541\Debug\os_mem.o
LOAD .\CortexM3\ARM_GCC_541\Debug\os_msg.o
LOAD .\CortexM3\ARM_GCC_541\Debug\os_mutex.o
LOAD .\CortexM3\ARM_GCC_541\Debug\max30102_interface.o
LOAD .\CortexM3\ARM_GCC_541\Debug\driver_max30102.o
LOAD .\CortexM3\ARM_GCC_541\Debug\bme68x.o
LOAD .\CortexM3\ARM_GCC_541\Debug\cyfitter_cfg.o
LOAD .\CortexM3\ARM_GCC_541\Debug\cymetadata.o
LOAD .\CortexM3\ARM_GCC_541\Debug\Cm3Start.o
LOAD .\CortexM3\ARM_GCC_541\Debug\cpu_a.o
LOAD .\CortexM3\ARM_GCC_541\Debug\os_cpu_a.o
LOAD .\CortexM3\ARM_GCC_541\Debug\esw_uCOS3_cykit.a
LOAD C:\Program Files (x86)\Cypress\PSoC Creator\4.4\PSoC Creator\psoc\content\cycomponentlibrary\CyComponentLibrary.cylib\CortexM3\ARM_GCC_541\Debug\CyComponentLibrary.a
END GROUP
START GROUP
LOAD c:/program files (x86)/cypress/psoc creator/4.4/psoc creator/import/gnu/arm/5.4.1/bin/../lib/gcc/arm-none-eabi/5.4.1/armv7-m\libgcc.a
LOAD c:/program files (x86)/cypress/psoc creator/4.4/psoc creator/import/gnu/arm/5.4.1/bin/../lib/gcc/arm-none-eabi/5.4.1/../../../../arm-none-eabi/lib/armv7-m\libg_nano.a
LOAD c:/program files (x86)/cypress/psoc creator/4.4/psoc creator/import/gnu/arm/5.4.1/bin/../lib/gcc/arm-none-eabi/5.4.1/../../../../arm-none-eabi/lib/armv7-m\libc_nano.a
END GROUP
START GROUP
LOAD c:/program files (x86)/cypress/psoc creator/4.4/psoc creator/import/gnu/arm/5.4.1/bin/../lib/gcc/arm-none-eabi/5.4.1/armv7-m\libgcc.a
LOAD c:/program files (x86)/cypress/psoc creator/4.4/psoc creator/import/gnu/arm/5.4.1/bin/../lib/gcc/arm-none-eabi/5.4.1/../../../../arm-none-eabi/lib/armv7-m\libc_nano.a
END GROUP
LOAD c:/program files (x86)/cypress/psoc creator/4.4/psoc creator/import/gnu/arm/5.4.1/bin/../lib/gcc/arm-none-eabi/5.4.1/armv7-m/crtend.o
LOAD c:/program files (x86)/cypress/psoc creator/4.4/psoc creator/import/gnu/arm/5.4.1/bin/../lib/gcc/arm-none-eabi/5.4.1/armv7-m/crtn.o
START GROUP
LOAD c:/program files (x86)/cypress/psoc creator/4.4/psoc creator/import/gnu/arm/5.4.1/bin/../lib/gcc/arm-none-eabi/5.4.1/armv7-m\libgcc.a
LOAD c:/program files (x86)/cypress/psoc creator/4.4/psoc creator/import/gnu/arm/5.4.1/bin/../lib/gcc/arm-none-eabi/5.4.1/../../../../arm-none-eabi/lib/armv7-m\libc.a
LOAD c:/program files (x86)/cypress/psoc creator/4.4/psoc creator/import/gnu/arm/5.4.1/bin/../lib/gcc/arm-none-eabi/5.4.1/../../../../arm-none-eabi/lib/armv7-m\libnosys.a
END GROUP
                0x00000000                CY_APPL_ORIGIN = 0x0
                0x00000100                CY_FLASH_ROW_SIZE = 0x100
                0x00000020                CY_ECC_ROW_SIZE = 0x20
                0x00000000                CY_EE_IN_BTLDR = 0x0
                0x00000000                CY_APPL_LOADABLE = 0x0
                0x00000800                CY_EE_SIZE = 0x800
                0x00000001                CY_APPL_NUM = 0x1
                0x00000001                CY_APPL_MAX = 0x1
                0x00000040                CY_METADATA_SIZE = 0x40
                0x00000000                CY_APPL_LOADABLE = 0x0
                0x00000000                CY_CHECKSUM_EXCLUDE_SIZE = ALIGN (0x0, CY_FLASH_ROW_SIZE)
                [!provide]                PROVIDE (__cy_heap_start, _end)
                0x00000001                PROVIDE (__cy_region_num, ((__cy_regions_end - __cy_regions) / 0x10))
                0x20008000                PROVIDE (__cy_stack, (ORIGIN (ram) + LENGTH (ram)))
                [!provide]                PROVIDE (__cy_heap_end, (__cy_stack - 0x800))

.cybootloader   0x00000000        0x0
 *(.cybootloader)
                0x00000000                appl1_start = CY_APPL_ORIGIN?CY_APPL_ORIGIN:ALIGN (CY_FLASH_ROW_SIZE)
                0x0001ff00                appl2_start = (appl1_start + ALIGN ((((LENGTH (rom) - appl1_start) - (0x2 * CY_FLASH_ROW_SIZE)) / 0x2), CY_FLASH_ROW_SIZE))
                0x00000000                appl_start = (CY_APPL_NUM == 0x1)?appl1_start:appl2_start
                0x00000000                ecc_offset = ((appl_start / CY_FLASH_ROW_SIZE) * CY_ECC_ROW_SIZE)
                0x00000000                ee_offset = (CY_APPL_LOADABLE && ! (CY_EE_IN_BTLDR))?((CY_EE_SIZE / CY_APPL_MAX) * (CY_APPL_NUM - 0x1)):0x0
                0x00000800                ee_size = (CY_APPL_LOADABLE && ! (CY_EE_IN_BTLDR))?(CY_EE_SIZE / CY_APPL_MAX):CY_EE_SIZE
                [!provide]                PROVIDE (CY_ECC_OFFSET, ecc_offset)

.text           0x00000000     0x75a8
 CREATE_OBJECT_SYMBOLS
                0x00000000                PROVIDE (__cy_interrupt_vector, RomVectors)
 *(.romvectors)
 .romvectors    0x00000000       0x10 .\CortexM3\ARM_GCC_541\Debug\Cm3Start.o
                0x00000000                RomVectors
                0x00000001                ASSERT ((. != __cy_interrupt_vector), No interrupt vector)
                0x00000001                ASSERT (CY_APPL_ORIGIN?(SIZEOF (.cybootloader) <= CY_APPL_ORIGIN):0x1, Wrong image location)
                0x00000010                PROVIDE (__cy_reset, Reset)
 *(.text.Reset)
 .text.Reset    0x00000010       0x18 .\CortexM3\ARM_GCC_541\Debug\Cm3Start.o
                0x00000010                Reset
                0x00000001                ASSERT ((. != __cy_reset), No reset code)
 *(.dma_init)
                0x00000001                ASSERT ((((appl_start + .) <= 0x10000) || 0x1), DMA Init must be within the first 64k of flash)
 *(.text .text.* .gnu.linkonce.t.*)
 .text          0x00000028       0x5c c:/program files (x86)/cypress/psoc creator/4.4/psoc creator/import/gnu/arm/5.4.1/bin/../lib/gcc/arm-none-eabi/5.4.1/armv7-m/crtbegin.o
 .text.App_TaskStart
                0x00000084       0x78 .\CortexM3\ARM_GCC_541\Debug\app.o
 .text.main     0x000000fc       0x60 .\CortexM3\ARM_GCC_541\Debug\app.o
                0x000000fc                main
 .text.Log_LevelToString
                0x0000015c       0x88 .\CortexM3\ARM_GCC_541\Debug\log_task.o
 .text.Log_PrintErrorWithCode
                0x000001e4       0x2c .\CortexM3\ARM_GCC_541\Debug\log_task.o
 .text.Log_Task
                0x00000210       0xe4 .\CortexM3\ARM_GCC_541\Debug\log_task.o
 .text.Log_Init
                0x000002f4       0x58 .\CortexM3\ARM_GCC_541\Debug\log_task.o
                0x000002f4                Log_Init
 .text.Log_Write
                0x0000034c       0xb0 .\CortexM3\ARM_GCC_541\Debug\log_task.o
                0x0000034c                Log_Write
 .text.MAX30102_Init
                0x000003fc       0x78 .\CortexM3\ARM_GCC_541\Debug\heartbeatSensor.o
                0x000003fc                MAX30102_Init
 .text.enqueueHeartRate
                0x00000474       0x84 .\CortexM3\ARM_GCC_541\Debug\heartbeatSensor.o
                0x00000474                enqueueHeartRate
 .text.updateHeartRate
                0x000004f8       0xd0 .\CortexM3\ARM_GCC_541\Debug\heartbeatSensor.o
                0x000004f8                updateHeartRate
 .text.enqueueSpO2
                0x000005c8       0x84 .\CortexM3\ARM_GCC_541\Debug\heartbeatSensor.o
                0x000005c8                enqueueSpO2
 .text.calculateSpO2
                0x0000064c       0x58 .\CortexM3\ARM_GCC_541\Debug\heartbeatSensor.o
                0x0000064c                calculateSpO2
 .text.updateSpO2
                0x000006a4       0x28 .\CortexM3\ARM_GCC_541\Debug\heartbeatSensor.o
                0x000006a4                updateSpO2
 .text.averageDCEstimator
                0x000006cc       0x14 .\CortexM3\ARM_GCC_541\Debug\heartbeatSensor.o
                0x000006cc                averageDCEstimator
 .text.mul16    0x000006e0        0x8 .\CortexM3\ARM_GCC_541\Debug\heartbeatSensor.o
                0x000006e0                mul16
 .text.lowPassFIRFilter
                0x000006e8       0x80 .\CortexM3\ARM_GCC_541\Debug\heartbeatSensor.o
                0x000006e8                lowPassFIRFilter
 .text.processSignals
                0x00000768       0x48 .\CortexM3\ARM_GCC_541\Debug\heartbeatSensor.o
                0x00000768                processSignals
 .text.max30102_Task
                0x000007b0       0x7c .\CortexM3\ARM_GCC_541\Debug\heartbeatSensor.o
 .text.bsp_i2c_read_bme
                0x0000082c       0x20 .\CortexM3\ARM_GCC_541\Debug\environmentSensor.o
                0x0000082c                bsp_i2c_read_bme
 .text.bsp_i2c_write_bme
                0x0000084c       0x24 .\CortexM3\ARM_GCC_541\Debug\environmentSensor.o
                0x0000084c                bsp_i2c_write_bme
 .text.us_Delay
                0x00000870        0xc .\CortexM3\ARM_GCC_541\Debug\environmentSensor.o
                0x00000870                us_Delay
 .text.BME688_Init_Task
                0x0000087c       0x78 .\CortexM3\ARM_GCC_541\Debug\environmentSensor.o
                0x0000087c                BME688_Init_Task
 .text.Init_BME688_Sensor
                0x000008f4       0xf0 .\CortexM3\ARM_GCC_541\Debug\environmentSensor.o
                0x000008f4                Init_BME688_Sensor
 .text.bme688_Task
                0x000009e4       0xd8 .\CortexM3\ARM_GCC_541\Debug\environmentSensor.o
 .text.initMessageQueues
                0x00000abc       0x74 .\CortexM3\ARM_GCC_541\Debug\data_processing_task.o
                0x00000abc                initMessageQueues
 .text.Data_Processing_Init
                0x00000b30       0x68 .\CortexM3\ARM_GCC_541\Debug\data_processing_task.o
                0x00000b30                Data_Processing_Init
 .text.retrieveSensorData
                0x00000b98       0x64 .\CortexM3\ARM_GCC_541\Debug\data_processing_task.o
                0x00000b98                retrieveSensorData
 .text.processRawOximeterData
                0x00000bfc       0x40 .\CortexM3\ARM_GCC_541\Debug\data_processing_task.o
                0x00000bfc                processRawOximeterData
 .text.processRawEnvironmentData
                0x00000c3c      0x144 .\CortexM3\ARM_GCC_541\Debug\data_processing_task.o
                0x00000c3c                processRawEnvironmentData
 .text.isEnvironmentDataInRange
                0x00000d80       0x48 .\CortexM3\ARM_GCC_541\Debug\data_processing_task.o
                0x00000d80                isEnvironmentDataInRange
 .text.Data_Processing_Task
                0x00000dc8      0x11c .\CortexM3\ARM_GCC_541\Debug\data_processing_task.o
 .text.BSP_PreInit
                0x00000ee4       0x20 .\CortexM3\ARM_GCC_541\Debug\bsp.o
                0x00000ee4                BSP_PreInit
 .text.BSP_PostInit
                0x00000f04        0xc .\CortexM3\ARM_GCC_541\Debug\bsp.o
                0x00000f04                BSP_PostInit
 .text.BSP_CPU_ClkFreq
                0x00000f10        0x8 .\CortexM3\ARM_GCC_541\Debug\bsp.o
                0x00000f10                BSP_CPU_ClkFreq
 .text.BSP_CPU_TickInit
                0x00000f18       0x18 .\CortexM3\ARM_GCC_541\Debug\bsp.o
                0x00000f18                BSP_CPU_TickInit
 .text.CPU_TS_TmrInit
                0x00000f30       0x28 .\CortexM3\ARM_GCC_541\Debug\cpu_bsp.o
                0x00000f30                CPU_TS_TmrInit
 .text.CPU_TS_TmrRd
                0x00000f58        0xc .\CortexM3\ARM_GCC_541\Debug\cpu_bsp.o
                0x00000f58                CPU_TS_TmrRd
 .text.init_uart
                0x00000f64        0x8 .\CortexM3\ARM_GCC_541\Debug\bsp_uart.o
                0x00000f64                init_uart
 .text.init_gpio
                0x00000f6c       0x1c .\CortexM3\ARM_GCC_541\Debug\bsp_gpio.o
                0x00000f6c                init_gpio
 .text.Timer_ISR
                0x00000f88       0x10 .\CortexM3\ARM_GCC_541\Debug\bsp_i2c.o
                0x00000f88                Timer_ISR
 .text.I2C_Init
                0x00000f98       0x50 .\CortexM3\ARM_GCC_541\Debug\bsp_i2c.o
                0x00000f98                I2C_Init
 .text.bsp_i2c_read
                0x00000fe8       0xd0 .\CortexM3\ARM_GCC_541\Debug\bsp_i2c.o
                0x00000fe8                bsp_i2c_read
 .text.bsp_i2c_write
                0x000010b8       0xa0 .\CortexM3\ARM_GCC_541\Debug\bsp_i2c.o
                0x000010b8                bsp_i2c_write
 .text.CPU_TS_Init
                0x00001158       0x14 .\CortexM3\ARM_GCC_541\Debug\cpu_core.o
 .text.CPU_NameClr
                0x0000116c       0x1c .\CortexM3\ARM_GCC_541\Debug\cpu_core.o
                0x0000116c                CPU_NameClr
 .text.CPU_NameInit
                0x00001188        0x8 .\CortexM3\ARM_GCC_541\Debug\cpu_core.o
 .text.CPU_Init
                0x00001190        0xc .\CortexM3\ARM_GCC_541\Debug\cpu_core.o
                0x00001190                CPU_Init
 .text.CPU_TS_TmrFreqSet
                0x0000119c        0xc .\CortexM3\ARM_GCC_541\Debug\cpu_core.o
                0x0000119c                CPU_TS_TmrFreqSet
 .text.Mem_Set  0x000011a8       0x44 .\CortexM3\ARM_GCC_541\Debug\lib_mem.o
                0x000011a8                Mem_Set
 .text.Mem_Clr  0x000011ec        0xc .\CortexM3\ARM_GCC_541\Debug\lib_mem.o
                0x000011ec                Mem_Clr
 .text.OSIdleTaskHook
                0x000011f8       0x10 .\CortexM3\ARM_GCC_541\Debug\os_cpu_c.o
                0x000011f8                OSIdleTaskHook
 .text.OSInitHook
                0x00001208       0x3c .\CortexM3\ARM_GCC_541\Debug\os_cpu_c.o
                0x00001208                OSInitHook
 .text.OSStatTaskHook
                0x00001244       0x10 .\CortexM3\ARM_GCC_541\Debug\os_cpu_c.o
                0x00001244                OSStatTaskHook
 .text.OSTaskCreateHook
                0x00001254       0x10 .\CortexM3\ARM_GCC_541\Debug\os_cpu_c.o
                0x00001254                OSTaskCreateHook
 .text.OSTaskDelHook
                0x00001264       0x10 .\CortexM3\ARM_GCC_541\Debug\os_cpu_c.o
                0x00001264                OSTaskDelHook
 .text.OSTaskReturnHook
                0x00001274       0x10 .\CortexM3\ARM_GCC_541\Debug\os_cpu_c.o
                0x00001274                OSTaskReturnHook
 .text.OSTaskStkInit
                0x00001284       0x88 .\CortexM3\ARM_GCC_541\Debug\os_cpu_c.o
                0x00001284                OSTaskStkInit
 .text.OSTaskSwHook
                0x0000130c       0x40 .\CortexM3\ARM_GCC_541\Debug\os_cpu_c.o
                0x0000130c                OSTaskSwHook
 .text.OSTimeTickHook
                0x0000134c       0x10 .\CortexM3\ARM_GCC_541\Debug\os_cpu_c.o
                0x0000134c                OSTimeTickHook
 .text.OS_CPU_SysTickHandler
                0x0000135c       0x20 .\CortexM3\ARM_GCC_541\Debug\os_cpu_c.o
                0x0000135c                OS_CPU_SysTickHandler
 .text.OS_CPU_SysTickInit
                0x0000137c       0x30 .\CortexM3\ARM_GCC_541\Debug\os_cpu_c.o
                0x0000137c                OS_CPU_SysTickInit
 .text.OS_PrioInit
                0x000013ac       0x18 .\CortexM3\ARM_GCC_541\Debug\os_prio.o
                0x000013ac                OS_PrioInit
 .text.OS_PrioGetHighest
                0x000013c4       0x24 .\CortexM3\ARM_GCC_541\Debug\os_prio.o
                0x000013c4                OS_PrioGetHighest
 .text.OS_PrioInsert
                0x000013e8       0x24 .\CortexM3\ARM_GCC_541\Debug\os_prio.o
                0x000013e8                OS_PrioInsert
 .text.OS_PrioRemove
                0x0000140c       0x24 .\CortexM3\ARM_GCC_541\Debug\os_prio.o
                0x0000140c                OS_PrioRemove
 .text.OSQFlush
                0x00001430       0x44 .\CortexM3\ARM_GCC_541\Debug\os_q.o
                0x00001430                OSQFlush
 .text.OSQPend  0x00001474      0x164 .\CortexM3\ARM_GCC_541\Debug\os_q.o
                0x00001474                OSQPend
 .text.OS_QDbgListAdd
                0x000015d8       0x24 .\CortexM3\ARM_GCC_541\Debug\os_q.o
                0x000015d8                OS_QDbgListAdd
 .text.OSQCreate
                0x000015fc       0x7c .\CortexM3\ARM_GCC_541\Debug\os_q.o
                0x000015fc                OSQCreate
 .text.OS_QInit
                0x00001678       0x18 .\CortexM3\ARM_GCC_541\Debug\os_q.o
                0x00001678                OS_QInit
 .text.OS_QPost
                0x00001690       0x84 .\CortexM3\ARM_GCC_541\Debug\os_q.o
                0x00001690                OS_QPost
 .text.OSQPost  0x00001714       0x74 .\CortexM3\ARM_GCC_541\Debug\os_q.o
                0x00001714                OSQPost
 .text.OSSemPend
                0x00001788      0x128 .\CortexM3\ARM_GCC_541\Debug\os_sem.o
                0x00001788                OSSemPend
 .text.OS_SemDbgListAdd
                0x000018b0       0x24 .\CortexM3\ARM_GCC_541\Debug\os_sem.o
                0x000018b0                OS_SemDbgListAdd
 .text.OSSemCreate
                0x000018d4       0x68 .\CortexM3\ARM_GCC_541\Debug\os_sem.o
                0x000018d4                OSSemCreate
 .text.OS_SemInit
                0x0000193c       0x18 .\CortexM3\ARM_GCC_541\Debug\os_sem.o
                0x0000193c                OS_SemInit
 .text.OS_SemPost
                0x00001954       0x88 .\CortexM3\ARM_GCC_541\Debug\os_sem.o
                0x00001954                OS_SemPost
 .text.OSSemPost
                0x000019dc       0x48 .\CortexM3\ARM_GCC_541\Debug\os_sem.o
                0x000019dc                OSSemPost
 .text.OSStatReset
                0x00001a24       0xb8 .\CortexM3\ARM_GCC_541\Debug\os_stat.o
                0x00001a24                OSStatReset
 .text.OS_StatTask
                0x00001adc      0x230 .\CortexM3\ARM_GCC_541\Debug\os_stat.o
                0x00001adc                OS_StatTask
 .text.OS_StatTaskInit
                0x00001d0c       0xa8 .\CortexM3\ARM_GCC_541\Debug\os_stat.o
                0x00001d0c                OS_StatTaskInit
 .text.OSTaskSemPend
                0x00001db4      0x130 .\CortexM3\ARM_GCC_541\Debug\os_task.o
                0x00001db4                OSTaskSemPend
 .text.OSTaskStkChk
                0x00001ee4       0x90 .\CortexM3\ARM_GCC_541\Debug\os_task.o
                0x00001ee4                OSTaskStkChk
 .text.OS_TaskDbgListAdd
                0x00001f74       0x24 .\CortexM3\ARM_GCC_541\Debug\os_task.o
                0x00001f74                OS_TaskDbgListAdd
 .text.OS_TaskDbgListRemove
                0x00001f98       0x44 .\CortexM3\ARM_GCC_541\Debug\os_task.o
                0x00001f98                OS_TaskDbgListRemove
 .text.OS_TaskInit
                0x00001fdc       0x20 .\CortexM3\ARM_GCC_541\Debug\os_task.o
                0x00001fdc                OS_TaskInit
 .text.OS_TaskInitTCB
                0x00001ffc       0xcc .\CortexM3\ARM_GCC_541\Debug\os_task.o
                0x00001ffc                OS_TaskInitTCB
 .text.OSTaskCreate
                0x000020c8      0x1a8 .\CortexM3\ARM_GCC_541\Debug\os_task.o
                0x000020c8                OSTaskCreate
 .text.OSTaskDel
                0x00002270       0xcc .\CortexM3\ARM_GCC_541\Debug\os_task.o
                0x00002270                OSTaskDel
 .text.OS_TaskReturn
                0x0000233c       0x20 .\CortexM3\ARM_GCC_541\Debug\os_task.o
                0x0000233c                OS_TaskReturn
 .text.OS_TaskSemPost
                0x0000235c       0xc0 .\CortexM3\ARM_GCC_541\Debug\os_task.o
                0x0000235c                OS_TaskSemPost
 .text.OSTaskSemPost
                0x0000241c       0x2c .\CortexM3\ARM_GCC_541\Debug\os_task.o
                0x0000241c                OSTaskSemPost
 .text.OS_TickListInit
                0x00002448       0x2c .\CortexM3\ARM_GCC_541\Debug\os_tick.o
                0x00002448                OS_TickListInit
 .text.OS_TickTaskInit
                0x00002474       0x98 .\CortexM3\ARM_GCC_541\Debug\os_tick.o
                0x00002474                OS_TickTaskInit
 .text.OS_TickListInsert
                0x0000250c      0x120 .\CortexM3\ARM_GCC_541\Debug\os_tick.o
                0x0000250c                OS_TickListInsert
 .text.OS_TickListRemove
                0x0000262c       0x38 .\CortexM3\ARM_GCC_541\Debug\os_tick.o
                0x0000262c                OS_TickListRemove
 .text.OS_TickListResetPeak
                0x00002664       0x24 .\CortexM3\ARM_GCC_541\Debug\os_tick.o
                0x00002664                OS_TickListResetPeak
 .text.OS_TickListUpdate
                0x00002688      0x144 .\CortexM3\ARM_GCC_541\Debug\os_tick.o
                0x00002688                OS_TickListUpdate
 .text.OS_TickTask
                0x000027cc       0x2c .\CortexM3\ARM_GCC_541\Debug\os_tick.o
                0x000027cc                OS_TickTask
 .text.OSTimeDly
                0x000027f8       0x94 .\CortexM3\ARM_GCC_541\Debug\os_time.o
                0x000027f8                OSTimeDly
 .text.OSTimeDlyHMSM
                0x0000288c      0x164 .\CortexM3\ARM_GCC_541\Debug\os_time.o
                0x0000288c                OSTimeDlyHMSM
 .text.OSTimeTick
                0x000029f0       0x64 .\CortexM3\ARM_GCC_541\Debug\os_time.o
                0x000029f0                OSTimeTick
 .text.OS_TmrInit
                0x00002a54      0x100 .\CortexM3\ARM_GCC_541\Debug\os_tmr.o
                0x00002a54                OS_TmrInit
 .text.OS_TmrLink
                0x00002b54       0xe8 .\CortexM3\ARM_GCC_541\Debug\os_tmr.o
                0x00002b54                OS_TmrLink
 .text.OS_TmrResetPeak
                0x00002c3c       0x24 .\CortexM3\ARM_GCC_541\Debug\os_tmr.o
                0x00002c3c                OS_TmrResetPeak
 .text.OS_TmrUnlink
                0x00002c60       0x58 .\CortexM3\ARM_GCC_541\Debug\os_tmr.o
                0x00002c60                OS_TmrUnlink
 .text.OS_TmrTask
                0x00002cb8       0xb0 .\CortexM3\ARM_GCC_541\Debug\os_tmr.o
                0x00002cb8                OS_TmrTask
 .text.OSCfg_Init
                0x00002d68        0x4 .\CortexM3\ARM_GCC_541\Debug\os_cfg_app.o
                0x00002d68                OSCfg_Init
 .text.OS_IdleTask
                0x00002d6c       0x28 .\CortexM3\ARM_GCC_541\Debug\os_core.o
                0x00002d6c                OS_IdleTask
 .text.OSIntExit
                0x00002d94       0xa8 .\CortexM3\ARM_GCC_541\Debug\os_core.o
                0x00002d94                OSIntExit
 .text.OSSched  0x00002e3c       0x80 .\CortexM3\ARM_GCC_541\Debug\os_core.o
                0x00002e3c                OSSched
 .text.OSSchedLock
                0x00002ebc       0x54 .\CortexM3\ARM_GCC_541\Debug\os_core.o
                0x00002ebc                OSSchedLock
 .text.OSSchedUnlock
                0x00002f10       0x68 .\CortexM3\ARM_GCC_541\Debug\os_core.o
                0x00002f10                OSSchedUnlock
 .text.OSStart  0x00002f78       0x5c .\CortexM3\ARM_GCC_541\Debug\os_core.o
                0x00002f78                OSStart
 .text.OS_IdleTaskInit
                0x00002fd4       0x58 .\CortexM3\ARM_GCC_541\Debug\os_core.o
                0x00002fd4                OS_IdleTaskInit
 .text.OS_PendDataInit
                0x0000302c       0x28 .\CortexM3\ARM_GCC_541\Debug\os_core.o
                0x0000302c                OS_PendDataInit
 .text.OS_PendDbgNameAdd
                0x00003054       0x44 .\CortexM3\ARM_GCC_541\Debug\os_core.o
                0x00003054                OS_PendDbgNameAdd
 .text.OS_PendDbgNameRemove
                0x00003098       0x1c .\CortexM3\ARM_GCC_541\Debug\os_core.o
                0x00003098                OS_PendDbgNameRemove
 .text.OS_PendListInit
                0x000030b4        0xc .\CortexM3\ARM_GCC_541\Debug\os_core.o
                0x000030b4                OS_PendListInit
 .text.OS_PendListInsertPrio
                0x000030c0       0x5c .\CortexM3\ARM_GCC_541\Debug\os_core.o
                0x000030c0                OS_PendListInsertPrio
 .text.OS_PendListRemove1
                0x0000311c       0x38 .\CortexM3\ARM_GCC_541\Debug\os_core.o
                0x0000311c                OS_PendListRemove1
 .text.OS_PendListRemove
                0x00003154       0x28 .\CortexM3\ARM_GCC_541\Debug\os_core.o
                0x00003154                OS_PendListRemove
 .text.OS_Post1
                0x0000317c       0x28 .\CortexM3\ARM_GCC_541\Debug\os_core.o
                0x0000317c                OS_Post1
 .text.OS_RdyListInit
                0x000031a4       0x28 .\CortexM3\ARM_GCC_541\Debug\os_core.o
                0x000031a4                OS_RdyListInit
 .text.OSInit   0x000031cc      0x154 .\CortexM3\ARM_GCC_541\Debug\os_core.o
                0x000031cc                OSInit
 .text.OS_RdyListInsertHead
                0x00003320       0x54 .\CortexM3\ARM_GCC_541\Debug\os_core.o
                0x00003320                OS_RdyListInsertHead
 .text.OS_RdyListInsertTail
                0x00003374       0x54 .\CortexM3\ARM_GCC_541\Debug\os_core.o
                0x00003374                OS_RdyListInsertTail
 .text.OS_RdyListInsert
                0x000033c8       0x2c .\CortexM3\ARM_GCC_541\Debug\os_core.o
                0x000033c8                OS_RdyListInsert
 .text.OS_RdyListMoveHeadToTail
                0x000033f4       0x38 .\CortexM3\ARM_GCC_541\Debug\os_core.o
                0x000033f4                OS_RdyListMoveHeadToTail
 .text.OS_RdyListRemove
                0x0000342c       0x78 .\CortexM3\ARM_GCC_541\Debug\os_core.o
                0x0000342c                OS_RdyListRemove
 .text.OS_SchedRoundRobin
                0x000034a4       0x88 .\CortexM3\ARM_GCC_541\Debug\os_core.o
                0x000034a4                OS_SchedRoundRobin
 .text.OS_TaskBlock
                0x0000352c       0x3c .\CortexM3\ARM_GCC_541\Debug\os_core.o
                0x0000352c                OS_TaskBlock
 .text.OS_Pend  0x00003568       0x54 .\CortexM3\ARM_GCC_541\Debug\os_core.o
                0x00003568                OS_Pend
 .text.OS_TaskRdy
                0x000035bc       0x1c .\CortexM3\ARM_GCC_541\Debug\os_core.o
                0x000035bc                OS_TaskRdy
 .text.OS_Post  0x000035d8       0xac .\CortexM3\ARM_GCC_541\Debug\os_core.o
                0x000035d8                OS_Post
 .text.OS_Dbg_Init
                0x00003684        0x4 .\CortexM3\ARM_GCC_541\Debug\os_dbg.o
                0x00003684                OS_Dbg_Init
 .text.OS_FlagInit
                0x00003688       0x18 .\CortexM3\ARM_GCC_541\Debug\os_flag.o
                0x00003688                OS_FlagInit
 .text.OSMemGet
                0x000036a0       0x3c .\CortexM3\ARM_GCC_541\Debug\os_mem.o
                0x000036a0                OSMemGet
 .text.OSMemPut
                0x000036dc       0x4c .\CortexM3\ARM_GCC_541\Debug\os_mem.o
                0x000036dc                OSMemPut
 .text.OS_MemDbgListAdd
                0x00003728       0x1c .\CortexM3\ARM_GCC_541\Debug\os_mem.o
                0x00003728                OS_MemDbgListAdd
 .text.OSMemCreate
                0x00003744       0xe0 .\CortexM3\ARM_GCC_541\Debug\os_mem.o
                0x00003744                OSMemCreate
 .text.OS_MemInit
                0x00003824       0x18 .\CortexM3\ARM_GCC_541\Debug\os_mem.o
                0x00003824                OS_MemInit
 .text.OS_MsgPoolInit
                0x0000383c       0x68 .\CortexM3\ARM_GCC_541\Debug\os_msg.o
                0x0000383c                OS_MsgPoolInit
 .text.OS_MsgQFreeAll
                0x000038a4       0x34 .\CortexM3\ARM_GCC_541\Debug\os_msg.o
                0x000038a4                OS_MsgQFreeAll
 .text.OS_MsgQInit
                0x000038d8       0x10 .\CortexM3\ARM_GCC_541\Debug\os_msg.o
                0x000038d8                OS_MsgQInit
 .text.OS_MsgQGet
                0x000038e8       0x5c .\CortexM3\ARM_GCC_541\Debug\os_msg.o
                0x000038e8                OS_MsgQGet
 .text.OS_MsgQPut
                0x00003944       0x94 .\CortexM3\ARM_GCC_541\Debug\os_msg.o
                0x00003944                OS_MsgQPut
 .text.OS_MutexInit
                0x000039d8       0x18 .\CortexM3\ARM_GCC_541\Debug\os_mutex.o
                0x000039d8                OS_MutexInit
 .text.bsp_delay_ms
                0x000039f0       0x6c .\CortexM3\ARM_GCC_541\Debug\max30102_interface.o
                0x000039f0                bsp_delay_ms
 .text.bsp_i2c_deinit
                0x00003a5c       0x14 .\CortexM3\ARM_GCC_541\Debug\max30102_interface.o
 .text.bsp_i2c_init
                0x00003a70       0x14 .\CortexM3\ARM_GCC_541\Debug\max30102_interface.o
 .text.bsp_debug_print
                0x00003a84       0x28 .\CortexM3\ARM_GCC_541\Debug\max30102_interface.o
                0x00003a84                bsp_debug_print
 .text.max30102_receive_callback
                0x00003aac       0x40 .\CortexM3\ARM_GCC_541\Debug\max30102_interface.o
                0x00003aac                max30102_receive_callback
 .text.max30102_sensor_init
                0x00003aec      0x1d8 .\CortexM3\ARM_GCC_541\Debug\max30102_interface.o
                0x00003aec                max30102_sensor_init
 .text.max30102_init
                0x00003cc4      0x1ec .\CortexM3\ARM_GCC_541\Debug\driver_max30102.o
                0x00003cc4                max30102_init
 .text.max30102_read
                0x00003eb0      0x1f8 .\CortexM3\ARM_GCC_541\Debug\driver_max30102.o
                0x00003eb0                max30102_read
 .text.max30102_set_interrupt
                0x000040a8       0xcc .\CortexM3\ARM_GCC_541\Debug\driver_max30102.o
                0x000040a8                max30102_set_interrupt
 .text.max30102_set_fifo_sample_averaging
                0x00004174       0x68 .\CortexM3\ARM_GCC_541\Debug\driver_max30102.o
                0x00004174                max30102_set_fifo_sample_averaging
 .text.max30102_set_fifo_roll
                0x000041dc       0x68 .\CortexM3\ARM_GCC_541\Debug\driver_max30102.o
                0x000041dc                max30102_set_fifo_roll
 .text.max30102_set_mode
                0x00004244       0x64 .\CortexM3\ARM_GCC_541\Debug\driver_max30102.o
                0x00004244                max30102_set_mode
 .text.max30102_set_spo2_adc_range
                0x000042a8       0x68 .\CortexM3\ARM_GCC_541\Debug\driver_max30102.o
                0x000042a8                max30102_set_spo2_adc_range
 .text.max30102_set_spo2_sample_rate
                0x00004310       0x68 .\CortexM3\ARM_GCC_541\Debug\driver_max30102.o
                0x00004310                max30102_set_spo2_sample_rate
 .text.max30102_set_adc_resolution
                0x00004378       0x64 .\CortexM3\ARM_GCC_541\Debug\driver_max30102.o
                0x00004378                max30102_set_adc_resolution
 .text.max30102_set_led_red_pulse_amplitude
                0x000043dc       0x40 .\CortexM3\ARM_GCC_541\Debug\driver_max30102.o
                0x000043dc                max30102_set_led_red_pulse_amplitude
 .text.max30102_set_led_ir_pulse_amplitude
                0x0000441c       0x40 .\CortexM3\ARM_GCC_541\Debug\driver_max30102.o
                0x0000441c                max30102_set_led_ir_pulse_amplitude
 .text.max30102_set_slot
                0x0000445c      0x150 .\CortexM3\ARM_GCC_541\Debug\driver_max30102.o
                0x0000445c                max30102_set_slot
 .text.calc_temperature
                0x000045ac       0x70 .\CortexM3\ARM_GCC_541\Debug\bme68x.o
 .text.calc_pressure
                0x0000461c       0xc4 .\CortexM3\ARM_GCC_541\Debug\bme68x.o
 .text.calc_humidity
                0x000046e0       0xc4 .\CortexM3\ARM_GCC_541\Debug\bme68x.o
 .text.calc_gas_resistance_low
                0x000047a4       0xac .\CortexM3\ARM_GCC_541\Debug\bme68x.o
 .text.calc_gas_resistance_high
                0x00004850       0x28 .\CortexM3\ARM_GCC_541\Debug\bme68x.o
 .text.calc_res_heat
                0x00004878       0xb0 .\CortexM3\ARM_GCC_541\Debug\bme68x.o
 .text.calc_gas_wait
                0x00004928       0x24 .\CortexM3\ARM_GCC_541\Debug\bme68x.o
 .text.null_ptr_check
                0x0000494c       0x2c .\CortexM3\ARM_GCC_541\Debug\bme68x.o
 .text.set_mem_page
                0x00004978       0x70 .\CortexM3\ARM_GCC_541\Debug\bme68x.o
 .text.get_mem_page
                0x000049e8       0x38 .\CortexM3\ARM_GCC_541\Debug\bme68x.o
 .text.boundary_check
                0x00004a20       0x34 .\CortexM3\ARM_GCC_541\Debug\bme68x.o
 .text.calc_heatr_dur_shared
                0x00004a54       0x44 .\CortexM3\ARM_GCC_541\Debug\bme68x.o
 .text.swap_fields
                0x00004a98       0x18 .\CortexM3\ARM_GCC_541\Debug\bme68x.o
 .text.sort_sensor_data
                0x00004ab0       0x44 .\CortexM3\ARM_GCC_541\Debug\bme68x.o
 .text.analyze_sensor_data
                0x00004af4       0x8c .\CortexM3\ARM_GCC_541\Debug\bme68x.o
 .text.bme68x_set_regs
                0x00004b80       0xcc .\CortexM3\ARM_GCC_541\Debug\bme68x.o
                0x00004b80                bme68x_set_regs
 .text.set_conf
                0x00004c4c      0x1a4 .\CortexM3\ARM_GCC_541\Debug\bme68x.o
 .text.bme68x_get_regs
                0x00004df0       0x58 .\CortexM3\ARM_GCC_541\Debug\bme68x.o
                0x00004df0                bme68x_get_regs
 .text.read_variant_id
                0x00004e48       0x28 .\CortexM3\ARM_GCC_541\Debug\bme68x.o
 .text.get_calib_data
                0x00004e70      0x154 .\CortexM3\ARM_GCC_541\Debug\bme68x.o
 .text.read_field_data
                0x00004fc4      0x198 .\CortexM3\ARM_GCC_541\Debug\bme68x.o
 .text.read_all_field_data
                0x0000515c      0x244 .\CortexM3\ARM_GCC_541\Debug\bme68x.o
 .text.bme68x_soft_reset
                0x000053a0       0x58 .\CortexM3\ARM_GCC_541\Debug\bme68x.o
                0x000053a0                bme68x_soft_reset
 .text.bme68x_init
                0x000053f8       0x3c .\CortexM3\ARM_GCC_541\Debug\bme68x.o
                0x000053f8                bme68x_init
 .text.bme68x_get_conf
                0x00005434       0x58 .\CortexM3\ARM_GCC_541\Debug\bme68x.o
                0x00005434                bme68x_get_conf
 .text.bme68x_set_op_mode
                0x0000548c       0x80 .\CortexM3\ARM_GCC_541\Debug\bme68x.o
                0x0000548c                bme68x_set_op_mode
 .text.bme68x_get_op_mode
                0x0000550c       0x2c .\CortexM3\ARM_GCC_541\Debug\bme68x.o
                0x0000550c                bme68x_get_op_mode
 .text.bme68x_set_conf
                0x00005538      0x140 .\CortexM3\ARM_GCC_541\Debug\bme68x.o
                0x00005538                bme68x_set_conf
 .text.bme68x_get_meas_dur
                0x00005678       0x8c .\CortexM3\ARM_GCC_541\Debug\bme68x.o
                0x00005678                bme68x_get_meas_dur
 .text.bme68x_get_data
                0x00005704      0x14c .\CortexM3\ARM_GCC_541\Debug\bme68x.o
                0x00005704                bme68x_get_data
 .text.bme68x_set_heatr_conf
                0x00005850       0xb4 .\CortexM3\ARM_GCC_541\Debug\bme68x.o
                0x00005850                bme68x_set_heatr_conf
 .text.bme68x_selftest_check
                0x00005904      0x154 .\CortexM3\ARM_GCC_541\Debug\bme68x.o
                0x00005904                bme68x_selftest_check
 .text.CyClockStartupError
                0x00005a58        0x4 .\CortexM3\ARM_GCC_541\Debug\cyfitter_cfg.o
 .text.cfg_write_bytes32
                0x00005a5c       0x34 .\CortexM3\ARM_GCC_541\Debug\cyfitter_cfg.o
 .text.AnalogSetDefault
                0x00005a90       0x28 .\CortexM3\ARM_GCC_541\Debug\cyfitter_cfg.o
 .text.CYMEMZERO
                0x00005ab8        0xc .\CortexM3\ARM_GCC_541\Debug\cyfitter_cfg.o
 .text.ClockSetup
                0x00005ac4       0xb4 .\CortexM3\ARM_GCC_541\Debug\cyfitter_cfg.o
 .text.CYCONFIGCPY
                0x00005b78        0x8 .\CortexM3\ARM_GCC_541\Debug\cyfitter_cfg.o
 .text.cyfitter_cfg
                0x00005b80      0x13c .\CortexM3\ARM_GCC_541\Debug\cyfitter_cfg.o
                0x00005b80                cyfitter_cfg
 .text.IntDefaultHandler
                0x00005cbc       0x10 .\CortexM3\ARM_GCC_541\Debug\Cm3Start.o
                0x00005cbc                IntDefaultHandler
 .text._sbrk    0x00005ccc       0x30 .\CortexM3\ARM_GCC_541\Debug\Cm3Start.o
                0x00005ccc                _sbrk
 .text.Start_c  0x00005cfc       0x4c .\CortexM3\ARM_GCC_541\Debug\Cm3Start.o
                0x00005cfc                Start_c
 .text.initialize_psoc
                0x00005d48       0x6c .\CortexM3\ARM_GCC_541\Debug\Cm3Start.o
                0x00005d48                initialize_psoc
 .text          0x00005db4       0x34 .\CortexM3\ARM_GCC_541\Debug\cpu_a.o
                0x00005db4                CPU_IntDis
                0x00005db8                CPU_IntEn
                0x00005dbc                CPU_SR_Save
                0x00005dc4                CPU_SR_Restore
                0x00005dca                CPU_WaitForInt
                0x00005dce                CPU_WaitForExcept
                0x00005dd2                CPU_CntLeadZeros
                0x00005dd8                CPU_CntTrailZeros
                0x00005de2                CPU_RevBits
 .text          0x00005de8       0x84 .\CortexM3\ARM_GCC_541\Debug\os_cpu_a.o
                0x00005de8                OSStartHighRdy
                0x00005e08                OS_CPU_PendSVHandler
 .text.UART_1_Init
                0x00005e6c       0x5c .\CortexM3\ARM_GCC_541\Debug\esw_uCOS3_cykit.a(UART_1.o)
                0x00005e6c                UART_1_Init
 .text.UART_1_Enable
                0x00005ec8       0x50 .\CortexM3\ARM_GCC_541\Debug\esw_uCOS3_cykit.a(UART_1.o)
                0x00005ec8                UART_1_Enable
 .text.UART_1_Start
                0x00005f18       0x1c .\CortexM3\ARM_GCC_541\Debug\esw_uCOS3_cykit.a(UART_1.o)
                0x00005f18                UART_1_Start
 .text.UART_1_PutChar
                0x00005f34       0x70 .\CortexM3\ARM_GCC_541\Debug\esw_uCOS3_cykit.a(UART_1.o)
                0x00005f34                UART_1_PutChar
 .text.UART_1_PutString
                0x00005fa4       0x24 .\CortexM3\ARM_GCC_541\Debug\esw_uCOS3_cykit.a(UART_1.o)
                0x00005fa4                UART_1_PutString
 .text.UART_1_RXISR
                0x00005fc8       0x98 .\CortexM3\ARM_GCC_541\Debug\esw_uCOS3_cykit.a(UART_1_INT.o)
                0x00005fc8                UART_1_RXISR
 .text.UART_1_TXISR
                0x00006060       0x58 .\CortexM3\ARM_GCC_541\Debug\esw_uCOS3_cykit.a(UART_1_INT.o)
                0x00006060                UART_1_TXISR
 .text.Pin_1_SetDriveMode
                0x000060b8       0x18 .\CortexM3\ARM_GCC_541\Debug\esw_uCOS3_cykit.a(Pin_1.o)
                0x000060b8                Pin_1_SetDriveMode
 .text.UART_1_IntClock_Start
                0x000060d0       0x1c .\CortexM3\ARM_GCC_541\Debug\esw_uCOS3_cykit.a(UART_1_IntClock.o)
                0x000060d0                UART_1_IntClock_Start
 .text.CyDmacConfigure
                0x000060ec       0x34 .\CortexM3\ARM_GCC_541\Debug\esw_uCOS3_cykit.a(CyDmac.o)
                0x000060ec                CyDmacConfigure
 .text.CyHalt   0x00006120        0x4 .\CortexM3\ARM_GCC_541\Debug\esw_uCOS3_cykit.a(CyLib.o)
                0x00006120                CyHalt
 .text.CyDelayUs
                0x00006124       0x14 .\CortexM3\ARM_GCC_541\Debug\esw_uCOS3_cykit.a(CyLib.o)
                0x00006124                CyDelayUs
 .text.CyIntSetVector
                0x00006138       0x28 .\CortexM3\ARM_GCC_541\Debug\esw_uCOS3_cykit.a(CyLib.o)
                0x00006138                CyIntSetVector
 .text.CyIntSetPriority
                0x00006160       0x30 .\CortexM3\ARM_GCC_541\Debug\esw_uCOS3_cykit.a(CyLib.o)
                0x00006160                CyIntSetPriority
 .text.Pin_2_SetDriveMode
                0x00006190       0x24 .\CortexM3\ARM_GCC_541\Debug\esw_uCOS3_cykit.a(Pin_2.o)
                0x00006190                Pin_2_SetDriveMode
 .text.push_button_Write
                0x000061b4       0x18 .\CortexM3\ARM_GCC_541\Debug\esw_uCOS3_cykit.a(push_button.o)
                0x000061b4                push_button_Write
 .text.push_button_SetDriveMode
                0x000061cc       0x18 .\CortexM3\ARM_GCC_541\Debug\esw_uCOS3_cykit.a(push_button.o)
                0x000061cc                push_button_SetDriveMode
 .text.I2C_1_Init
                0x000061e4       0x68 .\CortexM3\ARM_GCC_541\Debug\esw_uCOS3_cykit.a(I2C_1.o)
                0x000061e4                I2C_1_Init
 .text.I2C_1_Enable
                0x0000624c       0x24 .\CortexM3\ARM_GCC_541\Debug\esw_uCOS3_cykit.a(I2C_1.o)
                0x0000624c                I2C_1_Enable
 .text.I2C_1_Start
                0x00006270       0x28 .\CortexM3\ARM_GCC_541\Debug\esw_uCOS3_cykit.a(I2C_1.o)
                0x00006270                I2C_1_Start
 .text.I2C_1_ISR
                0x00006298      0x2d0 .\CortexM3\ARM_GCC_541\Debug\esw_uCOS3_cykit.a(I2C_1_INT.o)
                0x00006298                I2C_1_ISR
 .text.I2C_1_MasterSendStart
                0x00006568       0x80 .\CortexM3\ARM_GCC_541\Debug\esw_uCOS3_cykit.a(I2C_1_MASTER.o)
                0x00006568                I2C_1_MasterSendStart
 .text.I2C_1_MasterSendRestart
                0x000065e8       0x6c .\CortexM3\ARM_GCC_541\Debug\esw_uCOS3_cykit.a(I2C_1_MASTER.o)
                0x000065e8                I2C_1_MasterSendRestart
 .text.I2C_1_MasterSendStop
                0x00006654       0x38 .\CortexM3\ARM_GCC_541\Debug\esw_uCOS3_cykit.a(I2C_1_MASTER.o)
                0x00006654                I2C_1_MasterSendStop
 .text.I2C_1_MasterWriteByte
                0x0000668c       0x58 .\CortexM3\ARM_GCC_541\Debug\esw_uCOS3_cykit.a(I2C_1_MASTER.o)
                0x0000668c                I2C_1_MasterWriteByte
 .text.I2C_1_MasterReadByte
                0x000066e4       0x58 .\CortexM3\ARM_GCC_541\Debug\esw_uCOS3_cykit.a(I2C_1_MASTER.o)
                0x000066e4                I2C_1_MasterReadByte
 .text.Timer_1_Enable
                0x0000673c       0x28 .\CortexM3\ARM_GCC_541\Debug\esw_uCOS3_cykit.a(Timer_1.o)
                0x0000673c                Timer_1_Enable
 .text.Timer_1_SetInterruptMode
                0x00006764        0xc .\CortexM3\ARM_GCC_541\Debug\esw_uCOS3_cykit.a(Timer_1.o)
                0x00006764                Timer_1_SetInterruptMode
 .text.Timer_1_WritePeriod
                0x00006770        0xc .\CortexM3\ARM_GCC_541\Debug\esw_uCOS3_cykit.a(Timer_1.o)
                0x00006770                Timer_1_WritePeriod
 .text.Timer_1_WriteCounter
                0x0000677c        0xc .\CortexM3\ARM_GCC_541\Debug\esw_uCOS3_cykit.a(Timer_1.o)
                0x0000677c                Timer_1_WriteCounter
 .text.Timer_1_Init
                0x00006788       0x68 .\CortexM3\ARM_GCC_541\Debug\esw_uCOS3_cykit.a(Timer_1.o)
                0x00006788                Timer_1_Init
 .text.Timer_1_Start
                0x000067f0       0x1c .\CortexM3\ARM_GCC_541\Debug\esw_uCOS3_cykit.a(Timer_1.o)
                0x000067f0                Timer_1_Start
 .text.Timer_ISR_SetVector
                0x0000680c        0xc .\CortexM3\ARM_GCC_541\Debug\esw_uCOS3_cykit.a(Timer_ISR.o)
                0x0000680c                Timer_ISR_SetVector
 .text.Timer_ISR_SetPriority
                0x00006818       0x10 .\CortexM3\ARM_GCC_541\Debug\esw_uCOS3_cykit.a(Timer_ISR.o)
                0x00006818                Timer_ISR_SetPriority
 .text.Timer_ISR_Enable
                0x00006828        0xc .\CortexM3\ARM_GCC_541\Debug\esw_uCOS3_cykit.a(Timer_ISR.o)
                0x00006828                Timer_ISR_Enable
 .text.Timer_ISR_Disable
                0x00006834        0xc .\CortexM3\ARM_GCC_541\Debug\esw_uCOS3_cykit.a(Timer_ISR.o)
                0x00006834                Timer_ISR_Disable
 .text.Timer_ISR_StartEx
                0x00006840       0x1c .\CortexM3\ARM_GCC_541\Debug\esw_uCOS3_cykit.a(Timer_ISR.o)
                0x00006840                Timer_ISR_StartEx
 *fill*         0x0000685c        0x4 
 .text          0x00006860       0x20 .\CortexM3\ARM_GCC_541\Debug\esw_uCOS3_cykit.a(CyBootAsmGnu.o)
                0x00006860                CyDelayCycles
                0x00006870                CyEnterCriticalSection
                0x00006878                CyExitCriticalSection
 .text          0x00006880       0xa0 c:/program files (x86)/cypress/psoc creator/4.4/psoc creator/import/gnu/arm/5.4.1/bin/../lib/gcc/arm-none-eabi/5.4.1/armv7-m\libgcc.a(_aeabi_ldivmod.o)
                0x00006880                __aeabi_ldivmod
 .text          0x00006920      0x2ec c:/program files (x86)/cypress/psoc creator/4.4/psoc creator/import/gnu/arm/5.4.1/bin/../lib/gcc/arm-none-eabi/5.4.1/armv7-m\libgcc.a(_udivmoddi4.o)
                0x00006920                __udivmoddi4
 .text          0x00006c0c        0x4 c:/program files (x86)/cypress/psoc creator/4.4/psoc creator/import/gnu/arm/5.4.1/bin/../lib/gcc/arm-none-eabi/5.4.1/armv7-m\libgcc.a(_dvmd_tls.o)
                0x00006c0c                __aeabi_idiv0
                0x00006c0c                __aeabi_ldiv0
 .text.__errno  0x00006c10        0xc c:/program files (x86)/cypress/psoc creator/4.4/psoc creator/import/gnu/arm/5.4.1/bin/../lib/gcc/arm-none-eabi/5.4.1/../../../../arm-none-eabi/lib/armv7-m\libg_nano.a(lib_a-errno.o)
                0x00006c10                __errno
 .text.__libc_init_array
                0x00006c1c       0x4c c:/program files (x86)/cypress/psoc creator/4.4/psoc creator/import/gnu/arm/5.4.1/bin/../lib/gcc/arm-none-eabi/5.4.1/../../../../arm-none-eabi/lib/armv7-m\libg_nano.a(lib_a-init.o)
                0x00006c1c                __libc_init_array
 .text.memcmp   0x00006c68       0x1e c:/program files (x86)/cypress/psoc creator/4.4/psoc creator/import/gnu/arm/5.4.1/bin/../lib/gcc/arm-none-eabi/5.4.1/../../../../arm-none-eabi/lib/armv7-m\libg_nano.a(lib_a-memcmp.o)
                0x00006c68                memcmp
 .text.memcpy   0x00006c86       0x16 c:/program files (x86)/cypress/psoc creator/4.4/psoc creator/import/gnu/arm/5.4.1/bin/../lib/gcc/arm-none-eabi/5.4.1/../../../../arm-none-eabi/lib/armv7-m\libg_nano.a(lib_a-memcpy-stub.o)
                0x00006c86                memcpy
 .text.memset   0x00006c9c       0x10 c:/program files (x86)/cypress/psoc creator/4.4/psoc creator/import/gnu/arm/5.4.1/bin/../lib/gcc/arm-none-eabi/5.4.1/../../../../arm-none-eabi/lib/armv7-m\libg_nano.a(lib_a-memset.o)
                0x00006c9c                memset
 .text.snprintf
                0x00006cac       0x64 c:/program files (x86)/cypress/psoc creator/4.4/psoc creator/import/gnu/arm/5.4.1/bin/../lib/gcc/arm-none-eabi/5.4.1/../../../../arm-none-eabi/lib/armv7-m\libg_nano.a(lib_a-snprintf.o)
                0x00006cac                sniprintf
                0x00006cac                snprintf
 .text.strncpy  0x00006d10       0x26 c:/program files (x86)/cypress/psoc creator/4.4/psoc creator/import/gnu/arm/5.4.1/bin/../lib/gcc/arm-none-eabi/5.4.1/../../../../arm-none-eabi/lib/armv7-m\libg_nano.a(lib_a-strncpy.o)
                0x00006d10                strncpy
 .text._vsnprintf_r
                0x00006d36       0x56 c:/program files (x86)/cypress/psoc creator/4.4/psoc creator/import/gnu/arm/5.4.1/bin/../lib/gcc/arm-none-eabi/5.4.1/../../../../arm-none-eabi/lib/armv7-m\libg_nano.a(lib_a-vsnprintf.o)
                0x00006d36                _vsniprintf_r
                0x00006d36                _vsnprintf_r
 .text.vsnprintf
                0x00006d8c       0x1c c:/program files (x86)/cypress/psoc creator/4.4/psoc creator/import/gnu/arm/5.4.1/bin/../lib/gcc/arm-none-eabi/5.4.1/../../../../arm-none-eabi/lib/armv7-m\libg_nano.a(lib_a-vsnprintf.o)
                0x00006d8c                vsniprintf
                0x00006d8c                vsnprintf
 .text.__ssputs_r
                0x00006da8       0xb2 c:/program files (x86)/cypress/psoc creator/4.4/psoc creator/import/gnu/arm/5.4.1/bin/../lib/gcc/arm-none-eabi/5.4.1/../../../../arm-none-eabi/lib/armv7-m\libg_nano.a(lib_a-nano-svfprintf.o)
                0x00006da8                __ssputs_r
 *fill*         0x00006e5a        0x2 
 .text._svfprintf_r
                0x00006e5c      0x1e8 c:/program files (x86)/cypress/psoc creator/4.4/psoc creator/import/gnu/arm/5.4.1/bin/../lib/gcc/arm-none-eabi/5.4.1/../../../../arm-none-eabi/lib/armv7-m\libg_nano.a(lib_a-nano-svfprintf.o)
                0x00006e5c                _svfiprintf_r
                0x00006e5c                _svfprintf_r
 .text._printf_common
                0x00007044       0xec c:/program files (x86)/cypress/psoc creator/4.4/psoc creator/import/gnu/arm/5.4.1/bin/../lib/gcc/arm-none-eabi/5.4.1/../../../../arm-none-eabi/lib/armv7-m\libg_nano.a(lib_a-nano-vfprintf_i.o)
                0x00007044                _printf_common
 .text._printf_i
                0x00007130      0x24c c:/program files (x86)/cypress/psoc creator/4.4/psoc creator/import/gnu/arm/5.4.1/bin/../lib/gcc/arm-none-eabi/5.4.1/../../../../arm-none-eabi/lib/armv7-m\libg_nano.a(lib_a-nano-vfprintf_i.o)
                0x00007130                _printf_i
 .text.memchr   0x0000737c       0x1c c:/program files (x86)/cypress/psoc creator/4.4/psoc creator/import/gnu/arm/5.4.1/bin/../lib/gcc/arm-none-eabi/5.4.1/../../../../arm-none-eabi/lib/armv7-m\libg_nano.a(lib_a-memchr-stub.o)
                0x0000737c                memchr
 .text.memmove  0x00007398       0x36 c:/program files (x86)/cypress/psoc creator/4.4/psoc creator/import/gnu/arm/5.4.1/bin/../lib/gcc/arm-none-eabi/5.4.1/../../../../arm-none-eabi/lib/armv7-m\libg_nano.a(lib_a-memmove.o)
                0x00007398                memmove
 *fill*         0x000073ce        0x2 
 .text._free_r  0x000073d0       0x98 c:/program files (x86)/cypress/psoc creator/4.4/psoc creator/import/gnu/arm/5.4.1/bin/../lib/gcc/arm-none-eabi/5.4.1/../../../../arm-none-eabi/lib/armv7-m\libg_nano.a(lib_a-nano-freer.o)
                0x000073d0                _free_r
 .text._malloc_r
                0x00007468       0xbc c:/program files (x86)/cypress/psoc creator/4.4/psoc creator/import/gnu/arm/5.4.1/bin/../lib/gcc/arm-none-eabi/5.4.1/../../../../arm-none-eabi/lib/armv7-m\libg_nano.a(lib_a-nano-mallocr.o)
                0x00007468                _malloc_r
 .text._realloc_r
                0x00007524       0x4c c:/program files (x86)/cypress/psoc creator/4.4/psoc creator/import/gnu/arm/5.4.1/bin/../lib/gcc/arm-none-eabi/5.4.1/../../../../arm-none-eabi/lib/armv7-m\libg_nano.a(lib_a-nano-reallocr.o)
                0x00007524                _realloc_r
 .text._sbrk_r  0x00007570       0x20 c:/program files (x86)/cypress/psoc creator/4.4/psoc creator/import/gnu/arm/5.4.1/bin/../lib/gcc/arm-none-eabi/5.4.1/../../../../arm-none-eabi/lib/armv7-m\libg_nano.a(lib_a-sbrkr.o)
                0x00007570                _sbrk_r
 .text.__malloc_lock
                0x00007590        0x2 c:/program files (x86)/cypress/psoc creator/4.4/psoc creator/import/gnu/arm/5.4.1/bin/../lib/gcc/arm-none-eabi/5.4.1/../../../../arm-none-eabi/lib/armv7-m\libg_nano.a(lib_a-mlock.o)
                0x00007590                __malloc_lock
 .text.__malloc_unlock
                0x00007592        0x2 c:/program files (x86)/cypress/psoc creator/4.4/psoc creator/import/gnu/arm/5.4.1/bin/../lib/gcc/arm-none-eabi/5.4.1/../../../../arm-none-eabi/lib/armv7-m\libg_nano.a(lib_a-mlock.o)
                0x00007592                __malloc_unlock
 .text._malloc_usable_size_r
                0x00007594       0x14 c:/program files (x86)/cypress/psoc creator/4.4/psoc creator/import/gnu/arm/5.4.1/bin/../lib/gcc/arm-none-eabi/5.4.1/../../../../arm-none-eabi/lib/armv7-m\libg_nano.a(lib_a-nano-msizer.o)
                0x00007594                _malloc_usable_size_r
 *(.plt)
 *(.gnu.warning)
 *(.glue_7t)
 .glue_7t       0x000075a8        0x0 linker stubs
 *(.glue_7)
 .glue_7        0x000075a8        0x0 linker stubs
 *(.vfp11_veneer)
 .vfp11_veneer  0x000075a8        0x0 linker stubs
 *(.bootloader)
 *(.ARM.extab* .gnu.linkonce.armextab.*)
 *(.gcc_except_table)

.v4_bx          0x000075a8        0x0
 .v4_bx         0x000075a8        0x0 linker stubs

.iplt           0x000075a8        0x0
 .iplt          0x000075a8        0x0 c:/program files (x86)/cypress/psoc creator/4.4/psoc creator/import/gnu/arm/5.4.1/bin/../lib/gcc/arm-none-eabi/5.4.1/armv7-m/crtbegin.o

.eh_frame_hdr
 *(.eh_frame_hdr)

.eh_frame       0x000075a8        0x4
 *(.eh_frame)
 .eh_frame      0x000075a8        0x0 c:/program files (x86)/cypress/psoc creator/4.4/psoc creator/import/gnu/arm/5.4.1/bin/../lib/gcc/arm-none-eabi/5.4.1/armv7-m/crtbegin.o
 .eh_frame      0x000075a8        0x4 c:/program files (x86)/cypress/psoc creator/4.4/psoc creator/import/gnu/arm/5.4.1/bin/../lib/gcc/arm-none-eabi/5.4.1/armv7-m/crtend.o
                [!provide]                PROVIDE (__exidx_start, .)

.ARM.exidx      0x000075ac        0x8
 *(.ARM.exidx* .gnu.linkonce.armexidx.*)
 .ARM.exidx     0x000075ac        0x8 c:/program files (x86)/cypress/psoc creator/4.4/psoc creator/import/gnu/arm/5.4.1/bin/../lib/gcc/arm-none-eabi/5.4.1/armv7-m\libgcc.a(_udivmoddi4.o)
                0x000075b4                __exidx_end = .

.rodata         0x000075b4     0x1dfc
 *(.rodata .rodata.* .gnu.linkonce.r.*)
 .rodata.str1.4
                0x000075b4       0x8e .\CortexM3\ARM_GCC_541\Debug\app.o
 *fill*         0x00007642        0x2 
 .rodata.str1.4
                0x00007644      0x21b .\CortexM3\ARM_GCC_541\Debug\log_task.o
                                0x21f (size before relaxing)
 *fill*         0x0000785f        0x1 
 .rodata        0x00007860       0x64 .\CortexM3\ARM_GCC_541\Debug\heartbeatSensor.o
 .rodata.str1.4
                0x000078c4      0x259 .\CortexM3\ARM_GCC_541\Debug\heartbeatSensor.o
 *fill*         0x00007b1d        0x3 
 .rodata.str1.4
                0x00007b20      0x23c .\CortexM3\ARM_GCC_541\Debug\environmentSensor.o
 .rodata.str1.4
                0x00007d5c      0x552 .\CortexM3\ARM_GCC_541\Debug\data_processing_task.o
 *fill*         0x000082ae        0x2 
 .rodata.str1.4
                0x000082b0      0x116 .\CortexM3\ARM_GCC_541\Debug\bsp_i2c.o
 *fill*         0x000083c6        0x2 
 .rodata.str1.4
                0x000083c8        0x6 .\CortexM3\ARM_GCC_541\Debug\os_q.o
 *fill*         0x000083ce        0x2 
 .rodata.str1.4
                0x000083d0        0x5 .\CortexM3\ARM_GCC_541\Debug\os_sem.o
                                  0xa (size before relaxing)
 *fill*         0x000083d5        0x3 
 .rodata.str1.4
                0x000083d8       0x14 .\CortexM3\ARM_GCC_541\Debug\os_stat.o
 .rodata.str1.4
                0x000083ec        0x6 .\CortexM3\ARM_GCC_541\Debug\os_task.o
                                  0xa (size before relaxing)
 *fill*         0x000083f2        0x2 
 .rodata.str1.4
                0x000083f4       0x14 .\CortexM3\ARM_GCC_541\Debug\os_tick.o
 .rodata.str1.4
                0x00008408       0x1d .\CortexM3\ARM_GCC_541\Debug\os_tmr.o
 *fill*         0x00008425        0x3 
 .rodata        0x00008428       0xa4 .\CortexM3\ARM_GCC_541\Debug\os_cfg_app.o
                0x00008428                OSCfg_DataSizeRAM
                0x0000842c                OSCfg_TmrWheelSizeRAM
                0x00008430                OSCfg_TmrWheelSize
                0x00008434                OSCfg_TmrTaskStkSizeRAM
                0x00008438                OSCfg_TmrTaskStkSize
                0x0000843c                OSCfg_TmrTaskStkLimit
                0x00008440                OSCfg_TmrTaskStkBasePtr
                0x00008444                OSCfg_TmrTaskRate_Hz
                0x00008448                OSCfg_TmrTaskPrio
                0x0000844c                OSCfg_TickWheelSizeRAM
                0x00008450                OSCfg_TickWheelSize
                0x00008454                OSCfg_TickTaskStkSizeRAM
                0x00008458                OSCfg_TickTaskStkSize
                0x0000845c                OSCfg_TickTaskStkLimit
                0x00008460                OSCfg_TickTaskStkBasePtr
                0x00008464                OSCfg_TickTaskPrio
                0x00008468                OSCfg_TickRate_Hz
                0x0000846c                OSCfg_StkSizeMin
                0x00008470                OSCfg_StatTaskStkSizeRAM
                0x00008474                OSCfg_StatTaskStkSize
                0x00008478                OSCfg_StatTaskStkLimit
                0x0000847c                OSCfg_StatTaskStkBasePtr
                0x00008480                OSCfg_StatTaskRate_Hz
                0x00008484                OSCfg_StatTaskPrio
                0x00008488                OSCfg_MsgPoolBasePtr
                0x0000848c                OSCfg_MsgPoolSizeRAM
                0x00008490                OSCfg_MsgPoolSize
                0x00008494                OSCfg_ISRStkSizeRAM
                0x00008498                OSCfg_ISRStkSize
                0x0000849c                OSCfg_ISRStkBasePtr
                0x000084a0                OSCfg_IntQTaskStkSizeRAM
                0x000084a4                OSCfg_IntQTaskStkSize
                0x000084a8                OSCfg_IntQTaskStkLimit
                0x000084ac                OSCfg_IntQTaskStkBasePtr
                0x000084b0                OSCfg_IntQSizeRAM
                0x000084b4                OSCfg_IntQSize
                0x000084b8                OSCfg_IntQBasePtr
                0x000084bc                OSCfg_IdleTaskStkSizeRAM
                0x000084c0                OSCfg_IdleTaskStkSize
                0x000084c4                OSCfg_IdleTaskStkLimit
                0x000084c8                OSCfg_IdleTaskStkBasePtr
 .rodata.str1.4
                0x000084cc       0x25 .\CortexM3\ARM_GCC_541\Debug\os_core.o
                                 0x2a (size before relaxing)
 *fill*         0x000084f1        0x3 
 .rodata.str1.4
                0x000084f4      0x394 .\CortexM3\ARM_GCC_541\Debug\max30102_interface.o
 .rodata.str1.4
                0x00008888      0x9d8 .\CortexM3\ARM_GCC_541\Debug\driver_max30102.o
 .rodata        0x00009260       0x92 .\CortexM3\ARM_GCC_541\Debug\bme68x.o
 *fill*         0x000092f2        0x2 
 .rodata        0x000092f4       0x50 .\CortexM3\ARM_GCC_541\Debug\cyfitter_cfg.o
 .rodata.str1.1
                0x00009344        0x2 c:/program files (x86)/cypress/psoc creator/4.4/psoc creator/import/gnu/arm/5.4.1/bin/../lib/gcc/arm-none-eabi/5.4.1/../../../../arm-none-eabi/lib/armv7-m\libg_nano.a(lib_a-impure.o)
 .rodata.str1.1
                0x00009346       0x11 c:/program files (x86)/cypress/psoc creator/4.4/psoc creator/import/gnu/arm/5.4.1/bin/../lib/gcc/arm-none-eabi/5.4.1/../../../../arm-none-eabi/lib/armv7-m\libg_nano.a(lib_a-nano-svfprintf.o)
 .rodata.str1.1
                0x00009357       0x22 c:/program files (x86)/cypress/psoc creator/4.4/psoc creator/import/gnu/arm/5.4.1/bin/../lib/gcc/arm-none-eabi/5.4.1/../../../../arm-none-eabi/lib/armv7-m\libg_nano.a(lib_a-nano-vfprintf_i.o)
                0x0000937c                . = ALIGN (0x4)
 *fill*         0x00009379        0x3 
 *(.init)
 .init          0x0000937c        0x4 c:/program files (x86)/cypress/psoc creator/4.4/psoc creator/import/gnu/arm/5.4.1/bin/../lib/gcc/arm-none-eabi/5.4.1/armv7-m/crti.o
                0x0000937c                _init
 .init          0x00009380        0x8 c:/program files (x86)/cypress/psoc creator/4.4/psoc creator/import/gnu/arm/5.4.1/bin/../lib/gcc/arm-none-eabi/5.4.1/armv7-m/crtn.o
                0x00009388                . = ALIGN (0x4)
                0x00009388                __preinit_array_start = .
 *(.preinit_array)
                0x00009388                __preinit_array_end = .
                0x00009388                . = ALIGN (0x4)
                0x00009388                __init_array_start = .
 *(SORT(.init_array.*))
 *(.init_array)
 .init_array    0x00009388        0x4 c:/program files (x86)/cypress/psoc creator/4.4/psoc creator/import/gnu/arm/5.4.1/bin/../lib/gcc/arm-none-eabi/5.4.1/armv7-m/crtbegin.o
 .init_array    0x0000938c        0x4 .\CortexM3\ARM_GCC_541\Debug\Cm3Start.o
                0x00009390                __init_array_end = .
                0x00009390                . = ALIGN (0x4)
 *(.fini)
 .fini          0x00009390        0x4 c:/program files (x86)/cypress/psoc creator/4.4/psoc creator/import/gnu/arm/5.4.1/bin/../lib/gcc/arm-none-eabi/5.4.1/armv7-m/crti.o
                0x00009390                _fini
 .fini          0x00009394        0x8 c:/program files (x86)/cypress/psoc creator/4.4/psoc creator/import/gnu/arm/5.4.1/bin/../lib/gcc/arm-none-eabi/5.4.1/armv7-m/crtn.o
                0x0000939c                . = ALIGN (0x4)
                0x0000939c                __fini_array_start = .
 *(.fini_array)
 .fini_array    0x0000939c        0x4 c:/program files (x86)/cypress/psoc creator/4.4/psoc creator/import/gnu/arm/5.4.1/bin/../lib/gcc/arm-none-eabi/5.4.1/armv7-m/crtbegin.o
 *(SORT(.fini_array.*))
                0x000093a0                __fini_array_end = .
                0x000093a0                . = ALIGN (0x4)
 *crtbegin.o(.ctors)
 *(EXCLUDE_FILE(*crtend.o) .ctors)
 *(SORT(.ctors.*))
 *crtend.o(.ctors)
                0x000093a0                . = ALIGN (0x4)
 *crtbegin.o(.dtors)
 *(EXCLUDE_FILE(*crtend.o) .dtors)
 *(SORT(.dtors.*))
 *crtend.o(.dtors)
                0x000093a0                . = ALIGN (0x4)
                0x000093a0                __cy_regions = .
                0x000093a0        0x4 LONG 0x93b0 __cy_region_init_ram
                0x000093a4        0x4 LONG 0x1fff80c8 __cy_region_start_data
                0x000093a8        0x4 LONG 0x90 __cy_region_init_size_ram
                0x000093ac        0x4 LONG 0x5d70 __cy_region_zero_size_ram
                0x000093b0                __cy_regions_end = .
                0x000093b0                . = ALIGN (0x8)
                0x000093b0                _etext = .

.cy_checksum_exclude
                0x000093b0        0x0
 *(.cy_checksum_exclude)

.ramvectors     0x1fff8000       0xc0
                0x1fff8000                __cy_region_start_ram = .
 *(.ramvectors)
 .ramvectors    0x1fff8000       0xc0 .\CortexM3\ARM_GCC_541\Debug\Cm3Start.o
                0x1fff8000                CyRamVectors

.noinit         0x1fff80c0        0x1
 *(.noinit)
 .noinit        0x1fff80c0        0x1 .\CortexM3\ARM_GCC_541\Debug\esw_uCOS3_cykit.a(CyLib.o)
                0x1fff80c0                CyResetStatus

.data           0x1fff80c8       0x90 load address 0x000093b0
                0x1fff80c8                __cy_region_start_data = .
 *(.jcr)
 .jcr           0x1fff80c8        0x0 c:/program files (x86)/cypress/psoc creator/4.4/psoc creator/import/gnu/arm/5.4.1/bin/../lib/gcc/arm-none-eabi/5.4.1/armv7-m/crtbegin.o
 .jcr           0x1fff80c8        0x4 c:/program files (x86)/cypress/psoc creator/4.4/psoc creator/import/gnu/arm/5.4.1/bin/../lib/gcc/arm-none-eabi/5.4.1/armv7-m/crtend.o
 *(.got.plt)
 *(.got)
 *(.shdata)
 *(.data .data.* .gnu.linkonce.d.*)
 .data          0x1fff80cc        0x8 .\CortexM3\ARM_GCC_541\Debug\heartbeatSensor.o
                0x1fff80d0                spO2
 .data          0x1fff80d4        0x4 .\CortexM3\ARM_GCC_541\Debug\Cm3Start.o
 .data          0x1fff80d8        0x8 .\CortexM3\ARM_GCC_541\Debug\esw_uCOS3_cykit.a(CyDmac.o)
 .data          0x1fff80e0       0x10 .\CortexM3\ARM_GCC_541\Debug\esw_uCOS3_cykit.a(CyLib.o)
                0x1fff80e0                cydelay_32k_ms
                0x1fff80e4                cydelay_freq_khz
                0x1fff80e8                cydelay_freq_mhz
                0x1fff80ec                cydelay_freq_hz
 .data.impure_data
                0x1fff80f0       0x60 c:/program files (x86)/cypress/psoc creator/4.4/psoc creator/import/gnu/arm/5.4.1/bin/../lib/gcc/arm-none-eabi/5.4.1/../../../../arm-none-eabi/lib/armv7-m\libg_nano.a(lib_a-impure.o)
 .data._impure_ptr
                0x1fff8150        0x4 c:/program files (x86)/cypress/psoc creator/4.4/psoc creator/import/gnu/arm/5.4.1/bin/../lib/gcc/arm-none-eabi/5.4.1/../../../../arm-none-eabi/lib/armv7-m\libg_nano.a(lib_a-impure.o)
                0x1fff8150                _impure_ptr
                0x1fff8158                . = ALIGN (0x8)
 *fill*         0x1fff8154        0x4 
 *(.ram)
                0x1fff8158                _edata = .

.igot.plt       0x1fff8158        0x0 load address 0x00009440
 .igot.plt      0x1fff8158        0x0 c:/program files (x86)/cypress/psoc creator/4.4/psoc creator/import/gnu/arm/5.4.1/bin/../lib/gcc/arm-none-eabi/5.4.1/armv7-m/crtbegin.o

.bss            0x1fff8158     0x5d70 load address 0x00009440
                0x1fff8158                PROVIDE (__bss_start__, .)
 *(.shbss)
 *(.bss .bss.* .gnu.linkonce.b.*)
 .bss           0x1fff8158       0x1c c:/program files (x86)/cypress/psoc creator/4.4/psoc creator/import/gnu/arm/5.4.1/bin/../lib/gcc/arm-none-eabi/5.4.1/armv7-m/crtbegin.o
 .bss           0x1fff8174      0x4c0 .\CortexM3\ARM_GCC_541\Debug\app.o
 .bss           0x1fff8634       0xdc .\CortexM3\ARM_GCC_541\Debug\heartbeatSensor.o
                0x1fff8638                IR_AC_Signal_Current
                0x1fff863c                IR_AC_Signal_Previous
                0x1fff8640                last_peak_timestamp
                0x1fff8644                cycle_started
                0x1fff8648                IR_AC_Min
                0x1fff864c                heart_rate_index
                0x1fff8650                heart_rate_history
                0x1fff868c                heart_rate_sum
                0x1fff8690                IR_DC_Signal_Current
                0x1fff8694                RED_DC_Signal_Current
                0x1fff8698                RED_AC_Signal_Current
                0x1fff8704                ir_avg_reg
                0x1fff8708                red_avg_reg
                0x1fff870c                IR_AC_Max
 .bss           0x1fff8710        0x4 .\CortexM3\ARM_GCC_541\Debug\bsp_i2c.o
                0x1fff8710                current_timestamp
 .bss           0x1fff8714        0x9 .\CortexM3\ARM_GCC_541\Debug\esw_uCOS3_cykit.a(UART_1.o)
                0x1fff8714                UART_1_errorStatus
                0x1fff8715                UART_1_initVar
                0x1fff8716                UART_1_rxBufferRead
                0x1fff8717                UART_1_rxBufferWrite
                0x1fff8718                UART_1_rxBufferLoopDetect
                0x1fff8719                UART_1_rxBufferOverflow
                0x1fff871a                UART_1_txBufferRead
                0x1fff871b                UART_1_txBufferWrite
 .bss           0x1fff871d        0x1 .\CortexM3\ARM_GCC_541\Debug\esw_uCOS3_cykit.a(I2C_1.o)
                0x1fff871d                I2C_1_initVar
 .bss           0x1fff871e        0x1 .\CortexM3\ARM_GCC_541\Debug\esw_uCOS3_cykit.a(Timer_1.o)
                0x1fff871e                Timer_1_initVar
 *fill*         0x1fff871f        0x1 
 .bss.__malloc_sbrk_start
                0x1fff8720        0x4 c:/program files (x86)/cypress/psoc creator/4.4/psoc creator/import/gnu/arm/5.4.1/bin/../lib/gcc/arm-none-eabi/5.4.1/../../../../arm-none-eabi/lib/armv7-m\libg_nano.a(lib_a-nano-mallocr.o)
                0x1fff8720                __malloc_sbrk_start
 .bss.__malloc_free_list
                0x1fff8724        0x4 c:/program files (x86)/cypress/psoc creator/4.4/psoc creator/import/gnu/arm/5.4.1/bin/../lib/gcc/arm-none-eabi/5.4.1/../../../../arm-none-eabi/lib/armv7-m\libg_nano.a(lib_a-nano-mallocr.o)
                0x1fff8724                __malloc_free_list
 *(COMMON)
 COMMON         0x1fff8728       0xf0 .\CortexM3\ARM_GCC_541\Debug\app.o
                0x1fff8728                CommQI2CSPO2
                0x1fff8758                CommQProcessedEnvironmentData
                0x1fff8788                CommQI2CHeartRate
                0x1fff87b8                CommQSPIData
                0x1fff87e8                CommQProcessedOximeterData
 COMMON         0x1fff8818     0x24c8 .\CortexM3\ARM_GCC_541\Debug\log_task.o
                0x1fff8818                Log_TaskStk
                0x1fff9018                LogTaskSem
                0x1fff9040                Log_Task_TCB
                0x1fff9100                MsgMemPoolStorage
                0x1fffac90                MsgMemPool
                0x1fffacb0                Log_Queue
 COMMON         0x1ffface0      0x900 .\CortexM3\ARM_GCC_541\Debug\heartbeatSensor.o
                0x1ffface0                MAX30102_Task_TCB
                0x1fffada0                i2c_rx_buffer
                0x1fffade0                MAX30102_TaskStk
 COMMON         0x1fffb5e0      0x8c0 .\CortexM3\ARM_GCC_541\Debug\environmentSensor.o
                0x1fffb5e0                BME688_Task_TCB
                0x1fffb6a0                BME688_TaskStk
 COMMON         0x1fffbea0      0x8c0 .\CortexM3\ARM_GCC_541\Debug\data_processing_task.o
                0x1fffbea0                Data_Processing_TaskStk
                0x1fffc6a0                Data_Processing_TCB
 COMMON         0x1fffc760       0x28 .\CortexM3\ARM_GCC_541\Debug\bsp_i2c.o
                0x1fffc760                I2C_Sem
 COMMON         0x1fffc788       0x14 .\CortexM3\ARM_GCC_541\Debug\cpu_core.o
                0x1fffc788                CPU_TS_TmrFreq_Hz
                0x1fffc78c                CPU_Name
 COMMON         0x1fffc79c        0x4 .\CortexM3\ARM_GCC_541\Debug\os_cpu_c.o
                0x1fffc79c                OS_CPU_ExceptStkBase
 COMMON         0x1fffc7a0        0x4 .\CortexM3\ARM_GCC_541\Debug\os_prio.o
                0x1fffc7a0                OSPrioTbl
 COMMON         0x1fffc7a4      0x538 .\CortexM3\ARM_GCC_541\Debug\os_var.o
                0x1fffc7a4                OSSchedLockNestingCtr
                0x1fffc7a8                OS_AppTaskReturnHookPtr
                0x1fffc7ac                OSStatTaskTimeMax
                0x1fffc7b0                OSStatTaskCtr
                0x1fffc7b4                OSTaskRegNextAvailID
                0x1fffc7b5                OSRunning
                0x1fffc7b8                OSRdyList
                0x1fffc938                OSPrioHighRdy
                0x1fffc939                OSStatTaskRdy
                0x1fffc93c                OSSemDbgListPtr
                0x1fffc940                OS_AppTaskCreateHookPtr
                0x1fffc944                OSPrioCur
                0x1fffc948                OSTickTaskTCB
                0x1fffca08                OSTmrTickCtr
                0x1fffca0c                OSTCBCurPtr
                0x1fffca10                OSQQty
                0x1fffca12                OSStatTaskCPUUsageMax
                0x1fffca14                OSPrioSaved
                0x1fffca18                OSTCBHighRdyPtr
                0x1fffca1c                OSTaskDbgListPtr
                0x1fffca20                OSTmrTaskTimeMax
                0x1fffca24                OS_AppTaskDelHookPtr
                0x1fffca28                OS_AppTimeTickHookPtr
                0x1fffca2c                OSTaskCtxSwCtr
                0x1fffca30                OSStatTaskCPUUsage
                0x1fffca32                OSIntNestingCtr
                0x1fffca34                OSTaskQty
                0x1fffca38                OSTmrTaskTCB
                0x1fffcaf8                OSMsgPool
                0x1fffcb04                OSIdleTaskTCB
                0x1fffcbc4                OSQDbgListPtr
                0x1fffcbc8                OSSemQty
                0x1fffcbcc                OSMemDbgListPtr
                0x1fffcbd0                OSSchedRoundRobinDfltTimeQuanta
                0x1fffcbd4                OS_AppIdleTaskHookPtr
                0x1fffcbd8                OSStatTaskCtrMax
                0x1fffcbdc                OSTickCtr
                0x1fffcbe0                OS_AppTaskSwHookPtr
                0x1fffcbe4                OSTmrQty
                0x1fffcbe8                OSIdleTaskCtr
                0x1fffcbec                OSStatTaskCtrRun
                0x1fffcbf0                OS_AppStatTaskHookPtr
                0x1fffcbf4                OSFlagQty
                0x1fffcbf8                OSFlagDbgListPtr
                0x1fffcbfc                OSStatResetFlag
                0x1fffcbfe                OSMemQty
                0x1fffcc00                OSMutexQty
                0x1fffcc04                OSStatTaskTCB
                0x1fffccc4                OSTmrDbgListPtr
                0x1fffccc8                OSTickTaskTimeMax
                0x1fffcccc                OSTmrUpdateCnt
                0x1fffccd0                OSSchedRoundRobinEn
                0x1fffccd4                OSMutexDbgListPtr
                0x1fffccd8                OSTmrUpdateCtr
 COMMON         0x1fffccdc     0x1150 .\CortexM3\ARM_GCC_541\Debug\os_cfg_app.o
                0x1fffccdc                OSCfg_StatTaskStk
                0x1fffcedc                OSCfg_TickWheel
                0x1fffcf64                OSCfg_MsgPool
                0x1fffd5a4                OSCfg_TmrTaskStk
                0x1fffd7a4                OSCfg_TmrWheel
                0x1fffd82c                OSCfg_ISRStk
                0x1fffda2c                OSCfg_TickTaskStk
                0x1fffdc2c                OSCfg_IdleTaskStk
 COMMON         0x1fffde2c       0x80 .\CortexM3\ARM_GCC_541\Debug\esw_uCOS3_cykit.a(UART_1.o)
                0x1fffde2c                UART_1_txBuffer
                0x1fffde6c                UART_1_rxBuffer
 COMMON         0x1fffdeac        0x1 .\CortexM3\ARM_GCC_541\Debug\esw_uCOS3_cykit.a(I2C_1.o)
                0x1fffdeac                I2C_1_state
 *fill*         0x1fffdead        0x3 
 COMMON         0x1fffdeb0       0x11 .\CortexM3\ARM_GCC_541\Debug\esw_uCOS3_cykit.a(I2C_1_MASTER.o)
                0x1fffdeb0                I2C_1_mstrWrBufIndex
                0x1fffdeb1                I2C_1_mstrControl
                0x1fffdeb2                I2C_1_mstrStatus
                0x1fffdeb3                I2C_1_mstrWrBufSize
                0x1fffdeb4                I2C_1_mstrRdBufIndex
                0x1fffdeb8                I2C_1_mstrWrBufPtr
                0x1fffdebc                I2C_1_mstrRdBufPtr
                0x1fffdec0                I2C_1_mstrRdBufSize
 *fill*         0x1fffdec1        0x3 
 COMMON         0x1fffdec4        0x4 c:/program files (x86)/cypress/psoc creator/4.4/psoc creator/import/gnu/arm/5.4.1/bin/../lib/gcc/arm-none-eabi/5.4.1/../../../../arm-none-eabi/lib/armv7-m\libg_nano.a(lib_a-reent.o)
                0x1fffdec4                errno
                0x1fffdec8                . = ALIGN (0x8)
 *(.ram.b)
                0x1fffdec8                _end = .
                0x1fffdec8                __end = .
                0x1fffdec8                PROVIDE (end, .)
                0x1fffdec8                PROVIDE (__bss_end__, .)
                0x000093b0                __cy_region_init_ram = LOADADDR (.data)
                0x00000090                __cy_region_init_size_ram = (_edata - ADDR (.data))
                0x00005d70                __cy_region_zero_size_ram = (_end - _edata)

.heap           0x1fffdec8       0x80 load address 0x00009440
                0x1fffdec8                . = _end
                0x1fffdf48                . = (. + 0x80)
 *fill*         0x1fffdec8       0x80 
                0x1fffdf48                __cy_heap_limit = .

.stack          0x20007800      0x800
                0x20007800                __cy_stack_limit = .
                0x20008000                . = (. + 0x800)
 *fill*         0x20007800      0x800 
                0x00000001                ASSERT ((__cy_stack_limit >= __cy_heap_limit), region RAM overflowed with stack)
                0x00000000                cy_checksum_exclude_size = (CY_APPL_LOADABLE == 0x1)?SIZEOF (.cy_checksum_exclude):0x0
                0x00000001                ASSERT ((cy_checksum_exclude_size <= CY_CHECKSUM_EXCLUDE_SIZE), CY_BOOT: Section .cy_checksum_exclude size exceedes specified limit.)

.cyloadermeta
 *(.cyloadermeta)

.cyloadablemeta
 *(.cyloadablemeta)

.cyconfigecc    0x80000000      0x3b0
 *(.cyconfigecc)
 .cyconfigecc   0x80000000      0x3b0 .\CortexM3\ARM_GCC_541\Debug\cymetadata.o
                0x80000000                cy_meta_configecc

.cycustnvl      0x90000000        0x4
 *(.cycustnvl)
 .cycustnvl     0x90000000        0x4 .\CortexM3\ARM_GCC_541\Debug\cymetadata.o
                0x90000000                cy_meta_custnvl

.cywolatch      0x90100000        0x4
 *(.cywolatch)
 .cywolatch     0x90100000        0x4 .\CortexM3\ARM_GCC_541\Debug\cymetadata.o
                0x90100000                cy_meta_wonvl

.cyeeprom       0x90200000        0x0
 *(.cyeeprom)
                0x00000001                ASSERT ((. <= ((0x90200000 + ee_offset) + ee_size)), .cyeeprom data will not fit in EEPROM)

.cyflashprotect
                0x90400000      0x100
 *(.cyflashprotect)
 .cyflashprotect
                0x90400000      0x100 .\CortexM3\ARM_GCC_541\Debug\cymetadata.o
                0x90400000                cy_meta_flashprotect

.cymeta         0x90500000        0xc
 *(.cymeta)
 .cymeta        0x90500000        0xc .\CortexM3\ARM_GCC_541\Debug\cymetadata.o
                0x90500000                cy_metadata

.rel.dyn        0x00009440        0x0 load address 0x9050000c
 .rel.iplt      0x00009440        0x0 c:/program files (x86)/cypress/psoc creator/4.4/psoc creator/import/gnu/arm/5.4.1/bin/../lib/gcc/arm-none-eabi/5.4.1/armv7-m/crtbegin.o

.stab
 *(.stab)

.stabstr
 *(.stabstr)

.debug
 *(.debug)

.line
 *(.line)

.debug_srcinfo
 *(.debug_srcinfo)

.debug_sfnames
 *(.debug_sfnames)

.debug_aranges  0x00000000     0x1ab0
 *(.debug_aranges)
 .debug_aranges
                0x00000000       0x28 .\CortexM3\ARM_GCC_541\Debug\app.o
 .debug_aranges
                0x00000028       0x68 .\CortexM3\ARM_GCC_541\Debug\os_app_hooks.o
 .debug_aranges
                0x00000090       0x40 .\CortexM3\ARM_GCC_541\Debug\log_task.o
 .debug_aranges
                0x000000d0       0x70 .\CortexM3\ARM_GCC_541\Debug\heartbeatSensor.o
 .debug_aranges
                0x00000140       0x58 .\CortexM3\ARM_GCC_541\Debug\environmentSensor.o
 .debug_aranges
                0x00000198       0x50 .\CortexM3\ARM_GCC_541\Debug\data_processing_task.o
 .debug_aranges
                0x000001e8       0x38 .\CortexM3\ARM_GCC_541\Debug\bsp_os.o
 .debug_aranges
                0x00000220       0x58 .\CortexM3\ARM_GCC_541\Debug\bsp.o
 .debug_aranges
                0x00000278       0x30 .\CortexM3\ARM_GCC_541\Debug\cpu_bsp.o
 .debug_aranges
                0x000002a8       0x30 .\CortexM3\ARM_GCC_541\Debug\bsp_uart.o
 .debug_aranges
                0x000002d8       0x38 .\CortexM3\ARM_GCC_541\Debug\bsp_gpio.o
 .debug_aranges
                0x00000310       0x38 .\CortexM3\ARM_GCC_541\Debug\bsp_i2c.o
 .debug_aranges
                0x00000348       0x50 .\CortexM3\ARM_GCC_541\Debug\cpu_c.o
 .debug_aranges
                0x00000398       0xb0 .\CortexM3\ARM_GCC_541\Debug\cpu_core.o
 .debug_aranges
                0x00000448       0x38 .\CortexM3\ARM_GCC_541\Debug\lib_math.o
 .debug_aranges
                0x00000480       0x48 .\CortexM3\ARM_GCC_541\Debug\lib_mem.o
 .debug_aranges
                0x000004c8       0xd8 .\CortexM3\ARM_GCC_541\Debug\lib_str.o
 .debug_aranges
                0x000005a0       0x98 .\CortexM3\ARM_GCC_541\Debug\lib_ascii.o
 .debug_aranges
                0x00000638       0x70 .\CortexM3\ARM_GCC_541\Debug\os_cpu_c.o
 .debug_aranges
                0x000006a8       0x38 .\CortexM3\ARM_GCC_541\Debug\os_pend_multi.o
 .debug_aranges
                0x000006e0       0x38 .\CortexM3\ARM_GCC_541\Debug\os_prio.o
 .debug_aranges
                0x00000718       0x70 .\CortexM3\ARM_GCC_541\Debug\os_q.o
 .debug_aranges
                0x00000788       0x70 .\CortexM3\ARM_GCC_541\Debug\os_sem.o
 .debug_aranges
                0x000007f8       0x38 .\CortexM3\ARM_GCC_541\Debug\os_stat.o
 .debug_aranges
                0x00000830       0xf0 .\CortexM3\ARM_GCC_541\Debug\os_task.o
 .debug_aranges
                0x00000920       0x50 .\CortexM3\ARM_GCC_541\Debug\os_tick.o
 .debug_aranges
                0x00000970       0x48 .\CortexM3\ARM_GCC_541\Debug\os_time.o
 .debug_aranges
                0x000009b8       0x88 .\CortexM3\ARM_GCC_541\Debug\os_tmr.o
 .debug_aranges
                0x00000a40       0x18 .\CortexM3\ARM_GCC_541\Debug\os_var.o
 .debug_aranges
                0x00000a58       0x20 .\CortexM3\ARM_GCC_541\Debug\os_cfg_app.o
 .debug_aranges
                0x00000a78      0x140 .\CortexM3\ARM_GCC_541\Debug\os_core.o
 .debug_aranges
                0x00000bb8       0x20 .\CortexM3\ARM_GCC_541\Debug\os_dbg.o
 .debug_aranges
                0x00000bd8       0x80 .\CortexM3\ARM_GCC_541\Debug\os_flag.o
 .debug_aranges
                0x00000c58       0x18 .\CortexM3\ARM_GCC_541\Debug\os_int.o
 .debug_aranges
                0x00000c70       0x40 .\CortexM3\ARM_GCC_541\Debug\os_mem.o
 .debug_aranges
                0x00000cb0       0x40 .\CortexM3\ARM_GCC_541\Debug\os_msg.o
 .debug_aranges
                0x00000cf0       0x60 .\CortexM3\ARM_GCC_541\Debug\os_mutex.o
 .debug_aranges
                0x00000d50       0x48 .\CortexM3\ARM_GCC_541\Debug\max30102_interface.o
 .debug_aranges
                0x00000d98      0x180 .\CortexM3\ARM_GCC_541\Debug\driver_max30102.o
 .debug_aranges
                0x00000f18      0x120 .\CortexM3\ARM_GCC_541\Debug\bme68x.o
 .debug_aranges
                0x00001038       0x58 .\CortexM3\ARM_GCC_541\Debug\cyfitter_cfg.o
 .debug_aranges
                0x00001090       0x18 .\CortexM3\ARM_GCC_541\Debug\cymetadata.o
 .debug_aranges
                0x000010a8       0x48 .\CortexM3\ARM_GCC_541\Debug\Cm3Start.o
 .debug_aranges
                0x000010f0       0x20 .\CortexM3\ARM_GCC_541\Debug\cpu_a.o
 .debug_aranges
                0x00001110       0x20 .\CortexM3\ARM_GCC_541\Debug\os_cpu_a.o
 .debug_aranges
                0x00001130       0xf0 .\CortexM3\ARM_GCC_541\Debug\esw_uCOS3_cykit.a(UART_1.o)
 .debug_aranges
                0x00001220       0x28 .\CortexM3\ARM_GCC_541\Debug\esw_uCOS3_cykit.a(UART_1_INT.o)
 .debug_aranges
                0x00001248       0x38 .\CortexM3\ARM_GCC_541\Debug\esw_uCOS3_cykit.a(Pin_1.o)
 .debug_aranges
                0x00001280       0x70 .\CortexM3\ARM_GCC_541\Debug\esw_uCOS3_cykit.a(UART_1_IntClock.o)
 .debug_aranges
                0x000012f0       0xd8 .\CortexM3\ARM_GCC_541\Debug\esw_uCOS3_cykit.a(CyDmac.o)
 .debug_aranges
                0x000013c8      0x2a0 .\CortexM3\ARM_GCC_541\Debug\esw_uCOS3_cykit.a(CyLib.o)
 .debug_aranges
                0x00001668       0x98 .\CortexM3\ARM_GCC_541\Debug\esw_uCOS3_cykit.a(cyPm.o)
 .debug_aranges
                0x00001700       0x38 .\CortexM3\ARM_GCC_541\Debug\esw_uCOS3_cykit.a(Pin_2.o)
 .debug_aranges
                0x00001738       0x38 .\CortexM3\ARM_GCC_541\Debug\esw_uCOS3_cykit.a(push_button.o)
 .debug_aranges
                0x00001770       0x38 .\CortexM3\ARM_GCC_541\Debug\esw_uCOS3_cykit.a(I2C_1.o)
 .debug_aranges
                0x000017a8       0x20 .\CortexM3\ARM_GCC_541\Debug\esw_uCOS3_cykit.a(I2C_1_INT.o)
 .debug_aranges
                0x000017c8       0x38 .\CortexM3\ARM_GCC_541\Debug\esw_uCOS3_cykit.a(I2C_1_PM.o)
 .debug_aranges
                0x00001800       0x80 .\CortexM3\ARM_GCC_541\Debug\esw_uCOS3_cykit.a(I2C_1_MASTER.o)
 .debug_aranges
                0x00001880       0x88 .\CortexM3\ARM_GCC_541\Debug\esw_uCOS3_cykit.a(Timer_1.o)
 .debug_aranges
                0x00001908       0x80 .\CortexM3\ARM_GCC_541\Debug\esw_uCOS3_cykit.a(Timer_ISR.o)
 .debug_aranges
                0x00001988       0x20 .\CortexM3\ARM_GCC_541\Debug\esw_uCOS3_cykit.a(CyBootAsmGnu.o)
 .debug_aranges
                0x000019a8       0x88 .\CortexM3\ARM_GCC_541\Debug\esw_uCOS3_cykit.a(CyFlash.o)
 .debug_aranges
                0x00001a30       0x80 .\CortexM3\ARM_GCC_541\Debug\esw_uCOS3_cykit.a(CySpc.o)

.debug_pubnames
 *(.debug_pubnames)

.debug_info     0x00000000    0x2b411
 *(.debug_info .gnu.linkonce.wi.*)
 .debug_info    0x00000000     0x1034 .\CortexM3\ARM_GCC_541\Debug\app.o
 .debug_info    0x00001034      0x894 .\CortexM3\ARM_GCC_541\Debug\os_app_hooks.o
 .debug_info    0x000018c8     0x13b0 .\CortexM3\ARM_GCC_541\Debug\log_task.o
 .debug_info    0x00002c78     0x171e .\CortexM3\ARM_GCC_541\Debug\heartbeatSensor.o
 .debug_info    0x00004396     0x1891 .\CortexM3\ARM_GCC_541\Debug\environmentSensor.o
 .debug_info    0x00005c27     0x14f0 .\CortexM3\ARM_GCC_541\Debug\data_processing_task.o
 .debug_info    0x00007117      0xe09 .\CortexM3\ARM_GCC_541\Debug\bsp_os.o
 .debug_info    0x00007f20      0x392 .\CortexM3\ARM_GCC_541\Debug\bsp.o
 .debug_info    0x000082b2      0x178 .\CortexM3\ARM_GCC_541\Debug\cpu_bsp.o
 .debug_info    0x0000842a      0x12b .\CortexM3\ARM_GCC_541\Debug\bsp_uart.o
 .debug_info    0x00008555      0x28c .\CortexM3\ARM_GCC_541\Debug\bsp_gpio.o
 .debug_info    0x000087e1     0x10f8 .\CortexM3\ARM_GCC_541\Debug\bsp_i2c.o
 .debug_info    0x000098d9      0x5f2 .\CortexM3\ARM_GCC_541\Debug\cpu_c.o
 .debug_info    0x00009ecb      0x71b .\CortexM3\ARM_GCC_541\Debug\cpu_core.o
 .debug_info    0x0000a5e6      0x1e9 .\CortexM3\ARM_GCC_541\Debug\lib_math.o
 .debug_info    0x0000a7cf      0x4df .\CortexM3\ARM_GCC_541\Debug\lib_mem.o
 .debug_info    0x0000acae     0x10d7 .\CortexM3\ARM_GCC_541\Debug\lib_str.o
 .debug_info    0x0000bd85      0x43b .\CortexM3\ARM_GCC_541\Debug\lib_ascii.o
 .debug_info    0x0000c1c0      0xa1f .\CortexM3\ARM_GCC_541\Debug\os_cpu_c.o
 .debug_info    0x0000cbdf     0x1032 .\CortexM3\ARM_GCC_541\Debug\os_pend_multi.o
 .debug_info    0x0000dc11      0x1f0 .\CortexM3\ARM_GCC_541\Debug\os_prio.o
 .debug_info    0x0000de01     0x14dd .\CortexM3\ARM_GCC_541\Debug\os_q.o
 .debug_info    0x0000f2de     0x13bd .\CortexM3\ARM_GCC_541\Debug\os_sem.o
 .debug_info    0x0001069b     0x1219 .\CortexM3\ARM_GCC_541\Debug\os_stat.o
 .debug_info    0x000118b4     0x20a8 .\CortexM3\ARM_GCC_541\Debug\os_task.o
 .debug_info    0x0001395c      0xfe0 .\CortexM3\ARM_GCC_541\Debug\os_tick.o
 .debug_info    0x0001493c     0x10d8 .\CortexM3\ARM_GCC_541\Debug\os_time.o
 .debug_info    0x00015a14     0x16b7 .\CortexM3\ARM_GCC_541\Debug\os_tmr.o
 .debug_info    0x000170cb      0xf4c .\CortexM3\ARM_GCC_541\Debug\os_var.o
 .debug_info    0x00018017      0xbda .\CortexM3\ARM_GCC_541\Debug\os_cfg_app.o
 .debug_info    0x00018bf1     0x1f24 .\CortexM3\ARM_GCC_541\Debug\os_core.o
 .debug_info    0x0001ab15     0x1379 .\CortexM3\ARM_GCC_541\Debug\os_dbg.o
 .debug_info    0x0001be8e     0x178f .\CortexM3\ARM_GCC_541\Debug\os_flag.o
 .debug_info    0x0001d61d       0x87 .\CortexM3\ARM_GCC_541\Debug\os_int.o
 .debug_info    0x0001d6a4      0x89b .\CortexM3\ARM_GCC_541\Debug\os_mem.o
 .debug_info    0x0001df3f      0x87b .\CortexM3\ARM_GCC_541\Debug\os_msg.o
 .debug_info    0x0001e7ba     0x13bd .\CortexM3\ARM_GCC_541\Debug\os_mutex.o
 .debug_info    0x0001fb77     0x103e .\CortexM3\ARM_GCC_541\Debug\max30102_interface.o
 .debug_info    0x00020bb5     0x2959 .\CortexM3\ARM_GCC_541\Debug\driver_max30102.o
 .debug_info    0x0002350e     0x2123 .\CortexM3\ARM_GCC_541\Debug\bme68x.o
 .debug_info    0x00025631      0x605 .\CortexM3\ARM_GCC_541\Debug\cyfitter_cfg.o
 .debug_info    0x00025c36      0x135 .\CortexM3\ARM_GCC_541\Debug\cymetadata.o
 .debug_info    0x00025d6b      0x3cf .\CortexM3\ARM_GCC_541\Debug\Cm3Start.o
 .debug_info    0x0002613a       0x77 .\CortexM3\ARM_GCC_541\Debug\cpu_a.o
 .debug_info    0x000261b1       0x8a .\CortexM3\ARM_GCC_541\Debug\os_cpu_a.o
 .debug_info    0x0002623b      0x7ae .\CortexM3\ARM_GCC_541\Debug\esw_uCOS3_cykit.a(UART_1.o)
 .debug_info    0x000269e9      0x186 .\CortexM3\ARM_GCC_541\Debug\esw_uCOS3_cykit.a(UART_1_INT.o)
 .debug_info    0x00026b6f      0x11f .\CortexM3\ARM_GCC_541\Debug\esw_uCOS3_cykit.a(Pin_1.o)
 .debug_info    0x00026c8e      0x283 .\CortexM3\ARM_GCC_541\Debug\esw_uCOS3_cykit.a(UART_1_IntClock.o)
 .debug_info    0x00026f11      0x94e .\CortexM3\ARM_GCC_541\Debug\esw_uCOS3_cykit.a(CyDmac.o)
 .debug_info    0x0002785f     0x1374 .\CortexM3\ARM_GCC_541\Debug\esw_uCOS3_cykit.a(CyLib.o)
 .debug_info    0x00028bd3      0xa2a .\CortexM3\ARM_GCC_541\Debug\esw_uCOS3_cykit.a(cyPm.o)
 .debug_info    0x000295fd      0x11f .\CortexM3\ARM_GCC_541\Debug\esw_uCOS3_cykit.a(Pin_2.o)
 .debug_info    0x0002971c      0x11f .\CortexM3\ARM_GCC_541\Debug\esw_uCOS3_cykit.a(push_button.o)
 .debug_info    0x0002983b      0x2ab .\CortexM3\ARM_GCC_541\Debug\esw_uCOS3_cykit.a(I2C_1.o)
 .debug_info    0x00029ae6      0x184 .\CortexM3\ARM_GCC_541\Debug\esw_uCOS3_cykit.a(I2C_1_INT.o)
 .debug_info    0x00029c6a      0x207 .\CortexM3\ARM_GCC_541\Debug\esw_uCOS3_cykit.a(I2C_1_PM.o)
 .debug_info    0x00029e71      0x407 .\CortexM3\ARM_GCC_541\Debug\esw_uCOS3_cykit.a(I2C_1_MASTER.o)
 .debug_info    0x0002a278      0x295 .\CortexM3\ARM_GCC_541\Debug\esw_uCOS3_cykit.a(Timer_1.o)
 .debug_info    0x0002a50d      0x2d2 .\CortexM3\ARM_GCC_541\Debug\esw_uCOS3_cykit.a(Timer_ISR.o)
 .debug_info    0x0002a7df       0x95 .\CortexM3\ARM_GCC_541\Debug\esw_uCOS3_cykit.a(CyBootAsmGnu.o)
 .debug_info    0x0002a874      0x64d .\CortexM3\ARM_GCC_541\Debug\esw_uCOS3_cykit.a(CyFlash.o)
 .debug_info    0x0002aec1      0x550 .\CortexM3\ARM_GCC_541\Debug\esw_uCOS3_cykit.a(CySpc.o)

.debug_abbrev   0x00000000     0x5b67
 *(.debug_abbrev)
 .debug_abbrev  0x00000000      0x1cb .\CortexM3\ARM_GCC_541\Debug\app.o
 .debug_abbrev  0x000001cb      0x127 .\CortexM3\ARM_GCC_541\Debug\os_app_hooks.o
 .debug_abbrev  0x000002f2      0x242 .\CortexM3\ARM_GCC_541\Debug\log_task.o
 .debug_abbrev  0x00000534      0x2b9 .\CortexM3\ARM_GCC_541\Debug\heartbeatSensor.o
 .debug_abbrev  0x000007ed      0x231 .\CortexM3\ARM_GCC_541\Debug\environmentSensor.o
 .debug_abbrev  0x00000a1e      0x20f .\CortexM3\ARM_GCC_541\Debug\data_processing_task.o
 .debug_abbrev  0x00000c2d      0x187 .\CortexM3\ARM_GCC_541\Debug\bsp_os.o
 .debug_abbrev  0x00000db4      0x174 .\CortexM3\ARM_GCC_541\Debug\bsp.o
 .debug_abbrev  0x00000f28       0xce .\CortexM3\ARM_GCC_541\Debug\cpu_bsp.o
 .debug_abbrev  0x00000ff6       0x98 .\CortexM3\ARM_GCC_541\Debug\bsp_uart.o
 .debug_abbrev  0x0000108e       0xe7 .\CortexM3\ARM_GCC_541\Debug\bsp_gpio.o
 .debug_abbrev  0x00001175      0x1fc .\CortexM3\ARM_GCC_541\Debug\bsp_i2c.o
 .debug_abbrev  0x00001371      0x155 .\CortexM3\ARM_GCC_541\Debug\cpu_c.o
 .debug_abbrev  0x000014c6      0x1fa .\CortexM3\ARM_GCC_541\Debug\cpu_core.o
 .debug_abbrev  0x000016c0      0x116 .\CortexM3\ARM_GCC_541\Debug\lib_math.o
 .debug_abbrev  0x000017d6      0x12a .\CortexM3\ARM_GCC_541\Debug\lib_mem.o
 .debug_abbrev  0x00001900      0x19d .\CortexM3\ARM_GCC_541\Debug\lib_str.o
 .debug_abbrev  0x00001a9d      0x105 .\CortexM3\ARM_GCC_541\Debug\lib_ascii.o
 .debug_abbrev  0x00001ba2      0x21d .\CortexM3\ARM_GCC_541\Debug\os_cpu_c.o
 .debug_abbrev  0x00001dbf      0x1f0 .\CortexM3\ARM_GCC_541\Debug\os_pend_multi.o
 .debug_abbrev  0x00001faf       0xf1 .\CortexM3\ARM_GCC_541\Debug\os_prio.o
 .debug_abbrev  0x000020a0      0x228 .\CortexM3\ARM_GCC_541\Debug\os_q.o
 .debug_abbrev  0x000022c8      0x226 .\CortexM3\ARM_GCC_541\Debug\os_sem.o
 .debug_abbrev  0x000024ee      0x1f6 .\CortexM3\ARM_GCC_541\Debug\os_stat.o
 .debug_abbrev  0x000026e4      0x1f3 .\CortexM3\ARM_GCC_541\Debug\os_task.o
 .debug_abbrev  0x000028d7      0x224 .\CortexM3\ARM_GCC_541\Debug\os_tick.o
 .debug_abbrev  0x00002afb      0x1c8 .\CortexM3\ARM_GCC_541\Debug\os_time.o
 .debug_abbrev  0x00002cc3      0x269 .\CortexM3\ARM_GCC_541\Debug\os_tmr.o
 .debug_abbrev  0x00002f2c       0xb7 .\CortexM3\ARM_GCC_541\Debug\os_var.o
 .debug_abbrev  0x00002fe3       0xdc .\CortexM3\ARM_GCC_541\Debug\os_cfg_app.o
 .debug_abbrev  0x000030bf      0x265 .\CortexM3\ARM_GCC_541\Debug\os_core.o
 .debug_abbrev  0x00003324       0xfa .\CortexM3\ARM_GCC_541\Debug\os_dbg.o
 .debug_abbrev  0x0000341e      0x226 .\CortexM3\ARM_GCC_541\Debug\os_flag.o
 .debug_abbrev  0x00003644       0x26 .\CortexM3\ARM_GCC_541\Debug\os_int.o
 .debug_abbrev  0x0000366a      0x190 .\CortexM3\ARM_GCC_541\Debug\os_mem.o
 .debug_abbrev  0x000037fa      0x184 .\CortexM3\ARM_GCC_541\Debug\os_msg.o
 .debug_abbrev  0x0000397e      0x219 .\CortexM3\ARM_GCC_541\Debug\os_mutex.o
 .debug_abbrev  0x00003b97      0x219 .\CortexM3\ARM_GCC_541\Debug\max30102_interface.o
 .debug_abbrev  0x00003db0      0x20c .\CortexM3\ARM_GCC_541\Debug\driver_max30102.o
 .debug_abbrev  0x00003fbc      0x2a7 .\CortexM3\ARM_GCC_541\Debug\bme68x.o
 .debug_abbrev  0x00004263      0x20d .\CortexM3\ARM_GCC_541\Debug\cyfitter_cfg.o
 .debug_abbrev  0x00004470       0x66 .\CortexM3\ARM_GCC_541\Debug\cymetadata.o
 .debug_abbrev  0x000044d6      0x1e8 .\CortexM3\ARM_GCC_541\Debug\Cm3Start.o